<?xml version="1.0" encoding="utf-8"?><testsuites><testsuite name="pytest" errors="966" failures="0" skipped="108" tests="1074" time="179.471" timestamp="2025-09-24T00:52:38.683954" hostname="MSI"><testcase classname="" name="$Recycle.Bin.S-1-5-18" time="0.000"><error message="collection failure">C:\Users\brysi\AppData\Roaming\Python\Python312\site-packages\_pytest\runner.py:341: in from_call
    result: Optional[TResult] = func()
C:\Users\brysi\AppData\Roaming\Python\Python312\site-packages\_pytest\runner.py:389: in collect
    return list(collector.collect())
C:\Users\brysi\AppData\Roaming\Python\Python312\site-packages\_pytest\main.py:523: in collect
    for direntry in scandir(self.path):
C:\Users\brysi\AppData\Roaming\Python\Python312\site-packages\_pytest\pathlib.py:896: in scandir
    with os.scandir(path) as s:
E   PermissionError: [WinError 5] Отказано в доступе: 'C:\\$Recycle.Bin\\S-1-5-18'</error></testcase><testcase classname="" name="$Recycle.Bin.S-1-5-21-1603221820-2033403650-1921177617-500" time="0.000"><error message="collection failure">C:\Users\brysi\AppData\Roaming\Python\Python312\site-packages\_pytest\runner.py:341: in from_call
    result: Optional[TResult] = func()
C:\Users\brysi\AppData\Roaming\Python\Python312\site-packages\_pytest\runner.py:389: in collect
    return list(collector.collect())
C:\Users\brysi\AppData\Roaming\Python\Python312\site-packages\_pytest\main.py:523: in collect
    for direntry in scandir(self.path):
C:\Users\brysi\AppData\Roaming\Python\Python312\site-packages\_pytest\pathlib.py:896: in scandir
    with os.scandir(path) as s:
E   PermissionError: [WinError 5] Отказано в доступе: 'C:\\$Recycle.Bin\\S-1-5-21-1603221820-2033403650-1921177617-500'</error></testcase><testcase classname="" name="Documents and Settings" time="0.000"><error message="collection failure">C:\Users\brysi\AppData\Roaming\Python\Python312\site-packages\_pytest\runner.py:341: in from_call
    result: Optional[TResult] = func()
C:\Users\brysi\AppData\Roaming\Python\Python312\site-packages\_pytest\runner.py:389: in collect
    return list(collector.collect())
C:\Users\brysi\AppData\Roaming\Python\Python312\site-packages\_pytest\main.py:523: in collect
    for direntry in scandir(self.path):
C:\Users\brysi\AppData\Roaming\Python\Python312\site-packages\_pytest\pathlib.py:896: in scandir
    with os.scandir(path) as s:
E   PermissionError: [WinError 5] Отказано в доступе: 'C:\\Documents and Settings'</error></testcase><testcase classname="" name="MSOCache" time="0.000"><error message="collection failure">C:\Users\brysi\AppData\Roaming\Python\Python312\site-packages\_pytest\runner.py:341: in from_call
    result: Optional[TResult] = func()
C:\Users\brysi\AppData\Roaming\Python\Python312\site-packages\_pytest\runner.py:389: in collect
    return list(collector.collect())
C:\Users\brysi\AppData\Roaming\Python\Python312\site-packages\_pytest\main.py:523: in collect
    for direntry in scandir(self.path):
C:\Users\brysi\AppData\Roaming\Python\Python312\site-packages\_pytest\pathlib.py:896: in scandir
    with os.scandir(path) as s:
E   PermissionError: [WinError 5] Отказано в доступе: 'C:\\MSOCache'</error></testcase><testcase classname="" name="Program Files.Blender Foundation.Blender 3.6.3.6.python.lib.site-packages.Cython.Debugger.Tests.test_libcython_in_gdb" time="0.000"><error message="collection failure">ImportError while importing test module 'C:\Program Files\Blender Foundation\Blender 3.6\3.6\python\lib\site-packages\Cython\Debugger\Tests\test_libcython_in_gdb.py'.
Hint: make sure your test modules/packages have valid Python names.
Traceback:
C:\Users\brysi\AppData\Roaming\Python\Python312\site-packages\_pytest\python.py:492: in importtestmodule
    mod = import_path(
C:\Users\brysi\AppData\Roaming\Python\Python312\site-packages\_pytest\pathlib.py:591: in import_path
    importlib.import_module(module_name)
C:\Program Files\Python312\Lib\importlib\__init__.py:90: in import_module
    return _bootstrap._gcd_import(name[level:], package, level)
&lt;frozen importlib._bootstrap&gt;:1387: in _gcd_import
    ???
&lt;frozen importlib._bootstrap&gt;:1360: in _find_and_load
    ???
&lt;frozen importlib._bootstrap&gt;:1331: in _find_and_load_unlocked
    ???
&lt;frozen importlib._bootstrap&gt;:935: in _load_unlocked
    ???
C:\Users\brysi\AppData\Roaming\Python\Python312\site-packages\_pytest\assertion\rewrite.py:178: in exec_module
    exec(co, module.__dict__)
C:\Program Files\Blender Foundation\Blender 3.6\3.6\python\lib\site-packages\Cython\Debugger\Tests\test_libcython_in_gdb.py:24: in &lt;module&gt;
    import gdb
E   ModuleNotFoundError: No module named 'gdb'</error></testcase><testcase classname="" name="Program Files.Blender Foundation.Blender 3.6.3.6.python.lib.site-packages.Cython.Debugger.Tests.test_libpython_in_gdb" time="0.000"><error message="collection failure">ImportError while importing test module 'C:\Program Files\Blender Foundation\Blender 3.6\3.6\python\lib\site-packages\Cython\Debugger\Tests\test_libpython_in_gdb.py'.
Hint: make sure your test modules/packages have valid Python names.
Traceback:
C:\Users\brysi\AppData\Roaming\Python\Python312\site-packages\_pytest\python.py:492: in importtestmodule
    mod = import_path(
C:\Users\brysi\AppData\Roaming\Python\Python312\site-packages\_pytest\pathlib.py:591: in import_path
    importlib.import_module(module_name)
C:\Program Files\Python312\Lib\importlib\__init__.py:90: in import_module
    return _bootstrap._gcd_import(name[level:], package, level)
&lt;frozen importlib._bootstrap&gt;:1387: in _gcd_import
    ???
&lt;frozen importlib._bootstrap&gt;:1360: in _find_and_load
    ???
&lt;frozen importlib._bootstrap&gt;:1331: in _find_and_load_unlocked
    ???
&lt;frozen importlib._bootstrap&gt;:935: in _load_unlocked
    ???
C:\Users\brysi\AppData\Roaming\Python\Python312\site-packages\_pytest\assertion\rewrite.py:178: in exec_module
    exec(co, module.__dict__)
C:\Program Files\Blender Foundation\Blender 3.6\3.6\python\lib\site-packages\Cython\Debugger\Tests\test_libpython_in_gdb.py:12: in &lt;module&gt;
    import gdb
E   ModuleNotFoundError: No module named 'gdb'</error></testcase><testcase classname="" name="Program Files.Blender Foundation.Blender 3.6.3.6.python.lib.site-packages.numpy" time="0.000"><error message="collection failure">C:\Program Files\Blender Foundation\Blender 3.6\3.6\python\lib\site-packages\numpy\core\__init__.py:23: in &lt;module&gt;
    from . import multiarray
C:\Program Files\Blender Foundation\Blender 3.6\3.6\python\lib\site-packages\numpy\core\multiarray.py:10: in &lt;module&gt;
    from . import overrides
C:\Program Files\Blender Foundation\Blender 3.6\3.6\python\lib\site-packages\numpy\core\overrides.py:6: in &lt;module&gt;
    from numpy.core._multiarray_umath import (
E   ModuleNotFoundError: No module named 'numpy.core._multiarray_umath'

During handling of the above exception, another exception occurred:
C:\Program Files\Python312\Lib\importlib\__init__.py:90: in import_module
    return _bootstrap._gcd_import(name[level:], package, level)
&lt;frozen importlib._bootstrap&gt;:1387: in _gcd_import
    ???
&lt;frozen importlib._bootstrap&gt;:1360: in _find_and_load
    ???
&lt;frozen importlib._bootstrap&gt;:1310: in _find_and_load_unlocked
    ???
&lt;frozen importlib._bootstrap&gt;:488: in _call_with_frames_removed
    ???
&lt;frozen importlib._bootstrap&gt;:1387: in _gcd_import
    ???
&lt;frozen importlib._bootstrap&gt;:1360: in _find_and_load
    ???
&lt;frozen importlib._bootstrap&gt;:1331: in _find_and_load_unlocked
    ???
&lt;frozen importlib._bootstrap&gt;:935: in _load_unlocked
    ???
&lt;frozen importlib._bootstrap_external&gt;:995: in exec_module
    ???
&lt;frozen importlib._bootstrap&gt;:488: in _call_with_frames_removed
    ???
C:\Program Files\Blender Foundation\Blender 3.6\3.6\python\lib\site-packages\numpy\__init__.py:140: in &lt;module&gt;
    from . import core
C:\Program Files\Blender Foundation\Blender 3.6\3.6\python\lib\site-packages\numpy\core\__init__.py:49: in &lt;module&gt;
    raise ImportError(msg)
E   ImportError: 
E   
E   IMPORTANT: PLEASE READ THIS FOR ADVICE ON HOW TO SOLVE THIS ISSUE!
E   
E   Importing the numpy C-extensions failed. This error can happen for
E   many reasons, often due to issues with your setup or how NumPy was
E   installed.
E   
E   We have compiled some common reasons and troubleshooting tips at:
E   
E       https://numpy.org/devdocs/user/troubleshooting-importerror.html
E   
E   Please note and check the following:
E   
E     * The Python version is: Python3.12 from "C:\Program Files\Python312\python.exe"
E     * The NumPy version is: "1.23.5"
E   
E   and make sure that they are the versions you expect.
E   Please carefully study the documentation linked above for further help.
E   
E   Original error was: No module named 'numpy.core._multiarray_umath'</error></testcase><testcase classname="" name="Program Files.Blender Foundation.Blender 3.6.3.6.python.lib.site-packages.pxr.Tf.testenv.testTfScriptModuleLoader_Test" time="0.000"><error message="collection failure">ImportError while importing test module 'C:\Program Files\Blender Foundation\Blender 3.6\3.6\python\lib\site-packages\pxr\Tf\testenv\testTfScriptModuleLoader_Test.py'.
Hint: make sure your test modules/packages have valid Python names.
Traceback:
C:\Users\brysi\AppData\Roaming\Python\Python312\site-packages\_pytest\python.py:492: in importtestmodule
    mod = import_path(
C:\Users\brysi\AppData\Roaming\Python\Python312\site-packages\_pytest\pathlib.py:591: in import_path
    importlib.import_module(module_name)
C:\Program Files\Python312\Lib\importlib\__init__.py:90: in import_module
    return _bootstrap._gcd_import(name[level:], package, level)
&lt;frozen importlib._bootstrap&gt;:1387: in _gcd_import
    ???
&lt;frozen importlib._bootstrap&gt;:1360: in _find_and_load
    ???
&lt;frozen importlib._bootstrap&gt;:1310: in _find_and_load_unlocked
    ???
&lt;frozen importlib._bootstrap&gt;:488: in _call_with_frames_removed
    ???
&lt;frozen importlib._bootstrap&gt;:1387: in _gcd_import
    ???
&lt;frozen importlib._bootstrap&gt;:1360: in _find_and_load
    ???
&lt;frozen importlib._bootstrap&gt;:1310: in _find_and_load_unlocked
    ???
&lt;frozen importlib._bootstrap&gt;:488: in _call_with_frames_removed
    ???
&lt;frozen importlib._bootstrap&gt;:1387: in _gcd_import
    ???
&lt;frozen importlib._bootstrap&gt;:1360: in _find_and_load
    ???
&lt;frozen importlib._bootstrap&gt;:1331: in _find_and_load_unlocked
    ???
&lt;frozen importlib._bootstrap&gt;:935: in _load_unlocked
    ???
&lt;frozen importlib._bootstrap_external&gt;:995: in exec_module
    ???
&lt;frozen importlib._bootstrap&gt;:488: in _call_with_frames_removed
    ???
C:\Program Files\Blender Foundation\Blender 3.6\3.6\python\lib\site-packages\pxr\Tf\__init__.py:163: in &lt;module&gt;
    PreparePythonModule()
C:\Program Files\Blender Foundation\Blender 3.6\3.6\python\lib\site-packages\pxr\Tf\__init__.py:88: in PreparePythonModule
    module = importlib.import_module(
C:\Program Files\Python312\Lib\importlib\__init__.py:90: in import_module
    return _bootstrap._gcd_import(name[level:], package, level)
&lt;frozen importlib._bootstrap&gt;:1387: in _gcd_import
    ???
&lt;frozen importlib._bootstrap&gt;:1360: in _find_and_load
    ???
&lt;frozen importlib._bootstrap&gt;:1331: in _find_and_load_unlocked
    ???
&lt;frozen importlib._bootstrap&gt;:921: in _load_unlocked
    ???
&lt;frozen importlib._bootstrap&gt;:813: in module_from_spec
    ???
&lt;frozen importlib._bootstrap_external&gt;:1289: in create_module
    ???
&lt;frozen importlib._bootstrap&gt;:488: in _call_with_frames_removed
    ???
E   ImportError: DLL load failed while importing _tf: Не найден указанный модуль.</error></testcase><testcase classname="" name="Program Files.Blender Foundation.Blender 3.6.3.6.scripts.addons.io_curve_svg.svg_util_test" time="0.000"><error message="collection failure">ImportError while importing test module 'C:\Program Files\Blender Foundation\Blender 3.6\3.6\scripts\addons\io_curve_svg\svg_util_test.py'.
Hint: make sure your test modules/packages have valid Python names.
Traceback:
C:\Users\brysi\AppData\Roaming\Python\Python312\site-packages\_pytest\python.py:492: in importtestmodule
    mod = import_path(
C:\Users\brysi\AppData\Roaming\Python\Python312\site-packages\_pytest\pathlib.py:591: in import_path
    importlib.import_module(module_name)
C:\Program Files\Python312\Lib\importlib\__init__.py:90: in import_module
    return _bootstrap._gcd_import(name[level:], package, level)
&lt;frozen importlib._bootstrap&gt;:1387: in _gcd_import
    ???
&lt;frozen importlib._bootstrap&gt;:1360: in _find_and_load
    ???
&lt;frozen importlib._bootstrap&gt;:1310: in _find_and_load_unlocked
    ???
&lt;frozen importlib._bootstrap&gt;:488: in _call_with_frames_removed
    ???
&lt;frozen importlib._bootstrap&gt;:1387: in _gcd_import
    ???
&lt;frozen importlib._bootstrap&gt;:1360: in _find_and_load
    ???
&lt;frozen importlib._bootstrap&gt;:1331: in _find_and_load_unlocked
    ???
&lt;frozen importlib._bootstrap&gt;:935: in _load_unlocked
    ???
&lt;frozen importlib._bootstrap_external&gt;:995: in exec_module
    ???
&lt;frozen importlib._bootstrap&gt;:488: in _call_with_frames_removed
    ???
C:\Program Files\Blender Foundation\Blender 3.6\3.6\scripts\addons\io_curve_svg\__init__.py:24: in &lt;module&gt;
    import bpy
E   ModuleNotFoundError: No module named 'bpy'</error></testcase><testcase classname="" name="Program Files.Blender Foundation.Blender 3.6.3.6.scripts.addons.node_wrangler.utils.paths_test" time="0.000"><error message="collection failure">ImportError while importing test module 'C:\Program Files\Blender Foundation\Blender 3.6\3.6\scripts\addons\node_wrangler\utils\paths_test.py'.
Hint: make sure your test modules/packages have valid Python names.
Traceback:
C:\Users\brysi\AppData\Roaming\Python\Python312\site-packages\_pytest\python.py:492: in importtestmodule
    mod = import_path(
C:\Users\brysi\AppData\Roaming\Python\Python312\site-packages\_pytest\pathlib.py:591: in import_path
    importlib.import_module(module_name)
C:\Program Files\Python312\Lib\importlib\__init__.py:90: in import_module
    return _bootstrap._gcd_import(name[level:], package, level)
&lt;frozen importlib._bootstrap&gt;:1387: in _gcd_import
    ???
&lt;frozen importlib._bootstrap&gt;:1360: in _find_and_load
    ???
&lt;frozen importlib._bootstrap&gt;:1331: in _find_and_load_unlocked
    ???
&lt;frozen importlib._bootstrap&gt;:935: in _load_unlocked
    ???
C:\Users\brysi\AppData\Roaming\Python\Python312\site-packages\_pytest\assertion\rewrite.py:178: in exec_module
    exec(co, module.__dict__)
C:\Program Files\Blender Foundation\Blender 3.6\3.6\scripts\addons\node_wrangler\utils\paths_test.py:15: in &lt;module&gt;
    from .paths import match_files_to_socket_names
E   ImportError: attempted relative import with no known parent package</error></testcase><testcase classname="" name="Program Files.Blender Foundation.Blender 3.6.3.6.scripts.addons.space_view3d_stored_views.stored_views_test" time="0.000"><error message="collection failure">ImportError while importing test module 'C:\Program Files\Blender Foundation\Blender 3.6\3.6\scripts\addons\space_view3d_stored_views\stored_views_test.py'.
Hint: make sure your test modules/packages have valid Python names.
Traceback:
C:\Users\brysi\AppData\Roaming\Python\Python312\site-packages\_pytest\python.py:492: in importtestmodule
    mod = import_path(
C:\Users\brysi\AppData\Roaming\Python\Python312\site-packages\_pytest\pathlib.py:591: in import_path
    importlib.import_module(module_name)
C:\Program Files\Python312\Lib\importlib\__init__.py:90: in import_module
    return _bootstrap._gcd_import(name[level:], package, level)
&lt;frozen importlib._bootstrap&gt;:1387: in _gcd_import
    ???
&lt;frozen importlib._bootstrap&gt;:1360: in _find_and_load
    ???
&lt;frozen importlib._bootstrap&gt;:1310: in _find_and_load_unlocked
    ???
&lt;frozen importlib._bootstrap&gt;:488: in _call_with_frames_removed
    ???
&lt;frozen importlib._bootstrap&gt;:1387: in _gcd_import
    ???
&lt;frozen importlib._bootstrap&gt;:1360: in _find_and_load
    ???
&lt;frozen importlib._bootstrap&gt;:1331: in _find_and_load_unlocked
    ???
&lt;frozen importlib._bootstrap&gt;:935: in _load_unlocked
    ???
&lt;frozen importlib._bootstrap_external&gt;:995: in exec_module
    ???
&lt;frozen importlib._bootstrap&gt;:488: in _call_with_frames_removed
    ???
C:\Program Files\Blender Foundation\Blender 3.6\3.6\scripts\addons\space_view3d_stored_views\__init__.py:44: in &lt;module&gt;
    import bpy
E   ModuleNotFoundError: No module named 'bpy'</error></testcase><testcase classname="" name="Program Files.JetBrains.PyCharm Community Edition 2024.1.3.plugins.python-ce.helpers.pycharm.pycharm_commands.pycharm_test" time="0.000"><error message="collection failure">C:\Program Files\JetBrains\PyCharm Community Edition 2024.1.3\plugins\python-ce\helpers\pycharm\pycharm_commands\pycharm_test.py:3: in &lt;module&gt;
    from pkg_resources import EntryPoint
C:\Program Files\Blender Foundation\Blender 3.6\3.6\python\lib\site-packages\pkg_resources\__init__.py:2191: in &lt;module&gt;
    register_finder(pkgutil.ImpImporter, find_on_path)
E   AttributeError: module 'pkgutil' has no attribute 'ImpImporter'. Did you mean: 'zipimporter'?</error></testcase><testcase classname="" name="Program Files.Microsoft SQL Server.MSAS16.MSSQLSERVER.OLAP.Backup" time="0.000"><error message="collection failure">C:\Users\brysi\AppData\Roaming\Python\Python312\site-packages\_pytest\runner.py:341: in from_call
    result: Optional[TResult] = func()
C:\Users\brysi\AppData\Roaming\Python\Python312\site-packages\_pytest\runner.py:389: in collect
    return list(collector.collect())
C:\Users\brysi\AppData\Roaming\Python\Python312\site-packages\_pytest\main.py:523: in collect
    for direntry in scandir(self.path):
C:\Users\brysi\AppData\Roaming\Python\Python312\site-packages\_pytest\pathlib.py:896: in scandir
    with os.scandir(path) as s:
E   PermissionError: [WinError 5] Отказано в доступе: 'C:\\Program Files\\Microsoft SQL Server\\MSAS16.MSSQLSERVER\\OLAP\\Backup'</error></testcase><testcase classname="" name="Program Files.Microsoft SQL Server.MSAS16.MSSQLSERVER.OLAP.Config" time="0.000"><error message="collection failure">C:\Users\brysi\AppData\Roaming\Python\Python312\site-packages\_pytest\runner.py:341: in from_call
    result: Optional[TResult] = func()
C:\Users\brysi\AppData\Roaming\Python\Python312\site-packages\_pytest\runner.py:389: in collect
    return list(collector.collect())
C:\Users\brysi\AppData\Roaming\Python\Python312\site-packages\_pytest\main.py:523: in collect
    for direntry in scandir(self.path):
C:\Users\brysi\AppData\Roaming\Python\Python312\site-packages\_pytest\pathlib.py:896: in scandir
    with os.scandir(path) as s:
E   PermissionError: [WinError 5] Отказано в доступе: 'C:\\Program Files\\Microsoft SQL Server\\MSAS16.MSSQLSERVER\\OLAP\\Config'</error></testcase><testcase classname="" name="Program Files.Microsoft SQL Server.MSAS16.MSSQLSERVER.OLAP.Data" time="0.000"><error message="collection failure">C:\Users\brysi\AppData\Roaming\Python\Python312\site-packages\_pytest\runner.py:341: in from_call
    result: Optional[TResult] = func()
C:\Users\brysi\AppData\Roaming\Python\Python312\site-packages\_pytest\runner.py:389: in collect
    return list(collector.collect())
C:\Users\brysi\AppData\Roaming\Python\Python312\site-packages\_pytest\main.py:523: in collect
    for direntry in scandir(self.path):
C:\Users\brysi\AppData\Roaming\Python\Python312\site-packages\_pytest\pathlib.py:896: in scandir
    with os.scandir(path) as s:
E   PermissionError: [WinError 5] Отказано в доступе: 'C:\\Program Files\\Microsoft SQL Server\\MSAS16.MSSQLSERVER\\OLAP\\Data'</error></testcase><testcase classname="" name="Program Files.Microsoft SQL Server.MSAS16.MSSQLSERVER.OLAP.Log" time="0.000"><error message="collection failure">C:\Users\brysi\AppData\Roaming\Python\Python312\site-packages\_pytest\runner.py:341: in from_call
    result: Optional[TResult] = func()
C:\Users\brysi\AppData\Roaming\Python\Python312\site-packages\_pytest\runner.py:389: in collect
    return list(collector.collect())
C:\Users\brysi\AppData\Roaming\Python\Python312\site-packages\_pytest\main.py:523: in collect
    for direntry in scandir(self.path):
C:\Users\brysi\AppData\Roaming\Python\Python312\site-packages\_pytest\pathlib.py:896: in scandir
    with os.scandir(path) as s:
E   PermissionError: [WinError 5] Отказано в доступе: 'C:\\Program Files\\Microsoft SQL Server\\MSAS16.MSSQLSERVER\\OLAP\\Log'</error></testcase><testcase classname="" name="Program Files.Microsoft SQL Server.MSAS16.MSSQLSERVER.OLAP.Temp" time="0.000"><error message="collection failure">C:\Users\brysi\AppData\Roaming\Python\Python312\site-packages\_pytest\runner.py:341: in from_call
    result: Optional[TResult] = func()
C:\Users\brysi\AppData\Roaming\Python\Python312\site-packages\_pytest\runner.py:389: in collect
    return list(collector.collect())
C:\Users\brysi\AppData\Roaming\Python\Python312\site-packages\_pytest\main.py:523: in collect
    for direntry in scandir(self.path):
C:\Users\brysi\AppData\Roaming\Python\Python312\site-packages\_pytest\pathlib.py:896: in scandir
    with os.scandir(path) as s:
E   PermissionError: [WinError 5] Отказано в доступе: 'C:\\Program Files\\Microsoft SQL Server\\MSAS16.MSSQLSERVER\\OLAP\\Temp'</error></testcase><testcase classname="" name="Program Files.Microsoft SQL Server.MSSQL16.MSSQLSERVER.MSSQL.Binn.Xtp" time="0.000"><error message="collection failure">C:\Users\brysi\AppData\Roaming\Python\Python312\site-packages\_pytest\runner.py:341: in from_call
    result: Optional[TResult] = func()
C:\Users\brysi\AppData\Roaming\Python\Python312\site-packages\_pytest\runner.py:389: in collect
    return list(collector.collect())
C:\Users\brysi\AppData\Roaming\Python\Python312\site-packages\_pytest\main.py:523: in collect
    for direntry in scandir(self.path):
C:\Users\brysi\AppData\Roaming\Python\Python312\site-packages\_pytest\pathlib.py:896: in scandir
    with os.scandir(path) as s:
E   PermissionError: [WinError 5] Отказано в доступе: 'C:\\Program Files\\Microsoft SQL Server\\MSSQL16.MSSQLSERVER\\MSSQL\\Binn\\Xtp'</error></testcase><testcase classname="" name="Program Files.Microsoft SQL Server.MSSQL16.MSSQLSERVER.MSSQL.ExtensibilityData" time="0.000"><error message="collection failure">C:\Users\brysi\AppData\Roaming\Python\Python312\site-packages\_pytest\runner.py:341: in from_call
    result: Optional[TResult] = func()
C:\Users\brysi\AppData\Roaming\Python\Python312\site-packages\_pytest\runner.py:389: in collect
    return list(collector.collect())
C:\Users\brysi\AppData\Roaming\Python\Python312\site-packages\_pytest\main.py:523: in collect
    for direntry in scandir(self.path):
C:\Users\brysi\AppData\Roaming\Python\Python312\site-packages\_pytest\pathlib.py:896: in scandir
    with os.scandir(path) as s:
E   PermissionError: [WinError 5] Отказано в доступе: 'C:\\Program Files\\Microsoft SQL Server\\MSSQL16.MSSQLSERVER\\MSSQL\\ExtensibilityData'</error></testcase><testcase classname="" name="Program Files.Microsoft SQL Server.MSSQL16.MSSQLSERVER.MSSQL.ExternalLanguagesTemp" time="0.000"><error message="collection failure">C:\Users\brysi\AppData\Roaming\Python\Python312\site-packages\_pytest\runner.py:341: in from_call
    result: Optional[TResult] = func()
C:\Users\brysi\AppData\Roaming\Python\Python312\site-packages\_pytest\runner.py:389: in collect
    return list(collector.collect())
C:\Users\brysi\AppData\Roaming\Python\Python312\site-packages\_pytest\main.py:523: in collect
    for direntry in scandir(self.path):
C:\Users\brysi\AppData\Roaming\Python\Python312\site-packages\_pytest\pathlib.py:896: in scandir
    with os.scandir(path) as s:
E   PermissionError: [WinError 5] Отказано в доступе: 'C:\\Program Files\\Microsoft SQL Server\\MSSQL16.MSSQLSERVER\\MSSQL\\ExternalLanguagesTemp'</error></testcase><testcase classname="" name="Program Files.Microsoft SQL Server.MSSQL16.MSSQLSERVER.MSSQL.ExternalLibraries" time="0.000"><error message="collection failure">C:\Users\brysi\AppData\Roaming\Python\Python312\site-packages\_pytest\runner.py:341: in from_call
    result: Optional[TResult] = func()
C:\Users\brysi\AppData\Roaming\Python\Python312\site-packages\_pytest\runner.py:389: in collect
    return list(collector.collect())
C:\Users\brysi\AppData\Roaming\Python\Python312\site-packages\_pytest\main.py:523: in collect
    for direntry in scandir(self.path):
C:\Users\brysi\AppData\Roaming\Python\Python312\site-packages\_pytest\pathlib.py:896: in scandir
    with os.scandir(path) as s:
E   PermissionError: [WinError 5] Отказано в доступе: 'C:\\Program Files\\Microsoft SQL Server\\MSSQL16.MSSQLSERVER\\MSSQL\\ExternalLibraries'</error></testcase><testcase classname="" name="Program Files.Microsoft SQL Server.MSSQL16.MSSQLSERVER.MSSQL.ExternalLibrariesTemp" time="0.000"><error message="collection failure">C:\Users\brysi\AppData\Roaming\Python\Python312\site-packages\_pytest\runner.py:341: in from_call
    result: Optional[TResult] = func()
C:\Users\brysi\AppData\Roaming\Python\Python312\site-packages\_pytest\runner.py:389: in collect
    return list(collector.collect())
C:\Users\brysi\AppData\Roaming\Python\Python312\site-packages\_pytest\main.py:523: in collect
    for direntry in scandir(self.path):
C:\Users\brysi\AppData\Roaming\Python\Python312\site-packages\_pytest\pathlib.py:896: in scandir
    with os.scandir(path) as s:
E   PermissionError: [WinError 5] Отказано в доступе: 'C:\\Program Files\\Microsoft SQL Server\\MSSQL16.MSSQLSERVER\\MSSQL\\ExternalLibrariesTemp'</error></testcase><testcase classname="" name="Program Files.Microsoft SQL Server.MSSQL16.MSSQLSERVER.MSSQL.FTData" time="0.000"><error message="collection failure">C:\Users\brysi\AppData\Roaming\Python\Python312\site-packages\_pytest\runner.py:341: in from_call
    result: Optional[TResult] = func()
C:\Users\brysi\AppData\Roaming\Python\Python312\site-packages\_pytest\runner.py:389: in collect
    return list(collector.collect())
C:\Users\brysi\AppData\Roaming\Python\Python312\site-packages\_pytest\main.py:523: in collect
    for direntry in scandir(self.path):
C:\Users\brysi\AppData\Roaming\Python\Python312\site-packages\_pytest\pathlib.py:896: in scandir
    with os.scandir(path) as s:
E   PermissionError: [WinError 5] Отказано в доступе: 'C:\\Program Files\\Microsoft SQL Server\\MSSQL16.MSSQLSERVER\\MSSQL\\FTData'</error></testcase><testcase classname="" name="Program Files.Microsoft SQL Server.MSSQL16.MSSQLSERVER.MSSQL.JOBS" time="0.000"><error message="collection failure">C:\Users\brysi\AppData\Roaming\Python\Python312\site-packages\_pytest\runner.py:341: in from_call
    result: Optional[TResult] = func()
C:\Users\brysi\AppData\Roaming\Python\Python312\site-packages\_pytest\runner.py:389: in collect
    return list(collector.collect())
C:\Users\brysi\AppData\Roaming\Python\Python312\site-packages\_pytest\main.py:523: in collect
    for direntry in scandir(self.path):
C:\Users\brysi\AppData\Roaming\Python\Python312\site-packages\_pytest\pathlib.py:896: in scandir
    with os.scandir(path) as s:
E   PermissionError: [WinError 5] Отказано в доступе: 'C:\\Program Files\\Microsoft SQL Server\\MSSQL16.MSSQLSERVER\\MSSQL\\JOBS'</error></testcase><testcase classname="" name="Program Files.Microsoft SQL Server.MSSQL16.MSSQLSERVER.MSSQL.Log" time="0.000"><error message="collection failure">C:\Users\brysi\AppData\Roaming\Python\Python312\site-packages\_pytest\runner.py:341: in from_call
    result: Optional[TResult] = func()
C:\Users\brysi\AppData\Roaming\Python\Python312\site-packages\_pytest\runner.py:389: in collect
    return list(collector.collect())
C:\Users\brysi\AppData\Roaming\Python\Python312\site-packages\_pytest\main.py:523: in collect
    for direntry in scandir(self.path):
C:\Users\brysi\AppData\Roaming\Python\Python312\site-packages\_pytest\pathlib.py:896: in scandir
    with os.scandir(path) as s:
E   PermissionError: [WinError 5] Отказано в доступе: 'C:\\Program Files\\Microsoft SQL Server\\MSSQL16.MSSQLSERVER\\MSSQL\\Log'</error></testcase><testcase classname="" name="Program Files.Microsoft SQL Server.MSSQL16.MSSQLSERVER.MSSQL.repldata" time="0.000"><error message="collection failure">C:\Users\brysi\AppData\Roaming\Python\Python312\site-packages\_pytest\runner.py:341: in from_call
    result: Optional[TResult] = func()
C:\Users\brysi\AppData\Roaming\Python\Python312\site-packages\_pytest\runner.py:389: in collect
    return list(collector.collect())
C:\Users\brysi\AppData\Roaming\Python\Python312\site-packages\_pytest\main.py:523: in collect
    for direntry in scandir(self.path):
C:\Users\brysi\AppData\Roaming\Python\Python312\site-packages\_pytest\pathlib.py:896: in scandir
    with os.scandir(path) as s:
E   PermissionError: [WinError 5] Отказано в доступе: 'C:\\Program Files\\Microsoft SQL Server\\MSSQL16.MSSQLSERVER\\MSSQL\\repldata'</error></testcase><testcase classname="" name="Program Files.Microsoft Visual Studio.2022.Community.Common7.IDE.CommonExtensions.Microsoft.VC.SecurityIssueAnalysis.python.lib.site-packages.adodbapi.test.test_adodbapi_dbapi20" time="0.000"><error message="collection failure">ImportError while importing test module 'C:\Program Files\Microsoft Visual Studio\2022\Community\Common7\IDE\CommonExtensions\Microsoft\VC\SecurityIssueAnalysis\python\lib\site-packages\adodbapi\test\test_adodbapi_dbapi20.py'.
Hint: make sure your test modules/packages have valid Python names.
Traceback:
C:\Users\brysi\AppData\Roaming\Python\Python312\site-packages\_pytest\python.py:492: in importtestmodule
    mod = import_path(
C:\Users\brysi\AppData\Roaming\Python\Python312\site-packages\_pytest\pathlib.py:591: in import_path
    importlib.import_module(module_name)
C:\Program Files\Python312\Lib\importlib\__init__.py:90: in import_module
    return _bootstrap._gcd_import(name[level:], package, level)
&lt;frozen importlib._bootstrap&gt;:1387: in _gcd_import
    ???
&lt;frozen importlib._bootstrap&gt;:1360: in _find_and_load
    ???
&lt;frozen importlib._bootstrap&gt;:1331: in _find_and_load_unlocked
    ???
&lt;frozen importlib._bootstrap&gt;:935: in _load_unlocked
    ???
C:\Users\brysi\AppData\Roaming\Python\Python312\site-packages\_pytest\assertion\rewrite.py:178: in exec_module
    exec(co, module.__dict__)
C:\Program Files\Microsoft Visual Studio\2022\Community\Common7\IDE\CommonExtensions\Microsoft\VC\SecurityIssueAnalysis\python\lib\site-packages\adodbapi\test\test_adodbapi_dbapi20.py:21: in &lt;module&gt;
    import adodbapi
E   ModuleNotFoundError: No module named 'adodbapi'</error></testcase><testcase classname="" name="Program Files.Microsoft Visual Studio.2022.Community.Common7.IDE.CommonExtensions.Microsoft.VC.SecurityIssueAnalysis.python.lib.site-packages.numpy" time="0.000"><error message="collection failure">C:\Program Files\Microsoft Visual Studio\2022\Community\Common7\IDE\CommonExtensions\Microsoft\VC\SecurityIssueAnalysis\python\lib\site-packages\numpy\core\__init__.py:24: in &lt;module&gt;
    from . import multiarray
C:\Program Files\Microsoft Visual Studio\2022\Community\Common7\IDE\CommonExtensions\Microsoft\VC\SecurityIssueAnalysis\python\lib\site-packages\numpy\core\multiarray.py:10: in &lt;module&gt;
    from . import overrides
C:\Program Files\Microsoft Visual Studio\2022\Community\Common7\IDE\CommonExtensions\Microsoft\VC\SecurityIssueAnalysis\python\lib\site-packages\numpy\core\overrides.py:8: in &lt;module&gt;
    from numpy.core._multiarray_umath import (
E   ModuleNotFoundError: No module named 'numpy.core._multiarray_umath'

During handling of the above exception, another exception occurred:
C:\Program Files\Python312\Lib\importlib\__init__.py:90: in import_module
    return _bootstrap._gcd_import(name[level:], package, level)
&lt;frozen importlib._bootstrap&gt;:1387: in _gcd_import
    ???
&lt;frozen importlib._bootstrap&gt;:1360: in _find_and_load
    ???
&lt;frozen importlib._bootstrap&gt;:1310: in _find_and_load_unlocked
    ???
&lt;frozen importlib._bootstrap&gt;:488: in _call_with_frames_removed
    ???
&lt;frozen importlib._bootstrap&gt;:1387: in _gcd_import
    ???
&lt;frozen importlib._bootstrap&gt;:1360: in _find_and_load
    ???
&lt;frozen importlib._bootstrap&gt;:1331: in _find_and_load_unlocked
    ???
&lt;frozen importlib._bootstrap&gt;:935: in _load_unlocked
    ???
&lt;frozen importlib._bootstrap_external&gt;:995: in exec_module
    ???
&lt;frozen importlib._bootstrap&gt;:488: in _call_with_frames_removed
    ???
C:\Program Files\Microsoft Visual Studio\2022\Community\Common7\IDE\CommonExtensions\Microsoft\VC\SecurityIssueAnalysis\python\lib\site-packages\numpy\__init__.py:158: in &lt;module&gt;
    from . import core
C:\Program Files\Microsoft Visual Studio\2022\Community\Common7\IDE\CommonExtensions\Microsoft\VC\SecurityIssueAnalysis\python\lib\site-packages\numpy\core\__init__.py:50: in &lt;module&gt;
    raise ImportError(msg)
E   ImportError: 
E   
E   IMPORTANT: PLEASE READ THIS FOR ADVICE ON HOW TO SOLVE THIS ISSUE!
E   
E   Importing the numpy C-extensions failed. This error can happen for
E   many reasons, often due to issues with your setup or how NumPy was
E   installed.
E   
E   We have compiled some common reasons and troubleshooting tips at:
E   
E       https://numpy.org/devdocs/user/troubleshooting-importerror.html
E   
E   Please note and check the following:
E   
E     * The Python version is: Python3.12 from "C:\Program Files\Python312\python.exe"
E     * The NumPy version is: "1.23.5"
E   
E   and make sure that they are the versions you expect.
E   Please carefully study the documentation linked above for further help.
E   
E   Original error was: No module named 'numpy.core._multiarray_umath'</error></testcase><testcase classname="" name="Program Files.Microsoft Visual Studio.2022.Community.Common7.IDE.CommonExtensions.Microsoft.VC.SecurityIssueAnalysis.python.lib.site-packages.pandas" time="0.000"><error message="collection failure">C:\Program Files\Python312\Lib\importlib\__init__.py:90: in import_module
    return _bootstrap._gcd_import(name[level:], package, level)
&lt;frozen importlib._bootstrap&gt;:1387: in _gcd_import
    ???
&lt;frozen importlib._bootstrap&gt;:1360: in _find_and_load
    ???
&lt;frozen importlib._bootstrap&gt;:1310: in _find_and_load_unlocked
    ???
&lt;frozen importlib._bootstrap&gt;:488: in _call_with_frames_removed
    ???
&lt;frozen importlib._bootstrap&gt;:1387: in _gcd_import
    ???
&lt;frozen importlib._bootstrap&gt;:1360: in _find_and_load
    ???
&lt;frozen importlib._bootstrap&gt;:1331: in _find_and_load_unlocked
    ???
&lt;frozen importlib._bootstrap&gt;:935: in _load_unlocked
    ???
&lt;frozen importlib._bootstrap_external&gt;:995: in exec_module
    ???
&lt;frozen importlib._bootstrap&gt;:488: in _call_with_frames_removed
    ???
C:\Program Files\Microsoft Visual Studio\2022\Community\Common7\IDE\CommonExtensions\Microsoft\VC\SecurityIssueAnalysis\python\lib\site-packages\pandas\__init__.py:16: in &lt;module&gt;
    raise ImportError(
E   ImportError: Unable to import required dependencies:
E   numpy: 
E   
E   IMPORTANT: PLEASE READ THIS FOR ADVICE ON HOW TO SOLVE THIS ISSUE!
E   
E   Importing the numpy C-extensions failed. This error can happen for
E   many reasons, often due to issues with your setup or how NumPy was
E   installed.
E   
E   We have compiled some common reasons and troubleshooting tips at:
E   
E       https://numpy.org/devdocs/user/troubleshooting-importerror.html
E   
E   Please note and check the following:
E   
E     * The Python version is: Python3.12 from "C:\Program Files\Python312\python.exe"
E     * The NumPy version is: "1.23.5"
E   
E   and make sure that they are the versions you expect.
E   Please carefully study the documentation linked above for further help.
E   
E   Original error was: No module named 'numpy.core._multiarray_umath'</error></testcase><testcase classname="" name="Program Files.Microsoft Visual Studio.2022.Community.Common7.IDE.CommonExtensions.Microsoft.VC.SecurityIssueAnalysis.python.lib.site-packages.sniffio._tests.test_sniffio" time="0.000"><error message="collection failure">import file mismatch:
imported module 'sniffio._tests.test_sniffio' has this __file__ attribute:
  C:\Users\brysi\AppData\Roaming\Python\Python312\site-packages\sniffio\_tests\test_sniffio.py
which is not the same as the test file we want to collect:
  C:\Program Files\Microsoft Visual Studio\2022\Community\Common7\IDE\CommonExtensions\Microsoft\VC\SecurityIssueAnalysis\python\lib\site-packages\sniffio\_tests\test_sniffio.py
HINT: remove __pycache__ / .pyc files and/or use a unique basename for your test file modules</error></testcase><testcase classname="" name="Program Files.Microsoft Visual Studio.2022.Community.Common7.IDE.CommonExtensions.Microsoft.VC.SecurityIssueAnalysis.python.lib.site-packages.win32.test.test_clipboard" time="0.000"><error message="collection failure">ImportError while importing test module 'C:\Program Files\Microsoft Visual Studio\2022\Community\Common7\IDE\CommonExtensions\Microsoft\VC\SecurityIssueAnalysis\python\lib\site-packages\win32\test\test_clipboard.py'.
Hint: make sure your test modules/packages have valid Python names.
Traceback:
C:\Users\brysi\AppData\Roaming\Python\Python312\site-packages\_pytest\python.py:492: in importtestmodule
    mod = import_path(
C:\Users\brysi\AppData\Roaming\Python\Python312\site-packages\_pytest\pathlib.py:591: in import_path
    importlib.import_module(module_name)
C:\Program Files\Python312\Lib\importlib\__init__.py:90: in import_module
    return _bootstrap._gcd_import(name[level:], package, level)
&lt;frozen importlib._bootstrap&gt;:1387: in _gcd_import
    ???
&lt;frozen importlib._bootstrap&gt;:1360: in _find_and_load
    ???
&lt;frozen importlib._bootstrap&gt;:1331: in _find_and_load_unlocked
    ???
&lt;frozen importlib._bootstrap&gt;:935: in _load_unlocked
    ???
C:\Users\brysi\AppData\Roaming\Python\Python312\site-packages\_pytest\assertion\rewrite.py:178: in exec_module
    exec(co, module.__dict__)
C:\Program Files\Microsoft Visual Studio\2022\Community\Common7\IDE\CommonExtensions\Microsoft\VC\SecurityIssueAnalysis\python\lib\site-packages\win32\test\test_clipboard.py:7: in &lt;module&gt;
    import pywintypes
E   ModuleNotFoundError: No module named 'pywintypes'</error></testcase><testcase classname="" name="Program Files.Microsoft Visual Studio.2022.Community.Common7.IDE.CommonExtensions.Microsoft.VC.SecurityIssueAnalysis.python.lib.site-packages.win32.test.test_exceptions" time="0.000"><error message="collection failure">ImportError while importing test module 'C:\Program Files\Microsoft Visual Studio\2022\Community\Common7\IDE\CommonExtensions\Microsoft\VC\SecurityIssueAnalysis\python\lib\site-packages\win32\test\test_exceptions.py'.
Hint: make sure your test modules/packages have valid Python names.
Traceback:
C:\Users\brysi\AppData\Roaming\Python\Python312\site-packages\_pytest\python.py:492: in importtestmodule
    mod = import_path(
C:\Users\brysi\AppData\Roaming\Python\Python312\site-packages\_pytest\pathlib.py:591: in import_path
    importlib.import_module(module_name)
C:\Program Files\Python312\Lib\importlib\__init__.py:90: in import_module
    return _bootstrap._gcd_import(name[level:], package, level)
&lt;frozen importlib._bootstrap&gt;:1387: in _gcd_import
    ???
&lt;frozen importlib._bootstrap&gt;:1360: in _find_and_load
    ???
&lt;frozen importlib._bootstrap&gt;:1331: in _find_and_load_unlocked
    ???
&lt;frozen importlib._bootstrap&gt;:935: in _load_unlocked
    ???
C:\Users\brysi\AppData\Roaming\Python\Python312\site-packages\_pytest\assertion\rewrite.py:178: in exec_module
    exec(co, module.__dict__)
C:\Program Files\Microsoft Visual Studio\2022\Community\Common7\IDE\CommonExtensions\Microsoft\VC\SecurityIssueAnalysis\python\lib\site-packages\win32\test\test_exceptions.py:5: in &lt;module&gt;
    import pythoncom
C:\Program Files\Microsoft Visual Studio\2022\Community\Common7\IDE\CommonExtensions\Microsoft\VC\SecurityIssueAnalysis\python\lib\site-packages\pythoncom.py:2: in &lt;module&gt;
    import pywintypes
E   ModuleNotFoundError: No module named 'pywintypes'</error></testcase><testcase classname="" name="Program Files.Microsoft Visual Studio.2022.Community.Common7.IDE.CommonExtensions.Microsoft.VC.SecurityIssueAnalysis.python.lib.site-packages.win32.test.test_odbc" time="0.000"><error message="collection failure">ImportError while importing test module 'C:\Program Files\Microsoft Visual Studio\2022\Community\Common7\IDE\CommonExtensions\Microsoft\VC\SecurityIssueAnalysis\python\lib\site-packages\win32\test\test_odbc.py'.
Hint: make sure your test modules/packages have valid Python names.
Traceback:
C:\Users\brysi\AppData\Roaming\Python\Python312\site-packages\_pytest\python.py:492: in importtestmodule
    mod = import_path(
C:\Users\brysi\AppData\Roaming\Python\Python312\site-packages\_pytest\pathlib.py:591: in import_path
    importlib.import_module(module_name)
C:\Program Files\Python312\Lib\importlib\__init__.py:90: in import_module
    return _bootstrap._gcd_import(name[level:], package, level)
&lt;frozen importlib._bootstrap&gt;:1387: in _gcd_import
    ???
&lt;frozen importlib._bootstrap&gt;:1360: in _find_and_load
    ???
&lt;frozen importlib._bootstrap&gt;:1331: in _find_and_load_unlocked
    ???
&lt;frozen importlib._bootstrap&gt;:935: in _load_unlocked
    ???
C:\Users\brysi\AppData\Roaming\Python\Python312\site-packages\_pytest\assertion\rewrite.py:178: in exec_module
    exec(co, module.__dict__)
C:\Program Files\Microsoft Visual Studio\2022\Community\Common7\IDE\CommonExtensions\Microsoft\VC\SecurityIssueAnalysis\python\lib\site-packages\win32\test\test_odbc.py:7: in &lt;module&gt;
    import odbc
E   ModuleNotFoundError: No module named 'odbc'</error></testcase><testcase classname="" name="Program Files.Microsoft Visual Studio.2022.Community.Common7.IDE.CommonExtensions.Microsoft.VC.SecurityIssueAnalysis.python.lib.site-packages.win32.test.test_pywintypes" time="0.000"><error message="collection failure">ImportError while importing test module 'C:\Program Files\Microsoft Visual Studio\2022\Community\Common7\IDE\CommonExtensions\Microsoft\VC\SecurityIssueAnalysis\python\lib\site-packages\win32\test\test_pywintypes.py'.
Hint: make sure your test modules/packages have valid Python names.
Traceback:
C:\Users\brysi\AppData\Roaming\Python\Python312\site-packages\_pytest\python.py:492: in importtestmodule
    mod = import_path(
C:\Users\brysi\AppData\Roaming\Python\Python312\site-packages\_pytest\pathlib.py:591: in import_path
    importlib.import_module(module_name)
C:\Program Files\Python312\Lib\importlib\__init__.py:90: in import_module
    return _bootstrap._gcd_import(name[level:], package, level)
&lt;frozen importlib._bootstrap&gt;:1387: in _gcd_import
    ???
&lt;frozen importlib._bootstrap&gt;:1360: in _find_and_load
    ???
&lt;frozen importlib._bootstrap&gt;:1331: in _find_and_load_unlocked
    ???
&lt;frozen importlib._bootstrap&gt;:935: in _load_unlocked
    ???
C:\Users\brysi\AppData\Roaming\Python\Python312\site-packages\_pytest\assertion\rewrite.py:178: in exec_module
    exec(co, module.__dict__)
C:\Program Files\Microsoft Visual Studio\2022\Community\Common7\IDE\CommonExtensions\Microsoft\VC\SecurityIssueAnalysis\python\lib\site-packages\win32\test\test_pywintypes.py:7: in &lt;module&gt;
    import pywintypes
E   ModuleNotFoundError: No module named 'pywintypes'</error></testcase><testcase classname="" name="Program Files.Microsoft Visual Studio.2022.Community.Common7.IDE.CommonExtensions.Microsoft.VC.SecurityIssueAnalysis.python.lib.site-packages.win32.test.test_security" time="0.000"><error message="collection failure">ImportError while importing test module 'C:\Program Files\Microsoft Visual Studio\2022\Community\Common7\IDE\CommonExtensions\Microsoft\VC\SecurityIssueAnalysis\python\lib\site-packages\win32\test\test_security.py'.
Hint: make sure your test modules/packages have valid Python names.
Traceback:
C:\Users\brysi\AppData\Roaming\Python\Python312\site-packages\_pytest\python.py:492: in importtestmodule
    mod = import_path(
C:\Users\brysi\AppData\Roaming\Python\Python312\site-packages\_pytest\pathlib.py:591: in import_path
    importlib.import_module(module_name)
C:\Program Files\Python312\Lib\importlib\__init__.py:90: in import_module
    return _bootstrap._gcd_import(name[level:], package, level)
&lt;frozen importlib._bootstrap&gt;:1387: in _gcd_import
    ???
&lt;frozen importlib._bootstrap&gt;:1360: in _find_and_load
    ???
&lt;frozen importlib._bootstrap&gt;:1331: in _find_and_load_unlocked
    ???
&lt;frozen importlib._bootstrap&gt;:935: in _load_unlocked
    ???
C:\Users\brysi\AppData\Roaming\Python\Python312\site-packages\_pytest\assertion\rewrite.py:178: in exec_module
    exec(co, module.__dict__)
C:\Program Files\Microsoft Visual Studio\2022\Community\Common7\IDE\CommonExtensions\Microsoft\VC\SecurityIssueAnalysis\python\lib\site-packages\win32\test\test_security.py:4: in &lt;module&gt;
    import ntsecuritycon
E   ModuleNotFoundError: No module named 'ntsecuritycon'</error></testcase><testcase classname="" name="Program Files.Microsoft Visual Studio.2022.Community.Common7.IDE.CommonExtensions.Microsoft.VC.SecurityIssueAnalysis.python.lib.site-packages.win32.test.test_sspi" time="0.000"><error message="collection failure">ImportError while importing test module 'C:\Program Files\Microsoft Visual Studio\2022\Community\Common7\IDE\CommonExtensions\Microsoft\VC\SecurityIssueAnalysis\python\lib\site-packages\win32\test\test_sspi.py'.
Hint: make sure your test modules/packages have valid Python names.
Traceback:
C:\Users\brysi\AppData\Roaming\Python\Python312\site-packages\_pytest\python.py:492: in importtestmodule
    mod = import_path(
C:\Users\brysi\AppData\Roaming\Python\Python312\site-packages\_pytest\pathlib.py:591: in import_path
    importlib.import_module(module_name)
C:\Program Files\Python312\Lib\importlib\__init__.py:90: in import_module
    return _bootstrap._gcd_import(name[level:], package, level)
&lt;frozen importlib._bootstrap&gt;:1387: in _gcd_import
    ???
&lt;frozen importlib._bootstrap&gt;:1360: in _find_and_load
    ???
&lt;frozen importlib._bootstrap&gt;:1331: in _find_and_load_unlocked
    ???
&lt;frozen importlib._bootstrap&gt;:935: in _load_unlocked
    ???
C:\Users\brysi\AppData\Roaming\Python\Python312\site-packages\_pytest\assertion\rewrite.py:178: in exec_module
    exec(co, module.__dict__)
C:\Program Files\Microsoft Visual Studio\2022\Community\Common7\IDE\CommonExtensions\Microsoft\VC\SecurityIssueAnalysis\python\lib\site-packages\win32\test\test_sspi.py:7: in &lt;module&gt;
    import sspi
E   ModuleNotFoundError: No module named 'sspi'</error></testcase><testcase classname="" name="Program Files.Microsoft Visual Studio.2022.Community.Common7.IDE.CommonExtensions.Microsoft.VC.SecurityIssueAnalysis.python.lib.site-packages.win32.test.test_win32api" time="0.000"><error message="collection failure">ImportError while importing test module 'C:\Program Files\Microsoft Visual Studio\2022\Community\Common7\IDE\CommonExtensions\Microsoft\VC\SecurityIssueAnalysis\python\lib\site-packages\win32\test\test_win32api.py'.
Hint: make sure your test modules/packages have valid Python names.
Traceback:
C:\Users\brysi\AppData\Roaming\Python\Python312\site-packages\_pytest\python.py:492: in importtestmodule
    mod = import_path(
C:\Users\brysi\AppData\Roaming\Python\Python312\site-packages\_pytest\pathlib.py:591: in import_path
    importlib.import_module(module_name)
C:\Program Files\Python312\Lib\importlib\__init__.py:90: in import_module
    return _bootstrap._gcd_import(name[level:], package, level)
&lt;frozen importlib._bootstrap&gt;:1387: in _gcd_import
    ???
&lt;frozen importlib._bootstrap&gt;:1360: in _find_and_load
    ???
&lt;frozen importlib._bootstrap&gt;:1331: in _find_and_load_unlocked
    ???
&lt;frozen importlib._bootstrap&gt;:935: in _load_unlocked
    ???
C:\Users\brysi\AppData\Roaming\Python\Python312\site-packages\_pytest\assertion\rewrite.py:178: in exec_module
    exec(co, module.__dict__)
C:\Program Files\Microsoft Visual Studio\2022\Community\Common7\IDE\CommonExtensions\Microsoft\VC\SecurityIssueAnalysis\python\lib\site-packages\win32\test\test_win32api.py:9: in &lt;module&gt;
    import win32api
E   ModuleNotFoundError: No module named 'win32api'</error></testcase><testcase classname="" name="Program Files.Microsoft Visual Studio.2022.Community.Common7.IDE.CommonExtensions.Microsoft.VC.SecurityIssueAnalysis.python.lib.site-packages.win32.test.test_win32crypt" time="0.000"><error message="collection failure">ImportError while importing test module 'C:\Program Files\Microsoft Visual Studio\2022\Community\Common7\IDE\CommonExtensions\Microsoft\VC\SecurityIssueAnalysis\python\lib\site-packages\win32\test\test_win32crypt.py'.
Hint: make sure your test modules/packages have valid Python names.
Traceback:
C:\Users\brysi\AppData\Roaming\Python\Python312\site-packages\_pytest\python.py:492: in importtestmodule
    mod = import_path(
C:\Users\brysi\AppData\Roaming\Python\Python312\site-packages\_pytest\pathlib.py:591: in import_path
    importlib.import_module(module_name)
C:\Program Files\Python312\Lib\importlib\__init__.py:90: in import_module
    return _bootstrap._gcd_import(name[level:], package, level)
&lt;frozen importlib._bootstrap&gt;:1387: in _gcd_import
    ???
&lt;frozen importlib._bootstrap&gt;:1360: in _find_and_load
    ???
&lt;frozen importlib._bootstrap&gt;:1331: in _find_and_load_unlocked
    ???
&lt;frozen importlib._bootstrap&gt;:935: in _load_unlocked
    ???
C:\Users\brysi\AppData\Roaming\Python\Python312\site-packages\_pytest\assertion\rewrite.py:178: in exec_module
    exec(co, module.__dict__)
C:\Program Files\Microsoft Visual Studio\2022\Community\Common7\IDE\CommonExtensions\Microsoft\VC\SecurityIssueAnalysis\python\lib\site-packages\win32\test\test_win32crypt.py:7: in &lt;module&gt;
    import win32crypt
E   ModuleNotFoundError: No module named 'win32crypt'</error></testcase><testcase classname="" name="Program Files.Microsoft Visual Studio.2022.Community.Common7.IDE.CommonExtensions.Microsoft.VC.SecurityIssueAnalysis.python.lib.site-packages.win32.test.test_win32event" time="0.000"><error message="collection failure">ImportError while importing test module 'C:\Program Files\Microsoft Visual Studio\2022\Community\Common7\IDE\CommonExtensions\Microsoft\VC\SecurityIssueAnalysis\python\lib\site-packages\win32\test\test_win32event.py'.
Hint: make sure your test modules/packages have valid Python names.
Traceback:
C:\Users\brysi\AppData\Roaming\Python\Python312\site-packages\_pytest\python.py:492: in importtestmodule
    mod = import_path(
C:\Users\brysi\AppData\Roaming\Python\Python312\site-packages\_pytest\pathlib.py:591: in import_path
    importlib.import_module(module_name)
C:\Program Files\Python312\Lib\importlib\__init__.py:90: in import_module
    return _bootstrap._gcd_import(name[level:], package, level)
&lt;frozen importlib._bootstrap&gt;:1387: in _gcd_import
    ???
&lt;frozen importlib._bootstrap&gt;:1360: in _find_and_load
    ???
&lt;frozen importlib._bootstrap&gt;:1331: in _find_and_load_unlocked
    ???
&lt;frozen importlib._bootstrap&gt;:935: in _load_unlocked
    ???
C:\Users\brysi\AppData\Roaming\Python\Python312\site-packages\_pytest\assertion\rewrite.py:178: in exec_module
    exec(co, module.__dict__)
C:\Program Files\Microsoft Visual Studio\2022\Community\Common7\IDE\CommonExtensions\Microsoft\VC\SecurityIssueAnalysis\python\lib\site-packages\win32\test\test_win32event.py:3: in &lt;module&gt;
    import pywintypes
E   ModuleNotFoundError: No module named 'pywintypes'</error></testcase><testcase classname="" name="Program Files.Microsoft Visual Studio.2022.Community.Common7.IDE.CommonExtensions.Microsoft.VC.SecurityIssueAnalysis.python.lib.site-packages.win32.test.test_win32file" time="0.000"><error message="collection failure">ImportError while importing test module 'C:\Program Files\Microsoft Visual Studio\2022\Community\Common7\IDE\CommonExtensions\Microsoft\VC\SecurityIssueAnalysis\python\lib\site-packages\win32\test\test_win32file.py'.
Hint: make sure your test modules/packages have valid Python names.
Traceback:
C:\Users\brysi\AppData\Roaming\Python\Python312\site-packages\_pytest\python.py:492: in importtestmodule
    mod = import_path(
C:\Users\brysi\AppData\Roaming\Python\Python312\site-packages\_pytest\pathlib.py:591: in import_path
    importlib.import_module(module_name)
C:\Program Files\Python312\Lib\importlib\__init__.py:90: in import_module
    return _bootstrap._gcd_import(name[level:], package, level)
&lt;frozen importlib._bootstrap&gt;:1387: in _gcd_import
    ???
&lt;frozen importlib._bootstrap&gt;:1360: in _find_and_load
    ???
&lt;frozen importlib._bootstrap&gt;:1331: in _find_and_load_unlocked
    ???
&lt;frozen importlib._bootstrap&gt;:935: in _load_unlocked
    ???
C:\Users\brysi\AppData\Roaming\Python\Python312\site-packages\_pytest\assertion\rewrite.py:178: in exec_module
    exec(co, module.__dict__)
C:\Program Files\Microsoft Visual Studio\2022\Community\Common7\IDE\CommonExtensions\Microsoft\VC\SecurityIssueAnalysis\python\lib\site-packages\win32\test\test_win32file.py:11: in &lt;module&gt;
    import ntsecuritycon
E   ModuleNotFoundError: No module named 'ntsecuritycon'</error></testcase><testcase classname="" name="Program Files.Microsoft Visual Studio.2022.Community.Common7.IDE.CommonExtensions.Microsoft.VC.SecurityIssueAnalysis.python.lib.site-packages.win32.test.test_win32gui" time="0.000"><error message="collection failure">ImportError while importing test module 'C:\Program Files\Microsoft Visual Studio\2022\Community\Common7\IDE\CommonExtensions\Microsoft\VC\SecurityIssueAnalysis\python\lib\site-packages\win32\test\test_win32gui.py'.
Hint: make sure your test modules/packages have valid Python names.
Traceback:
C:\Users\brysi\AppData\Roaming\Python\Python312\site-packages\_pytest\python.py:492: in importtestmodule
    mod = import_path(
C:\Users\brysi\AppData\Roaming\Python\Python312\site-packages\_pytest\pathlib.py:591: in import_path
    importlib.import_module(module_name)
C:\Program Files\Python312\Lib\importlib\__init__.py:90: in import_module
    return _bootstrap._gcd_import(name[level:], package, level)
&lt;frozen importlib._bootstrap&gt;:1387: in _gcd_import
    ???
&lt;frozen importlib._bootstrap&gt;:1360: in _find_and_load
    ???
&lt;frozen importlib._bootstrap&gt;:1331: in _find_and_load_unlocked
    ???
&lt;frozen importlib._bootstrap&gt;:935: in _load_unlocked
    ???
C:\Users\brysi\AppData\Roaming\Python\Python312\site-packages\_pytest\assertion\rewrite.py:178: in exec_module
    exec(co, module.__dict__)
C:\Program Files\Microsoft Visual Studio\2022\Community\Common7\IDE\CommonExtensions\Microsoft\VC\SecurityIssueAnalysis\python\lib\site-packages\win32\test\test_win32gui.py:6: in &lt;module&gt;
    import pywin32_testutil
E   ModuleNotFoundError: No module named 'pywin32_testutil'</error></testcase><testcase classname="" name="Program Files.Microsoft Visual Studio.2022.Community.Common7.IDE.CommonExtensions.Microsoft.VC.SecurityIssueAnalysis.python.lib.site-packages.win32.test.test_win32guistruct" time="0.000"><error message="collection failure">ImportError while importing test module 'C:\Program Files\Microsoft Visual Studio\2022\Community\Common7\IDE\CommonExtensions\Microsoft\VC\SecurityIssueAnalysis\python\lib\site-packages\win32\test\test_win32guistruct.py'.
Hint: make sure your test modules/packages have valid Python names.
Traceback:
C:\Users\brysi\AppData\Roaming\Python\Python312\site-packages\_pytest\python.py:492: in importtestmodule
    mod = import_path(
C:\Users\brysi\AppData\Roaming\Python\Python312\site-packages\_pytest\pathlib.py:591: in import_path
    importlib.import_module(module_name)
C:\Program Files\Python312\Lib\importlib\__init__.py:90: in import_module
    return _bootstrap._gcd_import(name[level:], package, level)
&lt;frozen importlib._bootstrap&gt;:1387: in _gcd_import
    ???
&lt;frozen importlib._bootstrap&gt;:1360: in _find_and_load
    ???
&lt;frozen importlib._bootstrap&gt;:1331: in _find_and_load_unlocked
    ???
&lt;frozen importlib._bootstrap&gt;:935: in _load_unlocked
    ???
C:\Users\brysi\AppData\Roaming\Python\Python312\site-packages\_pytest\assertion\rewrite.py:178: in exec_module
    exec(co, module.__dict__)
C:\Program Files\Microsoft Visual Studio\2022\Community\Common7\IDE\CommonExtensions\Microsoft\VC\SecurityIssueAnalysis\python\lib\site-packages\win32\test\test_win32guistruct.py:4: in &lt;module&gt;
    import pythoncom
C:\Program Files\Microsoft Visual Studio\2022\Community\Common7\IDE\CommonExtensions\Microsoft\VC\SecurityIssueAnalysis\python\lib\site-packages\pythoncom.py:2: in &lt;module&gt;
    import pywintypes
E   ModuleNotFoundError: No module named 'pywintypes'</error></testcase><testcase classname="" name="Program Files.Microsoft Visual Studio.2022.Community.Common7.IDE.CommonExtensions.Microsoft.VC.SecurityIssueAnalysis.python.lib.site-packages.win32.test.test_win32inet" time="0.000"><error message="collection failure">ImportError while importing test module 'C:\Program Files\Microsoft Visual Studio\2022\Community\Common7\IDE\CommonExtensions\Microsoft\VC\SecurityIssueAnalysis\python\lib\site-packages\win32\test\test_win32inet.py'.
Hint: make sure your test modules/packages have valid Python names.
Traceback:
C:\Users\brysi\AppData\Roaming\Python\Python312\site-packages\_pytest\python.py:492: in importtestmodule
    mod = import_path(
C:\Users\brysi\AppData\Roaming\Python\Python312\site-packages\_pytest\pathlib.py:591: in import_path
    importlib.import_module(module_name)
C:\Program Files\Python312\Lib\importlib\__init__.py:90: in import_module
    return _bootstrap._gcd_import(name[level:], package, level)
&lt;frozen importlib._bootstrap&gt;:1387: in _gcd_import
    ???
&lt;frozen importlib._bootstrap&gt;:1360: in _find_and_load
    ???
&lt;frozen importlib._bootstrap&gt;:1331: in _find_and_load_unlocked
    ???
&lt;frozen importlib._bootstrap&gt;:935: in _load_unlocked
    ???
C:\Users\brysi\AppData\Roaming\Python\Python312\site-packages\_pytest\assertion\rewrite.py:178: in exec_module
    exec(co, module.__dict__)
C:\Program Files\Microsoft Visual Studio\2022\Community\Common7\IDE\CommonExtensions\Microsoft\VC\SecurityIssueAnalysis\python\lib\site-packages\win32\test\test_win32inet.py:3: in &lt;module&gt;
    import winerror
E   ModuleNotFoundError: No module named 'winerror'</error></testcase><testcase classname="" name="Program Files.Microsoft Visual Studio.2022.Community.Common7.IDE.CommonExtensions.Microsoft.VC.SecurityIssueAnalysis.python.lib.site-packages.win32.test.test_win32net" time="0.000"><error message="collection failure">ImportError while importing test module 'C:\Program Files\Microsoft Visual Studio\2022\Community\Common7\IDE\CommonExtensions\Microsoft\VC\SecurityIssueAnalysis\python\lib\site-packages\win32\test\test_win32net.py'.
Hint: make sure your test modules/packages have valid Python names.
Traceback:
C:\Users\brysi\AppData\Roaming\Python\Python312\site-packages\_pytest\python.py:492: in importtestmodule
    mod = import_path(
C:\Users\brysi\AppData\Roaming\Python\Python312\site-packages\_pytest\pathlib.py:591: in import_path
    importlib.import_module(module_name)
C:\Program Files\Python312\Lib\importlib\__init__.py:90: in import_module
    return _bootstrap._gcd_import(name[level:], package, level)
&lt;frozen importlib._bootstrap&gt;:1387: in _gcd_import
    ???
&lt;frozen importlib._bootstrap&gt;:1360: in _find_and_load
    ???
&lt;frozen importlib._bootstrap&gt;:1331: in _find_and_load_unlocked
    ???
&lt;frozen importlib._bootstrap&gt;:935: in _load_unlocked
    ???
C:\Users\brysi\AppData\Roaming\Python\Python312\site-packages\_pytest\assertion\rewrite.py:178: in exec_module
    exec(co, module.__dict__)
C:\Program Files\Microsoft Visual Studio\2022\Community\Common7\IDE\CommonExtensions\Microsoft\VC\SecurityIssueAnalysis\python\lib\site-packages\win32\test\test_win32net.py:3: in &lt;module&gt;
    import win32net
E   ModuleNotFoundError: No module named 'win32net'</error></testcase><testcase classname="" name="Program Files.Microsoft Visual Studio.2022.Community.Common7.IDE.CommonExtensions.Microsoft.VC.SecurityIssueAnalysis.python.lib.site-packages.win32.test.test_win32pipe" time="0.000"><error message="collection failure">ImportError while importing test module 'C:\Program Files\Microsoft Visual Studio\2022\Community\Common7\IDE\CommonExtensions\Microsoft\VC\SecurityIssueAnalysis\python\lib\site-packages\win32\test\test_win32pipe.py'.
Hint: make sure your test modules/packages have valid Python names.
Traceback:
C:\Users\brysi\AppData\Roaming\Python\Python312\site-packages\_pytest\python.py:492: in importtestmodule
    mod = import_path(
C:\Users\brysi\AppData\Roaming\Python\Python312\site-packages\_pytest\pathlib.py:591: in import_path
    importlib.import_module(module_name)
C:\Program Files\Python312\Lib\importlib\__init__.py:90: in import_module
    return _bootstrap._gcd_import(name[level:], package, level)
&lt;frozen importlib._bootstrap&gt;:1387: in _gcd_import
    ???
&lt;frozen importlib._bootstrap&gt;:1360: in _find_and_load
    ???
&lt;frozen importlib._bootstrap&gt;:1331: in _find_and_load_unlocked
    ???
&lt;frozen importlib._bootstrap&gt;:935: in _load_unlocked
    ???
C:\Users\brysi\AppData\Roaming\Python\Python312\site-packages\_pytest\assertion\rewrite.py:178: in exec_module
    exec(co, module.__dict__)
C:\Program Files\Microsoft Visual Studio\2022\Community\Common7\IDE\CommonExtensions\Microsoft\VC\SecurityIssueAnalysis\python\lib\site-packages\win32\test\test_win32pipe.py:5: in &lt;module&gt;
    import pywintypes
E   ModuleNotFoundError: No module named 'pywintypes'</error></testcase><testcase classname="" name="Program Files.Microsoft Visual Studio.2022.Community.Common7.IDE.CommonExtensions.Microsoft.VC.SecurityIssueAnalysis.python.lib.site-packages.win32.test.test_win32print" time="0.000"><error message="collection failure">ImportError while importing test module 'C:\Program Files\Microsoft Visual Studio\2022\Community\Common7\IDE\CommonExtensions\Microsoft\VC\SecurityIssueAnalysis\python\lib\site-packages\win32\test\test_win32print.py'.
Hint: make sure your test modules/packages have valid Python names.
Traceback:
C:\Users\brysi\AppData\Roaming\Python\Python312\site-packages\_pytest\python.py:492: in importtestmodule
    mod = import_path(
C:\Users\brysi\AppData\Roaming\Python\Python312\site-packages\_pytest\pathlib.py:591: in import_path
    importlib.import_module(module_name)
C:\Program Files\Python312\Lib\importlib\__init__.py:90: in import_module
    return _bootstrap._gcd_import(name[level:], package, level)
&lt;frozen importlib._bootstrap&gt;:1387: in _gcd_import
    ???
&lt;frozen importlib._bootstrap&gt;:1360: in _find_and_load
    ???
&lt;frozen importlib._bootstrap&gt;:1331: in _find_and_load_unlocked
    ???
&lt;frozen importlib._bootstrap&gt;:935: in _load_unlocked
    ???
C:\Users\brysi\AppData\Roaming\Python\Python312\site-packages\_pytest\assertion\rewrite.py:178: in exec_module
    exec(co, module.__dict__)
C:\Program Files\Microsoft Visual Studio\2022\Community\Common7\IDE\CommonExtensions\Microsoft\VC\SecurityIssueAnalysis\python\lib\site-packages\win32\test\test_win32print.py:5: in &lt;module&gt;
    import win32print as wprn
E   ModuleNotFoundError: No module named 'win32print'</error></testcase><testcase classname="" name="Program Files.Microsoft Visual Studio.2022.Community.Common7.IDE.CommonExtensions.Microsoft.VC.SecurityIssueAnalysis.python.lib.site-packages.win32.test.test_win32profile" time="0.000"><error message="collection failure">ImportError while importing test module 'C:\Program Files\Microsoft Visual Studio\2022\Community\Common7\IDE\CommonExtensions\Microsoft\VC\SecurityIssueAnalysis\python\lib\site-packages\win32\test\test_win32profile.py'.
Hint: make sure your test modules/packages have valid Python names.
Traceback:
C:\Users\brysi\AppData\Roaming\Python\Python312\site-packages\_pytest\python.py:492: in importtestmodule
    mod = import_path(
C:\Users\brysi\AppData\Roaming\Python\Python312\site-packages\_pytest\pathlib.py:591: in import_path
    importlib.import_module(module_name)
C:\Program Files\Python312\Lib\importlib\__init__.py:90: in import_module
    return _bootstrap._gcd_import(name[level:], package, level)
&lt;frozen importlib._bootstrap&gt;:1387: in _gcd_import
    ???
&lt;frozen importlib._bootstrap&gt;:1360: in _find_and_load
    ???
&lt;frozen importlib._bootstrap&gt;:1331: in _find_and_load_unlocked
    ???
&lt;frozen importlib._bootstrap&gt;:935: in _load_unlocked
    ???
C:\Users\brysi\AppData\Roaming\Python\Python312\site-packages\_pytest\assertion\rewrite.py:178: in exec_module
    exec(co, module.__dict__)
C:\Program Files\Microsoft Visual Studio\2022\Community\Common7\IDE\CommonExtensions\Microsoft\VC\SecurityIssueAnalysis\python\lib\site-packages\win32\test\test_win32profile.py:5: in &lt;module&gt;
    import win32profile
E   ModuleNotFoundError: No module named 'win32profile'</error></testcase><testcase classname="" name="Program Files.Microsoft Visual Studio.2022.Community.Common7.IDE.CommonExtensions.Microsoft.VC.SecurityIssueAnalysis.python.lib.site-packages.win32.test.test_win32rcparser" time="0.000"><error message="collection failure">ImportError while importing test module 'C:\Program Files\Microsoft Visual Studio\2022\Community\Common7\IDE\CommonExtensions\Microsoft\VC\SecurityIssueAnalysis\python\lib\site-packages\win32\test\test_win32rcparser.py'.
Hint: make sure your test modules/packages have valid Python names.
Traceback:
C:\Users\brysi\AppData\Roaming\Python\Python312\site-packages\_pytest\python.py:492: in importtestmodule
    mod = import_path(
C:\Users\brysi\AppData\Roaming\Python\Python312\site-packages\_pytest\pathlib.py:591: in import_path
    importlib.import_module(module_name)
C:\Program Files\Python312\Lib\importlib\__init__.py:90: in import_module
    return _bootstrap._gcd_import(name[level:], package, level)
&lt;frozen importlib._bootstrap&gt;:1387: in _gcd_import
    ???
&lt;frozen importlib._bootstrap&gt;:1360: in _find_and_load
    ???
&lt;frozen importlib._bootstrap&gt;:1331: in _find_and_load_unlocked
    ???
&lt;frozen importlib._bootstrap&gt;:935: in _load_unlocked
    ???
C:\Users\brysi\AppData\Roaming\Python\Python312\site-packages\_pytest\assertion\rewrite.py:178: in exec_module
    exec(co, module.__dict__)
C:\Program Files\Microsoft Visual Studio\2022\Community\Common7\IDE\CommonExtensions\Microsoft\VC\SecurityIssueAnalysis\python\lib\site-packages\win32\test\test_win32rcparser.py:5: in &lt;module&gt;
    import win32con
E   ModuleNotFoundError: No module named 'win32con'</error></testcase><testcase classname="" name="Program Files.Microsoft Visual Studio.2022.Community.Common7.IDE.CommonExtensions.Microsoft.VC.SecurityIssueAnalysis.python.lib.site-packages.win32.test.test_win32timezone" time="0.000"><error message="collection failure">ImportError while importing test module 'C:\Program Files\Microsoft Visual Studio\2022\Community\Common7\IDE\CommonExtensions\Microsoft\VC\SecurityIssueAnalysis\python\lib\site-packages\win32\test\test_win32timezone.py'.
Hint: make sure your test modules/packages have valid Python names.
Traceback:
C:\Users\brysi\AppData\Roaming\Python\Python312\site-packages\_pytest\python.py:492: in importtestmodule
    mod = import_path(
C:\Users\brysi\AppData\Roaming\Python\Python312\site-packages\_pytest\pathlib.py:591: in import_path
    importlib.import_module(module_name)
C:\Program Files\Python312\Lib\importlib\__init__.py:90: in import_module
    return _bootstrap._gcd_import(name[level:], package, level)
&lt;frozen importlib._bootstrap&gt;:1387: in _gcd_import
    ???
&lt;frozen importlib._bootstrap&gt;:1360: in _find_and_load
    ???
&lt;frozen importlib._bootstrap&gt;:1331: in _find_and_load_unlocked
    ???
&lt;frozen importlib._bootstrap&gt;:935: in _load_unlocked
    ???
C:\Users\brysi\AppData\Roaming\Python\Python312\site-packages\_pytest\assertion\rewrite.py:178: in exec_module
    exec(co, module.__dict__)
C:\Program Files\Microsoft Visual Studio\2022\Community\Common7\IDE\CommonExtensions\Microsoft\VC\SecurityIssueAnalysis\python\lib\site-packages\win32\test\test_win32timezone.py:7: in &lt;module&gt;
    import win32timezone
E   ModuleNotFoundError: No module named 'win32timezone'</error></testcase><testcase classname="" name="Program Files.Microsoft Visual Studio.2022.Community.Common7.IDE.CommonExtensions.Microsoft.VC.SecurityIssueAnalysis.python.lib.site-packages.win32.test.test_win32trace" time="0.000"><error message="collection failure">ImportError while importing test module 'C:\Program Files\Microsoft Visual Studio\2022\Community\Common7\IDE\CommonExtensions\Microsoft\VC\SecurityIssueAnalysis\python\lib\site-packages\win32\test\test_win32trace.py'.
Hint: make sure your test modules/packages have valid Python names.
Traceback:
C:\Users\brysi\AppData\Roaming\Python\Python312\site-packages\_pytest\python.py:492: in importtestmodule
    mod = import_path(
C:\Users\brysi\AppData\Roaming\Python\Python312\site-packages\_pytest\pathlib.py:591: in import_path
    importlib.import_module(module_name)
C:\Program Files\Python312\Lib\importlib\__init__.py:90: in import_module
    return _bootstrap._gcd_import(name[level:], package, level)
&lt;frozen importlib._bootstrap&gt;:1387: in _gcd_import
    ???
&lt;frozen importlib._bootstrap&gt;:1360: in _find_and_load
    ???
&lt;frozen importlib._bootstrap&gt;:1331: in _find_and_load_unlocked
    ???
&lt;frozen importlib._bootstrap&gt;:935: in _load_unlocked
    ???
C:\Users\brysi\AppData\Roaming\Python\Python312\site-packages\_pytest\assertion\rewrite.py:178: in exec_module
    exec(co, module.__dict__)
C:\Program Files\Microsoft Visual Studio\2022\Community\Common7\IDE\CommonExtensions\Microsoft\VC\SecurityIssueAnalysis\python\lib\site-packages\win32\test\test_win32trace.py:7: in &lt;module&gt;
    import win32trace
E   ModuleNotFoundError: No module named 'win32trace'</error></testcase><testcase classname="" name="Program Files.Microsoft Visual Studio.2022.Community.Common7.IDE.CommonExtensions.Microsoft.VC.SecurityIssueAnalysis.python.lib.site-packages.win32.test.test_win32wnet" time="0.000"><error message="collection failure">ImportError while importing test module 'C:\Program Files\Microsoft Visual Studio\2022\Community\Common7\IDE\CommonExtensions\Microsoft\VC\SecurityIssueAnalysis\python\lib\site-packages\win32\test\test_win32wnet.py'.
Hint: make sure your test modules/packages have valid Python names.
Traceback:
C:\Users\brysi\AppData\Roaming\Python\Python312\site-packages\_pytest\python.py:492: in importtestmodule
    mod = import_path(
C:\Users\brysi\AppData\Roaming\Python\Python312\site-packages\_pytest\pathlib.py:591: in import_path
    importlib.import_module(module_name)
C:\Program Files\Python312\Lib\importlib\__init__.py:90: in import_module
    return _bootstrap._gcd_import(name[level:], package, level)
&lt;frozen importlib._bootstrap&gt;:1387: in _gcd_import
    ???
&lt;frozen importlib._bootstrap&gt;:1360: in _find_and_load
    ???
&lt;frozen importlib._bootstrap&gt;:1331: in _find_and_load_unlocked
    ???
&lt;frozen importlib._bootstrap&gt;:935: in _load_unlocked
    ???
C:\Users\brysi\AppData\Roaming\Python\Python312\site-packages\_pytest\assertion\rewrite.py:178: in exec_module
    exec(co, module.__dict__)
C:\Program Files\Microsoft Visual Studio\2022\Community\Common7\IDE\CommonExtensions\Microsoft\VC\SecurityIssueAnalysis\python\lib\site-packages\win32\test\test_win32wnet.py:3: in &lt;module&gt;
    import netbios
E   ModuleNotFoundError: No module named 'netbios'</error></testcase><testcase classname="" name="Program Files.Microsoft Visual Studio.2022.Community.Common7.IDE.CommonExtensions.Microsoft.VC.SecurityIssueAnalysis.python.lib.site-packages.win32com.servers.test_pycomtest" time="0.000"><error message="collection failure">ImportError while importing test module 'C:\Program Files\Microsoft Visual Studio\2022\Community\Common7\IDE\CommonExtensions\Microsoft\VC\SecurityIssueAnalysis\python\lib\site-packages\win32com\servers\test_pycomtest.py'.
Hint: make sure your test modules/packages have valid Python names.
Traceback:
C:\Users\brysi\AppData\Roaming\Python\Python312\site-packages\_pytest\python.py:492: in importtestmodule
    mod = import_path(
C:\Users\brysi\AppData\Roaming\Python\Python312\site-packages\_pytest\pathlib.py:591: in import_path
    importlib.import_module(module_name)
C:\Program Files\Python312\Lib\importlib\__init__.py:90: in import_module
    return _bootstrap._gcd_import(name[level:], package, level)
&lt;frozen importlib._bootstrap&gt;:1387: in _gcd_import
    ???
&lt;frozen importlib._bootstrap&gt;:1360: in _find_and_load
    ???
&lt;frozen importlib._bootstrap&gt;:1310: in _find_and_load_unlocked
    ???
&lt;frozen importlib._bootstrap&gt;:488: in _call_with_frames_removed
    ???
&lt;frozen importlib._bootstrap&gt;:1387: in _gcd_import
    ???
&lt;frozen importlib._bootstrap&gt;:1360: in _find_and_load
    ???
&lt;frozen importlib._bootstrap&gt;:1310: in _find_and_load_unlocked
    ???
&lt;frozen importlib._bootstrap&gt;:488: in _call_with_frames_removed
    ???
&lt;frozen importlib._bootstrap&gt;:1387: in _gcd_import
    ???
&lt;frozen importlib._bootstrap&gt;:1360: in _find_and_load
    ???
&lt;frozen importlib._bootstrap&gt;:1331: in _find_and_load_unlocked
    ???
&lt;frozen importlib._bootstrap&gt;:935: in _load_unlocked
    ???
&lt;frozen importlib._bootstrap_external&gt;:995: in exec_module
    ???
&lt;frozen importlib._bootstrap&gt;:488: in _call_with_frames_removed
    ???
C:\Program Files\Microsoft Visual Studio\2022\Community\Common7\IDE\CommonExtensions\Microsoft\VC\SecurityIssueAnalysis\python\lib\site-packages\win32com\__init__.py:8: in &lt;module&gt;
    import pythoncom
C:\Program Files\Microsoft Visual Studio\2022\Community\Common7\IDE\CommonExtensions\Microsoft\VC\SecurityIssueAnalysis\python\lib\site-packages\pythoncom.py:2: in &lt;module&gt;
    import pywintypes
E   ModuleNotFoundError: No module named 'pywintypes'</error></testcase><testcase classname="" name="Program Files.Microsoft Visual Studio.2022.Community.Common7.IDE.CommonExtensions.Microsoft.VC.SecurityIssueAnalysis.python.lib.site-packages.win32comext.bits.test.test_bits" time="0.000"><error message="collection failure">ImportError while importing test module 'C:\Program Files\Microsoft Visual Studio\2022\Community\Common7\IDE\CommonExtensions\Microsoft\VC\SecurityIssueAnalysis\python\lib\site-packages\win32comext\bits\test\test_bits.py'.
Hint: make sure your test modules/packages have valid Python names.
Traceback:
C:\Users\brysi\AppData\Roaming\Python\Python312\site-packages\_pytest\python.py:492: in importtestmodule
    mod = import_path(
C:\Users\brysi\AppData\Roaming\Python\Python312\site-packages\_pytest\pathlib.py:591: in import_path
    importlib.import_module(module_name)
C:\Program Files\Python312\Lib\importlib\__init__.py:90: in import_module
    return _bootstrap._gcd_import(name[level:], package, level)
&lt;frozen importlib._bootstrap&gt;:1387: in _gcd_import
    ???
&lt;frozen importlib._bootstrap&gt;:1360: in _find_and_load
    ???
&lt;frozen importlib._bootstrap&gt;:1331: in _find_and_load_unlocked
    ???
&lt;frozen importlib._bootstrap&gt;:935: in _load_unlocked
    ???
C:\Users\brysi\AppData\Roaming\Python\Python312\site-packages\_pytest\assertion\rewrite.py:178: in exec_module
    exec(co, module.__dict__)
C:\Program Files\Microsoft Visual Studio\2022\Community\Common7\IDE\CommonExtensions\Microsoft\VC\SecurityIssueAnalysis\python\lib\site-packages\win32comext\bits\test\test_bits.py:4: in &lt;module&gt;
    import pythoncom
C:\Program Files\Microsoft Visual Studio\2022\Community\Common7\IDE\CommonExtensions\Microsoft\VC\SecurityIssueAnalysis\python\lib\site-packages\pythoncom.py:2: in &lt;module&gt;
    import pywintypes
E   ModuleNotFoundError: No module named 'pywintypes'</error></testcase><testcase classname="" name="Program Files.Microsoft Visual Studio.2022.Community.Common7.IDE.CommonExtensions.Microsoft.VC.SecurityIssueAnalysis.python.lib.site-packages.win32comext.directsound.test.ds_test" time="0.000"><error message="collection failure">ImportError while importing test module 'C:\Program Files\Microsoft Visual Studio\2022\Community\Common7\IDE\CommonExtensions\Microsoft\VC\SecurityIssueAnalysis\python\lib\site-packages\win32comext\directsound\test\ds_test.py'.
Hint: make sure your test modules/packages have valid Python names.
Traceback:
C:\Users\brysi\AppData\Roaming\Python\Python312\site-packages\_pytest\python.py:492: in importtestmodule
    mod = import_path(
C:\Users\brysi\AppData\Roaming\Python\Python312\site-packages\_pytest\pathlib.py:591: in import_path
    importlib.import_module(module_name)
C:\Program Files\Python312\Lib\importlib\__init__.py:90: in import_module
    return _bootstrap._gcd_import(name[level:], package, level)
&lt;frozen importlib._bootstrap&gt;:1387: in _gcd_import
    ???
&lt;frozen importlib._bootstrap&gt;:1360: in _find_and_load
    ???
&lt;frozen importlib._bootstrap&gt;:1310: in _find_and_load_unlocked
    ???
&lt;frozen importlib._bootstrap&gt;:488: in _call_with_frames_removed
    ???
&lt;frozen importlib._bootstrap&gt;:1387: in _gcd_import
    ???
&lt;frozen importlib._bootstrap&gt;:1360: in _find_and_load
    ???
&lt;frozen importlib._bootstrap&gt;:1310: in _find_and_load_unlocked
    ???
&lt;frozen importlib._bootstrap&gt;:488: in _call_with_frames_removed
    ???
&lt;frozen importlib._bootstrap&gt;:1387: in _gcd_import
    ???
&lt;frozen importlib._bootstrap&gt;:1360: in _find_and_load
    ???
&lt;frozen importlib._bootstrap&gt;:1331: in _find_and_load_unlocked
    ???
&lt;frozen importlib._bootstrap&gt;:935: in _load_unlocked
    ???
&lt;frozen importlib._bootstrap_external&gt;:995: in exec_module
    ???
&lt;frozen importlib._bootstrap&gt;:488: in _call_with_frames_removed
    ???
C:\Program Files\Microsoft Visual Studio\2022\Community\Common7\IDE\CommonExtensions\Microsoft\VC\SecurityIssueAnalysis\python\lib\site-packages\win32comext\directsound\__init__.py:2: in &lt;module&gt;
    import win32com
C:\Program Files\Microsoft Visual Studio\2022\Community\Common7\IDE\CommonExtensions\Microsoft\VC\SecurityIssueAnalysis\python\lib\site-packages\win32com\__init__.py:8: in &lt;module&gt;
    import pythoncom
C:\Program Files\Microsoft Visual Studio\2022\Community\Common7\IDE\CommonExtensions\Microsoft\VC\SecurityIssueAnalysis\python\lib\site-packages\pythoncom.py:2: in &lt;module&gt;
    import pywintypes
E   ModuleNotFoundError: No module named 'pywintypes'</error></testcase><testcase classname="" name="Program Files.Microsoft Visual Studio.2022.Community.Common7.IDE.CommonExtensions.Microsoft.VC.SecurityIssueAnalysis.python.lib.site-packages.win32comext.taskscheduler.test.test_addtask" time="0.000"><error message="collection failure">ImportError while importing test module 'C:\Program Files\Microsoft Visual Studio\2022\Community\Common7\IDE\CommonExtensions\Microsoft\VC\SecurityIssueAnalysis\python\lib\site-packages\win32comext\taskscheduler\test\test_addtask.py'.
Hint: make sure your test modules/packages have valid Python names.
Traceback:
C:\Users\brysi\AppData\Roaming\Python\Python312\site-packages\_pytest\python.py:492: in importtestmodule
    mod = import_path(
C:\Users\brysi\AppData\Roaming\Python\Python312\site-packages\_pytest\pathlib.py:591: in import_path
    importlib.import_module(module_name)
C:\Program Files\Python312\Lib\importlib\__init__.py:90: in import_module
    return _bootstrap._gcd_import(name[level:], package, level)
&lt;frozen importlib._bootstrap&gt;:1387: in _gcd_import
    ???
&lt;frozen importlib._bootstrap&gt;:1360: in _find_and_load
    ???
&lt;frozen importlib._bootstrap&gt;:1331: in _find_and_load_unlocked
    ???
&lt;frozen importlib._bootstrap&gt;:935: in _load_unlocked
    ???
C:\Users\brysi\AppData\Roaming\Python\Python312\site-packages\_pytest\assertion\rewrite.py:178: in exec_module
    exec(co, module.__dict__)
C:\Program Files\Microsoft Visual Studio\2022\Community\Common7\IDE\CommonExtensions\Microsoft\VC\SecurityIssueAnalysis\python\lib\site-packages\win32comext\taskscheduler\test\test_addtask.py:5: in &lt;module&gt;
    import pythoncom
C:\Program Files\Microsoft Visual Studio\2022\Community\Common7\IDE\CommonExtensions\Microsoft\VC\SecurityIssueAnalysis\python\lib\site-packages\pythoncom.py:2: in &lt;module&gt;
    import pywintypes
E   ModuleNotFoundError: No module named 'pywintypes'</error></testcase><testcase classname="" name="Program Files.Microsoft Visual Studio.2022.Community.Common7.IDE.CommonExtensions.Microsoft.VC.SecurityIssueAnalysis.python.lib.site-packages.win32comext.taskscheduler.test.test_addtask_1" time="0.000"><error message="collection failure">ImportError while importing test module 'C:\Program Files\Microsoft Visual Studio\2022\Community\Common7\IDE\CommonExtensions\Microsoft\VC\SecurityIssueAnalysis\python\lib\site-packages\win32comext\taskscheduler\test\test_addtask_1.py'.
Hint: make sure your test modules/packages have valid Python names.
Traceback:
C:\Users\brysi\AppData\Roaming\Python\Python312\site-packages\_pytest\python.py:492: in importtestmodule
    mod = import_path(
C:\Users\brysi\AppData\Roaming\Python\Python312\site-packages\_pytest\pathlib.py:591: in import_path
    importlib.import_module(module_name)
C:\Program Files\Python312\Lib\importlib\__init__.py:90: in import_module
    return _bootstrap._gcd_import(name[level:], package, level)
&lt;frozen importlib._bootstrap&gt;:1387: in _gcd_import
    ???
&lt;frozen importlib._bootstrap&gt;:1360: in _find_and_load
    ???
&lt;frozen importlib._bootstrap&gt;:1331: in _find_and_load_unlocked
    ???
&lt;frozen importlib._bootstrap&gt;:935: in _load_unlocked
    ???
C:\Users\brysi\AppData\Roaming\Python\Python312\site-packages\_pytest\assertion\rewrite.py:178: in exec_module
    exec(co, module.__dict__)
C:\Program Files\Microsoft Visual Studio\2022\Community\Common7\IDE\CommonExtensions\Microsoft\VC\SecurityIssueAnalysis\python\lib\site-packages\win32comext\taskscheduler\test\test_addtask_1.py:3: in &lt;module&gt;
    import pythoncom
C:\Program Files\Microsoft Visual Studio\2022\Community\Common7\IDE\CommonExtensions\Microsoft\VC\SecurityIssueAnalysis\python\lib\site-packages\pythoncom.py:2: in &lt;module&gt;
    import pywintypes
E   ModuleNotFoundError: No module named 'pywintypes'</error></testcase><testcase classname="" name="Program Files.Microsoft Visual Studio.2022.Community.Common7.IDE.CommonExtensions.Microsoft.VC.SecurityIssueAnalysis.python.lib.site-packages.win32comext.taskscheduler.test.test_addtask_2" time="0.000"><error message="collection failure">ImportError while importing test module 'C:\Program Files\Microsoft Visual Studio\2022\Community\Common7\IDE\CommonExtensions\Microsoft\VC\SecurityIssueAnalysis\python\lib\site-packages\win32comext\taskscheduler\test\test_addtask_2.py'.
Hint: make sure your test modules/packages have valid Python names.
Traceback:
C:\Users\brysi\AppData\Roaming\Python\Python312\site-packages\_pytest\python.py:492: in importtestmodule
    mod = import_path(
C:\Users\brysi\AppData\Roaming\Python\Python312\site-packages\_pytest\pathlib.py:591: in import_path
    importlib.import_module(module_name)
C:\Program Files\Python312\Lib\importlib\__init__.py:90: in import_module
    return _bootstrap._gcd_import(name[level:], package, level)
&lt;frozen importlib._bootstrap&gt;:1387: in _gcd_import
    ???
&lt;frozen importlib._bootstrap&gt;:1360: in _find_and_load
    ???
&lt;frozen importlib._bootstrap&gt;:1331: in _find_and_load_unlocked
    ???
&lt;frozen importlib._bootstrap&gt;:935: in _load_unlocked
    ???
C:\Users\brysi\AppData\Roaming\Python\Python312\site-packages\_pytest\assertion\rewrite.py:178: in exec_module
    exec(co, module.__dict__)
C:\Program Files\Microsoft Visual Studio\2022\Community\Common7\IDE\CommonExtensions\Microsoft\VC\SecurityIssueAnalysis\python\lib\site-packages\win32comext\taskscheduler\test\test_addtask_2.py:3: in &lt;module&gt;
    import pythoncom
C:\Program Files\Microsoft Visual Studio\2022\Community\Common7\IDE\CommonExtensions\Microsoft\VC\SecurityIssueAnalysis\python\lib\site-packages\pythoncom.py:2: in &lt;module&gt;
    import pywintypes
E   ModuleNotFoundError: No module named 'pywintypes'</error></testcase><testcase classname="" name="Program Files.MySQL.MySQL Shell 8.0.lib.Python3.12.Lib.site-packages.oci.ai_language.models.test_and_validation_dataset_strategy" time="0.000"><error message="collection failure">ImportError while importing test module 'C:\Program Files\MySQL\MySQL Shell 8.0\lib\Python3.12\Lib\site-packages\oci\ai_language\models\test_and_validation_dataset_strategy.py'.
Hint: make sure your test modules/packages have valid Python names.
Traceback:
C:\Users\brysi\AppData\Roaming\Python\Python312\site-packages\_pytest\python.py:492: in importtestmodule
    mod = import_path(
C:\Users\brysi\AppData\Roaming\Python\Python312\site-packages\_pytest\pathlib.py:591: in import_path
    importlib.import_module(module_name)
C:\Program Files\Python312\Lib\importlib\__init__.py:90: in import_module
    return _bootstrap._gcd_import(name[level:], package, level)
&lt;frozen importlib._bootstrap&gt;:1387: in _gcd_import
    ???
&lt;frozen importlib._bootstrap&gt;:1360: in _find_and_load
    ???
&lt;frozen importlib._bootstrap&gt;:1310: in _find_and_load_unlocked
    ???
&lt;frozen importlib._bootstrap&gt;:488: in _call_with_frames_removed
    ???
&lt;frozen importlib._bootstrap&gt;:1387: in _gcd_import
    ???
&lt;frozen importlib._bootstrap&gt;:1360: in _find_and_load
    ???
&lt;frozen importlib._bootstrap&gt;:1310: in _find_and_load_unlocked
    ???
&lt;frozen importlib._bootstrap&gt;:488: in _call_with_frames_removed
    ???
&lt;frozen importlib._bootstrap&gt;:1387: in _gcd_import
    ???
&lt;frozen importlib._bootstrap&gt;:1360: in _find_and_load
    ???
&lt;frozen importlib._bootstrap&gt;:1310: in _find_and_load_unlocked
    ???
&lt;frozen importlib._bootstrap&gt;:488: in _call_with_frames_removed
    ???
&lt;frozen importlib._bootstrap&gt;:1387: in _gcd_import
    ???
&lt;frozen importlib._bootstrap&gt;:1360: in _find_and_load
    ???
&lt;frozen importlib._bootstrap&gt;:1331: in _find_and_load_unlocked
    ???
&lt;frozen importlib._bootstrap&gt;:935: in _load_unlocked
    ???
&lt;frozen importlib._bootstrap_external&gt;:995: in exec_module
    ???
&lt;frozen importlib._bootstrap&gt;:488: in _call_with_frames_removed
    ???
C:\Program Files\MySQL\MySQL Shell 8.0\lib\Python3.12\Lib\site-packages\oci\__init__.py:5: in &lt;module&gt;
    from . import auth, config, constants, decorators, exceptions, regions, pagination, retry, fips, circuit_breaker, alloy
C:\Program Files\MySQL\MySQL Shell 8.0\lib\Python3.12\Lib\site-packages\oci\auth\__init__.py:5: in &lt;module&gt;
    from . import auth_utils  # noqa: F401
C:\Program Files\MySQL\MySQL Shell 8.0\lib\Python3.12\Lib\site-packages\oci\auth\auth_utils.py:6: in &lt;module&gt;
    from oci._vendor import six
C:\Program Files\MySQL\MySQL Shell 8.0\lib\Python3.12\Lib\site-packages\oci\_vendor\__init__.py:6: in &lt;module&gt;
    from . import httpsig_cffi  # noqa: F401
C:\Program Files\MySQL\MySQL Shell 8.0\lib\Python3.12\Lib\site-packages\oci\_vendor\httpsig_cffi\__init__.py:7: in &lt;module&gt;
    from .sign import Signer, HeaderSigner  # noqa: F401
C:\Program Files\MySQL\MySQL Shell 8.0\lib\Python3.12\Lib\site-packages\oci\_vendor\httpsig_cffi\sign.py:11: in &lt;module&gt;
    from cryptography.hazmat.primitives import hashes, hmac, serialization  # noqa: F401
C:\Program Files\MySQL\MySQL Shell 8.0\lib\Python3.12\Lib\site-packages\cryptography\hazmat\primitives\hashes.py:9: in &lt;module&gt;
    from cryptography.hazmat.bindings._rust import openssl as rust_openssl
E   ImportError: DLL load failed while importing _rust: Не найден указанный модуль.</error></testcase><testcase classname="" name="Program Files.MySQL.MySQL Shell 8.0.lib.Python3.12.Lib.site-packages.oci.ai_language.models.test_strategy" time="0.000"><error message="collection failure">ImportError while importing test module 'C:\Program Files\MySQL\MySQL Shell 8.0\lib\Python3.12\Lib\site-packages\oci\ai_language\models\test_strategy.py'.
Hint: make sure your test modules/packages have valid Python names.
Traceback:
C:\Users\brysi\AppData\Roaming\Python\Python312\site-packages\_pytest\python.py:492: in importtestmodule
    mod = import_path(
C:\Users\brysi\AppData\Roaming\Python\Python312\site-packages\_pytest\pathlib.py:591: in import_path
    importlib.import_module(module_name)
C:\Program Files\Python312\Lib\importlib\__init__.py:90: in import_module
    return _bootstrap._gcd_import(name[level:], package, level)
&lt;frozen importlib._bootstrap&gt;:1387: in _gcd_import
    ???
&lt;frozen importlib._bootstrap&gt;:1360: in _find_and_load
    ???
&lt;frozen importlib._bootstrap&gt;:1310: in _find_and_load_unlocked
    ???
&lt;frozen importlib._bootstrap&gt;:488: in _call_with_frames_removed
    ???
&lt;frozen importlib._bootstrap&gt;:1387: in _gcd_import
    ???
&lt;frozen importlib._bootstrap&gt;:1360: in _find_and_load
    ???
&lt;frozen importlib._bootstrap&gt;:1310: in _find_and_load_unlocked
    ???
&lt;frozen importlib._bootstrap&gt;:488: in _call_with_frames_removed
    ???
&lt;frozen importlib._bootstrap&gt;:1387: in _gcd_import
    ???
&lt;frozen importlib._bootstrap&gt;:1360: in _find_and_load
    ???
&lt;frozen importlib._bootstrap&gt;:1310: in _find_and_load_unlocked
    ???
&lt;frozen importlib._bootstrap&gt;:488: in _call_with_frames_removed
    ???
&lt;frozen importlib._bootstrap&gt;:1387: in _gcd_import
    ???
&lt;frozen importlib._bootstrap&gt;:1360: in _find_and_load
    ???
&lt;frozen importlib._bootstrap&gt;:1331: in _find_and_load_unlocked
    ???
&lt;frozen importlib._bootstrap&gt;:935: in _load_unlocked
    ???
&lt;frozen importlib._bootstrap_external&gt;:995: in exec_module
    ???
&lt;frozen importlib._bootstrap&gt;:488: in _call_with_frames_removed
    ???
C:\Program Files\MySQL\MySQL Shell 8.0\lib\Python3.12\Lib\site-packages\oci\__init__.py:5: in &lt;module&gt;
    from . import auth, config, constants, decorators, exceptions, regions, pagination, retry, fips, circuit_breaker, alloy
C:\Program Files\MySQL\MySQL Shell 8.0\lib\Python3.12\Lib\site-packages\oci\auth\__init__.py:5: in &lt;module&gt;
    from . import auth_utils  # noqa: F401
C:\Program Files\MySQL\MySQL Shell 8.0\lib\Python3.12\Lib\site-packages\oci\auth\auth_utils.py:6: in &lt;module&gt;
    from oci._vendor import six
C:\Program Files\MySQL\MySQL Shell 8.0\lib\Python3.12\Lib\site-packages\oci\_vendor\__init__.py:6: in &lt;module&gt;
    from . import httpsig_cffi  # noqa: F401
C:\Program Files\MySQL\MySQL Shell 8.0\lib\Python3.12\Lib\site-packages\oci\_vendor\httpsig_cffi\__init__.py:7: in &lt;module&gt;
    from .sign import Signer, HeaderSigner  # noqa: F401
C:\Program Files\MySQL\MySQL Shell 8.0\lib\Python3.12\Lib\site-packages\oci\_vendor\httpsig_cffi\sign.py:11: in &lt;module&gt;
    from cryptography.hazmat.primitives import hashes, hmac, serialization  # noqa: F401
C:\Program Files\MySQL\MySQL Shell 8.0\lib\Python3.12\Lib\site-packages\cryptography\hazmat\primitives\hashes.py:9: in &lt;module&gt;
    from cryptography.hazmat.bindings._rust import openssl as rust_openssl
E   ImportError: DLL load failed while importing _rust: Не найден указанный модуль.</error></testcase><testcase classname="" name="Program Files.MySQL.MySQL Shell 8.0.lib.Python3.12.Lib.site-packages.oci.apm_config.models.test_details" time="0.000"><error message="collection failure">ImportError while importing test module 'C:\Program Files\MySQL\MySQL Shell 8.0\lib\Python3.12\Lib\site-packages\oci\apm_config\models\test_details.py'.
Hint: make sure your test modules/packages have valid Python names.
Traceback:
C:\Users\brysi\AppData\Roaming\Python\Python312\site-packages\_pytest\python.py:492: in importtestmodule
    mod = import_path(
C:\Users\brysi\AppData\Roaming\Python\Python312\site-packages\_pytest\pathlib.py:591: in import_path
    importlib.import_module(module_name)
C:\Program Files\Python312\Lib\importlib\__init__.py:90: in import_module
    return _bootstrap._gcd_import(name[level:], package, level)
&lt;frozen importlib._bootstrap&gt;:1387: in _gcd_import
    ???
&lt;frozen importlib._bootstrap&gt;:1360: in _find_and_load
    ???
&lt;frozen importlib._bootstrap&gt;:1310: in _find_and_load_unlocked
    ???
&lt;frozen importlib._bootstrap&gt;:488: in _call_with_frames_removed
    ???
&lt;frozen importlib._bootstrap&gt;:1387: in _gcd_import
    ???
&lt;frozen importlib._bootstrap&gt;:1360: in _find_and_load
    ???
&lt;frozen importlib._bootstrap&gt;:1310: in _find_and_load_unlocked
    ???
&lt;frozen importlib._bootstrap&gt;:488: in _call_with_frames_removed
    ???
&lt;frozen importlib._bootstrap&gt;:1387: in _gcd_import
    ???
&lt;frozen importlib._bootstrap&gt;:1360: in _find_and_load
    ???
&lt;frozen importlib._bootstrap&gt;:1310: in _find_and_load_unlocked
    ???
&lt;frozen importlib._bootstrap&gt;:488: in _call_with_frames_removed
    ???
&lt;frozen importlib._bootstrap&gt;:1387: in _gcd_import
    ???
&lt;frozen importlib._bootstrap&gt;:1360: in _find_and_load
    ???
&lt;frozen importlib._bootstrap&gt;:1331: in _find_and_load_unlocked
    ???
&lt;frozen importlib._bootstrap&gt;:935: in _load_unlocked
    ???
&lt;frozen importlib._bootstrap_external&gt;:995: in exec_module
    ???
&lt;frozen importlib._bootstrap&gt;:488: in _call_with_frames_removed
    ???
C:\Program Files\MySQL\MySQL Shell 8.0\lib\Python3.12\Lib\site-packages\oci\__init__.py:5: in &lt;module&gt;
    from . import auth, config, constants, decorators, exceptions, regions, pagination, retry, fips, circuit_breaker, alloy
C:\Program Files\MySQL\MySQL Shell 8.0\lib\Python3.12\Lib\site-packages\oci\auth\__init__.py:5: in &lt;module&gt;
    from . import auth_utils  # noqa: F401
C:\Program Files\MySQL\MySQL Shell 8.0\lib\Python3.12\Lib\site-packages\oci\auth\auth_utils.py:6: in &lt;module&gt;
    from oci._vendor import six
C:\Program Files\MySQL\MySQL Shell 8.0\lib\Python3.12\Lib\site-packages\oci\_vendor\__init__.py:6: in &lt;module&gt;
    from . import httpsig_cffi  # noqa: F401
C:\Program Files\MySQL\MySQL Shell 8.0\lib\Python3.12\Lib\site-packages\oci\_vendor\httpsig_cffi\__init__.py:7: in &lt;module&gt;
    from .sign import Signer, HeaderSigner  # noqa: F401
C:\Program Files\MySQL\MySQL Shell 8.0\lib\Python3.12\Lib\site-packages\oci\_vendor\httpsig_cffi\sign.py:11: in &lt;module&gt;
    from cryptography.hazmat.primitives import hashes, hmac, serialization  # noqa: F401
C:\Program Files\MySQL\MySQL Shell 8.0\lib\Python3.12\Lib\site-packages\cryptography\hazmat\primitives\hashes.py:9: in &lt;module&gt;
    from cryptography.hazmat.bindings._rust import openssl as rust_openssl
E   ImportError: DLL load failed while importing _rust: Не найден указанный модуль.</error></testcase><testcase classname="" name="Program Files.MySQL.MySQL Shell 8.0.lib.Python3.12.Lib.site-packages.oci.apm_config.models.test_output" time="0.000"><error message="collection failure">ImportError while importing test module 'C:\Program Files\MySQL\MySQL Shell 8.0\lib\Python3.12\Lib\site-packages\oci\apm_config\models\test_output.py'.
Hint: make sure your test modules/packages have valid Python names.
Traceback:
C:\Users\brysi\AppData\Roaming\Python\Python312\site-packages\_pytest\python.py:492: in importtestmodule
    mod = import_path(
C:\Users\brysi\AppData\Roaming\Python\Python312\site-packages\_pytest\pathlib.py:591: in import_path
    importlib.import_module(module_name)
C:\Program Files\Python312\Lib\importlib\__init__.py:90: in import_module
    return _bootstrap._gcd_import(name[level:], package, level)
&lt;frozen importlib._bootstrap&gt;:1387: in _gcd_import
    ???
&lt;frozen importlib._bootstrap&gt;:1360: in _find_and_load
    ???
&lt;frozen importlib._bootstrap&gt;:1310: in _find_and_load_unlocked
    ???
&lt;frozen importlib._bootstrap&gt;:488: in _call_with_frames_removed
    ???
&lt;frozen importlib._bootstrap&gt;:1387: in _gcd_import
    ???
&lt;frozen importlib._bootstrap&gt;:1360: in _find_and_load
    ???
&lt;frozen importlib._bootstrap&gt;:1310: in _find_and_load_unlocked
    ???
&lt;frozen importlib._bootstrap&gt;:488: in _call_with_frames_removed
    ???
&lt;frozen importlib._bootstrap&gt;:1387: in _gcd_import
    ???
&lt;frozen importlib._bootstrap&gt;:1360: in _find_and_load
    ???
&lt;frozen importlib._bootstrap&gt;:1310: in _find_and_load_unlocked
    ???
&lt;frozen importlib._bootstrap&gt;:488: in _call_with_frames_removed
    ???
&lt;frozen importlib._bootstrap&gt;:1387: in _gcd_import
    ???
&lt;frozen importlib._bootstrap&gt;:1360: in _find_and_load
    ???
&lt;frozen importlib._bootstrap&gt;:1331: in _find_and_load_unlocked
    ???
&lt;frozen importlib._bootstrap&gt;:935: in _load_unlocked
    ???
&lt;frozen importlib._bootstrap_external&gt;:995: in exec_module
    ???
&lt;frozen importlib._bootstrap&gt;:488: in _call_with_frames_removed
    ???
C:\Program Files\MySQL\MySQL Shell 8.0\lib\Python3.12\Lib\site-packages\oci\__init__.py:5: in &lt;module&gt;
    from . import auth, config, constants, decorators, exceptions, regions, pagination, retry, fips, circuit_breaker, alloy
C:\Program Files\MySQL\MySQL Shell 8.0\lib\Python3.12\Lib\site-packages\oci\auth\__init__.py:5: in &lt;module&gt;
    from . import auth_utils  # noqa: F401
C:\Program Files\MySQL\MySQL Shell 8.0\lib\Python3.12\Lib\site-packages\oci\auth\auth_utils.py:6: in &lt;module&gt;
    from oci._vendor import six
C:\Program Files\MySQL\MySQL Shell 8.0\lib\Python3.12\Lib\site-packages\oci\_vendor\__init__.py:6: in &lt;module&gt;
    from . import httpsig_cffi  # noqa: F401
C:\Program Files\MySQL\MySQL Shell 8.0\lib\Python3.12\Lib\site-packages\oci\_vendor\httpsig_cffi\__init__.py:7: in &lt;module&gt;
    from .sign import Signer, HeaderSigner  # noqa: F401
C:\Program Files\MySQL\MySQL Shell 8.0\lib\Python3.12\Lib\site-packages\oci\_vendor\httpsig_cffi\sign.py:11: in &lt;module&gt;
    from cryptography.hazmat.primitives import hashes, hmac, serialization  # noqa: F401
C:\Program Files\MySQL\MySQL Shell 8.0\lib\Python3.12\Lib\site-packages\cryptography\hazmat\primitives\hashes.py:9: in &lt;module&gt;
    from cryptography.hazmat.bindings._rust import openssl as rust_openssl
E   ImportError: DLL load failed while importing _rust: Не найден указанный модуль.</error></testcase><testcase classname="" name="Program Files.MySQL.MySQL Shell 8.0.lib.Python3.12.Lib.site-packages.oci.apm_config.models.test_span_enrichment_details" time="0.000"><error message="collection failure">ImportError while importing test module 'C:\Program Files\MySQL\MySQL Shell 8.0\lib\Python3.12\Lib\site-packages\oci\apm_config\models\test_span_enrichment_details.py'.
Hint: make sure your test modules/packages have valid Python names.
Traceback:
C:\Users\brysi\AppData\Roaming\Python\Python312\site-packages\_pytest\python.py:492: in importtestmodule
    mod = import_path(
C:\Users\brysi\AppData\Roaming\Python\Python312\site-packages\_pytest\pathlib.py:591: in import_path
    importlib.import_module(module_name)
C:\Program Files\Python312\Lib\importlib\__init__.py:90: in import_module
    return _bootstrap._gcd_import(name[level:], package, level)
&lt;frozen importlib._bootstrap&gt;:1387: in _gcd_import
    ???
&lt;frozen importlib._bootstrap&gt;:1360: in _find_and_load
    ???
&lt;frozen importlib._bootstrap&gt;:1310: in _find_and_load_unlocked
    ???
&lt;frozen importlib._bootstrap&gt;:488: in _call_with_frames_removed
    ???
&lt;frozen importlib._bootstrap&gt;:1387: in _gcd_import
    ???
&lt;frozen importlib._bootstrap&gt;:1360: in _find_and_load
    ???
&lt;frozen importlib._bootstrap&gt;:1310: in _find_and_load_unlocked
    ???
&lt;frozen importlib._bootstrap&gt;:488: in _call_with_frames_removed
    ???
&lt;frozen importlib._bootstrap&gt;:1387: in _gcd_import
    ???
&lt;frozen importlib._bootstrap&gt;:1360: in _find_and_load
    ???
&lt;frozen importlib._bootstrap&gt;:1310: in _find_and_load_unlocked
    ???
&lt;frozen importlib._bootstrap&gt;:488: in _call_with_frames_removed
    ???
&lt;frozen importlib._bootstrap&gt;:1387: in _gcd_import
    ???
&lt;frozen importlib._bootstrap&gt;:1360: in _find_and_load
    ???
&lt;frozen importlib._bootstrap&gt;:1331: in _find_and_load_unlocked
    ???
&lt;frozen importlib._bootstrap&gt;:935: in _load_unlocked
    ???
&lt;frozen importlib._bootstrap_external&gt;:995: in exec_module
    ???
&lt;frozen importlib._bootstrap&gt;:488: in _call_with_frames_removed
    ???
C:\Program Files\MySQL\MySQL Shell 8.0\lib\Python3.12\Lib\site-packages\oci\__init__.py:5: in &lt;module&gt;
    from . import auth, config, constants, decorators, exceptions, regions, pagination, retry, fips, circuit_breaker, alloy
C:\Program Files\MySQL\MySQL Shell 8.0\lib\Python3.12\Lib\site-packages\oci\auth\__init__.py:5: in &lt;module&gt;
    from . import auth_utils  # noqa: F401
C:\Program Files\MySQL\MySQL Shell 8.0\lib\Python3.12\Lib\site-packages\oci\auth\auth_utils.py:6: in &lt;module&gt;
    from oci._vendor import six
C:\Program Files\MySQL\MySQL Shell 8.0\lib\Python3.12\Lib\site-packages\oci\_vendor\__init__.py:6: in &lt;module&gt;
    from . import httpsig_cffi  # noqa: F401
C:\Program Files\MySQL\MySQL Shell 8.0\lib\Python3.12\Lib\site-packages\oci\_vendor\httpsig_cffi\__init__.py:7: in &lt;module&gt;
    from .sign import Signer, HeaderSigner  # noqa: F401
C:\Program Files\MySQL\MySQL Shell 8.0\lib\Python3.12\Lib\site-packages\oci\_vendor\httpsig_cffi\sign.py:11: in &lt;module&gt;
    from cryptography.hazmat.primitives import hashes, hmac, serialization  # noqa: F401
C:\Program Files\MySQL\MySQL Shell 8.0\lib\Python3.12\Lib\site-packages\cryptography\hazmat\primitives\hashes.py:9: in &lt;module&gt;
    from cryptography.hazmat.bindings._rust import openssl as rust_openssl
E   ImportError: DLL load failed while importing _rust: Не найден указанный модуль.</error></testcase><testcase classname="" name="Program Files.MySQL.MySQL Shell 8.0.lib.Python3.12.Lib.site-packages.oci.apm_config.models.test_span_enrichment_output" time="0.000"><error message="collection failure">ImportError while importing test module 'C:\Program Files\MySQL\MySQL Shell 8.0\lib\Python3.12\Lib\site-packages\oci\apm_config\models\test_span_enrichment_output.py'.
Hint: make sure your test modules/packages have valid Python names.
Traceback:
C:\Users\brysi\AppData\Roaming\Python\Python312\site-packages\_pytest\python.py:492: in importtestmodule
    mod = import_path(
C:\Users\brysi\AppData\Roaming\Python\Python312\site-packages\_pytest\pathlib.py:591: in import_path
    importlib.import_module(module_name)
C:\Program Files\Python312\Lib\importlib\__init__.py:90: in import_module
    return _bootstrap._gcd_import(name[level:], package, level)
&lt;frozen importlib._bootstrap&gt;:1387: in _gcd_import
    ???
&lt;frozen importlib._bootstrap&gt;:1360: in _find_and_load
    ???
&lt;frozen importlib._bootstrap&gt;:1310: in _find_and_load_unlocked
    ???
&lt;frozen importlib._bootstrap&gt;:488: in _call_with_frames_removed
    ???
&lt;frozen importlib._bootstrap&gt;:1387: in _gcd_import
    ???
&lt;frozen importlib._bootstrap&gt;:1360: in _find_and_load
    ???
&lt;frozen importlib._bootstrap&gt;:1310: in _find_and_load_unlocked
    ???
&lt;frozen importlib._bootstrap&gt;:488: in _call_with_frames_removed
    ???
&lt;frozen importlib._bootstrap&gt;:1387: in _gcd_import
    ???
&lt;frozen importlib._bootstrap&gt;:1360: in _find_and_load
    ???
&lt;frozen importlib._bootstrap&gt;:1310: in _find_and_load_unlocked
    ???
&lt;frozen importlib._bootstrap&gt;:488: in _call_with_frames_removed
    ???
&lt;frozen importlib._bootstrap&gt;:1387: in _gcd_import
    ???
&lt;frozen importlib._bootstrap&gt;:1360: in _find_and_load
    ???
&lt;frozen importlib._bootstrap&gt;:1331: in _find_and_load_unlocked
    ???
&lt;frozen importlib._bootstrap&gt;:935: in _load_unlocked
    ???
&lt;frozen importlib._bootstrap_external&gt;:995: in exec_module
    ???
&lt;frozen importlib._bootstrap&gt;:488: in _call_with_frames_removed
    ???
C:\Program Files\MySQL\MySQL Shell 8.0\lib\Python3.12\Lib\site-packages\oci\__init__.py:5: in &lt;module&gt;
    from . import auth, config, constants, decorators, exceptions, regions, pagination, retry, fips, circuit_breaker, alloy
C:\Program Files\MySQL\MySQL Shell 8.0\lib\Python3.12\Lib\site-packages\oci\auth\__init__.py:5: in &lt;module&gt;
    from . import auth_utils  # noqa: F401
C:\Program Files\MySQL\MySQL Shell 8.0\lib\Python3.12\Lib\site-packages\oci\auth\auth_utils.py:6: in &lt;module&gt;
    from oci._vendor import six
C:\Program Files\MySQL\MySQL Shell 8.0\lib\Python3.12\Lib\site-packages\oci\_vendor\__init__.py:6: in &lt;module&gt;
    from . import httpsig_cffi  # noqa: F401
C:\Program Files\MySQL\MySQL Shell 8.0\lib\Python3.12\Lib\site-packages\oci\_vendor\httpsig_cffi\__init__.py:7: in &lt;module&gt;
    from .sign import Signer, HeaderSigner  # noqa: F401
C:\Program Files\MySQL\MySQL Shell 8.0\lib\Python3.12\Lib\site-packages\oci\_vendor\httpsig_cffi\sign.py:11: in &lt;module&gt;
    from cryptography.hazmat.primitives import hashes, hmac, serialization  # noqa: F401
C:\Program Files\MySQL\MySQL Shell 8.0\lib\Python3.12\Lib\site-packages\cryptography\hazmat\primitives\hashes.py:9: in &lt;module&gt;
    from cryptography.hazmat.bindings._rust import openssl as rust_openssl
E   ImportError: DLL load failed while importing _rust: Не найден указанный модуль.</error></testcase><testcase classname="" name="Program Files.MySQL.MySQL Shell 8.0.lib.Python3.12.Lib.site-packages.oci.bds.models.test_bds_metastore_configuration_details" time="0.000"><error message="collection failure">ImportError while importing test module 'C:\Program Files\MySQL\MySQL Shell 8.0\lib\Python3.12\Lib\site-packages\oci\bds\models\test_bds_metastore_configuration_details.py'.
Hint: make sure your test modules/packages have valid Python names.
Traceback:
C:\Users\brysi\AppData\Roaming\Python\Python312\site-packages\_pytest\python.py:492: in importtestmodule
    mod = import_path(
C:\Users\brysi\AppData\Roaming\Python\Python312\site-packages\_pytest\pathlib.py:591: in import_path
    importlib.import_module(module_name)
C:\Program Files\Python312\Lib\importlib\__init__.py:90: in import_module
    return _bootstrap._gcd_import(name[level:], package, level)
&lt;frozen importlib._bootstrap&gt;:1387: in _gcd_import
    ???
&lt;frozen importlib._bootstrap&gt;:1360: in _find_and_load
    ???
&lt;frozen importlib._bootstrap&gt;:1310: in _find_and_load_unlocked
    ???
&lt;frozen importlib._bootstrap&gt;:488: in _call_with_frames_removed
    ???
&lt;frozen importlib._bootstrap&gt;:1387: in _gcd_import
    ???
&lt;frozen importlib._bootstrap&gt;:1360: in _find_and_load
    ???
&lt;frozen importlib._bootstrap&gt;:1310: in _find_and_load_unlocked
    ???
&lt;frozen importlib._bootstrap&gt;:488: in _call_with_frames_removed
    ???
&lt;frozen importlib._bootstrap&gt;:1387: in _gcd_import
    ???
&lt;frozen importlib._bootstrap&gt;:1360: in _find_and_load
    ???
&lt;frozen importlib._bootstrap&gt;:1310: in _find_and_load_unlocked
    ???
&lt;frozen importlib._bootstrap&gt;:488: in _call_with_frames_removed
    ???
&lt;frozen importlib._bootstrap&gt;:1387: in _gcd_import
    ???
&lt;frozen importlib._bootstrap&gt;:1360: in _find_and_load
    ???
&lt;frozen importlib._bootstrap&gt;:1331: in _find_and_load_unlocked
    ???
&lt;frozen importlib._bootstrap&gt;:935: in _load_unlocked
    ???
&lt;frozen importlib._bootstrap_external&gt;:995: in exec_module
    ???
&lt;frozen importlib._bootstrap&gt;:488: in _call_with_frames_removed
    ???
C:\Program Files\MySQL\MySQL Shell 8.0\lib\Python3.12\Lib\site-packages\oci\__init__.py:5: in &lt;module&gt;
    from . import auth, config, constants, decorators, exceptions, regions, pagination, retry, fips, circuit_breaker, alloy
C:\Program Files\MySQL\MySQL Shell 8.0\lib\Python3.12\Lib\site-packages\oci\auth\__init__.py:5: in &lt;module&gt;
    from . import auth_utils  # noqa: F401
C:\Program Files\MySQL\MySQL Shell 8.0\lib\Python3.12\Lib\site-packages\oci\auth\auth_utils.py:6: in &lt;module&gt;
    from oci._vendor import six
C:\Program Files\MySQL\MySQL Shell 8.0\lib\Python3.12\Lib\site-packages\oci\_vendor\__init__.py:6: in &lt;module&gt;
    from . import httpsig_cffi  # noqa: F401
C:\Program Files\MySQL\MySQL Shell 8.0\lib\Python3.12\Lib\site-packages\oci\_vendor\httpsig_cffi\__init__.py:7: in &lt;module&gt;
    from .sign import Signer, HeaderSigner  # noqa: F401
C:\Program Files\MySQL\MySQL Shell 8.0\lib\Python3.12\Lib\site-packages\oci\_vendor\httpsig_cffi\sign.py:11: in &lt;module&gt;
    from cryptography.hazmat.primitives import hashes, hmac, serialization  # noqa: F401
C:\Program Files\MySQL\MySQL Shell 8.0\lib\Python3.12\Lib\site-packages\cryptography\hazmat\primitives\hashes.py:9: in &lt;module&gt;
    from cryptography.hazmat.bindings._rust import openssl as rust_openssl
E   ImportError: DLL load failed while importing _rust: Не найден указанный модуль.</error></testcase><testcase classname="" name="Program Files.MySQL.MySQL Shell 8.0.lib.Python3.12.Lib.site-packages.oci.bds.models.test_bds_object_storage_connection_details" time="0.000"><error message="collection failure">ImportError while importing test module 'C:\Program Files\MySQL\MySQL Shell 8.0\lib\Python3.12\Lib\site-packages\oci\bds\models\test_bds_object_storage_connection_details.py'.
Hint: make sure your test modules/packages have valid Python names.
Traceback:
C:\Users\brysi\AppData\Roaming\Python\Python312\site-packages\_pytest\python.py:492: in importtestmodule
    mod = import_path(
C:\Users\brysi\AppData\Roaming\Python\Python312\site-packages\_pytest\pathlib.py:591: in import_path
    importlib.import_module(module_name)
C:\Program Files\Python312\Lib\importlib\__init__.py:90: in import_module
    return _bootstrap._gcd_import(name[level:], package, level)
&lt;frozen importlib._bootstrap&gt;:1387: in _gcd_import
    ???
&lt;frozen importlib._bootstrap&gt;:1360: in _find_and_load
    ???
&lt;frozen importlib._bootstrap&gt;:1310: in _find_and_load_unlocked
    ???
&lt;frozen importlib._bootstrap&gt;:488: in _call_with_frames_removed
    ???
&lt;frozen importlib._bootstrap&gt;:1387: in _gcd_import
    ???
&lt;frozen importlib._bootstrap&gt;:1360: in _find_and_load
    ???
&lt;frozen importlib._bootstrap&gt;:1310: in _find_and_load_unlocked
    ???
&lt;frozen importlib._bootstrap&gt;:488: in _call_with_frames_removed
    ???
&lt;frozen importlib._bootstrap&gt;:1387: in _gcd_import
    ???
&lt;frozen importlib._bootstrap&gt;:1360: in _find_and_load
    ???
&lt;frozen importlib._bootstrap&gt;:1310: in _find_and_load_unlocked
    ???
&lt;frozen importlib._bootstrap&gt;:488: in _call_with_frames_removed
    ???
&lt;frozen importlib._bootstrap&gt;:1387: in _gcd_import
    ???
&lt;frozen importlib._bootstrap&gt;:1360: in _find_and_load
    ???
&lt;frozen importlib._bootstrap&gt;:1331: in _find_and_load_unlocked
    ???
&lt;frozen importlib._bootstrap&gt;:935: in _load_unlocked
    ???
&lt;frozen importlib._bootstrap_external&gt;:995: in exec_module
    ???
&lt;frozen importlib._bootstrap&gt;:488: in _call_with_frames_removed
    ???
C:\Program Files\MySQL\MySQL Shell 8.0\lib\Python3.12\Lib\site-packages\oci\__init__.py:5: in &lt;module&gt;
    from . import auth, config, constants, decorators, exceptions, regions, pagination, retry, fips, circuit_breaker, alloy
C:\Program Files\MySQL\MySQL Shell 8.0\lib\Python3.12\Lib\site-packages\oci\auth\__init__.py:5: in &lt;module&gt;
    from . import auth_utils  # noqa: F401
C:\Program Files\MySQL\MySQL Shell 8.0\lib\Python3.12\Lib\site-packages\oci\auth\auth_utils.py:6: in &lt;module&gt;
    from oci._vendor import six
C:\Program Files\MySQL\MySQL Shell 8.0\lib\Python3.12\Lib\site-packages\oci\_vendor\__init__.py:6: in &lt;module&gt;
    from . import httpsig_cffi  # noqa: F401
C:\Program Files\MySQL\MySQL Shell 8.0\lib\Python3.12\Lib\site-packages\oci\_vendor\httpsig_cffi\__init__.py:7: in &lt;module&gt;
    from .sign import Signer, HeaderSigner  # noqa: F401
C:\Program Files\MySQL\MySQL Shell 8.0\lib\Python3.12\Lib\site-packages\oci\_vendor\httpsig_cffi\sign.py:11: in &lt;module&gt;
    from cryptography.hazmat.primitives import hashes, hmac, serialization  # noqa: F401
C:\Program Files\MySQL\MySQL Shell 8.0\lib\Python3.12\Lib\site-packages\cryptography\hazmat\primitives\hashes.py:9: in &lt;module&gt;
    from cryptography.hazmat.bindings._rust import openssl as rust_openssl
E   ImportError: DLL load failed while importing _rust: Не найден указанный модуль.</error></testcase><testcase classname="" name="Program Files.MySQL.MySQL Shell 8.0.lib.Python3.12.Lib.site-packages.oci.database_management.models.test_basic_preferred_credential_details" time="0.000"><error message="collection failure">ImportError while importing test module 'C:\Program Files\MySQL\MySQL Shell 8.0\lib\Python3.12\Lib\site-packages\oci\database_management\models\test_basic_preferred_credential_details.py'.
Hint: make sure your test modules/packages have valid Python names.
Traceback:
C:\Users\brysi\AppData\Roaming\Python\Python312\site-packages\_pytest\python.py:492: in importtestmodule
    mod = import_path(
C:\Users\brysi\AppData\Roaming\Python\Python312\site-packages\_pytest\pathlib.py:591: in import_path
    importlib.import_module(module_name)
C:\Program Files\Python312\Lib\importlib\__init__.py:90: in import_module
    return _bootstrap._gcd_import(name[level:], package, level)
&lt;frozen importlib._bootstrap&gt;:1387: in _gcd_import
    ???
&lt;frozen importlib._bootstrap&gt;:1360: in _find_and_load
    ???
&lt;frozen importlib._bootstrap&gt;:1310: in _find_and_load_unlocked
    ???
&lt;frozen importlib._bootstrap&gt;:488: in _call_with_frames_removed
    ???
&lt;frozen importlib._bootstrap&gt;:1387: in _gcd_import
    ???
&lt;frozen importlib._bootstrap&gt;:1360: in _find_and_load
    ???
&lt;frozen importlib._bootstrap&gt;:1310: in _find_and_load_unlocked
    ???
&lt;frozen importlib._bootstrap&gt;:488: in _call_with_frames_removed
    ???
&lt;frozen importlib._bootstrap&gt;:1387: in _gcd_import
    ???
&lt;frozen importlib._bootstrap&gt;:1360: in _find_and_load
    ???
&lt;frozen importlib._bootstrap&gt;:1310: in _find_and_load_unlocked
    ???
&lt;frozen importlib._bootstrap&gt;:488: in _call_with_frames_removed
    ???
&lt;frozen importlib._bootstrap&gt;:1387: in _gcd_import
    ???
&lt;frozen importlib._bootstrap&gt;:1360: in _find_and_load
    ???
&lt;frozen importlib._bootstrap&gt;:1331: in _find_and_load_unlocked
    ???
&lt;frozen importlib._bootstrap&gt;:935: in _load_unlocked
    ???
&lt;frozen importlib._bootstrap_external&gt;:995: in exec_module
    ???
&lt;frozen importlib._bootstrap&gt;:488: in _call_with_frames_removed
    ???
C:\Program Files\MySQL\MySQL Shell 8.0\lib\Python3.12\Lib\site-packages\oci\__init__.py:5: in &lt;module&gt;
    from . import auth, config, constants, decorators, exceptions, regions, pagination, retry, fips, circuit_breaker, alloy
C:\Program Files\MySQL\MySQL Shell 8.0\lib\Python3.12\Lib\site-packages\oci\auth\__init__.py:5: in &lt;module&gt;
    from . import auth_utils  # noqa: F401
C:\Program Files\MySQL\MySQL Shell 8.0\lib\Python3.12\Lib\site-packages\oci\auth\auth_utils.py:6: in &lt;module&gt;
    from oci._vendor import six
C:\Program Files\MySQL\MySQL Shell 8.0\lib\Python3.12\Lib\site-packages\oci\_vendor\__init__.py:6: in &lt;module&gt;
    from . import httpsig_cffi  # noqa: F401
C:\Program Files\MySQL\MySQL Shell 8.0\lib\Python3.12\Lib\site-packages\oci\_vendor\httpsig_cffi\__init__.py:7: in &lt;module&gt;
    from .sign import Signer, HeaderSigner  # noqa: F401
C:\Program Files\MySQL\MySQL Shell 8.0\lib\Python3.12\Lib\site-packages\oci\_vendor\httpsig_cffi\sign.py:11: in &lt;module&gt;
    from cryptography.hazmat.primitives import hashes, hmac, serialization  # noqa: F401
C:\Program Files\MySQL\MySQL Shell 8.0\lib\Python3.12\Lib\site-packages\cryptography\hazmat\primitives\hashes.py:9: in &lt;module&gt;
    from cryptography.hazmat.bindings._rust import openssl as rust_openssl
E   ImportError: DLL load failed while importing _rust: Не найден указанный модуль.</error></testcase><testcase classname="" name="Program Files.MySQL.MySQL Shell 8.0.lib.Python3.12.Lib.site-packages.oci.database_management.models.test_named_credential_details" time="0.000"><error message="collection failure">ImportError while importing test module 'C:\Program Files\MySQL\MySQL Shell 8.0\lib\Python3.12\Lib\site-packages\oci\database_management\models\test_named_credential_details.py'.
Hint: make sure your test modules/packages have valid Python names.
Traceback:
C:\Users\brysi\AppData\Roaming\Python\Python312\site-packages\_pytest\python.py:492: in importtestmodule
    mod = import_path(
C:\Users\brysi\AppData\Roaming\Python\Python312\site-packages\_pytest\pathlib.py:591: in import_path
    importlib.import_module(module_name)
C:\Program Files\Python312\Lib\importlib\__init__.py:90: in import_module
    return _bootstrap._gcd_import(name[level:], package, level)
&lt;frozen importlib._bootstrap&gt;:1387: in _gcd_import
    ???
&lt;frozen importlib._bootstrap&gt;:1360: in _find_and_load
    ???
&lt;frozen importlib._bootstrap&gt;:1310: in _find_and_load_unlocked
    ???
&lt;frozen importlib._bootstrap&gt;:488: in _call_with_frames_removed
    ???
&lt;frozen importlib._bootstrap&gt;:1387: in _gcd_import
    ???
&lt;frozen importlib._bootstrap&gt;:1360: in _find_and_load
    ???
&lt;frozen importlib._bootstrap&gt;:1310: in _find_and_load_unlocked
    ???
&lt;frozen importlib._bootstrap&gt;:488: in _call_with_frames_removed
    ???
&lt;frozen importlib._bootstrap&gt;:1387: in _gcd_import
    ???
&lt;frozen importlib._bootstrap&gt;:1360: in _find_and_load
    ???
&lt;frozen importlib._bootstrap&gt;:1310: in _find_and_load_unlocked
    ???
&lt;frozen importlib._bootstrap&gt;:488: in _call_with_frames_removed
    ???
&lt;frozen importlib._bootstrap&gt;:1387: in _gcd_import
    ???
&lt;frozen importlib._bootstrap&gt;:1360: in _find_and_load
    ???
&lt;frozen importlib._bootstrap&gt;:1331: in _find_and_load_unlocked
    ???
&lt;frozen importlib._bootstrap&gt;:935: in _load_unlocked
    ???
&lt;frozen importlib._bootstrap_external&gt;:995: in exec_module
    ???
&lt;frozen importlib._bootstrap&gt;:488: in _call_with_frames_removed
    ???
C:\Program Files\MySQL\MySQL Shell 8.0\lib\Python3.12\Lib\site-packages\oci\__init__.py:5: in &lt;module&gt;
    from . import auth, config, constants, decorators, exceptions, regions, pagination, retry, fips, circuit_breaker, alloy
C:\Program Files\MySQL\MySQL Shell 8.0\lib\Python3.12\Lib\site-packages\oci\auth\__init__.py:5: in &lt;module&gt;
    from . import auth_utils  # noqa: F401
C:\Program Files\MySQL\MySQL Shell 8.0\lib\Python3.12\Lib\site-packages\oci\auth\auth_utils.py:6: in &lt;module&gt;
    from oci._vendor import six
C:\Program Files\MySQL\MySQL Shell 8.0\lib\Python3.12\Lib\site-packages\oci\_vendor\__init__.py:6: in &lt;module&gt;
    from . import httpsig_cffi  # noqa: F401
C:\Program Files\MySQL\MySQL Shell 8.0\lib\Python3.12\Lib\site-packages\oci\_vendor\httpsig_cffi\__init__.py:7: in &lt;module&gt;
    from .sign import Signer, HeaderSigner  # noqa: F401
C:\Program Files\MySQL\MySQL Shell 8.0\lib\Python3.12\Lib\site-packages\oci\_vendor\httpsig_cffi\sign.py:11: in &lt;module&gt;
    from cryptography.hazmat.primitives import hashes, hmac, serialization  # noqa: F401
C:\Program Files\MySQL\MySQL Shell 8.0\lib\Python3.12\Lib\site-packages\cryptography\hazmat\primitives\hashes.py:9: in &lt;module&gt;
    from cryptography.hazmat.bindings._rust import openssl as rust_openssl
E   ImportError: DLL load failed while importing _rust: Не найден указанный модуль.</error></testcase><testcase classname="" name="Program Files.MySQL.MySQL Shell 8.0.lib.Python3.12.Lib.site-packages.oci.database_management.models.test_named_credential_status" time="0.000"><error message="collection failure">ImportError while importing test module 'C:\Program Files\MySQL\MySQL Shell 8.0\lib\Python3.12\Lib\site-packages\oci\database_management\models\test_named_credential_status.py'.
Hint: make sure your test modules/packages have valid Python names.
Traceback:
C:\Users\brysi\AppData\Roaming\Python\Python312\site-packages\_pytest\python.py:492: in importtestmodule
    mod = import_path(
C:\Users\brysi\AppData\Roaming\Python\Python312\site-packages\_pytest\pathlib.py:591: in import_path
    importlib.import_module(module_name)
C:\Program Files\Python312\Lib\importlib\__init__.py:90: in import_module
    return _bootstrap._gcd_import(name[level:], package, level)
&lt;frozen importlib._bootstrap&gt;:1387: in _gcd_import
    ???
&lt;frozen importlib._bootstrap&gt;:1360: in _find_and_load
    ???
&lt;frozen importlib._bootstrap&gt;:1310: in _find_and_load_unlocked
    ???
&lt;frozen importlib._bootstrap&gt;:488: in _call_with_frames_removed
    ???
&lt;frozen importlib._bootstrap&gt;:1387: in _gcd_import
    ???
&lt;frozen importlib._bootstrap&gt;:1360: in _find_and_load
    ???
&lt;frozen importlib._bootstrap&gt;:1310: in _find_and_load_unlocked
    ???
&lt;frozen importlib._bootstrap&gt;:488: in _call_with_frames_removed
    ???
&lt;frozen importlib._bootstrap&gt;:1387: in _gcd_import
    ???
&lt;frozen importlib._bootstrap&gt;:1360: in _find_and_load
    ???
&lt;frozen importlib._bootstrap&gt;:1310: in _find_and_load_unlocked
    ???
&lt;frozen importlib._bootstrap&gt;:488: in _call_with_frames_removed
    ???
&lt;frozen importlib._bootstrap&gt;:1387: in _gcd_import
    ???
&lt;frozen importlib._bootstrap&gt;:1360: in _find_and_load
    ???
&lt;frozen importlib._bootstrap&gt;:1331: in _find_and_load_unlocked
    ???
&lt;frozen importlib._bootstrap&gt;:935: in _load_unlocked
    ???
&lt;frozen importlib._bootstrap_external&gt;:995: in exec_module
    ???
&lt;frozen importlib._bootstrap&gt;:488: in _call_with_frames_removed
    ???
C:\Program Files\MySQL\MySQL Shell 8.0\lib\Python3.12\Lib\site-packages\oci\__init__.py:5: in &lt;module&gt;
    from . import auth, config, constants, decorators, exceptions, regions, pagination, retry, fips, circuit_breaker, alloy
C:\Program Files\MySQL\MySQL Shell 8.0\lib\Python3.12\Lib\site-packages\oci\auth\__init__.py:5: in &lt;module&gt;
    from . import auth_utils  # noqa: F401
C:\Program Files\MySQL\MySQL Shell 8.0\lib\Python3.12\Lib\site-packages\oci\auth\auth_utils.py:6: in &lt;module&gt;
    from oci._vendor import six
C:\Program Files\MySQL\MySQL Shell 8.0\lib\Python3.12\Lib\site-packages\oci\_vendor\__init__.py:6: in &lt;module&gt;
    from . import httpsig_cffi  # noqa: F401
C:\Program Files\MySQL\MySQL Shell 8.0\lib\Python3.12\Lib\site-packages\oci\_vendor\httpsig_cffi\__init__.py:7: in &lt;module&gt;
    from .sign import Signer, HeaderSigner  # noqa: F401
C:\Program Files\MySQL\MySQL Shell 8.0\lib\Python3.12\Lib\site-packages\oci\_vendor\httpsig_cffi\sign.py:11: in &lt;module&gt;
    from cryptography.hazmat.primitives import hashes, hmac, serialization  # noqa: F401
C:\Program Files\MySQL\MySQL Shell 8.0\lib\Python3.12\Lib\site-packages\cryptography\hazmat\primitives\hashes.py:9: in &lt;module&gt;
    from cryptography.hazmat.bindings._rust import openssl as rust_openssl
E   ImportError: DLL load failed while importing _rust: Не найден указанный модуль.</error></testcase><testcase classname="" name="Program Files.MySQL.MySQL Shell 8.0.lib.Python3.12.Lib.site-packages.oci.database_management.models.test_named_preferred_credential_details" time="0.000"><error message="collection failure">ImportError while importing test module 'C:\Program Files\MySQL\MySQL Shell 8.0\lib\Python3.12\Lib\site-packages\oci\database_management\models\test_named_preferred_credential_details.py'.
Hint: make sure your test modules/packages have valid Python names.
Traceback:
C:\Users\brysi\AppData\Roaming\Python\Python312\site-packages\_pytest\python.py:492: in importtestmodule
    mod = import_path(
C:\Users\brysi\AppData\Roaming\Python\Python312\site-packages\_pytest\pathlib.py:591: in import_path
    importlib.import_module(module_name)
C:\Program Files\Python312\Lib\importlib\__init__.py:90: in import_module
    return _bootstrap._gcd_import(name[level:], package, level)
&lt;frozen importlib._bootstrap&gt;:1387: in _gcd_import
    ???
&lt;frozen importlib._bootstrap&gt;:1360: in _find_and_load
    ???
&lt;frozen importlib._bootstrap&gt;:1310: in _find_and_load_unlocked
    ???
&lt;frozen importlib._bootstrap&gt;:488: in _call_with_frames_removed
    ???
&lt;frozen importlib._bootstrap&gt;:1387: in _gcd_import
    ???
&lt;frozen importlib._bootstrap&gt;:1360: in _find_and_load
    ???
&lt;frozen importlib._bootstrap&gt;:1310: in _find_and_load_unlocked
    ???
&lt;frozen importlib._bootstrap&gt;:488: in _call_with_frames_removed
    ???
&lt;frozen importlib._bootstrap&gt;:1387: in _gcd_import
    ???
&lt;frozen importlib._bootstrap&gt;:1360: in _find_and_load
    ???
&lt;frozen importlib._bootstrap&gt;:1310: in _find_and_load_unlocked
    ???
&lt;frozen importlib._bootstrap&gt;:488: in _call_with_frames_removed
    ???
&lt;frozen importlib._bootstrap&gt;:1387: in _gcd_import
    ???
&lt;frozen importlib._bootstrap&gt;:1360: in _find_and_load
    ???
&lt;frozen importlib._bootstrap&gt;:1331: in _find_and_load_unlocked
    ???
&lt;frozen importlib._bootstrap&gt;:935: in _load_unlocked
    ???
&lt;frozen importlib._bootstrap_external&gt;:995: in exec_module
    ???
&lt;frozen importlib._bootstrap&gt;:488: in _call_with_frames_removed
    ???
C:\Program Files\MySQL\MySQL Shell 8.0\lib\Python3.12\Lib\site-packages\oci\__init__.py:5: in &lt;module&gt;
    from . import auth, config, constants, decorators, exceptions, regions, pagination, retry, fips, circuit_breaker, alloy
C:\Program Files\MySQL\MySQL Shell 8.0\lib\Python3.12\Lib\site-packages\oci\auth\__init__.py:5: in &lt;module&gt;
    from . import auth_utils  # noqa: F401
C:\Program Files\MySQL\MySQL Shell 8.0\lib\Python3.12\Lib\site-packages\oci\auth\auth_utils.py:6: in &lt;module&gt;
    from oci._vendor import six
C:\Program Files\MySQL\MySQL Shell 8.0\lib\Python3.12\Lib\site-packages\oci\_vendor\__init__.py:6: in &lt;module&gt;
    from . import httpsig_cffi  # noqa: F401
C:\Program Files\MySQL\MySQL Shell 8.0\lib\Python3.12\Lib\site-packages\oci\_vendor\httpsig_cffi\__init__.py:7: in &lt;module&gt;
    from .sign import Signer, HeaderSigner  # noqa: F401
C:\Program Files\MySQL\MySQL Shell 8.0\lib\Python3.12\Lib\site-packages\oci\_vendor\httpsig_cffi\sign.py:11: in &lt;module&gt;
    from cryptography.hazmat.primitives import hashes, hmac, serialization  # noqa: F401
C:\Program Files\MySQL\MySQL Shell 8.0\lib\Python3.12\Lib\site-packages\cryptography\hazmat\primitives\hashes.py:9: in &lt;module&gt;
    from cryptography.hazmat.bindings._rust import openssl as rust_openssl
E   ImportError: DLL load failed while importing _rust: Не найден указанный модуль.</error></testcase><testcase classname="" name="Program Files.MySQL.MySQL Shell 8.0.lib.Python3.12.Lib.site-packages.oci.database_management.models.test_preferred_credential_details" time="0.000"><error message="collection failure">ImportError while importing test module 'C:\Program Files\MySQL\MySQL Shell 8.0\lib\Python3.12\Lib\site-packages\oci\database_management\models\test_preferred_credential_details.py'.
Hint: make sure your test modules/packages have valid Python names.
Traceback:
C:\Users\brysi\AppData\Roaming\Python\Python312\site-packages\_pytest\python.py:492: in importtestmodule
    mod = import_path(
C:\Users\brysi\AppData\Roaming\Python\Python312\site-packages\_pytest\pathlib.py:591: in import_path
    importlib.import_module(module_name)
C:\Program Files\Python312\Lib\importlib\__init__.py:90: in import_module
    return _bootstrap._gcd_import(name[level:], package, level)
&lt;frozen importlib._bootstrap&gt;:1387: in _gcd_import
    ???
&lt;frozen importlib._bootstrap&gt;:1360: in _find_and_load
    ???
&lt;frozen importlib._bootstrap&gt;:1310: in _find_and_load_unlocked
    ???
&lt;frozen importlib._bootstrap&gt;:488: in _call_with_frames_removed
    ???
&lt;frozen importlib._bootstrap&gt;:1387: in _gcd_import
    ???
&lt;frozen importlib._bootstrap&gt;:1360: in _find_and_load
    ???
&lt;frozen importlib._bootstrap&gt;:1310: in _find_and_load_unlocked
    ???
&lt;frozen importlib._bootstrap&gt;:488: in _call_with_frames_removed
    ???
&lt;frozen importlib._bootstrap&gt;:1387: in _gcd_import
    ???
&lt;frozen importlib._bootstrap&gt;:1360: in _find_and_load
    ???
&lt;frozen importlib._bootstrap&gt;:1310: in _find_and_load_unlocked
    ???
&lt;frozen importlib._bootstrap&gt;:488: in _call_with_frames_removed
    ???
&lt;frozen importlib._bootstrap&gt;:1387: in _gcd_import
    ???
&lt;frozen importlib._bootstrap&gt;:1360: in _find_and_load
    ???
&lt;frozen importlib._bootstrap&gt;:1331: in _find_and_load_unlocked
    ???
&lt;frozen importlib._bootstrap&gt;:935: in _load_unlocked
    ???
&lt;frozen importlib._bootstrap_external&gt;:995: in exec_module
    ???
&lt;frozen importlib._bootstrap&gt;:488: in _call_with_frames_removed
    ???
C:\Program Files\MySQL\MySQL Shell 8.0\lib\Python3.12\Lib\site-packages\oci\__init__.py:5: in &lt;module&gt;
    from . import auth, config, constants, decorators, exceptions, regions, pagination, retry, fips, circuit_breaker, alloy
C:\Program Files\MySQL\MySQL Shell 8.0\lib\Python3.12\Lib\site-packages\oci\auth\__init__.py:5: in &lt;module&gt;
    from . import auth_utils  # noqa: F401
C:\Program Files\MySQL\MySQL Shell 8.0\lib\Python3.12\Lib\site-packages\oci\auth\auth_utils.py:6: in &lt;module&gt;
    from oci._vendor import six
C:\Program Files\MySQL\MySQL Shell 8.0\lib\Python3.12\Lib\site-packages\oci\_vendor\__init__.py:6: in &lt;module&gt;
    from . import httpsig_cffi  # noqa: F401
C:\Program Files\MySQL\MySQL Shell 8.0\lib\Python3.12\Lib\site-packages\oci\_vendor\httpsig_cffi\__init__.py:7: in &lt;module&gt;
    from .sign import Signer, HeaderSigner  # noqa: F401
C:\Program Files\MySQL\MySQL Shell 8.0\lib\Python3.12\Lib\site-packages\oci\_vendor\httpsig_cffi\sign.py:11: in &lt;module&gt;
    from cryptography.hazmat.primitives import hashes, hmac, serialization  # noqa: F401
C:\Program Files\MySQL\MySQL Shell 8.0\lib\Python3.12\Lib\site-packages\cryptography\hazmat\primitives\hashes.py:9: in &lt;module&gt;
    from cryptography.hazmat.bindings._rust import openssl as rust_openssl
E   ImportError: DLL load failed while importing _rust: Не найден указанный модуль.</error></testcase><testcase classname="" name="Program Files.MySQL.MySQL Shell 8.0.lib.Python3.12.Lib.site-packages.oci.database_management.models.test_preferred_credential_status" time="0.000"><error message="collection failure">ImportError while importing test module 'C:\Program Files\MySQL\MySQL Shell 8.0\lib\Python3.12\Lib\site-packages\oci\database_management\models\test_preferred_credential_status.py'.
Hint: make sure your test modules/packages have valid Python names.
Traceback:
C:\Users\brysi\AppData\Roaming\Python\Python312\site-packages\_pytest\python.py:492: in importtestmodule
    mod = import_path(
C:\Users\brysi\AppData\Roaming\Python\Python312\site-packages\_pytest\pathlib.py:591: in import_path
    importlib.import_module(module_name)
C:\Program Files\Python312\Lib\importlib\__init__.py:90: in import_module
    return _bootstrap._gcd_import(name[level:], package, level)
&lt;frozen importlib._bootstrap&gt;:1387: in _gcd_import
    ???
&lt;frozen importlib._bootstrap&gt;:1360: in _find_and_load
    ???
&lt;frozen importlib._bootstrap&gt;:1310: in _find_and_load_unlocked
    ???
&lt;frozen importlib._bootstrap&gt;:488: in _call_with_frames_removed
    ???
&lt;frozen importlib._bootstrap&gt;:1387: in _gcd_import
    ???
&lt;frozen importlib._bootstrap&gt;:1360: in _find_and_load
    ???
&lt;frozen importlib._bootstrap&gt;:1310: in _find_and_load_unlocked
    ???
&lt;frozen importlib._bootstrap&gt;:488: in _call_with_frames_removed
    ???
&lt;frozen importlib._bootstrap&gt;:1387: in _gcd_import
    ???
&lt;frozen importlib._bootstrap&gt;:1360: in _find_and_load
    ???
&lt;frozen importlib._bootstrap&gt;:1310: in _find_and_load_unlocked
    ???
&lt;frozen importlib._bootstrap&gt;:488: in _call_with_frames_removed
    ???
&lt;frozen importlib._bootstrap&gt;:1387: in _gcd_import
    ???
&lt;frozen importlib._bootstrap&gt;:1360: in _find_and_load
    ???
&lt;frozen importlib._bootstrap&gt;:1331: in _find_and_load_unlocked
    ???
&lt;frozen importlib._bootstrap&gt;:935: in _load_unlocked
    ???
&lt;frozen importlib._bootstrap_external&gt;:995: in exec_module
    ???
&lt;frozen importlib._bootstrap&gt;:488: in _call_with_frames_removed
    ???
C:\Program Files\MySQL\MySQL Shell 8.0\lib\Python3.12\Lib\site-packages\oci\__init__.py:5: in &lt;module&gt;
    from . import auth, config, constants, decorators, exceptions, regions, pagination, retry, fips, circuit_breaker, alloy
C:\Program Files\MySQL\MySQL Shell 8.0\lib\Python3.12\Lib\site-packages\oci\auth\__init__.py:5: in &lt;module&gt;
    from . import auth_utils  # noqa: F401
C:\Program Files\MySQL\MySQL Shell 8.0\lib\Python3.12\Lib\site-packages\oci\auth\auth_utils.py:6: in &lt;module&gt;
    from oci._vendor import six
C:\Program Files\MySQL\MySQL Shell 8.0\lib\Python3.12\Lib\site-packages\oci\_vendor\__init__.py:6: in &lt;module&gt;
    from . import httpsig_cffi  # noqa: F401
C:\Program Files\MySQL\MySQL Shell 8.0\lib\Python3.12\Lib\site-packages\oci\_vendor\httpsig_cffi\__init__.py:7: in &lt;module&gt;
    from .sign import Signer, HeaderSigner  # noqa: F401
C:\Program Files\MySQL\MySQL Shell 8.0\lib\Python3.12\Lib\site-packages\oci\_vendor\httpsig_cffi\sign.py:11: in &lt;module&gt;
    from cryptography.hazmat.primitives import hashes, hmac, serialization  # noqa: F401
C:\Program Files\MySQL\MySQL Shell 8.0\lib\Python3.12\Lib\site-packages\cryptography\hazmat\primitives\hashes.py:9: in &lt;module&gt;
    from cryptography.hazmat.bindings._rust import openssl as rust_openssl
E   ImportError: DLL load failed while importing _rust: Не найден указанный модуль.</error></testcase><testcase classname="" name="Program Files.MySQL.MySQL Shell 8.0.lib.Python3.12.Lib.site-packages.oci.devops.models.test_report_output" time="0.000"><error message="collection failure">ImportError while importing test module 'C:\Program Files\MySQL\MySQL Shell 8.0\lib\Python3.12\Lib\site-packages\oci\devops\models\test_report_output.py'.
Hint: make sure your test modules/packages have valid Python names.
Traceback:
C:\Users\brysi\AppData\Roaming\Python\Python312\site-packages\_pytest\python.py:492: in importtestmodule
    mod = import_path(
C:\Users\brysi\AppData\Roaming\Python\Python312\site-packages\_pytest\pathlib.py:591: in import_path
    importlib.import_module(module_name)
C:\Program Files\Python312\Lib\importlib\__init__.py:90: in import_module
    return _bootstrap._gcd_import(name[level:], package, level)
&lt;frozen importlib._bootstrap&gt;:1387: in _gcd_import
    ???
&lt;frozen importlib._bootstrap&gt;:1360: in _find_and_load
    ???
&lt;frozen importlib._bootstrap&gt;:1310: in _find_and_load_unlocked
    ???
&lt;frozen importlib._bootstrap&gt;:488: in _call_with_frames_removed
    ???
&lt;frozen importlib._bootstrap&gt;:1387: in _gcd_import
    ???
&lt;frozen importlib._bootstrap&gt;:1360: in _find_and_load
    ???
&lt;frozen importlib._bootstrap&gt;:1310: in _find_and_load_unlocked
    ???
&lt;frozen importlib._bootstrap&gt;:488: in _call_with_frames_removed
    ???
&lt;frozen importlib._bootstrap&gt;:1387: in _gcd_import
    ???
&lt;frozen importlib._bootstrap&gt;:1360: in _find_and_load
    ???
&lt;frozen importlib._bootstrap&gt;:1310: in _find_and_load_unlocked
    ???
&lt;frozen importlib._bootstrap&gt;:488: in _call_with_frames_removed
    ???
&lt;frozen importlib._bootstrap&gt;:1387: in _gcd_import
    ???
&lt;frozen importlib._bootstrap&gt;:1360: in _find_and_load
    ???
&lt;frozen importlib._bootstrap&gt;:1331: in _find_and_load_unlocked
    ???
&lt;frozen importlib._bootstrap&gt;:935: in _load_unlocked
    ???
&lt;frozen importlib._bootstrap_external&gt;:995: in exec_module
    ???
&lt;frozen importlib._bootstrap&gt;:488: in _call_with_frames_removed
    ???
C:\Program Files\MySQL\MySQL Shell 8.0\lib\Python3.12\Lib\site-packages\oci\__init__.py:5: in &lt;module&gt;
    from . import auth, config, constants, decorators, exceptions, regions, pagination, retry, fips, circuit_breaker, alloy
C:\Program Files\MySQL\MySQL Shell 8.0\lib\Python3.12\Lib\site-packages\oci\auth\__init__.py:5: in &lt;module&gt;
    from . import auth_utils  # noqa: F401
C:\Program Files\MySQL\MySQL Shell 8.0\lib\Python3.12\Lib\site-packages\oci\auth\auth_utils.py:6: in &lt;module&gt;
    from oci._vendor import six
C:\Program Files\MySQL\MySQL Shell 8.0\lib\Python3.12\Lib\site-packages\oci\_vendor\__init__.py:6: in &lt;module&gt;
    from . import httpsig_cffi  # noqa: F401
C:\Program Files\MySQL\MySQL Shell 8.0\lib\Python3.12\Lib\site-packages\oci\_vendor\httpsig_cffi\__init__.py:7: in &lt;module&gt;
    from .sign import Signer, HeaderSigner  # noqa: F401
C:\Program Files\MySQL\MySQL Shell 8.0\lib\Python3.12\Lib\site-packages\oci\_vendor\httpsig_cffi\sign.py:11: in &lt;module&gt;
    from cryptography.hazmat.primitives import hashes, hmac, serialization  # noqa: F401
C:\Program Files\MySQL\MySQL Shell 8.0\lib\Python3.12\Lib\site-packages\cryptography\hazmat\primitives\hashes.py:9: in &lt;module&gt;
    from cryptography.hazmat.bindings._rust import openssl as rust_openssl
E   ImportError: DLL load failed while importing _rust: Не найден указанный модуль.</error></testcase><testcase classname="" name="Program Files.MySQL.MySQL Shell 8.0.lib.Python3.12.Lib.site-packages.oci.golden_gate.models.test_connection_assignment_details" time="0.000"><error message="collection failure">ImportError while importing test module 'C:\Program Files\MySQL\MySQL Shell 8.0\lib\Python3.12\Lib\site-packages\oci\golden_gate\models\test_connection_assignment_details.py'.
Hint: make sure your test modules/packages have valid Python names.
Traceback:
C:\Users\brysi\AppData\Roaming\Python\Python312\site-packages\_pytest\python.py:492: in importtestmodule
    mod = import_path(
C:\Users\brysi\AppData\Roaming\Python\Python312\site-packages\_pytest\pathlib.py:591: in import_path
    importlib.import_module(module_name)
C:\Program Files\Python312\Lib\importlib\__init__.py:90: in import_module
    return _bootstrap._gcd_import(name[level:], package, level)
&lt;frozen importlib._bootstrap&gt;:1387: in _gcd_import
    ???
&lt;frozen importlib._bootstrap&gt;:1360: in _find_and_load
    ???
&lt;frozen importlib._bootstrap&gt;:1310: in _find_and_load_unlocked
    ???
&lt;frozen importlib._bootstrap&gt;:488: in _call_with_frames_removed
    ???
&lt;frozen importlib._bootstrap&gt;:1387: in _gcd_import
    ???
&lt;frozen importlib._bootstrap&gt;:1360: in _find_and_load
    ???
&lt;frozen importlib._bootstrap&gt;:1310: in _find_and_load_unlocked
    ???
&lt;frozen importlib._bootstrap&gt;:488: in _call_with_frames_removed
    ???
&lt;frozen importlib._bootstrap&gt;:1387: in _gcd_import
    ???
&lt;frozen importlib._bootstrap&gt;:1360: in _find_and_load
    ???
&lt;frozen importlib._bootstrap&gt;:1310: in _find_and_load_unlocked
    ???
&lt;frozen importlib._bootstrap&gt;:488: in _call_with_frames_removed
    ???
&lt;frozen importlib._bootstrap&gt;:1387: in _gcd_import
    ???
&lt;frozen importlib._bootstrap&gt;:1360: in _find_and_load
    ???
&lt;frozen importlib._bootstrap&gt;:1331: in _find_and_load_unlocked
    ???
&lt;frozen importlib._bootstrap&gt;:935: in _load_unlocked
    ???
&lt;frozen importlib._bootstrap_external&gt;:995: in exec_module
    ???
&lt;frozen importlib._bootstrap&gt;:488: in _call_with_frames_removed
    ???
C:\Program Files\MySQL\MySQL Shell 8.0\lib\Python3.12\Lib\site-packages\oci\__init__.py:5: in &lt;module&gt;
    from . import auth, config, constants, decorators, exceptions, regions, pagination, retry, fips, circuit_breaker, alloy
C:\Program Files\MySQL\MySQL Shell 8.0\lib\Python3.12\Lib\site-packages\oci\auth\__init__.py:5: in &lt;module&gt;
    from . import auth_utils  # noqa: F401
C:\Program Files\MySQL\MySQL Shell 8.0\lib\Python3.12\Lib\site-packages\oci\auth\auth_utils.py:6: in &lt;module&gt;
    from oci._vendor import six
C:\Program Files\MySQL\MySQL Shell 8.0\lib\Python3.12\Lib\site-packages\oci\_vendor\__init__.py:6: in &lt;module&gt;
    from . import httpsig_cffi  # noqa: F401
C:\Program Files\MySQL\MySQL Shell 8.0\lib\Python3.12\Lib\site-packages\oci\_vendor\httpsig_cffi\__init__.py:7: in &lt;module&gt;
    from .sign import Signer, HeaderSigner  # noqa: F401
C:\Program Files\MySQL\MySQL Shell 8.0\lib\Python3.12\Lib\site-packages\oci\_vendor\httpsig_cffi\sign.py:11: in &lt;module&gt;
    from cryptography.hazmat.primitives import hashes, hmac, serialization  # noqa: F401
C:\Program Files\MySQL\MySQL Shell 8.0\lib\Python3.12\Lib\site-packages\cryptography\hazmat\primitives\hashes.py:9: in &lt;module&gt;
    from cryptography.hazmat.bindings._rust import openssl as rust_openssl
E   ImportError: DLL load failed while importing _rust: Не найден указанный модуль.</error></testcase><testcase classname="" name="Program Files.MySQL.MySQL Shell 8.0.lib.Python3.12.Lib.site-packages.oci.golden_gate.models.test_connection_assignment_error" time="0.000"><error message="collection failure">ImportError while importing test module 'C:\Program Files\MySQL\MySQL Shell 8.0\lib\Python3.12\Lib\site-packages\oci\golden_gate\models\test_connection_assignment_error.py'.
Hint: make sure your test modules/packages have valid Python names.
Traceback:
C:\Users\brysi\AppData\Roaming\Python\Python312\site-packages\_pytest\python.py:492: in importtestmodule
    mod = import_path(
C:\Users\brysi\AppData\Roaming\Python\Python312\site-packages\_pytest\pathlib.py:591: in import_path
    importlib.import_module(module_name)
C:\Program Files\Python312\Lib\importlib\__init__.py:90: in import_module
    return _bootstrap._gcd_import(name[level:], package, level)
&lt;frozen importlib._bootstrap&gt;:1387: in _gcd_import
    ???
&lt;frozen importlib._bootstrap&gt;:1360: in _find_and_load
    ???
&lt;frozen importlib._bootstrap&gt;:1310: in _find_and_load_unlocked
    ???
&lt;frozen importlib._bootstrap&gt;:488: in _call_with_frames_removed
    ???
&lt;frozen importlib._bootstrap&gt;:1387: in _gcd_import
    ???
&lt;frozen importlib._bootstrap&gt;:1360: in _find_and_load
    ???
&lt;frozen importlib._bootstrap&gt;:1310: in _find_and_load_unlocked
    ???
&lt;frozen importlib._bootstrap&gt;:488: in _call_with_frames_removed
    ???
&lt;frozen importlib._bootstrap&gt;:1387: in _gcd_import
    ???
&lt;frozen importlib._bootstrap&gt;:1360: in _find_and_load
    ???
&lt;frozen importlib._bootstrap&gt;:1310: in _find_and_load_unlocked
    ???
&lt;frozen importlib._bootstrap&gt;:488: in _call_with_frames_removed
    ???
&lt;frozen importlib._bootstrap&gt;:1387: in _gcd_import
    ???
&lt;frozen importlib._bootstrap&gt;:1360: in _find_and_load
    ???
&lt;frozen importlib._bootstrap&gt;:1331: in _find_and_load_unlocked
    ???
&lt;frozen importlib._bootstrap&gt;:935: in _load_unlocked
    ???
&lt;frozen importlib._bootstrap_external&gt;:995: in exec_module
    ???
&lt;frozen importlib._bootstrap&gt;:488: in _call_with_frames_removed
    ???
C:\Program Files\MySQL\MySQL Shell 8.0\lib\Python3.12\Lib\site-packages\oci\__init__.py:5: in &lt;module&gt;
    from . import auth, config, constants, decorators, exceptions, regions, pagination, retry, fips, circuit_breaker, alloy
C:\Program Files\MySQL\MySQL Shell 8.0\lib\Python3.12\Lib\site-packages\oci\auth\__init__.py:5: in &lt;module&gt;
    from . import auth_utils  # noqa: F401
C:\Program Files\MySQL\MySQL Shell 8.0\lib\Python3.12\Lib\site-packages\oci\auth\auth_utils.py:6: in &lt;module&gt;
    from oci._vendor import six
C:\Program Files\MySQL\MySQL Shell 8.0\lib\Python3.12\Lib\site-packages\oci\_vendor\__init__.py:6: in &lt;module&gt;
    from . import httpsig_cffi  # noqa: F401
C:\Program Files\MySQL\MySQL Shell 8.0\lib\Python3.12\Lib\site-packages\oci\_vendor\httpsig_cffi\__init__.py:7: in &lt;module&gt;
    from .sign import Signer, HeaderSigner  # noqa: F401
C:\Program Files\MySQL\MySQL Shell 8.0\lib\Python3.12\Lib\site-packages\oci\_vendor\httpsig_cffi\sign.py:11: in &lt;module&gt;
    from cryptography.hazmat.primitives import hashes, hmac, serialization  # noqa: F401
C:\Program Files\MySQL\MySQL Shell 8.0\lib\Python3.12\Lib\site-packages\cryptography\hazmat\primitives\hashes.py:9: in &lt;module&gt;
    from cryptography.hazmat.bindings._rust import openssl as rust_openssl
E   ImportError: DLL load failed while importing _rust: Не найден указанный модуль.</error></testcase><testcase classname="" name="Program Files.MySQL.MySQL Shell 8.0.lib.Python3.12.Lib.site-packages.oci.golden_gate.models.test_connection_assignment_result" time="0.000"><error message="collection failure">ImportError while importing test module 'C:\Program Files\MySQL\MySQL Shell 8.0\lib\Python3.12\Lib\site-packages\oci\golden_gate\models\test_connection_assignment_result.py'.
Hint: make sure your test modules/packages have valid Python names.
Traceback:
C:\Users\brysi\AppData\Roaming\Python\Python312\site-packages\_pytest\python.py:492: in importtestmodule
    mod = import_path(
C:\Users\brysi\AppData\Roaming\Python\Python312\site-packages\_pytest\pathlib.py:591: in import_path
    importlib.import_module(module_name)
C:\Program Files\Python312\Lib\importlib\__init__.py:90: in import_module
    return _bootstrap._gcd_import(name[level:], package, level)
&lt;frozen importlib._bootstrap&gt;:1387: in _gcd_import
    ???
&lt;frozen importlib._bootstrap&gt;:1360: in _find_and_load
    ???
&lt;frozen importlib._bootstrap&gt;:1310: in _find_and_load_unlocked
    ???
&lt;frozen importlib._bootstrap&gt;:488: in _call_with_frames_removed
    ???
&lt;frozen importlib._bootstrap&gt;:1387: in _gcd_import
    ???
&lt;frozen importlib._bootstrap&gt;:1360: in _find_and_load
    ???
&lt;frozen importlib._bootstrap&gt;:1310: in _find_and_load_unlocked
    ???
&lt;frozen importlib._bootstrap&gt;:488: in _call_with_frames_removed
    ???
&lt;frozen importlib._bootstrap&gt;:1387: in _gcd_import
    ???
&lt;frozen importlib._bootstrap&gt;:1360: in _find_and_load
    ???
&lt;frozen importlib._bootstrap&gt;:1310: in _find_and_load_unlocked
    ???
&lt;frozen importlib._bootstrap&gt;:488: in _call_with_frames_removed
    ???
&lt;frozen importlib._bootstrap&gt;:1387: in _gcd_import
    ???
&lt;frozen importlib._bootstrap&gt;:1360: in _find_and_load
    ???
&lt;frozen importlib._bootstrap&gt;:1331: in _find_and_load_unlocked
    ???
&lt;frozen importlib._bootstrap&gt;:935: in _load_unlocked
    ???
&lt;frozen importlib._bootstrap_external&gt;:995: in exec_module
    ???
&lt;frozen importlib._bootstrap&gt;:488: in _call_with_frames_removed
    ???
C:\Program Files\MySQL\MySQL Shell 8.0\lib\Python3.12\Lib\site-packages\oci\__init__.py:5: in &lt;module&gt;
    from . import auth, config, constants, decorators, exceptions, regions, pagination, retry, fips, circuit_breaker, alloy
C:\Program Files\MySQL\MySQL Shell 8.0\lib\Python3.12\Lib\site-packages\oci\auth\__init__.py:5: in &lt;module&gt;
    from . import auth_utils  # noqa: F401
C:\Program Files\MySQL\MySQL Shell 8.0\lib\Python3.12\Lib\site-packages\oci\auth\auth_utils.py:6: in &lt;module&gt;
    from oci._vendor import six
C:\Program Files\MySQL\MySQL Shell 8.0\lib\Python3.12\Lib\site-packages\oci\_vendor\__init__.py:6: in &lt;module&gt;
    from . import httpsig_cffi  # noqa: F401
C:\Program Files\MySQL\MySQL Shell 8.0\lib\Python3.12\Lib\site-packages\oci\_vendor\httpsig_cffi\__init__.py:7: in &lt;module&gt;
    from .sign import Signer, HeaderSigner  # noqa: F401
C:\Program Files\MySQL\MySQL Shell 8.0\lib\Python3.12\Lib\site-packages\oci\_vendor\httpsig_cffi\sign.py:11: in &lt;module&gt;
    from cryptography.hazmat.primitives import hashes, hmac, serialization  # noqa: F401
C:\Program Files\MySQL\MySQL Shell 8.0\lib\Python3.12\Lib\site-packages\cryptography\hazmat\primitives\hashes.py:9: in &lt;module&gt;
    from cryptography.hazmat.bindings._rust import openssl as rust_openssl
E   ImportError: DLL load failed while importing _rust: Не найден указанный модуль.</error></testcase><testcase classname="" name="Program Files.MySQL.MySQL Shell 8.0.lib.Python3.12.Lib.site-packages.oci.log_analytics.models.test_parser_payload_details" time="0.000"><error message="collection failure">ImportError while importing test module 'C:\Program Files\MySQL\MySQL Shell 8.0\lib\Python3.12\Lib\site-packages\oci\log_analytics\models\test_parser_payload_details.py'.
Hint: make sure your test modules/packages have valid Python names.
Traceback:
C:\Users\brysi\AppData\Roaming\Python\Python312\site-packages\_pytest\python.py:492: in importtestmodule
    mod = import_path(
C:\Users\brysi\AppData\Roaming\Python\Python312\site-packages\_pytest\pathlib.py:591: in import_path
    importlib.import_module(module_name)
C:\Program Files\Python312\Lib\importlib\__init__.py:90: in import_module
    return _bootstrap._gcd_import(name[level:], package, level)
&lt;frozen importlib._bootstrap&gt;:1387: in _gcd_import
    ???
&lt;frozen importlib._bootstrap&gt;:1360: in _find_and_load
    ???
&lt;frozen importlib._bootstrap&gt;:1310: in _find_and_load_unlocked
    ???
&lt;frozen importlib._bootstrap&gt;:488: in _call_with_frames_removed
    ???
&lt;frozen importlib._bootstrap&gt;:1387: in _gcd_import
    ???
&lt;frozen importlib._bootstrap&gt;:1360: in _find_and_load
    ???
&lt;frozen importlib._bootstrap&gt;:1310: in _find_and_load_unlocked
    ???
&lt;frozen importlib._bootstrap&gt;:488: in _call_with_frames_removed
    ???
&lt;frozen importlib._bootstrap&gt;:1387: in _gcd_import
    ???
&lt;frozen importlib._bootstrap&gt;:1360: in _find_and_load
    ???
&lt;frozen importlib._bootstrap&gt;:1310: in _find_and_load_unlocked
    ???
&lt;frozen importlib._bootstrap&gt;:488: in _call_with_frames_removed
    ???
&lt;frozen importlib._bootstrap&gt;:1387: in _gcd_import
    ???
&lt;frozen importlib._bootstrap&gt;:1360: in _find_and_load
    ???
&lt;frozen importlib._bootstrap&gt;:1331: in _find_and_load_unlocked
    ???
&lt;frozen importlib._bootstrap&gt;:935: in _load_unlocked
    ???
&lt;frozen importlib._bootstrap_external&gt;:995: in exec_module
    ???
&lt;frozen importlib._bootstrap&gt;:488: in _call_with_frames_removed
    ???
C:\Program Files\MySQL\MySQL Shell 8.0\lib\Python3.12\Lib\site-packages\oci\__init__.py:5: in &lt;module&gt;
    from . import auth, config, constants, decorators, exceptions, regions, pagination, retry, fips, circuit_breaker, alloy
C:\Program Files\MySQL\MySQL Shell 8.0\lib\Python3.12\Lib\site-packages\oci\auth\__init__.py:5: in &lt;module&gt;
    from . import auth_utils  # noqa: F401
C:\Program Files\MySQL\MySQL Shell 8.0\lib\Python3.12\Lib\site-packages\oci\auth\auth_utils.py:6: in &lt;module&gt;
    from oci._vendor import six
C:\Program Files\MySQL\MySQL Shell 8.0\lib\Python3.12\Lib\site-packages\oci\_vendor\__init__.py:6: in &lt;module&gt;
    from . import httpsig_cffi  # noqa: F401
C:\Program Files\MySQL\MySQL Shell 8.0\lib\Python3.12\Lib\site-packages\oci\_vendor\httpsig_cffi\__init__.py:7: in &lt;module&gt;
    from .sign import Signer, HeaderSigner  # noqa: F401
C:\Program Files\MySQL\MySQL Shell 8.0\lib\Python3.12\Lib\site-packages\oci\_vendor\httpsig_cffi\sign.py:11: in &lt;module&gt;
    from cryptography.hazmat.primitives import hashes, hmac, serialization  # noqa: F401
C:\Program Files\MySQL\MySQL Shell 8.0\lib\Python3.12\Lib\site-packages\cryptography\hazmat\primitives\hashes.py:9: in &lt;module&gt;
    from cryptography.hazmat.bindings._rust import openssl as rust_openssl
E   ImportError: DLL load failed while importing _rust: Не найден указанный модуль.</error></testcase><testcase classname="" name="Program Files.MySQL.MySQL Shell 8.0.lib.Python3.12.Lib.site-packages.oci.oda.models.test_channel" time="0.000"><error message="collection failure">ImportError while importing test module 'C:\Program Files\MySQL\MySQL Shell 8.0\lib\Python3.12\Lib\site-packages\oci\oda\models\test_channel.py'.
Hint: make sure your test modules/packages have valid Python names.
Traceback:
C:\Users\brysi\AppData\Roaming\Python\Python312\site-packages\_pytest\python.py:492: in importtestmodule
    mod = import_path(
C:\Users\brysi\AppData\Roaming\Python\Python312\site-packages\_pytest\pathlib.py:591: in import_path
    importlib.import_module(module_name)
C:\Program Files\Python312\Lib\importlib\__init__.py:90: in import_module
    return _bootstrap._gcd_import(name[level:], package, level)
&lt;frozen importlib._bootstrap&gt;:1387: in _gcd_import
    ???
&lt;frozen importlib._bootstrap&gt;:1360: in _find_and_load
    ???
&lt;frozen importlib._bootstrap&gt;:1310: in _find_and_load_unlocked
    ???
&lt;frozen importlib._bootstrap&gt;:488: in _call_with_frames_removed
    ???
&lt;frozen importlib._bootstrap&gt;:1387: in _gcd_import
    ???
&lt;frozen importlib._bootstrap&gt;:1360: in _find_and_load
    ???
&lt;frozen importlib._bootstrap&gt;:1310: in _find_and_load_unlocked
    ???
&lt;frozen importlib._bootstrap&gt;:488: in _call_with_frames_removed
    ???
&lt;frozen importlib._bootstrap&gt;:1387: in _gcd_import
    ???
&lt;frozen importlib._bootstrap&gt;:1360: in _find_and_load
    ???
&lt;frozen importlib._bootstrap&gt;:1310: in _find_and_load_unlocked
    ???
&lt;frozen importlib._bootstrap&gt;:488: in _call_with_frames_removed
    ???
&lt;frozen importlib._bootstrap&gt;:1387: in _gcd_import
    ???
&lt;frozen importlib._bootstrap&gt;:1360: in _find_and_load
    ???
&lt;frozen importlib._bootstrap&gt;:1331: in _find_and_load_unlocked
    ???
&lt;frozen importlib._bootstrap&gt;:935: in _load_unlocked
    ???
&lt;frozen importlib._bootstrap_external&gt;:995: in exec_module
    ???
&lt;frozen importlib._bootstrap&gt;:488: in _call_with_frames_removed
    ???
C:\Program Files\MySQL\MySQL Shell 8.0\lib\Python3.12\Lib\site-packages\oci\__init__.py:5: in &lt;module&gt;
    from . import auth, config, constants, decorators, exceptions, regions, pagination, retry, fips, circuit_breaker, alloy
C:\Program Files\MySQL\MySQL Shell 8.0\lib\Python3.12\Lib\site-packages\oci\auth\__init__.py:5: in &lt;module&gt;
    from . import auth_utils  # noqa: F401
C:\Program Files\MySQL\MySQL Shell 8.0\lib\Python3.12\Lib\site-packages\oci\auth\auth_utils.py:6: in &lt;module&gt;
    from oci._vendor import six
C:\Program Files\MySQL\MySQL Shell 8.0\lib\Python3.12\Lib\site-packages\oci\_vendor\__init__.py:6: in &lt;module&gt;
    from . import httpsig_cffi  # noqa: F401
C:\Program Files\MySQL\MySQL Shell 8.0\lib\Python3.12\Lib\site-packages\oci\_vendor\httpsig_cffi\__init__.py:7: in &lt;module&gt;
    from .sign import Signer, HeaderSigner  # noqa: F401
C:\Program Files\MySQL\MySQL Shell 8.0\lib\Python3.12\Lib\site-packages\oci\_vendor\httpsig_cffi\sign.py:11: in &lt;module&gt;
    from cryptography.hazmat.primitives import hashes, hmac, serialization  # noqa: F401
C:\Program Files\MySQL\MySQL Shell 8.0\lib\Python3.12\Lib\site-packages\cryptography\hazmat\primitives\hashes.py:9: in &lt;module&gt;
    from cryptography.hazmat.bindings._rust import openssl as rust_openssl
E   ImportError: DLL load failed while importing _rust: Не найден указанный модуль.</error></testcase><testcase classname="" name="Program Files.MySQL.MySQL Shell 8.0.lib.Python3.12.Lib.site-packages.oci.stack_monitoring.models.test_metric_extension_data" time="0.000"><error message="collection failure">ImportError while importing test module 'C:\Program Files\MySQL\MySQL Shell 8.0\lib\Python3.12\Lib\site-packages\oci\stack_monitoring\models\test_metric_extension_data.py'.
Hint: make sure your test modules/packages have valid Python names.
Traceback:
C:\Users\brysi\AppData\Roaming\Python\Python312\site-packages\_pytest\python.py:492: in importtestmodule
    mod = import_path(
C:\Users\brysi\AppData\Roaming\Python\Python312\site-packages\_pytest\pathlib.py:591: in import_path
    importlib.import_module(module_name)
C:\Program Files\Python312\Lib\importlib\__init__.py:90: in import_module
    return _bootstrap._gcd_import(name[level:], package, level)
&lt;frozen importlib._bootstrap&gt;:1387: in _gcd_import
    ???
&lt;frozen importlib._bootstrap&gt;:1360: in _find_and_load
    ???
&lt;frozen importlib._bootstrap&gt;:1310: in _find_and_load_unlocked
    ???
&lt;frozen importlib._bootstrap&gt;:488: in _call_with_frames_removed
    ???
&lt;frozen importlib._bootstrap&gt;:1387: in _gcd_import
    ???
&lt;frozen importlib._bootstrap&gt;:1360: in _find_and_load
    ???
&lt;frozen importlib._bootstrap&gt;:1310: in _find_and_load_unlocked
    ???
&lt;frozen importlib._bootstrap&gt;:488: in _call_with_frames_removed
    ???
&lt;frozen importlib._bootstrap&gt;:1387: in _gcd_import
    ???
&lt;frozen importlib._bootstrap&gt;:1360: in _find_and_load
    ???
&lt;frozen importlib._bootstrap&gt;:1310: in _find_and_load_unlocked
    ???
&lt;frozen importlib._bootstrap&gt;:488: in _call_with_frames_removed
    ???
&lt;frozen importlib._bootstrap&gt;:1387: in _gcd_import
    ???
&lt;frozen importlib._bootstrap&gt;:1360: in _find_and_load
    ???
&lt;frozen importlib._bootstrap&gt;:1331: in _find_and_load_unlocked
    ???
&lt;frozen importlib._bootstrap&gt;:935: in _load_unlocked
    ???
&lt;frozen importlib._bootstrap_external&gt;:995: in exec_module
    ???
&lt;frozen importlib._bootstrap&gt;:488: in _call_with_frames_removed
    ???
C:\Program Files\MySQL\MySQL Shell 8.0\lib\Python3.12\Lib\site-packages\oci\__init__.py:5: in &lt;module&gt;
    from . import auth, config, constants, decorators, exceptions, regions, pagination, retry, fips, circuit_breaker, alloy
C:\Program Files\MySQL\MySQL Shell 8.0\lib\Python3.12\Lib\site-packages\oci\auth\__init__.py:5: in &lt;module&gt;
    from . import auth_utils  # noqa: F401
C:\Program Files\MySQL\MySQL Shell 8.0\lib\Python3.12\Lib\site-packages\oci\auth\auth_utils.py:6: in &lt;module&gt;
    from oci._vendor import six
C:\Program Files\MySQL\MySQL Shell 8.0\lib\Python3.12\Lib\site-packages\oci\_vendor\__init__.py:6: in &lt;module&gt;
    from . import httpsig_cffi  # noqa: F401
C:\Program Files\MySQL\MySQL Shell 8.0\lib\Python3.12\Lib\site-packages\oci\_vendor\httpsig_cffi\__init__.py:7: in &lt;module&gt;
    from .sign import Signer, HeaderSigner  # noqa: F401
C:\Program Files\MySQL\MySQL Shell 8.0\lib\Python3.12\Lib\site-packages\oci\_vendor\httpsig_cffi\sign.py:11: in &lt;module&gt;
    from cryptography.hazmat.primitives import hashes, hmac, serialization  # noqa: F401
C:\Program Files\MySQL\MySQL Shell 8.0\lib\Python3.12\Lib\site-packages\cryptography\hazmat\primitives\hashes.py:9: in &lt;module&gt;
    from cryptography.hazmat.bindings._rust import openssl as rust_openssl
E   ImportError: DLL load failed while importing _rust: Не найден указанный модуль.</error></testcase><testcase classname="" name="Program Files.MySQL.MySQL Shell 8.0.lib.Python3.12.Lib.site-packages.oci.stack_monitoring.models.test_metric_extension_details" time="0.000"><error message="collection failure">ImportError while importing test module 'C:\Program Files\MySQL\MySQL Shell 8.0\lib\Python3.12\Lib\site-packages\oci\stack_monitoring\models\test_metric_extension_details.py'.
Hint: make sure your test modules/packages have valid Python names.
Traceback:
C:\Users\brysi\AppData\Roaming\Python\Python312\site-packages\_pytest\python.py:492: in importtestmodule
    mod = import_path(
C:\Users\brysi\AppData\Roaming\Python\Python312\site-packages\_pytest\pathlib.py:591: in import_path
    importlib.import_module(module_name)
C:\Program Files\Python312\Lib\importlib\__init__.py:90: in import_module
    return _bootstrap._gcd_import(name[level:], package, level)
&lt;frozen importlib._bootstrap&gt;:1387: in _gcd_import
    ???
&lt;frozen importlib._bootstrap&gt;:1360: in _find_and_load
    ???
&lt;frozen importlib._bootstrap&gt;:1310: in _find_and_load_unlocked
    ???
&lt;frozen importlib._bootstrap&gt;:488: in _call_with_frames_removed
    ???
&lt;frozen importlib._bootstrap&gt;:1387: in _gcd_import
    ???
&lt;frozen importlib._bootstrap&gt;:1360: in _find_and_load
    ???
&lt;frozen importlib._bootstrap&gt;:1310: in _find_and_load_unlocked
    ???
&lt;frozen importlib._bootstrap&gt;:488: in _call_with_frames_removed
    ???
&lt;frozen importlib._bootstrap&gt;:1387: in _gcd_import
    ???
&lt;frozen importlib._bootstrap&gt;:1360: in _find_and_load
    ???
&lt;frozen importlib._bootstrap&gt;:1310: in _find_and_load_unlocked
    ???
&lt;frozen importlib._bootstrap&gt;:488: in _call_with_frames_removed
    ???
&lt;frozen importlib._bootstrap&gt;:1387: in _gcd_import
    ???
&lt;frozen importlib._bootstrap&gt;:1360: in _find_and_load
    ???
&lt;frozen importlib._bootstrap&gt;:1331: in _find_and_load_unlocked
    ???
&lt;frozen importlib._bootstrap&gt;:935: in _load_unlocked
    ???
&lt;frozen importlib._bootstrap_external&gt;:995: in exec_module
    ???
&lt;frozen importlib._bootstrap&gt;:488: in _call_with_frames_removed
    ???
C:\Program Files\MySQL\MySQL Shell 8.0\lib\Python3.12\Lib\site-packages\oci\__init__.py:5: in &lt;module&gt;
    from . import auth, config, constants, decorators, exceptions, regions, pagination, retry, fips, circuit_breaker, alloy
C:\Program Files\MySQL\MySQL Shell 8.0\lib\Python3.12\Lib\site-packages\oci\auth\__init__.py:5: in &lt;module&gt;
    from . import auth_utils  # noqa: F401
C:\Program Files\MySQL\MySQL Shell 8.0\lib\Python3.12\Lib\site-packages\oci\auth\auth_utils.py:6: in &lt;module&gt;
    from oci._vendor import six
C:\Program Files\MySQL\MySQL Shell 8.0\lib\Python3.12\Lib\site-packages\oci\_vendor\__init__.py:6: in &lt;module&gt;
    from . import httpsig_cffi  # noqa: F401
C:\Program Files\MySQL\MySQL Shell 8.0\lib\Python3.12\Lib\site-packages\oci\_vendor\httpsig_cffi\__init__.py:7: in &lt;module&gt;
    from .sign import Signer, HeaderSigner  # noqa: F401
C:\Program Files\MySQL\MySQL Shell 8.0\lib\Python3.12\Lib\site-packages\oci\_vendor\httpsig_cffi\sign.py:11: in &lt;module&gt;
    from cryptography.hazmat.primitives import hashes, hmac, serialization  # noqa: F401
C:\Program Files\MySQL\MySQL Shell 8.0\lib\Python3.12\Lib\site-packages\cryptography\hazmat\primitives\hashes.py:9: in &lt;module&gt;
    from cryptography.hazmat.bindings._rust import openssl as rust_openssl
E   ImportError: DLL load failed while importing _rust: Не найден указанный модуль.</error></testcase><testcase classname="" name="Program Files.MySQL.MySQL Shell 8.0.lib.Python3.12.Lib.site-packages.oci.vn_monitoring.models.path_analyzer_test" time="0.000"><error message="collection failure">ImportError while importing test module 'C:\Program Files\MySQL\MySQL Shell 8.0\lib\Python3.12\Lib\site-packages\oci\vn_monitoring\models\path_analyzer_test.py'.
Hint: make sure your test modules/packages have valid Python names.
Traceback:
C:\Users\brysi\AppData\Roaming\Python\Python312\site-packages\_pytest\python.py:492: in importtestmodule
    mod = import_path(
C:\Users\brysi\AppData\Roaming\Python\Python312\site-packages\_pytest\pathlib.py:591: in import_path
    importlib.import_module(module_name)
C:\Program Files\Python312\Lib\importlib\__init__.py:90: in import_module
    return _bootstrap._gcd_import(name[level:], package, level)
&lt;frozen importlib._bootstrap&gt;:1387: in _gcd_import
    ???
&lt;frozen importlib._bootstrap&gt;:1360: in _find_and_load
    ???
&lt;frozen importlib._bootstrap&gt;:1310: in _find_and_load_unlocked
    ???
&lt;frozen importlib._bootstrap&gt;:488: in _call_with_frames_removed
    ???
&lt;frozen importlib._bootstrap&gt;:1387: in _gcd_import
    ???
&lt;frozen importlib._bootstrap&gt;:1360: in _find_and_load
    ???
&lt;frozen importlib._bootstrap&gt;:1310: in _find_and_load_unlocked
    ???
&lt;frozen importlib._bootstrap&gt;:488: in _call_with_frames_removed
    ???
&lt;frozen importlib._bootstrap&gt;:1387: in _gcd_import
    ???
&lt;frozen importlib._bootstrap&gt;:1360: in _find_and_load
    ???
&lt;frozen importlib._bootstrap&gt;:1310: in _find_and_load_unlocked
    ???
&lt;frozen importlib._bootstrap&gt;:488: in _call_with_frames_removed
    ???
&lt;frozen importlib._bootstrap&gt;:1387: in _gcd_import
    ???
&lt;frozen importlib._bootstrap&gt;:1360: in _find_and_load
    ???
&lt;frozen importlib._bootstrap&gt;:1331: in _find_and_load_unlocked
    ???
&lt;frozen importlib._bootstrap&gt;:935: in _load_unlocked
    ???
&lt;frozen importlib._bootstrap_external&gt;:995: in exec_module
    ???
&lt;frozen importlib._bootstrap&gt;:488: in _call_with_frames_removed
    ???
C:\Program Files\MySQL\MySQL Shell 8.0\lib\Python3.12\Lib\site-packages\oci\__init__.py:5: in &lt;module&gt;
    from . import auth, config, constants, decorators, exceptions, regions, pagination, retry, fips, circuit_breaker, alloy
C:\Program Files\MySQL\MySQL Shell 8.0\lib\Python3.12\Lib\site-packages\oci\auth\__init__.py:5: in &lt;module&gt;
    from . import auth_utils  # noqa: F401
C:\Program Files\MySQL\MySQL Shell 8.0\lib\Python3.12\Lib\site-packages\oci\auth\auth_utils.py:6: in &lt;module&gt;
    from oci._vendor import six
C:\Program Files\MySQL\MySQL Shell 8.0\lib\Python3.12\Lib\site-packages\oci\_vendor\__init__.py:6: in &lt;module&gt;
    from . import httpsig_cffi  # noqa: F401
C:\Program Files\MySQL\MySQL Shell 8.0\lib\Python3.12\Lib\site-packages\oci\_vendor\httpsig_cffi\__init__.py:7: in &lt;module&gt;
    from .sign import Signer, HeaderSigner  # noqa: F401
C:\Program Files\MySQL\MySQL Shell 8.0\lib\Python3.12\Lib\site-packages\oci\_vendor\httpsig_cffi\sign.py:11: in &lt;module&gt;
    from cryptography.hazmat.primitives import hashes, hmac, serialization  # noqa: F401
C:\Program Files\MySQL\MySQL Shell 8.0\lib\Python3.12\Lib\site-packages\cryptography\hazmat\primitives\hashes.py:9: in &lt;module&gt;
    from cryptography.hazmat.bindings._rust import openssl as rust_openssl
E   ImportError: DLL load failed while importing _rust: Не найден указанный модуль.</error></testcase><testcase classname="" name="Program Files.MySQL.MySQL Shell 8.0.lib.Python3.12.Lib.site-packages.pip._vendor.colorama.tests.ansi_test" time="0.000"><error message="collection failure">import file mismatch:
imported module 'pip._vendor.colorama.tests.ansi_test' has this __file__ attribute:
  C:\Program Files\Blender Foundation\Blender 3.6\3.6\python\lib\site-packages\pip\_vendor\colorama\tests\ansi_test.py
which is not the same as the test file we want to collect:
  C:\Program Files\MySQL\MySQL Shell 8.0\lib\Python3.12\Lib\site-packages\pip\_vendor\colorama\tests\ansi_test.py
HINT: remove __pycache__ / .pyc files and/or use a unique basename for your test file modules</error></testcase><testcase classname="" name="Program Files.MySQL.MySQL Shell 8.0.lib.Python3.12.Lib.site-packages.pip._vendor.colorama.tests.ansitowin32_test" time="0.000"><error message="collection failure">import file mismatch:
imported module 'pip._vendor.colorama.tests.ansitowin32_test' has this __file__ attribute:
  C:\Program Files\Blender Foundation\Blender 3.6\3.6\python\lib\site-packages\pip\_vendor\colorama\tests\ansitowin32_test.py
which is not the same as the test file we want to collect:
  C:\Program Files\MySQL\MySQL Shell 8.0\lib\Python3.12\Lib\site-packages\pip\_vendor\colorama\tests\ansitowin32_test.py
HINT: remove __pycache__ / .pyc files and/or use a unique basename for your test file modules</error></testcase><testcase classname="" name="Program Files.MySQL.MySQL Shell 8.0.lib.Python3.12.Lib.site-packages.pip._vendor.colorama.tests.initialise_test" time="0.000"><error message="collection failure">import file mismatch:
imported module 'pip._vendor.colorama.tests.initialise_test' has this __file__ attribute:
  C:\Program Files\Blender Foundation\Blender 3.6\3.6\python\lib\site-packages\pip\_vendor\colorama\tests\initialise_test.py
which is not the same as the test file we want to collect:
  C:\Program Files\MySQL\MySQL Shell 8.0\lib\Python3.12\Lib\site-packages\pip\_vendor\colorama\tests\initialise_test.py
HINT: remove __pycache__ / .pyc files and/or use a unique basename for your test file modules</error></testcase><testcase classname="" name="Program Files.MySQL.MySQL Shell 8.0.lib.Python3.12.Lib.site-packages.pip._vendor.colorama.tests.isatty_test" time="0.000"><error message="collection failure">import file mismatch:
imported module 'pip._vendor.colorama.tests.isatty_test' has this __file__ attribute:
  C:\Program Files\Blender Foundation\Blender 3.6\3.6\python\lib\site-packages\pip\_vendor\colorama\tests\isatty_test.py
which is not the same as the test file we want to collect:
  C:\Program Files\MySQL\MySQL Shell 8.0\lib\Python3.12\Lib\site-packages\pip\_vendor\colorama\tests\isatty_test.py
HINT: remove __pycache__ / .pyc files and/or use a unique basename for your test file modules</error></testcase><testcase classname="" name="Program Files.MySQL.MySQL Shell 8.0.lib.Python3.12.Lib.site-packages.pip._vendor.colorama.tests.winterm_test" time="0.000"><error message="collection failure">import file mismatch:
imported module 'pip._vendor.colorama.tests.winterm_test' has this __file__ attribute:
  C:\Program Files\Blender Foundation\Blender 3.6\3.6\python\lib\site-packages\pip\_vendor\colorama\tests\winterm_test.py
which is not the same as the test file we want to collect:
  C:\Program Files\MySQL\MySQL Shell 8.0\lib\Python3.12\Lib\site-packages\pip\_vendor\colorama\tests\winterm_test.py
HINT: remove __pycache__ / .pyc files and/or use a unique basename for your test file modules</error></testcase><testcase classname="" name="Program Files.MySQL.MySQL Shell 8.0.lib.Python3.12.Lib.site-packages.pkg_resources.tests.test_integration_zope_interface" time="0.000"><error message="collection failure">ImportError while importing test module 'C:\Program Files\MySQL\MySQL Shell 8.0\lib\Python3.12\Lib\site-packages\pkg_resources\tests\test_integration_zope_interface.py'.
Hint: make sure your test modules/packages have valid Python names.
Traceback:
C:\Users\brysi\AppData\Roaming\Python\Python312\site-packages\_pytest\python.py:492: in importtestmodule
    mod = import_path(
C:\Users\brysi\AppData\Roaming\Python\Python312\site-packages\_pytest\pathlib.py:591: in import_path
    importlib.import_module(module_name)
C:\Program Files\Python312\Lib\importlib\__init__.py:90: in import_module
    return _bootstrap._gcd_import(name[level:], package, level)
&lt;frozen importlib._bootstrap&gt;:1387: in _gcd_import
    ???
&lt;frozen importlib._bootstrap&gt;:1360: in _find_and_load
    ???
&lt;frozen importlib._bootstrap&gt;:1331: in _find_and_load_unlocked
    ???
&lt;frozen importlib._bootstrap&gt;:935: in _load_unlocked
    ???
C:\Users\brysi\AppData\Roaming\Python\Python312\site-packages\_pytest\assertion\rewrite.py:178: in exec_module
    exec(co, module.__dict__)
C:\Program Files\MySQL\MySQL Shell 8.0\lib\Python3.12\Lib\site-packages\pkg_resources\tests\test_integration_zope_interface.py:4: in &lt;module&gt;
    import jaraco.path
E   ModuleNotFoundError: No module named 'jaraco.path'</error></testcase><testcase classname="" name="Program Files.MySQL.MySQL Shell 8.0.lib.Python3.12.Lib.site-packages.setuptools._distutils.tests.test_archive_util" time="0.000"><error message="collection failure">ImportError while importing test module 'C:\Program Files\MySQL\MySQL Shell 8.0\lib\Python3.12\Lib\site-packages\setuptools\_distutils\tests\test_archive_util.py'.
Hint: make sure your test modules/packages have valid Python names.
Traceback:
C:\Users\brysi\AppData\Roaming\Python\Python312\site-packages\_pytest\python.py:492: in importtestmodule
    mod = import_path(
C:\Users\brysi\AppData\Roaming\Python\Python312\site-packages\_pytest\pathlib.py:591: in import_path
    importlib.import_module(module_name)
C:\Program Files\Python312\Lib\importlib\__init__.py:90: in import_module
    return _bootstrap._gcd_import(name[level:], package, level)
&lt;frozen importlib._bootstrap&gt;:1387: in _gcd_import
    ???
&lt;frozen importlib._bootstrap&gt;:1360: in _find_and_load
    ???
&lt;frozen importlib._bootstrap&gt;:1331: in _find_and_load_unlocked
    ???
&lt;frozen importlib._bootstrap&gt;:935: in _load_unlocked
    ???
C:\Users\brysi\AppData\Roaming\Python\Python312\site-packages\_pytest\assertion\rewrite.py:178: in exec_module
    exec(co, module.__dict__)
C:\Program Files\MySQL\MySQL Shell 8.0\lib\Python3.12\Lib\site-packages\setuptools\_distutils\tests\test_archive_util.py:22: in &lt;module&gt;
    import path
E   ModuleNotFoundError: No module named 'path'</error></testcase><testcase classname="" name="Program Files.MySQL.MySQL Shell 8.0.lib.Python3.12.Lib.site-packages.setuptools._distutils.tests.test_build_ext" time="0.000"><error message="collection failure">ImportError while importing test module 'C:\Program Files\MySQL\MySQL Shell 8.0\lib\Python3.12\Lib\site-packages\setuptools\_distutils\tests\test_build_ext.py'.
Hint: make sure your test modules/packages have valid Python names.
Traceback:
C:\Users\brysi\AppData\Roaming\Python\Python312\site-packages\_pytest\python.py:492: in importtestmodule
    mod = import_path(
C:\Users\brysi\AppData\Roaming\Python\Python312\site-packages\_pytest\pathlib.py:591: in import_path
    importlib.import_module(module_name)
C:\Program Files\Python312\Lib\importlib\__init__.py:90: in import_module
    return _bootstrap._gcd_import(name[level:], package, level)
&lt;frozen importlib._bootstrap&gt;:1387: in _gcd_import
    ???
&lt;frozen importlib._bootstrap&gt;:1360: in _find_and_load
    ???
&lt;frozen importlib._bootstrap&gt;:1331: in _find_and_load_unlocked
    ???
&lt;frozen importlib._bootstrap&gt;:935: in _load_unlocked
    ???
C:\Users\brysi\AppData\Roaming\Python\Python312\site-packages\_pytest\assertion\rewrite.py:178: in exec_module
    exec(co, module.__dict__)
C:\Program Files\MySQL\MySQL Shell 8.0\lib\Python3.12\Lib\site-packages\setuptools\_distutils\tests\test_build_ext.py:29: in &lt;module&gt;
    import jaraco.path
E   ModuleNotFoundError: No module named 'jaraco.path'</error></testcase><testcase classname="" name="Program Files.MySQL.MySQL Shell 8.0.lib.Python3.12.Lib.site-packages.setuptools._distutils.tests.test_build_py" time="0.000"><error message="collection failure">ImportError while importing test module 'C:\Program Files\MySQL\MySQL Shell 8.0\lib\Python3.12\Lib\site-packages\setuptools\_distutils\tests\test_build_py.py'.
Hint: make sure your test modules/packages have valid Python names.
Traceback:
C:\Users\brysi\AppData\Roaming\Python\Python312\site-packages\_pytest\python.py:492: in importtestmodule
    mod = import_path(
C:\Users\brysi\AppData\Roaming\Python\Python312\site-packages\_pytest\pathlib.py:591: in import_path
    importlib.import_module(module_name)
C:\Program Files\Python312\Lib\importlib\__init__.py:90: in import_module
    return _bootstrap._gcd_import(name[level:], package, level)
&lt;frozen importlib._bootstrap&gt;:1387: in _gcd_import
    ???
&lt;frozen importlib._bootstrap&gt;:1360: in _find_and_load
    ???
&lt;frozen importlib._bootstrap&gt;:1331: in _find_and_load_unlocked
    ???
&lt;frozen importlib._bootstrap&gt;:935: in _load_unlocked
    ???
C:\Users\brysi\AppData\Roaming\Python\Python312\site-packages\_pytest\assertion\rewrite.py:178: in exec_module
    exec(co, module.__dict__)
C:\Program Files\MySQL\MySQL Shell 8.0\lib\Python3.12\Lib\site-packages\setuptools\_distutils\tests\test_build_py.py:10: in &lt;module&gt;
    import jaraco.path
E   ModuleNotFoundError: No module named 'jaraco.path'</error></testcase><testcase classname="" name="Program Files.MySQL.MySQL Shell 8.0.lib.Python3.12.Lib.site-packages.setuptools._distutils.tests.test_build_scripts" time="0.000"><error message="collection failure">ImportError while importing test module 'C:\Program Files\MySQL\MySQL Shell 8.0\lib\Python3.12\Lib\site-packages\setuptools\_distutils\tests\test_build_scripts.py'.
Hint: make sure your test modules/packages have valid Python names.
Traceback:
C:\Users\brysi\AppData\Roaming\Python\Python312\site-packages\_pytest\python.py:492: in importtestmodule
    mod = import_path(
C:\Users\brysi\AppData\Roaming\Python\Python312\site-packages\_pytest\pathlib.py:591: in import_path
    importlib.import_module(module_name)
C:\Program Files\Python312\Lib\importlib\__init__.py:90: in import_module
    return _bootstrap._gcd_import(name[level:], package, level)
&lt;frozen importlib._bootstrap&gt;:1387: in _gcd_import
    ???
&lt;frozen importlib._bootstrap&gt;:1360: in _find_and_load
    ???
&lt;frozen importlib._bootstrap&gt;:1331: in _find_and_load_unlocked
    ???
&lt;frozen importlib._bootstrap&gt;:935: in _load_unlocked
    ???
C:\Users\brysi\AppData\Roaming\Python\Python312\site-packages\_pytest\assertion\rewrite.py:178: in exec_module
    exec(co, module.__dict__)
C:\Program Files\MySQL\MySQL Shell 8.0\lib\Python3.12\Lib\site-packages\setuptools\_distutils\tests\test_build_scripts.py:10: in &lt;module&gt;
    import jaraco.path
E   ModuleNotFoundError: No module named 'jaraco.path'</error></testcase><testcase classname="" name="Program Files.MySQL.MySQL Shell 8.0.lib.Python3.12.Lib.site-packages.setuptools._distutils.tests.test_config_cmd" time="0.000"><error message="collection failure">ImportError while importing test module 'C:\Program Files\MySQL\MySQL Shell 8.0\lib\Python3.12\Lib\site-packages\setuptools\_distutils\tests\test_config_cmd.py'.
Hint: make sure your test modules/packages have valid Python names.
Traceback:
C:\Users\brysi\AppData\Roaming\Python\Python312\site-packages\_pytest\python.py:492: in importtestmodule
    mod = import_path(
C:\Users\brysi\AppData\Roaming\Python\Python312\site-packages\_pytest\pathlib.py:591: in import_path
    importlib.import_module(module_name)
C:\Program Files\Python312\Lib\importlib\__init__.py:90: in import_module
    return _bootstrap._gcd_import(name[level:], package, level)
&lt;frozen importlib._bootstrap&gt;:1387: in _gcd_import
    ???
&lt;frozen importlib._bootstrap&gt;:1360: in _find_and_load
    ???
&lt;frozen importlib._bootstrap&gt;:1331: in _find_and_load_unlocked
    ???
&lt;frozen importlib._bootstrap&gt;:935: in _load_unlocked
    ???
C:\Users\brysi\AppData\Roaming\Python\Python312\site-packages\_pytest\assertion\rewrite.py:178: in exec_module
    exec(co, module.__dict__)
C:\Program Files\MySQL\MySQL Shell 8.0\lib\Python3.12\Lib\site-packages\setuptools\_distutils\tests\test_config_cmd.py:10: in &lt;module&gt;
    import path
E   ModuleNotFoundError: No module named 'path'</error></testcase><testcase classname="" name="Program Files.MySQL.MySQL Shell 8.0.lib.Python3.12.Lib.site-packages.setuptools._distutils.tests.test_dir_util" time="0.000"><error message="collection failure">ImportError while importing test module 'C:\Program Files\MySQL\MySQL Shell 8.0\lib\Python3.12\Lib\site-packages\setuptools\_distutils\tests\test_dir_util.py'.
Hint: make sure your test modules/packages have valid Python names.
Traceback:
C:\Users\brysi\AppData\Roaming\Python\Python312\site-packages\_pytest\python.py:492: in importtestmodule
    mod = import_path(
C:\Users\brysi\AppData\Roaming\Python\Python312\site-packages\_pytest\pathlib.py:591: in import_path
    importlib.import_module(module_name)
C:\Program Files\Python312\Lib\importlib\__init__.py:90: in import_module
    return _bootstrap._gcd_import(name[level:], package, level)
&lt;frozen importlib._bootstrap&gt;:1387: in _gcd_import
    ???
&lt;frozen importlib._bootstrap&gt;:1360: in _find_and_load
    ???
&lt;frozen importlib._bootstrap&gt;:1331: in _find_and_load_unlocked
    ???
&lt;frozen importlib._bootstrap&gt;:935: in _load_unlocked
    ???
C:\Users\brysi\AppData\Roaming\Python\Python312\site-packages\_pytest\assertion\rewrite.py:178: in exec_module
    exec(co, module.__dict__)
C:\Program Files\MySQL\MySQL Shell 8.0\lib\Python3.12\Lib\site-packages\setuptools\_distutils\tests\test_dir_util.py:16: in &lt;module&gt;
    import jaraco.path
E   ModuleNotFoundError: No module named 'jaraco.path'</error></testcase><testcase classname="" name="Program Files.MySQL.MySQL Shell 8.0.lib.Python3.12.Lib.site-packages.setuptools._distutils.tests.test_dist" time="0.000"><error message="collection failure">ImportError while importing test module 'C:\Program Files\MySQL\MySQL Shell 8.0\lib\Python3.12\Lib\site-packages\setuptools\_distutils\tests\test_dist.py'.
Hint: make sure your test modules/packages have valid Python names.
Traceback:
C:\Users\brysi\AppData\Roaming\Python\Python312\site-packages\_pytest\python.py:492: in importtestmodule
    mod = import_path(
C:\Users\brysi\AppData\Roaming\Python\Python312\site-packages\_pytest\pathlib.py:591: in import_path
    importlib.import_module(module_name)
C:\Program Files\Python312\Lib\importlib\__init__.py:90: in import_module
    return _bootstrap._gcd_import(name[level:], package, level)
&lt;frozen importlib._bootstrap&gt;:1387: in _gcd_import
    ???
&lt;frozen importlib._bootstrap&gt;:1360: in _find_and_load
    ???
&lt;frozen importlib._bootstrap&gt;:1331: in _find_and_load_unlocked
    ???
&lt;frozen importlib._bootstrap&gt;:935: in _load_unlocked
    ???
C:\Users\brysi\AppData\Roaming\Python\Python312\site-packages\_pytest\assertion\rewrite.py:178: in exec_module
    exec(co, module.__dict__)
C:\Program Files\MySQL\MySQL Shell 8.0\lib\Python3.12\Lib\site-packages\setuptools\_distutils\tests\test_dist.py:17: in &lt;module&gt;
    import jaraco.path
E   ModuleNotFoundError: No module named 'jaraco.path'</error></testcase><testcase classname="" name="Program Files.MySQL.MySQL Shell 8.0.lib.Python3.12.Lib.site-packages.setuptools._distutils.tests.test_file_util" time="0.000"><error message="collection failure">ImportError while importing test module 'C:\Program Files\MySQL\MySQL Shell 8.0\lib\Python3.12\Lib\site-packages\setuptools\_distutils\tests\test_file_util.py'.
Hint: make sure your test modules/packages have valid Python names.
Traceback:
C:\Users\brysi\AppData\Roaming\Python\Python312\site-packages\_pytest\python.py:492: in importtestmodule
    mod = import_path(
C:\Users\brysi\AppData\Roaming\Python\Python312\site-packages\_pytest\pathlib.py:591: in import_path
    importlib.import_module(module_name)
C:\Program Files\Python312\Lib\importlib\__init__.py:90: in import_module
    return _bootstrap._gcd_import(name[level:], package, level)
&lt;frozen importlib._bootstrap&gt;:1387: in _gcd_import
    ???
&lt;frozen importlib._bootstrap&gt;:1360: in _find_and_load
    ???
&lt;frozen importlib._bootstrap&gt;:1331: in _find_and_load_unlocked
    ???
&lt;frozen importlib._bootstrap&gt;:935: in _load_unlocked
    ???
C:\Users\brysi\AppData\Roaming\Python\Python312\site-packages\_pytest\assertion\rewrite.py:178: in exec_module
    exec(co, module.__dict__)
C:\Program Files\MySQL\MySQL Shell 8.0\lib\Python3.12\Lib\site-packages\setuptools\_distutils\tests\test_file_util.py:9: in &lt;module&gt;
    import jaraco.path
E   ModuleNotFoundError: No module named 'jaraco.path'</error></testcase><testcase classname="" name="Program Files.MySQL.MySQL Shell 8.0.lib.Python3.12.Lib.site-packages.setuptools._distutils.tests.test_filelist" time="0.000"><error message="collection failure">ImportError while importing test module 'C:\Program Files\MySQL\MySQL Shell 8.0\lib\Python3.12\Lib\site-packages\setuptools\_distutils\tests\test_filelist.py'.
Hint: make sure your test modules/packages have valid Python names.
Traceback:
C:\Users\brysi\AppData\Roaming\Python\Python312\site-packages\_pytest\python.py:492: in importtestmodule
    mod = import_path(
C:\Users\brysi\AppData\Roaming\Python\Python312\site-packages\_pytest\pathlib.py:591: in import_path
    importlib.import_module(module_name)
C:\Program Files\Python312\Lib\importlib\__init__.py:90: in import_module
    return _bootstrap._gcd_import(name[level:], package, level)
&lt;frozen importlib._bootstrap&gt;:1387: in _gcd_import
    ???
&lt;frozen importlib._bootstrap&gt;:1360: in _find_and_load
    ???
&lt;frozen importlib._bootstrap&gt;:1331: in _find_and_load_unlocked
    ???
&lt;frozen importlib._bootstrap&gt;:935: in _load_unlocked
    ???
C:\Users\brysi\AppData\Roaming\Python\Python312\site-packages\_pytest\assertion\rewrite.py:178: in exec_module
    exec(co, module.__dict__)
C:\Program Files\MySQL\MySQL Shell 8.0\lib\Python3.12\Lib\site-packages\setuptools\_distutils\tests\test_filelist.py:10: in &lt;module&gt;
    import jaraco.path
E   ModuleNotFoundError: No module named 'jaraco.path'</error></testcase><testcase classname="" name="Program Files.MySQL.MySQL Shell 8.0.lib.Python3.12.Lib.site-packages.setuptools._distutils.tests.test_install_scripts" time="0.000"><error message="collection failure">ImportError while importing test module 'C:\Program Files\MySQL\MySQL Shell 8.0\lib\Python3.12\Lib\site-packages\setuptools\_distutils\tests\test_install_scripts.py'.
Hint: make sure your test modules/packages have valid Python names.
Traceback:
C:\Users\brysi\AppData\Roaming\Python\Python312\site-packages\_pytest\python.py:492: in importtestmodule
    mod = import_path(
C:\Users\brysi\AppData\Roaming\Python\Python312\site-packages\_pytest\pathlib.py:591: in import_path
    importlib.import_module(module_name)
C:\Program Files\Python312\Lib\importlib\__init__.py:90: in import_module
    return _bootstrap._gcd_import(name[level:], package, level)
&lt;frozen importlib._bootstrap&gt;:1387: in _gcd_import
    ???
&lt;frozen importlib._bootstrap&gt;:1360: in _find_and_load
    ???
&lt;frozen importlib._bootstrap&gt;:1331: in _find_and_load_unlocked
    ???
&lt;frozen importlib._bootstrap&gt;:935: in _load_unlocked
    ???
C:\Users\brysi\AppData\Roaming\Python\Python312\site-packages\_pytest\assertion\rewrite.py:178: in exec_module
    exec(co, module.__dict__)
C:\Program Files\MySQL\MySQL Shell 8.0\lib\Python3.12\Lib\site-packages\setuptools\_distutils\tests\test_install_scripts.py:8: in &lt;module&gt;
    from . import test_build_scripts
C:\Users\brysi\AppData\Roaming\Python\Python312\site-packages\_pytest\assertion\rewrite.py:178: in exec_module
    exec(co, module.__dict__)
C:\Program Files\MySQL\MySQL Shell 8.0\lib\Python3.12\Lib\site-packages\setuptools\_distutils\tests\test_build_scripts.py:10: in &lt;module&gt;
    import jaraco.path
E   ModuleNotFoundError: No module named 'jaraco.path'</error></testcase><testcase classname="" name="Program Files.MySQL.MySQL Shell 8.0.lib.Python3.12.Lib.site-packages.setuptools._distutils.tests.test_sdist" time="0.000"><error message="collection failure">ImportError while importing test module 'C:\Program Files\MySQL\MySQL Shell 8.0\lib\Python3.12\Lib\site-packages\setuptools\_distutils\tests\test_sdist.py'.
Hint: make sure your test modules/packages have valid Python names.
Traceback:
C:\Users\brysi\AppData\Roaming\Python\Python312\site-packages\_pytest\python.py:492: in importtestmodule
    mod = import_path(
C:\Users\brysi\AppData\Roaming\Python\Python312\site-packages\_pytest\pathlib.py:591: in import_path
    importlib.import_module(module_name)
C:\Program Files\Python312\Lib\importlib\__init__.py:90: in import_module
    return _bootstrap._gcd_import(name[level:], package, level)
&lt;frozen importlib._bootstrap&gt;:1387: in _gcd_import
    ???
&lt;frozen importlib._bootstrap&gt;:1360: in _find_and_load
    ???
&lt;frozen importlib._bootstrap&gt;:1331: in _find_and_load_unlocked
    ???
&lt;frozen importlib._bootstrap&gt;:935: in _load_unlocked
    ???
C:\Users\brysi\AppData\Roaming\Python\Python312\site-packages\_pytest\assertion\rewrite.py:178: in exec_module
    exec(co, module.__dict__)
C:\Program Files\MySQL\MySQL Shell 8.0\lib\Python3.12\Lib\site-packages\setuptools\_distutils\tests\test_sdist.py:18: in &lt;module&gt;
    import jaraco.path
E   ModuleNotFoundError: No module named 'jaraco.path'</error></testcase><testcase classname="" name="Program Files.MySQL.MySQL Shell 8.0.lib.Python3.12.Lib.site-packages.setuptools._distutils.tests.test_spawn" time="0.000"><error message="collection failure">ImportError while importing test module 'C:\Program Files\MySQL\MySQL Shell 8.0\lib\Python3.12\Lib\site-packages\setuptools\_distutils\tests\test_spawn.py'.
Hint: make sure your test modules/packages have valid Python names.
Traceback:
C:\Users\brysi\AppData\Roaming\Python\Python312\site-packages\_pytest\python.py:492: in importtestmodule
    mod = import_path(
C:\Users\brysi\AppData\Roaming\Python\Python312\site-packages\_pytest\pathlib.py:591: in import_path
    importlib.import_module(module_name)
C:\Program Files\Python312\Lib\importlib\__init__.py:90: in import_module
    return _bootstrap._gcd_import(name[level:], package, level)
&lt;frozen importlib._bootstrap&gt;:1387: in _gcd_import
    ???
&lt;frozen importlib._bootstrap&gt;:1360: in _find_and_load
    ???
&lt;frozen importlib._bootstrap&gt;:1331: in _find_and_load_unlocked
    ???
&lt;frozen importlib._bootstrap&gt;:935: in _load_unlocked
    ???
C:\Users\brysi\AppData\Roaming\Python\Python312\site-packages\_pytest\assertion\rewrite.py:178: in exec_module
    exec(co, module.__dict__)
C:\Program Files\MySQL\MySQL Shell 8.0\lib\Python3.12\Lib\site-packages\setuptools\_distutils\tests\test_spawn.py:11: in &lt;module&gt;
    import path
E   ModuleNotFoundError: No module named 'path'</error></testcase><testcase classname="" name="Program Files.MySQL.MySQL Shell 8.0.lib.Python3.12.Lib.site-packages.setuptools._distutils.tests.test_sysconfig" time="0.000"><error message="collection failure">ImportError while importing test module 'C:\Program Files\MySQL\MySQL Shell 8.0\lib\Python3.12\Lib\site-packages\setuptools\_distutils\tests\test_sysconfig.py'.
Hint: make sure your test modules/packages have valid Python names.
Traceback:
C:\Users\brysi\AppData\Roaming\Python\Python312\site-packages\_pytest\python.py:492: in importtestmodule
    mod = import_path(
C:\Users\brysi\AppData\Roaming\Python\Python312\site-packages\_pytest\pathlib.py:591: in import_path
    importlib.import_module(module_name)
C:\Program Files\Python312\Lib\importlib\__init__.py:90: in import_module
    return _bootstrap._gcd_import(name[level:], package, level)
&lt;frozen importlib._bootstrap&gt;:1387: in _gcd_import
    ???
&lt;frozen importlib._bootstrap&gt;:1360: in _find_and_load
    ???
&lt;frozen importlib._bootstrap&gt;:1331: in _find_and_load_unlocked
    ???
&lt;frozen importlib._bootstrap&gt;:935: in _load_unlocked
    ???
C:\Users\brysi\AppData\Roaming\Python\Python312\site-packages\_pytest\assertion\rewrite.py:178: in exec_module
    exec(co, module.__dict__)
C:\Program Files\MySQL\MySQL Shell 8.0\lib\Python3.12\Lib\site-packages\setuptools\_distutils\tests\test_sysconfig.py:13: in &lt;module&gt;
    import jaraco.envs
E   ModuleNotFoundError: No module named 'jaraco.envs'</error></testcase><testcase classname="" name="Program Files.MySQL.MySQL Shell 8.0.lib.Python3.12.Lib.site-packages.setuptools._distutils.tests.test_text_file" time="0.000"><error message="collection failure">ImportError while importing test module 'C:\Program Files\MySQL\MySQL Shell 8.0\lib\Python3.12\Lib\site-packages\setuptools\_distutils\tests\test_text_file.py'.
Hint: make sure your test modules/packages have valid Python names.
Traceback:
C:\Users\brysi\AppData\Roaming\Python\Python312\site-packages\_pytest\python.py:492: in importtestmodule
    mod = import_path(
C:\Users\brysi\AppData\Roaming\Python\Python312\site-packages\_pytest\pathlib.py:591: in import_path
    importlib.import_module(module_name)
C:\Program Files\Python312\Lib\importlib\__init__.py:90: in import_module
    return _bootstrap._gcd_import(name[level:], package, level)
&lt;frozen importlib._bootstrap&gt;:1387: in _gcd_import
    ???
&lt;frozen importlib._bootstrap&gt;:1360: in _find_and_load
    ???
&lt;frozen importlib._bootstrap&gt;:1331: in _find_and_load_unlocked
    ???
&lt;frozen importlib._bootstrap&gt;:935: in _load_unlocked
    ???
C:\Users\brysi\AppData\Roaming\Python\Python312\site-packages\_pytest\assertion\rewrite.py:178: in exec_module
    exec(co, module.__dict__)
C:\Program Files\MySQL\MySQL Shell 8.0\lib\Python3.12\Lib\site-packages\setuptools\_distutils\tests\test_text_file.py:6: in &lt;module&gt;
    import jaraco.path
E   ModuleNotFoundError: No module named 'jaraco.path'</error></testcase><testcase classname="" name="Program Files.MySQL.MySQL Shell 8.0.lib.Python3.12.Lib.site-packages.setuptools._vendor.importlib_resources.tests.test_compatibilty_files" time="0.000"><error message="collection failure">ImportError while importing test module 'C:\Program Files\MySQL\MySQL Shell 8.0\lib\Python3.12\Lib\site-packages\setuptools\_vendor\importlib_resources\tests\test_compatibilty_files.py'.
Hint: make sure your test modules/packages have valid Python names.
Traceback:
C:\Users\brysi\AppData\Roaming\Python\Python312\site-packages\_pytest\python.py:492: in importtestmodule
    mod = import_path(
C:\Users\brysi\AppData\Roaming\Python\Python312\site-packages\_pytest\pathlib.py:591: in import_path
    importlib.import_module(module_name)
C:\Program Files\Python312\Lib\importlib\__init__.py:90: in import_module
    return _bootstrap._gcd_import(name[level:], package, level)
&lt;frozen importlib._bootstrap&gt;:1387: in _gcd_import
    ???
&lt;frozen importlib._bootstrap&gt;:1360: in _find_and_load
    ???
&lt;frozen importlib._bootstrap&gt;:1331: in _find_and_load_unlocked
    ???
&lt;frozen importlib._bootstrap&gt;:935: in _load_unlocked
    ???
C:\Users\brysi\AppData\Roaming\Python\Python312\site-packages\_pytest\assertion\rewrite.py:178: in exec_module
    exec(co, module.__dict__)
C:\Program Files\MySQL\MySQL Shell 8.0\lib\Python3.12\Lib\site-packages\setuptools\_vendor\importlib_resources\tests\test_compatibilty_files.py:11: in &lt;module&gt;
    from . import util
C:\Program Files\MySQL\MySQL Shell 8.0\lib\Python3.12\Lib\site-packages\setuptools\_vendor\importlib_resources\tests\util.py:11: in &lt;module&gt;
    from .compat.py39 import import_helper, os_helper
C:\Program Files\MySQL\MySQL Shell 8.0\lib\Python3.12\Lib\site-packages\setuptools\_vendor\importlib_resources\tests\compat\py39.py:5: in &lt;module&gt;
    from jaraco.test.cpython import from_test_support, try_import
E   ModuleNotFoundError: No module named 'jaraco.test'</error></testcase><testcase classname="" name="Program Files.MySQL.MySQL Shell 8.0.lib.Python3.12.Lib.site-packages.setuptools._vendor.importlib_resources.tests.test_contents" time="0.000"><error message="collection failure">ImportError while importing test module 'C:\Program Files\MySQL\MySQL Shell 8.0\lib\Python3.12\Lib\site-packages\setuptools\_vendor\importlib_resources\tests\test_contents.py'.
Hint: make sure your test modules/packages have valid Python names.
Traceback:
C:\Users\brysi\AppData\Roaming\Python\Python312\site-packages\_pytest\python.py:492: in importtestmodule
    mod = import_path(
C:\Users\brysi\AppData\Roaming\Python\Python312\site-packages\_pytest\pathlib.py:591: in import_path
    importlib.import_module(module_name)
C:\Program Files\Python312\Lib\importlib\__init__.py:90: in import_module
    return _bootstrap._gcd_import(name[level:], package, level)
&lt;frozen importlib._bootstrap&gt;:1387: in _gcd_import
    ???
&lt;frozen importlib._bootstrap&gt;:1360: in _find_and_load
    ???
&lt;frozen importlib._bootstrap&gt;:1331: in _find_and_load_unlocked
    ???
&lt;frozen importlib._bootstrap&gt;:935: in _load_unlocked
    ???
C:\Users\brysi\AppData\Roaming\Python\Python312\site-packages\_pytest\assertion\rewrite.py:178: in exec_module
    exec(co, module.__dict__)
C:\Program Files\MySQL\MySQL Shell 8.0\lib\Python3.12\Lib\site-packages\setuptools\_vendor\importlib_resources\tests\test_contents.py:5: in &lt;module&gt;
    from . import util
C:\Program Files\MySQL\MySQL Shell 8.0\lib\Python3.12\Lib\site-packages\setuptools\_vendor\importlib_resources\tests\util.py:11: in &lt;module&gt;
    from .compat.py39 import import_helper, os_helper
C:\Program Files\MySQL\MySQL Shell 8.0\lib\Python3.12\Lib\site-packages\setuptools\_vendor\importlib_resources\tests\compat\py39.py:5: in &lt;module&gt;
    from jaraco.test.cpython import from_test_support, try_import
E   ModuleNotFoundError: No module named 'jaraco.test'</error></testcase><testcase classname="" name="Program Files.MySQL.MySQL Shell 8.0.lib.Python3.12.Lib.site-packages.setuptools._vendor.importlib_resources.tests.test_custom" time="0.000"><error message="collection failure">ImportError while importing test module 'C:\Program Files\MySQL\MySQL Shell 8.0\lib\Python3.12\Lib\site-packages\setuptools\_vendor\importlib_resources\tests\test_custom.py'.
Hint: make sure your test modules/packages have valid Python names.
Traceback:
C:\Users\brysi\AppData\Roaming\Python\Python312\site-packages\_pytest\python.py:492: in importtestmodule
    mod = import_path(
C:\Users\brysi\AppData\Roaming\Python\Python312\site-packages\_pytest\pathlib.py:591: in import_path
    importlib.import_module(module_name)
C:\Program Files\Python312\Lib\importlib\__init__.py:90: in import_module
    return _bootstrap._gcd_import(name[level:], package, level)
&lt;frozen importlib._bootstrap&gt;:1387: in _gcd_import
    ???
&lt;frozen importlib._bootstrap&gt;:1360: in _find_and_load
    ???
&lt;frozen importlib._bootstrap&gt;:1331: in _find_and_load_unlocked
    ???
&lt;frozen importlib._bootstrap&gt;:935: in _load_unlocked
    ???
C:\Users\brysi\AppData\Roaming\Python\Python312\site-packages\_pytest\assertion\rewrite.py:178: in exec_module
    exec(co, module.__dict__)
C:\Program Files\MySQL\MySQL Shell 8.0\lib\Python3.12\Lib\site-packages\setuptools\_vendor\importlib_resources\tests\test_custom.py:8: in &lt;module&gt;
    from . import util
C:\Program Files\MySQL\MySQL Shell 8.0\lib\Python3.12\Lib\site-packages\setuptools\_vendor\importlib_resources\tests\util.py:11: in &lt;module&gt;
    from .compat.py39 import import_helper, os_helper
C:\Program Files\MySQL\MySQL Shell 8.0\lib\Python3.12\Lib\site-packages\setuptools\_vendor\importlib_resources\tests\compat\py39.py:5: in &lt;module&gt;
    from jaraco.test.cpython import from_test_support, try_import
E   ModuleNotFoundError: No module named 'jaraco.test'</error></testcase><testcase classname="" name="Program Files.MySQL.MySQL Shell 8.0.lib.Python3.12.Lib.site-packages.setuptools._vendor.importlib_resources.tests.test_files" time="0.000"><error message="collection failure">ImportError while importing test module 'C:\Program Files\MySQL\MySQL Shell 8.0\lib\Python3.12\Lib\site-packages\setuptools\_vendor\importlib_resources\tests\test_files.py'.
Hint: make sure your test modules/packages have valid Python names.
Traceback:
C:\Users\brysi\AppData\Roaming\Python\Python312\site-packages\_pytest\python.py:492: in importtestmodule
    mod = import_path(
C:\Users\brysi\AppData\Roaming\Python\Python312\site-packages\_pytest\pathlib.py:591: in import_path
    importlib.import_module(module_name)
C:\Program Files\Python312\Lib\importlib\__init__.py:90: in import_module
    return _bootstrap._gcd_import(name[level:], package, level)
&lt;frozen importlib._bootstrap&gt;:1387: in _gcd_import
    ???
&lt;frozen importlib._bootstrap&gt;:1360: in _find_and_load
    ???
&lt;frozen importlib._bootstrap&gt;:1331: in _find_and_load_unlocked
    ???
&lt;frozen importlib._bootstrap&gt;:935: in _load_unlocked
    ???
C:\Users\brysi\AppData\Roaming\Python\Python312\site-packages\_pytest\assertion\rewrite.py:178: in exec_module
    exec(co, module.__dict__)
C:\Program Files\MySQL\MySQL Shell 8.0\lib\Python3.12\Lib\site-packages\setuptools\_vendor\importlib_resources\tests\test_files.py:10: in &lt;module&gt;
    from . import util
C:\Program Files\MySQL\MySQL Shell 8.0\lib\Python3.12\Lib\site-packages\setuptools\_vendor\importlib_resources\tests\util.py:11: in &lt;module&gt;
    from .compat.py39 import import_helper, os_helper
C:\Program Files\MySQL\MySQL Shell 8.0\lib\Python3.12\Lib\site-packages\setuptools\_vendor\importlib_resources\tests\compat\py39.py:5: in &lt;module&gt;
    from jaraco.test.cpython import from_test_support, try_import
E   ModuleNotFoundError: No module named 'jaraco.test'</error></testcase><testcase classname="" name="Program Files.MySQL.MySQL Shell 8.0.lib.Python3.12.Lib.site-packages.setuptools._vendor.importlib_resources.tests.test_open" time="0.000"><error message="collection failure">ImportError while importing test module 'C:\Program Files\MySQL\MySQL Shell 8.0\lib\Python3.12\Lib\site-packages\setuptools\_vendor\importlib_resources\tests\test_open.py'.
Hint: make sure your test modules/packages have valid Python names.
Traceback:
C:\Users\brysi\AppData\Roaming\Python\Python312\site-packages\_pytest\python.py:492: in importtestmodule
    mod = import_path(
C:\Users\brysi\AppData\Roaming\Python\Python312\site-packages\_pytest\pathlib.py:591: in import_path
    importlib.import_module(module_name)
C:\Program Files\Python312\Lib\importlib\__init__.py:90: in import_module
    return _bootstrap._gcd_import(name[level:], package, level)
&lt;frozen importlib._bootstrap&gt;:1387: in _gcd_import
    ???
&lt;frozen importlib._bootstrap&gt;:1360: in _find_and_load
    ???
&lt;frozen importlib._bootstrap&gt;:1331: in _find_and_load_unlocked
    ???
&lt;frozen importlib._bootstrap&gt;:935: in _load_unlocked
    ???
C:\Users\brysi\AppData\Roaming\Python\Python312\site-packages\_pytest\assertion\rewrite.py:178: in exec_module
    exec(co, module.__dict__)
C:\Program Files\MySQL\MySQL Shell 8.0\lib\Python3.12\Lib\site-packages\setuptools\_vendor\importlib_resources\tests\test_open.py:5: in &lt;module&gt;
    from . import util
C:\Program Files\MySQL\MySQL Shell 8.0\lib\Python3.12\Lib\site-packages\setuptools\_vendor\importlib_resources\tests\util.py:11: in &lt;module&gt;
    from .compat.py39 import import_helper, os_helper
C:\Program Files\MySQL\MySQL Shell 8.0\lib\Python3.12\Lib\site-packages\setuptools\_vendor\importlib_resources\tests\compat\py39.py:5: in &lt;module&gt;
    from jaraco.test.cpython import from_test_support, try_import
E   ModuleNotFoundError: No module named 'jaraco.test'</error></testcase><testcase classname="" name="Program Files.MySQL.MySQL Shell 8.0.lib.Python3.12.Lib.site-packages.setuptools._vendor.importlib_resources.tests.test_path" time="0.000"><error message="collection failure">ImportError while importing test module 'C:\Program Files\MySQL\MySQL Shell 8.0\lib\Python3.12\Lib\site-packages\setuptools\_vendor\importlib_resources\tests\test_path.py'.
Hint: make sure your test modules/packages have valid Python names.
Traceback:
C:\Users\brysi\AppData\Roaming\Python\Python312\site-packages\_pytest\python.py:492: in importtestmodule
    mod = import_path(
C:\Users\brysi\AppData\Roaming\Python\Python312\site-packages\_pytest\pathlib.py:591: in import_path
    importlib.import_module(module_name)
C:\Program Files\Python312\Lib\importlib\__init__.py:90: in import_module
    return _bootstrap._gcd_import(name[level:], package, level)
&lt;frozen importlib._bootstrap&gt;:1387: in _gcd_import
    ???
&lt;frozen importlib._bootstrap&gt;:1360: in _find_and_load
    ???
&lt;frozen importlib._bootstrap&gt;:1331: in _find_and_load_unlocked
    ???
&lt;frozen importlib._bootstrap&gt;:935: in _load_unlocked
    ???
C:\Users\brysi\AppData\Roaming\Python\Python312\site-packages\_pytest\assertion\rewrite.py:178: in exec_module
    exec(co, module.__dict__)
C:\Program Files\MySQL\MySQL Shell 8.0\lib\Python3.12\Lib\site-packages\setuptools\_vendor\importlib_resources\tests\test_path.py:7: in &lt;module&gt;
    from . import util
C:\Program Files\MySQL\MySQL Shell 8.0\lib\Python3.12\Lib\site-packages\setuptools\_vendor\importlib_resources\tests\util.py:11: in &lt;module&gt;
    from .compat.py39 import import_helper, os_helper
C:\Program Files\MySQL\MySQL Shell 8.0\lib\Python3.12\Lib\site-packages\setuptools\_vendor\importlib_resources\tests\compat\py39.py:5: in &lt;module&gt;
    from jaraco.test.cpython import from_test_support, try_import
E   ModuleNotFoundError: No module named 'jaraco.test'</error></testcase><testcase classname="" name="Program Files.MySQL.MySQL Shell 8.0.lib.Python3.12.Lib.site-packages.setuptools._vendor.importlib_resources.tests.test_read" time="0.000"><error message="collection failure">ImportError while importing test module 'C:\Program Files\MySQL\MySQL Shell 8.0\lib\Python3.12\Lib\site-packages\setuptools\_vendor\importlib_resources\tests\test_read.py'.
Hint: make sure your test modules/packages have valid Python names.
Traceback:
C:\Users\brysi\AppData\Roaming\Python\Python312\site-packages\_pytest\python.py:492: in importtestmodule
    mod = import_path(
C:\Users\brysi\AppData\Roaming\Python\Python312\site-packages\_pytest\pathlib.py:591: in import_path
    importlib.import_module(module_name)
C:\Program Files\Python312\Lib\importlib\__init__.py:90: in import_module
    return _bootstrap._gcd_import(name[level:], package, level)
&lt;frozen importlib._bootstrap&gt;:1387: in _gcd_import
    ???
&lt;frozen importlib._bootstrap&gt;:1360: in _find_and_load
    ???
&lt;frozen importlib._bootstrap&gt;:1331: in _find_and_load_unlocked
    ???
&lt;frozen importlib._bootstrap&gt;:935: in _load_unlocked
    ???
C:\Users\brysi\AppData\Roaming\Python\Python312\site-packages\_pytest\assertion\rewrite.py:178: in exec_module
    exec(co, module.__dict__)
C:\Program Files\MySQL\MySQL Shell 8.0\lib\Python3.12\Lib\site-packages\setuptools\_vendor\importlib_resources\tests\test_read.py:5: in &lt;module&gt;
    from . import util
C:\Program Files\MySQL\MySQL Shell 8.0\lib\Python3.12\Lib\site-packages\setuptools\_vendor\importlib_resources\tests\util.py:11: in &lt;module&gt;
    from .compat.py39 import import_helper, os_helper
C:\Program Files\MySQL\MySQL Shell 8.0\lib\Python3.12\Lib\site-packages\setuptools\_vendor\importlib_resources\tests\compat\py39.py:5: in &lt;module&gt;
    from jaraco.test.cpython import from_test_support, try_import
E   ModuleNotFoundError: No module named 'jaraco.test'</error></testcase><testcase classname="" name="Program Files.MySQL.MySQL Shell 8.0.lib.Python3.12.Lib.site-packages.setuptools._vendor.importlib_resources.tests.test_resource" time="0.000"><error message="collection failure">ImportError while importing test module 'C:\Program Files\MySQL\MySQL Shell 8.0\lib\Python3.12\Lib\site-packages\setuptools\_vendor\importlib_resources\tests\test_resource.py'.
Hint: make sure your test modules/packages have valid Python names.
Traceback:
C:\Users\brysi\AppData\Roaming\Python\Python312\site-packages\_pytest\python.py:492: in importtestmodule
    mod = import_path(
C:\Users\brysi\AppData\Roaming\Python\Python312\site-packages\_pytest\pathlib.py:591: in import_path
    importlib.import_module(module_name)
C:\Program Files\Python312\Lib\importlib\__init__.py:90: in import_module
    return _bootstrap._gcd_import(name[level:], package, level)
&lt;frozen importlib._bootstrap&gt;:1387: in _gcd_import
    ???
&lt;frozen importlib._bootstrap&gt;:1360: in _find_and_load
    ???
&lt;frozen importlib._bootstrap&gt;:1331: in _find_and_load_unlocked
    ???
&lt;frozen importlib._bootstrap&gt;:935: in _load_unlocked
    ???
C:\Users\brysi\AppData\Roaming\Python\Python312\site-packages\_pytest\assertion\rewrite.py:178: in exec_module
    exec(co, module.__dict__)
C:\Program Files\MySQL\MySQL Shell 8.0\lib\Python3.12\Lib\site-packages\setuptools\_vendor\importlib_resources\tests\test_resource.py:7: in &lt;module&gt;
    from . import util
C:\Program Files\MySQL\MySQL Shell 8.0\lib\Python3.12\Lib\site-packages\setuptools\_vendor\importlib_resources\tests\util.py:11: in &lt;module&gt;
    from .compat.py39 import import_helper, os_helper
C:\Program Files\MySQL\MySQL Shell 8.0\lib\Python3.12\Lib\site-packages\setuptools\_vendor\importlib_resources\tests\compat\py39.py:5: in &lt;module&gt;
    from jaraco.test.cpython import from_test_support, try_import
E   ModuleNotFoundError: No module named 'jaraco.test'</error></testcase><testcase classname="" name="Program Files.MySQL.MySQL Shell 8.0.lib.Python3.12.Lib.site-packages.setuptools.tests.config.test_apply_pyprojecttoml" time="0.000"><error message="collection failure">ImportError while importing test module 'C:\Program Files\MySQL\MySQL Shell 8.0\lib\Python3.12\Lib\site-packages\setuptools\tests\config\test_apply_pyprojecttoml.py'.
Hint: make sure your test modules/packages have valid Python names.
Traceback:
C:\Users\brysi\AppData\Roaming\Python\Python312\site-packages\_pytest\python.py:492: in importtestmodule
    mod = import_path(
C:\Users\brysi\AppData\Roaming\Python\Python312\site-packages\_pytest\pathlib.py:591: in import_path
    importlib.import_module(module_name)
C:\Program Files\Python312\Lib\importlib\__init__.py:90: in import_module
    return _bootstrap._gcd_import(name[level:], package, level)
&lt;frozen importlib._bootstrap&gt;:1387: in _gcd_import
    ???
&lt;frozen importlib._bootstrap&gt;:1360: in _find_and_load
    ???
&lt;frozen importlib._bootstrap&gt;:1331: in _find_and_load_unlocked
    ???
&lt;frozen importlib._bootstrap&gt;:935: in _load_unlocked
    ???
C:\Users\brysi\AppData\Roaming\Python\Python312\site-packages\_pytest\assertion\rewrite.py:178: in exec_module
    exec(co, module.__dict__)
C:\Program Files\MySQL\MySQL Shell 8.0\lib\Python3.12\Lib\site-packages\setuptools\tests\config\test_apply_pyprojecttoml.py:17: in &lt;module&gt;
    from ini2toml.api import LiteTranslator
E   ModuleNotFoundError: No module named 'ini2toml'</error></testcase><testcase classname="" name="Program Files.MySQL.MySQL Shell 8.0.lib.Python3.12.Lib.site-packages.setuptools.tests.config.test_pyprojecttoml" time="0.000"><error message="collection failure">ImportError while importing test module 'C:\Program Files\MySQL\MySQL Shell 8.0\lib\Python3.12\Lib\site-packages\setuptools\tests\config\test_pyprojecttoml.py'.
Hint: make sure your test modules/packages have valid Python names.
Traceback:
C:\Users\brysi\AppData\Roaming\Python\Python312\site-packages\_pytest\python.py:492: in importtestmodule
    mod = import_path(
C:\Users\brysi\AppData\Roaming\Python\Python312\site-packages\_pytest\pathlib.py:591: in import_path
    importlib.import_module(module_name)
C:\Program Files\Python312\Lib\importlib\__init__.py:90: in import_module
    return _bootstrap._gcd_import(name[level:], package, level)
&lt;frozen importlib._bootstrap&gt;:1387: in _gcd_import
    ???
&lt;frozen importlib._bootstrap&gt;:1360: in _find_and_load
    ???
&lt;frozen importlib._bootstrap&gt;:1331: in _find_and_load_unlocked
    ???
&lt;frozen importlib._bootstrap&gt;:935: in _load_unlocked
    ???
C:\Users\brysi\AppData\Roaming\Python\Python312\site-packages\_pytest\assertion\rewrite.py:178: in exec_module
    exec(co, module.__dict__)
C:\Program Files\MySQL\MySQL Shell 8.0\lib\Python3.12\Lib\site-packages\setuptools\tests\config\test_pyprojecttoml.py:5: in &lt;module&gt;
    import jaraco.path
E   ModuleNotFoundError: No module named 'jaraco.path'</error></testcase><testcase classname="" name="Program Files.MySQL.MySQL Shell 8.0.lib.Python3.12.Lib.site-packages.setuptools.tests.config.test_pyprojecttoml_dynamic_deps" time="0.000"><error message="collection failure">ImportError while importing test module 'C:\Program Files\MySQL\MySQL Shell 8.0\lib\Python3.12\Lib\site-packages\setuptools\tests\config\test_pyprojecttoml_dynamic_deps.py'.
Hint: make sure your test modules/packages have valid Python names.
Traceback:
C:\Users\brysi\AppData\Roaming\Python\Python312\site-packages\_pytest\python.py:492: in importtestmodule
    mod = import_path(
C:\Users\brysi\AppData\Roaming\Python\Python312\site-packages\_pytest\pathlib.py:591: in import_path
    importlib.import_module(module_name)
C:\Program Files\Python312\Lib\importlib\__init__.py:90: in import_module
    return _bootstrap._gcd_import(name[level:], package, level)
&lt;frozen importlib._bootstrap&gt;:1387: in _gcd_import
    ???
&lt;frozen importlib._bootstrap&gt;:1360: in _find_and_load
    ???
&lt;frozen importlib._bootstrap&gt;:1331: in _find_and_load_unlocked
    ???
&lt;frozen importlib._bootstrap&gt;:935: in _load_unlocked
    ???
C:\Users\brysi\AppData\Roaming\Python\Python312\site-packages\_pytest\assertion\rewrite.py:178: in exec_module
    exec(co, module.__dict__)
C:\Program Files\MySQL\MySQL Shell 8.0\lib\Python3.12\Lib\site-packages\setuptools\tests\config\test_pyprojecttoml_dynamic_deps.py:4: in &lt;module&gt;
    from jaraco import path
E   ImportError: cannot import name 'path' from 'jaraco' (unknown location)</error></testcase><testcase classname="" name="Program Files.MySQL.MySQL Shell 8.0.lib.Python3.12.Lib.site-packages.setuptools.tests.integration.test_pip_install_sdist" time="0.000"><error message="collection failure">'uses_network' not found in `markers` configuration option</error></testcase><testcase classname="" name="Program Files.MySQL.MySQL Shell 8.0.lib.Python3.12.Lib.site-packages.setuptools.tests.test_bdist_wheel" time="0.000"><error message="collection failure">ImportError while importing test module 'C:\Program Files\MySQL\MySQL Shell 8.0\lib\Python3.12\Lib\site-packages\setuptools\tests\test_bdist_wheel.py'.
Hint: make sure your test modules/packages have valid Python names.
Traceback:
C:\Users\brysi\AppData\Roaming\Python\Python312\site-packages\_pytest\python.py:492: in importtestmodule
    mod = import_path(
C:\Users\brysi\AppData\Roaming\Python\Python312\site-packages\_pytest\pathlib.py:591: in import_path
    importlib.import_module(module_name)
C:\Program Files\Python312\Lib\importlib\__init__.py:90: in import_module
    return _bootstrap._gcd_import(name[level:], package, level)
&lt;frozen importlib._bootstrap&gt;:1387: in _gcd_import
    ???
&lt;frozen importlib._bootstrap&gt;:1360: in _find_and_load
    ???
&lt;frozen importlib._bootstrap&gt;:1331: in _find_and_load_unlocked
    ???
&lt;frozen importlib._bootstrap&gt;:935: in _load_unlocked
    ???
C:\Users\brysi\AppData\Roaming\Python\Python312\site-packages\_pytest\assertion\rewrite.py:178: in exec_module
    exec(co, module.__dict__)
C:\Program Files\MySQL\MySQL Shell 8.0\lib\Python3.12\Lib\site-packages\setuptools\tests\test_bdist_wheel.py:17: in &lt;module&gt;
    import jaraco.path
E   ModuleNotFoundError: No module named 'jaraco.path'</error></testcase><testcase classname="" name="Program Files.MySQL.MySQL Shell 8.0.lib.Python3.12.Lib.site-packages.setuptools.tests.test_build_ext" time="0.000"><error message="collection failure">ImportError while importing test module 'C:\Program Files\MySQL\MySQL Shell 8.0\lib\Python3.12\Lib\site-packages\setuptools\tests\test_build_ext.py'.
Hint: make sure your test modules/packages have valid Python names.
Traceback:
C:\Users\brysi\AppData\Roaming\Python\Python312\site-packages\_pytest\python.py:492: in importtestmodule
    mod = import_path(
C:\Users\brysi\AppData\Roaming\Python\Python312\site-packages\_pytest\pathlib.py:591: in import_path
    importlib.import_module(module_name)
C:\Program Files\Python312\Lib\importlib\__init__.py:90: in import_module
    return _bootstrap._gcd_import(name[level:], package, level)
&lt;frozen importlib._bootstrap&gt;:1387: in _gcd_import
    ???
&lt;frozen importlib._bootstrap&gt;:1360: in _find_and_load
    ???
&lt;frozen importlib._bootstrap&gt;:1331: in _find_and_load_unlocked
    ???
&lt;frozen importlib._bootstrap&gt;:935: in _load_unlocked
    ???
C:\Users\brysi\AppData\Roaming\Python\Python312\site-packages\_pytest\assertion\rewrite.py:178: in exec_module
    exec(co, module.__dict__)
C:\Program Files\MySQL\MySQL Shell 8.0\lib\Python3.12\Lib\site-packages\setuptools\tests\test_build_ext.py:6: in &lt;module&gt;
    from jaraco import path
E   ImportError: cannot import name 'path' from 'jaraco' (unknown location)</error></testcase><testcase classname="" name="Program Files.MySQL.MySQL Shell 8.0.lib.Python3.12.Lib.site-packages.setuptools.tests.test_build_meta" time="0.000"><error message="collection failure">ImportError while importing test module 'C:\Program Files\MySQL\MySQL Shell 8.0\lib\Python3.12\Lib\site-packages\setuptools\tests\test_build_meta.py'.
Hint: make sure your test modules/packages have valid Python names.
Traceback:
C:\Users\brysi\AppData\Roaming\Python\Python312\site-packages\_pytest\python.py:492: in importtestmodule
    mod = import_path(
C:\Users\brysi\AppData\Roaming\Python\Python312\site-packages\_pytest\pathlib.py:591: in import_path
    importlib.import_module(module_name)
C:\Program Files\Python312\Lib\importlib\__init__.py:90: in import_module
    return _bootstrap._gcd_import(name[level:], package, level)
&lt;frozen importlib._bootstrap&gt;:1387: in _gcd_import
    ???
&lt;frozen importlib._bootstrap&gt;:1360: in _find_and_load
    ???
&lt;frozen importlib._bootstrap&gt;:1331: in _find_and_load_unlocked
    ???
&lt;frozen importlib._bootstrap&gt;:935: in _load_unlocked
    ???
C:\Users\brysi\AppData\Roaming\Python\Python312\site-packages\_pytest\assertion\rewrite.py:178: in exec_module
    exec(co, module.__dict__)
C:\Program Files\MySQL\MySQL Shell 8.0\lib\Python3.12\Lib\site-packages\setuptools\tests\test_build_meta.py:14: in &lt;module&gt;
    from jaraco import path
E   ImportError: cannot import name 'path' from 'jaraco' (unknown location)</error></testcase><testcase classname="" name="Program Files.MySQL.MySQL Shell 8.0.lib.Python3.12.Lib.site-packages.setuptools.tests.test_build_py" time="0.000"><error message="collection failure">ImportError while importing test module 'C:\Program Files\MySQL\MySQL Shell 8.0\lib\Python3.12\Lib\site-packages\setuptools\tests\test_build_py.py'.
Hint: make sure your test modules/packages have valid Python names.
Traceback:
C:\Users\brysi\AppData\Roaming\Python\Python312\site-packages\_pytest\python.py:492: in importtestmodule
    mod = import_path(
C:\Users\brysi\AppData\Roaming\Python\Python312\site-packages\_pytest\pathlib.py:591: in import_path
    importlib.import_module(module_name)
C:\Program Files\Python312\Lib\importlib\__init__.py:90: in import_module
    return _bootstrap._gcd_import(name[level:], package, level)
&lt;frozen importlib._bootstrap&gt;:1387: in _gcd_import
    ???
&lt;frozen importlib._bootstrap&gt;:1360: in _find_and_load
    ???
&lt;frozen importlib._bootstrap&gt;:1331: in _find_and_load_unlocked
    ???
&lt;frozen importlib._bootstrap&gt;:935: in _load_unlocked
    ???
C:\Users\brysi\AppData\Roaming\Python\Python312\site-packages\_pytest\assertion\rewrite.py:178: in exec_module
    exec(co, module.__dict__)
C:\Program Files\MySQL\MySQL Shell 8.0\lib\Python3.12\Lib\site-packages\setuptools\tests\test_build_py.py:8: in &lt;module&gt;
    import jaraco.path
E   ModuleNotFoundError: No module named 'jaraco.path'</error></testcase><testcase classname="" name="Program Files.MySQL.MySQL Shell 8.0.lib.Python3.12.Lib.site-packages.setuptools.tests.test_config_discovery" time="0.000"><error message="collection failure">ImportError while importing test module 'C:\Program Files\MySQL\MySQL Shell 8.0\lib\Python3.12\Lib\site-packages\setuptools\tests\test_config_discovery.py'.
Hint: make sure your test modules/packages have valid Python names.
Traceback:
C:\Users\brysi\AppData\Roaming\Python\Python312\site-packages\_pytest\python.py:492: in importtestmodule
    mod = import_path(
C:\Users\brysi\AppData\Roaming\Python\Python312\site-packages\_pytest\pathlib.py:591: in import_path
    importlib.import_module(module_name)
C:\Program Files\Python312\Lib\importlib\__init__.py:90: in import_module
    return _bootstrap._gcd_import(name[level:], package, level)
&lt;frozen importlib._bootstrap&gt;:1387: in _gcd_import
    ???
&lt;frozen importlib._bootstrap&gt;:1360: in _find_and_load
    ???
&lt;frozen importlib._bootstrap&gt;:1331: in _find_and_load_unlocked
    ???
&lt;frozen importlib._bootstrap&gt;:935: in _load_unlocked
    ???
C:\Users\brysi\AppData\Roaming\Python\Python312\site-packages\_pytest\assertion\rewrite.py:178: in exec_module
    exec(co, module.__dict__)
C:\Program Files\MySQL\MySQL Shell 8.0\lib\Python3.12\Lib\site-packages\setuptools\tests\test_config_discovery.py:6: in &lt;module&gt;
    import jaraco.path
E   ModuleNotFoundError: No module named 'jaraco.path'</error></testcase><testcase classname="" name="Program Files.MySQL.MySQL Shell 8.0.lib.Python3.12.Lib.site-packages.setuptools.tests.test_dist" time="0.000"><error message="collection failure">ImportError while importing test module 'C:\Program Files\MySQL\MySQL Shell 8.0\lib\Python3.12\Lib\site-packages\setuptools\tests\test_dist.py'.
Hint: make sure your test modules/packages have valid Python names.
Traceback:
C:\Users\brysi\AppData\Roaming\Python\Python312\site-packages\_pytest\python.py:492: in importtestmodule
    mod = import_path(
C:\Users\brysi\AppData\Roaming\Python\Python312\site-packages\_pytest\pathlib.py:591: in import_path
    importlib.import_module(module_name)
C:\Program Files\Python312\Lib\importlib\__init__.py:90: in import_module
    return _bootstrap._gcd_import(name[level:], package, level)
&lt;frozen importlib._bootstrap&gt;:1387: in _gcd_import
    ???
&lt;frozen importlib._bootstrap&gt;:1360: in _find_and_load
    ???
&lt;frozen importlib._bootstrap&gt;:1331: in _find_and_load_unlocked
    ???
&lt;frozen importlib._bootstrap&gt;:935: in _load_unlocked
    ???
C:\Users\brysi\AppData\Roaming\Python\Python312\site-packages\_pytest\assertion\rewrite.py:178: in exec_module
    exec(co, module.__dict__)
C:\Program Files\MySQL\MySQL Shell 8.0\lib\Python3.12\Lib\site-packages\setuptools\tests\test_dist.py:12: in &lt;module&gt;
    from .test_easy_install import make_nspkg_sdist
C:\Users\brysi\AppData\Roaming\Python\Python312\site-packages\_pytest\assertion\rewrite.py:178: in exec_module
    exec(co, module.__dict__)
C:\Program Files\MySQL\MySQL Shell 8.0\lib\Python3.12\Lib\site-packages\setuptools\tests\test_easy_install.py:23: in &lt;module&gt;
    from jaraco import path
E   ImportError: cannot import name 'path' from 'jaraco' (unknown location)</error></testcase><testcase classname="" name="Program Files.MySQL.MySQL Shell 8.0.lib.Python3.12.Lib.site-packages.setuptools.tests.test_easy_install" time="0.000"><error message="collection failure">ImportError while importing test module 'C:\Program Files\MySQL\MySQL Shell 8.0\lib\Python3.12\Lib\site-packages\setuptools\tests\test_easy_install.py'.
Hint: make sure your test modules/packages have valid Python names.
Traceback:
C:\Users\brysi\AppData\Roaming\Python\Python312\site-packages\_pytest\python.py:492: in importtestmodule
    mod = import_path(
C:\Users\brysi\AppData\Roaming\Python\Python312\site-packages\_pytest\pathlib.py:591: in import_path
    importlib.import_module(module_name)
C:\Program Files\Python312\Lib\importlib\__init__.py:90: in import_module
    return _bootstrap._gcd_import(name[level:], package, level)
&lt;frozen importlib._bootstrap&gt;:1387: in _gcd_import
    ???
&lt;frozen importlib._bootstrap&gt;:1360: in _find_and_load
    ???
&lt;frozen importlib._bootstrap&gt;:1331: in _find_and_load_unlocked
    ???
&lt;frozen importlib._bootstrap&gt;:935: in _load_unlocked
    ???
C:\Users\brysi\AppData\Roaming\Python\Python312\site-packages\_pytest\assertion\rewrite.py:178: in exec_module
    exec(co, module.__dict__)
C:\Program Files\MySQL\MySQL Shell 8.0\lib\Python3.12\Lib\site-packages\setuptools\tests\test_easy_install.py:23: in &lt;module&gt;
    from jaraco import path
E   ImportError: cannot import name 'path' from 'jaraco' (unknown location)</error></testcase><testcase classname="" name="Program Files.MySQL.MySQL Shell 8.0.lib.Python3.12.Lib.site-packages.setuptools.tests.test_editable_install" time="0.000"><error message="collection failure">ImportError while importing test module 'C:\Program Files\MySQL\MySQL Shell 8.0\lib\Python3.12\Lib\site-packages\setuptools\tests\test_editable_install.py'.
Hint: make sure your test modules/packages have valid Python names.
Traceback:
C:\Users\brysi\AppData\Roaming\Python\Python312\site-packages\_pytest\python.py:492: in importtestmodule
    mod = import_path(
C:\Users\brysi\AppData\Roaming\Python\Python312\site-packages\_pytest\pathlib.py:591: in import_path
    importlib.import_module(module_name)
C:\Program Files\Python312\Lib\importlib\__init__.py:90: in import_module
    return _bootstrap._gcd_import(name[level:], package, level)
&lt;frozen importlib._bootstrap&gt;:1387: in _gcd_import
    ???
&lt;frozen importlib._bootstrap&gt;:1360: in _find_and_load
    ???
&lt;frozen importlib._bootstrap&gt;:1331: in _find_and_load_unlocked
    ???
&lt;frozen importlib._bootstrap&gt;:935: in _load_unlocked
    ???
C:\Users\brysi\AppData\Roaming\Python\Python312\site-packages\_pytest\assertion\rewrite.py:178: in exec_module
    exec(co, module.__dict__)
C:\Program Files\MySQL\MySQL Shell 8.0\lib\Python3.12\Lib\site-packages\setuptools\tests\test_editable_install.py:14: in &lt;module&gt;
    import jaraco.envs
E   ModuleNotFoundError: No module named 'jaraco.envs'</error></testcase><testcase classname="" name="Program Files.MySQL.MySQL Shell 8.0.lib.Python3.12.Lib.site-packages.setuptools.tests.test_egg_info" time="0.000"><error message="collection failure">ImportError while importing test module 'C:\Program Files\MySQL\MySQL Shell 8.0\lib\Python3.12\Lib\site-packages\setuptools\tests\test_egg_info.py'.
Hint: make sure your test modules/packages have valid Python names.
Traceback:
C:\Users\brysi\AppData\Roaming\Python\Python312\site-packages\_pytest\python.py:492: in importtestmodule
    mod = import_path(
C:\Users\brysi\AppData\Roaming\Python\Python312\site-packages\_pytest\pathlib.py:591: in import_path
    importlib.import_module(module_name)
C:\Program Files\Python312\Lib\importlib\__init__.py:90: in import_module
    return _bootstrap._gcd_import(name[level:], package, level)
&lt;frozen importlib._bootstrap&gt;:1387: in _gcd_import
    ???
&lt;frozen importlib._bootstrap&gt;:1360: in _find_and_load
    ???
&lt;frozen importlib._bootstrap&gt;:1331: in _find_and_load_unlocked
    ???
&lt;frozen importlib._bootstrap&gt;:935: in _load_unlocked
    ???
C:\Users\brysi\AppData\Roaming\Python\Python312\site-packages\_pytest\assertion\rewrite.py:178: in exec_module
    exec(co, module.__dict__)
C:\Program Files\MySQL\MySQL Shell 8.0\lib\Python3.12\Lib\site-packages\setuptools\tests\test_egg_info.py:14: in &lt;module&gt;
    from jaraco import path
E   ImportError: cannot import name 'path' from 'jaraco' (unknown location)</error></testcase><testcase classname="" name="Program Files.MySQL.MySQL Shell 8.0.lib.Python3.12.Lib.site-packages.setuptools.tests.test_find_packages" time="0.000"><error message="collection failure">ImportError while importing test module 'C:\Program Files\MySQL\MySQL Shell 8.0\lib\Python3.12\Lib\site-packages\setuptools\tests\test_find_packages.py'.
Hint: make sure your test modules/packages have valid Python names.
Traceback:
C:\Users\brysi\AppData\Roaming\Python\Python312\site-packages\_pytest\python.py:492: in importtestmodule
    mod = import_path(
C:\Users\brysi\AppData\Roaming\Python\Python312\site-packages\_pytest\pathlib.py:591: in import_path
    importlib.import_module(module_name)
C:\Program Files\Python312\Lib\importlib\__init__.py:90: in import_module
    return _bootstrap._gcd_import(name[level:], package, level)
&lt;frozen importlib._bootstrap&gt;:1387: in _gcd_import
    ???
&lt;frozen importlib._bootstrap&gt;:1360: in _find_and_load
    ???
&lt;frozen importlib._bootstrap&gt;:1331: in _find_and_load_unlocked
    ???
&lt;frozen importlib._bootstrap&gt;:935: in _load_unlocked
    ???
C:\Users\brysi\AppData\Roaming\Python\Python312\site-packages\_pytest\assertion\rewrite.py:178: in exec_module
    exec(co, module.__dict__)
C:\Program Files\MySQL\MySQL Shell 8.0\lib\Python3.12\Lib\site-packages\setuptools\tests\test_find_packages.py:12: in &lt;module&gt;
    from .compat.py39 import os_helper
C:\Program Files\MySQL\MySQL Shell 8.0\lib\Python3.12\Lib\site-packages\setuptools\tests\compat\py39.py:1: in &lt;module&gt;
    from jaraco.test.cpython import from_test_support, try_import
E   ModuleNotFoundError: No module named 'jaraco.test'</error></testcase><testcase classname="" name="Program Files.MySQL.MySQL Shell 8.0.lib.Python3.12.Lib.site-packages.setuptools.tests.test_find_py_modules" time="0.000"><error message="collection failure">ImportError while importing test module 'C:\Program Files\MySQL\MySQL Shell 8.0\lib\Python3.12\Lib\site-packages\setuptools\tests\test_find_py_modules.py'.
Hint: make sure your test modules/packages have valid Python names.
Traceback:
C:\Users\brysi\AppData\Roaming\Python\Python312\site-packages\_pytest\python.py:492: in importtestmodule
    mod = import_path(
C:\Users\brysi\AppData\Roaming\Python\Python312\site-packages\_pytest\pathlib.py:591: in import_path
    importlib.import_module(module_name)
C:\Program Files\Python312\Lib\importlib\__init__.py:90: in import_module
    return _bootstrap._gcd_import(name[level:], package, level)
&lt;frozen importlib._bootstrap&gt;:1387: in _gcd_import
    ???
&lt;frozen importlib._bootstrap&gt;:1360: in _find_and_load
    ???
&lt;frozen importlib._bootstrap&gt;:1331: in _find_and_load_unlocked
    ???
&lt;frozen importlib._bootstrap&gt;:935: in _load_unlocked
    ???
C:\Users\brysi\AppData\Roaming\Python\Python312\site-packages\_pytest\assertion\rewrite.py:178: in exec_module
    exec(co, module.__dict__)
C:\Program Files\MySQL\MySQL Shell 8.0\lib\Python3.12\Lib\site-packages\setuptools\tests\test_find_py_modules.py:9: in &lt;module&gt;
    from .compat.py39 import os_helper
C:\Program Files\MySQL\MySQL Shell 8.0\lib\Python3.12\Lib\site-packages\setuptools\tests\compat\py39.py:1: in &lt;module&gt;
    from jaraco.test.cpython import from_test_support, try_import
E   ModuleNotFoundError: No module named 'jaraco.test'</error></testcase><testcase classname="" name="Program Files.MySQL.MySQL Shell 8.0.lib.Python3.12.Lib.site-packages.setuptools.tests.test_glob" time="0.000"><error message="collection failure">ImportError while importing test module 'C:\Program Files\MySQL\MySQL Shell 8.0\lib\Python3.12\Lib\site-packages\setuptools\tests\test_glob.py'.
Hint: make sure your test modules/packages have valid Python names.
Traceback:
C:\Users\brysi\AppData\Roaming\Python\Python312\site-packages\_pytest\python.py:492: in importtestmodule
    mod = import_path(
C:\Users\brysi\AppData\Roaming\Python\Python312\site-packages\_pytest\pathlib.py:591: in import_path
    importlib.import_module(module_name)
C:\Program Files\Python312\Lib\importlib\__init__.py:90: in import_module
    return _bootstrap._gcd_import(name[level:], package, level)
&lt;frozen importlib._bootstrap&gt;:1387: in _gcd_import
    ???
&lt;frozen importlib._bootstrap&gt;:1360: in _find_and_load
    ???
&lt;frozen importlib._bootstrap&gt;:1331: in _find_and_load_unlocked
    ???
&lt;frozen importlib._bootstrap&gt;:935: in _load_unlocked
    ???
C:\Users\brysi\AppData\Roaming\Python\Python312\site-packages\_pytest\assertion\rewrite.py:178: in exec_module
    exec(co, module.__dict__)
C:\Program Files\MySQL\MySQL Shell 8.0\lib\Python3.12\Lib\site-packages\setuptools\tests\test_glob.py:2: in &lt;module&gt;
    from jaraco import path
E   ImportError: cannot import name 'path' from 'jaraco' (unknown location)</error></testcase><testcase classname="" name="Program Files.MySQL.MySQL Shell 8.0.lib.Python3.12.Lib.site-packages.setuptools.tests.test_packageindex" time="0.000"><error message="collection failure">'timeout' not found in `markers` configuration option</error></testcase><testcase classname="" name="Program Files.MySQL.MySQL Shell 8.0.lib.Python3.12.Lib.site-packages.setuptools.tests.test_sdist" time="0.000"><error message="collection failure">ImportError while importing test module 'C:\Program Files\MySQL\MySQL Shell 8.0\lib\Python3.12\Lib\site-packages\setuptools\tests\test_sdist.py'.
Hint: make sure your test modules/packages have valid Python names.
Traceback:
C:\Users\brysi\AppData\Roaming\Python\Python312\site-packages\_pytest\python.py:492: in importtestmodule
    mod = import_path(
C:\Users\brysi\AppData\Roaming\Python\Python312\site-packages\_pytest\pathlib.py:591: in import_path
    importlib.import_module(module_name)
C:\Program Files\Python312\Lib\importlib\__init__.py:90: in import_module
    return _bootstrap._gcd_import(name[level:], package, level)
&lt;frozen importlib._bootstrap&gt;:1387: in _gcd_import
    ???
&lt;frozen importlib._bootstrap&gt;:1360: in _find_and_load
    ???
&lt;frozen importlib._bootstrap&gt;:1331: in _find_and_load_unlocked
    ???
&lt;frozen importlib._bootstrap&gt;:935: in _load_unlocked
    ???
C:\Users\brysi\AppData\Roaming\Python\Python312\site-packages\_pytest\assertion\rewrite.py:178: in exec_module
    exec(co, module.__dict__)
C:\Program Files\MySQL\MySQL Shell 8.0\lib\Python3.12\Lib\site-packages\setuptools\tests\test_sdist.py:14: in &lt;module&gt;
    import jaraco.path
E   ModuleNotFoundError: No module named 'jaraco.path'</error></testcase><testcase classname="" name="Program Files.MySQL.MySQL Shell 8.0.lib.Python3.12.Lib.site-packages.setuptools.tests.test_wheel" time="0.000"><error message="collection failure">ImportError while importing test module 'C:\Program Files\MySQL\MySQL Shell 8.0\lib\Python3.12\Lib\site-packages\setuptools\tests\test_wheel.py'.
Hint: make sure your test modules/packages have valid Python names.
Traceback:
C:\Users\brysi\AppData\Roaming\Python\Python312\site-packages\_pytest\python.py:492: in importtestmodule
    mod = import_path(
C:\Users\brysi\AppData\Roaming\Python\Python312\site-packages\_pytest\pathlib.py:591: in import_path
    importlib.import_module(module_name)
C:\Program Files\Python312\Lib\importlib\__init__.py:90: in import_module
    return _bootstrap._gcd_import(name[level:], package, level)
&lt;frozen importlib._bootstrap&gt;:1387: in _gcd_import
    ???
&lt;frozen importlib._bootstrap&gt;:1360: in _find_and_load
    ???
&lt;frozen importlib._bootstrap&gt;:1331: in _find_and_load_unlocked
    ???
&lt;frozen importlib._bootstrap&gt;:935: in _load_unlocked
    ???
C:\Users\brysi\AppData\Roaming\Python\Python312\site-packages\_pytest\assertion\rewrite.py:178: in exec_module
    exec(co, module.__dict__)
C:\Program Files\MySQL\MySQL Shell 8.0\lib\Python3.12\Lib\site-packages\setuptools\tests\test_wheel.py:18: in &lt;module&gt;
    from jaraco import path
E   ImportError: cannot import name 'path' from 'jaraco' (unknown location)</error></testcase><testcase classname="" name="Program Files.MySQL.MySQL Shell 8.0.lib.Python3.12.Lib.test.test_asdl_parser" time="0.000"><skipped message="collection skipped">('C:\\Program Files\\MySQL\\MySQL Shell 8.0\\lib\\Python3.12\\Lib\\test\\test_asdl_parser.py', 14, 'unittest.case.SkipTest: test irrelevant for an installed Python')</skipped></testcase><testcase classname="" name="Program Files.MySQL.MySQL Shell 8.0.lib.Python3.12.Lib.test.test_asyncio.test_unix_events" time="0.000"><skipped message="collection skipped">('C:\\Program Files\\MySQL\\MySQL Shell 8.0\\lib\\Python3.12\\Lib\\test\\test_asyncio\\test_unix_events.py', 27, 'unittest.case.SkipTest: UNIX only')</skipped></testcase><testcase classname="Program Files.MySQL.MySQL Shell 8.0.lib.Python3.12.Lib.test.test_capi.test_getargs" name="Test_testcapi" time="0.000"><error message="collection failure">C:\Users\brysi\AppData\Roaming\Python\Python312\site-packages\_pytest\runner.py:341: in from_call
    result: Optional[TResult] = func()
C:\Users\brysi\AppData\Roaming\Python\Python312\site-packages\_pytest\runner.py:389: in collect
    return list(collector.collect())
C:\Users\brysi\AppData\Roaming\Python\Python312\site-packages\_pytest\unittest.py:98: in collect
    yield TestCaseFunction.from_parent(self, name=name)
C:\Users\brysi\AppData\Roaming\Python\Python312\site-packages\_pytest\python.py:1586: in from_parent
    return super().from_parent(parent=parent, **kw)
C:\Users\brysi\AppData\Roaming\Python\Python312\site-packages\_pytest\nodes.py:237: in from_parent
    return cls._create(parent=parent, **kw)
C:\Users\brysi\AppData\Roaming\Python\Python312\site-packages\_pytest\nodes.py:114: in _create
    return super().__call__(*k, **kw)  # type: ignore[no-any-return,misc]
C:\Users\brysi\AppData\Roaming\Python\Python312\site-packages\_pytest\python.py:1571: in __init__
    self.keywords.update(self.obj.__dict__)
E   AttributeError: 'builtin_function_or_method' object has no attribute '__dict__'. Did you mean: '__dir__'?</error></testcase><testcase classname="Program Files.MySQL.MySQL Shell 8.0.lib.Python3.12.Lib.test.test_capi.test_misc" name="Test_testcapi" time="0.000"><error message="collection failure">C:\Users\brysi\AppData\Roaming\Python\Python312\site-packages\_pytest\runner.py:341: in from_call
    result: Optional[TResult] = func()
C:\Users\brysi\AppData\Roaming\Python\Python312\site-packages\_pytest\runner.py:389: in collect
    return list(collector.collect())
C:\Users\brysi\AppData\Roaming\Python\Python312\site-packages\_pytest\unittest.py:98: in collect
    yield TestCaseFunction.from_parent(self, name=name)
C:\Users\brysi\AppData\Roaming\Python\Python312\site-packages\_pytest\python.py:1586: in from_parent
    return super().from_parent(parent=parent, **kw)
C:\Users\brysi\AppData\Roaming\Python\Python312\site-packages\_pytest\nodes.py:237: in from_parent
    return cls._create(parent=parent, **kw)
C:\Users\brysi\AppData\Roaming\Python\Python312\site-packages\_pytest\nodes.py:114: in _create
    return super().__call__(*k, **kw)  # type: ignore[no-any-return,misc]
C:\Users\brysi\AppData\Roaming\Python\Python312\site-packages\_pytest\python.py:1571: in __init__
    self.keywords.update(self.obj.__dict__)
E   AttributeError: 'builtin_function_or_method' object has no attribute '__dict__'. Did you mean: '__dir__'?</error></testcase><testcase classname="Program Files.MySQL.MySQL Shell 8.0.lib.Python3.12.Lib.test.test_capi.test_misc" name="Test_testinternalcapi" time="0.000"><error message="collection failure">C:\Users\brysi\AppData\Roaming\Python\Python312\site-packages\_pytest\runner.py:341: in from_call
    result: Optional[TResult] = func()
C:\Users\brysi\AppData\Roaming\Python\Python312\site-packages\_pytest\runner.py:389: in collect
    return list(collector.collect())
C:\Users\brysi\AppData\Roaming\Python\Python312\site-packages\_pytest\unittest.py:98: in collect
    yield TestCaseFunction.from_parent(self, name=name)
C:\Users\brysi\AppData\Roaming\Python\Python312\site-packages\_pytest\python.py:1586: in from_parent
    return super().from_parent(parent=parent, **kw)
C:\Users\brysi\AppData\Roaming\Python\Python312\site-packages\_pytest\nodes.py:237: in from_parent
    return cls._create(parent=parent, **kw)
C:\Users\brysi\AppData\Roaming\Python\Python312\site-packages\_pytest\nodes.py:114: in _create
    return super().__call__(*k, **kw)  # type: ignore[no-any-return,misc]
C:\Users\brysi\AppData\Roaming\Python\Python312\site-packages\_pytest\python.py:1571: in __init__
    self.keywords.update(self.obj.__dict__)
E   AttributeError: 'builtin_function_or_method' object has no attribute '__dict__'. Did you mean: '__dir__'?</error></testcase><testcase classname="" name="Program Files.MySQL.MySQL Shell 8.0.lib.Python3.12.Lib.test.test_clinic" time="0.000"><skipped message="collection skipped">('C:\\Program Files\\MySQL\\MySQL Shell 8.0\\lib\\Python3.12\\Lib\\test\\test_tools\\__init__.py', 36, 'unittest.case.SkipTest: clinic directory could not be found')</skipped></testcase><testcase classname="" name="Program Files.MySQL.MySQL Shell 8.0.lib.Python3.12.Lib.test.test_curses" time="0.000"><skipped message="collection skipped">('C:\\Program Files\\MySQL\\MySQL Shell 8.0\\lib\\Python3.12\\Lib\\test\\support\\import_helper.py', 82, "unittest.case.SkipTest: No module named '_curses'")</skipped></testcase><testcase classname="" name="Program Files.MySQL.MySQL Shell 8.0.lib.Python3.12.Lib.test.test_dbm_gnu" time="0.000"><skipped message="collection skipped">('C:\\Program Files\\MySQL\\MySQL Shell 8.0\\lib\\Python3.12\\Lib\\test\\support\\import_helper.py', 82, "unittest.case.SkipTest: No module named '_gdbm'")</skipped></testcase><testcase classname="" name="Program Files.MySQL.MySQL Shell 8.0.lib.Python3.12.Lib.test.test_dbm_ndbm" time="0.000"><skipped message="collection skipped">('C:\\Program Files\\MySQL\\MySQL Shell 8.0\\lib\\Python3.12\\Lib\\test\\support\\import_helper.py', 82, "unittest.case.SkipTest: No module named '_dbm'")</skipped></testcase><testcase classname="" name="Program Files.MySQL.MySQL Shell 8.0.lib.Python3.12.Lib.test.test_devpoll" time="0.000"><skipped message="collection skipped">('C:\\Program Files\\MySQL\\MySQL Shell 8.0\\lib\\Python3.12\\Lib\\test\\test_devpoll.py', 12, 'unittest.case.SkipTest: test works only on Solaris OS family')</skipped></testcase><testcase classname="" name="Program Files.MySQL.MySQL Shell 8.0.lib.Python3.12.Lib.test.test_epoll" time="0.000"><skipped message="collection skipped">('C:\\Program Files\\MySQL\\MySQL Shell 8.0\\lib\\Python3.12\\Lib\\test\\test_epoll.py', 33, 'unittest.case.SkipTest: test works only on Linux 2.6')</skipped></testcase><testcase classname="" name="Program Files.MySQL.MySQL Shell 8.0.lib.Python3.12.Lib.test.test_fcntl" time="0.000"><skipped message="collection skipped">('C:\\Program Files\\MySQL\\MySQL Shell 8.0\\lib\\Python3.12\\Lib\\test\\support\\import_helper.py', 82, "unittest.case.SkipTest: No module named 'fcntl'")</skipped></testcase><testcase classname="" name="Program Files.MySQL.MySQL Shell 8.0.lib.Python3.12.Lib.test.test_fork1" time="0.000"><skipped message="collection skipped">('C:\\Program Files\\MySQL\\MySQL Shell 8.0\\lib\\Python3.12\\Lib\\test\\test_fork1.py', 18, 'unittest.case.SkipTest: test module requires working os.fork')</skipped></testcase><testcase classname="" name="Program Files.MySQL.MySQL Shell 8.0.lib.Python3.12.Lib.test.test_gdb.test_backtrace" time="0.000"><skipped message="collection skipped">('C:\\Program Files\\MySQL\\MySQL Shell 8.0\\lib\\Python3.12\\Lib\\test\\test_gdb\\__init__.py', 16, "unittest.case.SkipTest: test_gdb doesn't work on Windows")</skipped></testcase><testcase classname="" name="Program Files.MySQL.MySQL Shell 8.0.lib.Python3.12.Lib.test.test_gdb.test_cfunction" time="0.000"><skipped message="collection skipped">('C:\\Program Files\\MySQL\\MySQL Shell 8.0\\lib\\Python3.12\\Lib\\test\\test_gdb\\__init__.py', 16, "unittest.case.SkipTest: test_gdb doesn't work on Windows")</skipped></testcase><testcase classname="" name="Program Files.MySQL.MySQL Shell 8.0.lib.Python3.12.Lib.test.test_gdb.test_cfunction_full" time="0.000"><skipped message="collection skipped">('C:\\Program Files\\MySQL\\MySQL Shell 8.0\\lib\\Python3.12\\Lib\\test\\test_gdb\\__init__.py', 16, "unittest.case.SkipTest: test_gdb doesn't work on Windows")</skipped></testcase><testcase classname="" name="Program Files.MySQL.MySQL Shell 8.0.lib.Python3.12.Lib.test.test_gdb.test_misc" time="0.000"><skipped message="collection skipped">('C:\\Program Files\\MySQL\\MySQL Shell 8.0\\lib\\Python3.12\\Lib\\test\\test_gdb\\__init__.py', 16, "unittest.case.SkipTest: test_gdb doesn't work on Windows")</skipped></testcase><testcase classname="" name="Program Files.MySQL.MySQL Shell 8.0.lib.Python3.12.Lib.test.test_gdb.test_pretty_print" time="0.000"><skipped message="collection skipped">('C:\\Program Files\\MySQL\\MySQL Shell 8.0\\lib\\Python3.12\\Lib\\test\\test_gdb\\__init__.py', 16, "unittest.case.SkipTest: test_gdb doesn't work on Windows")</skipped></testcase><testcase classname="" name="Program Files.MySQL.MySQL Shell 8.0.lib.Python3.12.Lib.test.test_grp" time="0.000"><skipped message="collection skipped">('C:\\Program Files\\MySQL\\MySQL Shell 8.0\\lib\\Python3.12\\Lib\\test\\support\\import_helper.py', 82, "unittest.case.SkipTest: No module named 'grp'")</skipped></testcase><testcase classname="" name="Program Files.MySQL.MySQL Shell 8.0.lib.Python3.12.Lib.test.test_ioctl" time="0.000"><skipped message="collection skipped">('C:\\Program Files\\MySQL\\MySQL Shell 8.0\\lib\\Python3.12\\Lib\\test\\support\\import_helper.py', 82, "unittest.case.SkipTest: No module named 'fcntl'")</skipped></testcase><testcase classname="" name="Program Files.MySQL.MySQL Shell 8.0.lib.Python3.12.Lib.test.test_kqueue" time="0.000"><skipped message="collection skipped">('C:\\Program Files\\MySQL\\MySQL Shell 8.0\\lib\\Python3.12\\Lib\\test\\test_kqueue.py', 13, 'unittest.case.SkipTest: test works only on BSD')</skipped></testcase><testcase classname="" name="Program Files.MySQL.MySQL Shell 8.0.lib.Python3.12.Lib.test.test_multiprocessing_fork.test_manager" time="0.000"><skipped message="collection skipped">('C:\\Program Files\\MySQL\\MySQL Shell 8.0\\lib\\Python3.12\\Lib\\test\\test_multiprocessing_fork\\__init__.py', 10, 'unittest.case.SkipTest: fork is not available on Windows')</skipped></testcase><testcase classname="" name="Program Files.MySQL.MySQL Shell 8.0.lib.Python3.12.Lib.test.test_multiprocessing_fork.test_misc" time="0.000"><skipped message="collection skipped">('C:\\Program Files\\MySQL\\MySQL Shell 8.0\\lib\\Python3.12\\Lib\\test\\test_multiprocessing_fork\\__init__.py', 10, 'unittest.case.SkipTest: fork is not available on Windows')</skipped></testcase><testcase classname="" name="Program Files.MySQL.MySQL Shell 8.0.lib.Python3.12.Lib.test.test_multiprocessing_fork.test_processes" time="0.000"><skipped message="collection skipped">('C:\\Program Files\\MySQL\\MySQL Shell 8.0\\lib\\Python3.12\\Lib\\test\\test_multiprocessing_fork\\__init__.py', 10, 'unittest.case.SkipTest: fork is not available on Windows')</skipped></testcase><testcase classname="" name="Program Files.MySQL.MySQL Shell 8.0.lib.Python3.12.Lib.test.test_multiprocessing_fork.test_threads" time="0.000"><skipped message="collection skipped">('C:\\Program Files\\MySQL\\MySQL Shell 8.0\\lib\\Python3.12\\Lib\\test\\test_multiprocessing_fork\\__init__.py', 10, 'unittest.case.SkipTest: fork is not available on Windows')</skipped></testcase><testcase classname="" name="Program Files.MySQL.MySQL Shell 8.0.lib.Python3.12.Lib.test.test_multiprocessing_forkserver.test_manager" time="0.000"><skipped message="collection skipped">('C:\\Program Files\\MySQL\\MySQL Shell 8.0\\lib\\Python3.12\\Lib\\test\\test_multiprocessing_forkserver\\__init__.py', 10, 'unittest.case.SkipTest: forkserver is not available on Windows')</skipped></testcase><testcase classname="" name="Program Files.MySQL.MySQL Shell 8.0.lib.Python3.12.Lib.test.test_multiprocessing_forkserver.test_misc" time="0.000"><skipped message="collection skipped">('C:\\Program Files\\MySQL\\MySQL Shell 8.0\\lib\\Python3.12\\Lib\\test\\test_multiprocessing_forkserver\\__init__.py', 10, 'unittest.case.SkipTest: forkserver is not available on Windows')</skipped></testcase><testcase classname="" name="Program Files.MySQL.MySQL Shell 8.0.lib.Python3.12.Lib.test.test_multiprocessing_forkserver.test_processes" time="0.000"><skipped message="collection skipped">('C:\\Program Files\\MySQL\\MySQL Shell 8.0\\lib\\Python3.12\\Lib\\test\\test_multiprocessing_forkserver\\__init__.py', 10, 'unittest.case.SkipTest: forkserver is not available on Windows')</skipped></testcase><testcase classname="" name="Program Files.MySQL.MySQL Shell 8.0.lib.Python3.12.Lib.test.test_multiprocessing_forkserver.test_threads" time="0.000"><skipped message="collection skipped">('C:\\Program Files\\MySQL\\MySQL Shell 8.0\\lib\\Python3.12\\Lib\\test\\test_multiprocessing_forkserver\\__init__.py', 10, 'unittest.case.SkipTest: forkserver is not available on Windows')</skipped></testcase><testcase classname="" name="Program Files.MySQL.MySQL Shell 8.0.lib.Python3.12.Lib.test.test_nis" time="0.000"><skipped message="collection skipped">('C:\\Program Files\\MySQL\\MySQL Shell 8.0\\lib\\Python3.12\\Lib\\test\\support\\import_helper.py', 82, "unittest.case.SkipTest: No module named 'nis'")</skipped></testcase><testcase classname="" name="Program Files.MySQL.MySQL Shell 8.0.lib.Python3.12.Lib.test.test_openpty" time="0.000"><skipped message="collection skipped">('C:\\Program Files\\MySQL\\MySQL Shell 8.0\\lib\\Python3.12\\Lib\\test\\test_openpty.py', 6, 'unittest.case.SkipTest: os.openpty() not available.')</skipped></testcase><testcase classname="" name="Program Files.MySQL.MySQL Shell 8.0.lib.Python3.12.Lib.test.test_ossaudiodev" time="0.000"><skipped message="collection skipped">('C:\\Program Files\\MySQL\\MySQL Shell 8.0\\lib\\Python3.12\\Lib\\test\\support\\import_helper.py', 82, "unittest.case.SkipTest: No module named 'ossaudiodev'")</skipped></testcase><testcase classname="" name="Program Files.MySQL.MySQL Shell 8.0.lib.Python3.12.Lib.test.test_peg_generator.test_c_parser" time="0.000"><skipped message="collection skipped">('C:\\Program Files\\MySQL\\MySQL Shell 8.0\\lib\\Python3.12\\Lib\\test\\test_tools\\__init__.py', 36, 'unittest.case.SkipTest: peg_generator directory could not be found')</skipped></testcase><testcase classname="" name="Program Files.MySQL.MySQL Shell 8.0.lib.Python3.12.Lib.test.test_peg_generator.test_first_sets" time="0.000"><skipped message="collection skipped">('C:\\Program Files\\MySQL\\MySQL Shell 8.0\\lib\\Python3.12\\Lib\\test\\test_tools\\__init__.py', 36, 'unittest.case.SkipTest: peg_generator directory could not be found')</skipped></testcase><testcase classname="" name="Program Files.MySQL.MySQL Shell 8.0.lib.Python3.12.Lib.test.test_peg_generator.test_grammar_validator" time="0.000"><skipped message="collection skipped">('C:\\Program Files\\MySQL\\MySQL Shell 8.0\\lib\\Python3.12\\Lib\\test\\test_tools\\__init__.py', 36, 'unittest.case.SkipTest: peg_generator directory could not be found')</skipped></testcase><testcase classname="" name="Program Files.MySQL.MySQL Shell 8.0.lib.Python3.12.Lib.test.test_peg_generator.test_pegen" time="0.000"><skipped message="collection skipped">('C:\\Program Files\\MySQL\\MySQL Shell 8.0\\lib\\Python3.12\\Lib\\test\\test_tools\\__init__.py', 36, 'unittest.case.SkipTest: peg_generator directory could not be found')</skipped></testcase><testcase classname="" name="Program Files.MySQL.MySQL Shell 8.0.lib.Python3.12.Lib.test.test_perf_profiler" time="0.000"><skipped message="collection skipped">('C:\\Program Files\\MySQL\\MySQL Shell 8.0\\lib\\Python3.12\\Lib\\test\\test_perf_profiler.py', 34, 'unittest.case.SkipTest: perf trampoline profiling not supported')</skipped></testcase><testcase classname="" name="Program Files.MySQL.MySQL Shell 8.0.lib.Python3.12.Lib.test.test_perfmaps" time="0.000"><skipped message="collection skipped">('C:\\Program Files\\MySQL\\MySQL Shell 8.0\\lib\\Python3.12\\Lib\\test\\test_perfmaps.py', 8, 'unittest.case.SkipTest: Linux only')</skipped></testcase><testcase classname="" name="Program Files.MySQL.MySQL Shell 8.0.lib.Python3.12.Lib.test.test_pipes" time="0.000"><skipped message="collection skipped">('C:\\Program Files\\MySQL\\MySQL Shell 8.0\\lib\\Python3.12\\Lib\\test\\test_pipes.py', 13, 'unittest.case.SkipTest: pipes module only works on posix')</skipped></testcase><testcase classname="" name="Program Files.MySQL.MySQL Shell 8.0.lib.Python3.12.Lib.test.test_poll" time="0.000"><skipped message="collection skipped">('C:\\Program Files\\MySQL\\MySQL Shell 8.0\\lib\\Python3.12\\Lib\\test\\test_poll.py', 20, 'unittest.case.SkipTest: select.poll not defined')</skipped></testcase><testcase classname="" name="Program Files.MySQL.MySQL Shell 8.0.lib.Python3.12.Lib.test.test_pty" time="0.000"><skipped message="collection skipped">('C:\\Program Files\\MySQL\\MySQL Shell 8.0\\lib\\Python3.12\\Lib\\test\\support\\import_helper.py', 82, "unittest.case.SkipTest: No module named 'termios'")</skipped></testcase><testcase classname="" name="Program Files.MySQL.MySQL Shell 8.0.lib.Python3.12.Lib.test.test_pwd" time="0.000"><skipped message="collection skipped">('C:\\Program Files\\MySQL\\MySQL Shell 8.0\\lib\\Python3.12\\Lib\\test\\support\\import_helper.py', 82, "unittest.case.SkipTest: No module named 'pwd'")</skipped></testcase><testcase classname="" name="Program Files.MySQL.MySQL Shell 8.0.lib.Python3.12.Lib.test.test_readline" time="0.000"><error message="collection failure">C:\Program Files\MySQL\MySQL Shell 8.0\lib\Python3.12\Lib\test\test_readline.py:136: in &lt;module&gt;
    class TestReadline(unittest.TestCase):
C:\Program Files\MySQL\MySQL Shell 8.0\lib\Python3.12\Lib\test\test_readline.py:138: in TestReadline
    @unittest.skipIf(readline._READLINE_VERSION &lt; 0x0601 and not is_editline,
E   AttributeError: module 'readline' has no attribute '_READLINE_VERSION'</error></testcase><testcase classname="" name="Program Files.MySQL.MySQL Shell 8.0.lib.Python3.12.Lib.test.test_resource" time="0.000"><skipped message="collection skipped">('C:\\Program Files\\MySQL\\MySQL Shell 8.0\\lib\\Python3.12\\Lib\\test\\support\\import_helper.py', 82, "unittest.case.SkipTest: No module named 'resource'")</skipped></testcase><testcase classname="" name="Program Files.MySQL.MySQL Shell 8.0.lib.Python3.12.Lib.test.test_spwd" time="0.000"><skipped message="collection skipped">('C:\\Program Files\\MySQL\\MySQL Shell 8.0\\lib\\Python3.12\\Lib\\test\\support\\import_helper.py', 82, "unittest.case.SkipTest: No module named 'spwd'")</skipped></testcase><testcase classname="" name="Program Files.MySQL.MySQL Shell 8.0.lib.Python3.12.Lib.test.test_syslog" time="0.000"><skipped message="collection skipped">('C:\\Program Files\\MySQL\\MySQL Shell 8.0\\lib\\Python3.12\\Lib\\test\\support\\import_helper.py', 82, "unittest.case.SkipTest: No module named 'syslog'")</skipped></testcase><testcase classname="" name="Program Files.MySQL.MySQL Shell 8.0.lib.Python3.12.Lib.test.test_termios" time="0.000"><skipped message="collection skipped">('C:\\Program Files\\MySQL\\MySQL Shell 8.0\\lib\\Python3.12\\Lib\\test\\support\\import_helper.py', 82, "unittest.case.SkipTest: No module named 'termios'")</skipped></testcase><testcase classname="" name="Program Files.MySQL.MySQL Shell 8.0.lib.Python3.12.Lib.test.test_threadsignals" time="0.000"><skipped message="collection skipped">('C:\\Program Files\\MySQL\\MySQL Shell 8.0\\lib\\Python3.12\\Lib\\test\\test_threadsignals.py', 12, "unittest.case.SkipTest: Can't test signal on win32")</skipped></testcase><testcase classname="" name="Program Files.MySQL.MySQL Shell 8.0.lib.Python3.12.Lib.test.test_tools.test_freeze" time="0.000"><skipped message="collection skipped">('C:\\Program Files\\MySQL\\MySQL Shell 8.0\\lib\\Python3.12\\Lib\\test\\test_tools\\__init__.py', 36, 'unittest.case.SkipTest: freeze directory could not be found')</skipped></testcase><testcase classname="" name="Program Files.MySQL.MySQL Shell 8.0.lib.Python3.12.Lib.test.test_tools.test_i18n" time="0.000"><skipped message="collection skipped">('C:\\Program Files\\MySQL\\MySQL Shell 8.0\\lib\\Python3.12\\Lib\\test\\test_tools\\__init__.py', 36, 'unittest.case.SkipTest: scripts directory could not be found')</skipped></testcase><testcase classname="" name="Program Files.MySQL.MySQL Shell 8.0.lib.Python3.12.Lib.test.test_tools.test_reindent" time="0.000"><skipped message="collection skipped">('C:\\Program Files\\MySQL\\MySQL Shell 8.0\\lib\\Python3.12\\Lib\\test\\test_tools\\__init__.py', 36, 'unittest.case.SkipTest: scripts directory could not be found')</skipped></testcase><testcase classname="" name="Program Files.MySQL.MySQL Shell 8.0.lib.Python3.12.Lib.test.test_tools.test_sundry" time="0.000"><skipped message="collection skipped">('C:\\Program Files\\MySQL\\MySQL Shell 8.0\\lib\\Python3.12\\Lib\\test\\test_tools\\__init__.py', 36, 'unittest.case.SkipTest: scripts directory could not be found')</skipped></testcase><testcase classname="" name="Program Files.MySQL.MySQL Shell 8.0.lib.Python3.12.Lib.test.test_tty" time="0.000"><skipped message="collection skipped">('C:\\Program Files\\MySQL\\MySQL Shell 8.0\\lib\\Python3.12\\Lib\\test\\support\\import_helper.py', 82, "unittest.case.SkipTest: No module named 'termios'")</skipped></testcase><testcase classname="" name="Program Files.MySQL.MySQL Shell 8.0.lib.Python3.12.Lib.test.test_wait3" time="0.000"><skipped message="collection skipped">('C:\\Program Files\\MySQL\\MySQL Shell 8.0\\lib\\Python3.12\\Lib\\test\\test_wait3.py', 12, 'unittest.case.SkipTest: requires working os.fork()')</skipped></testcase><testcase classname="" name="Program Files.MySQL.MySQL Shell 8.0.lib.Python3.12.Lib.test.test_wait4" time="0.000"><skipped message="collection skipped">('C:\\Program Files\\MySQL\\MySQL Shell 8.0\\lib\\Python3.12\\Lib\\test\\test_wait4.py', 12, 'unittest.case.SkipTest: requires working os.fork()')</skipped></testcase><testcase classname="" name="Program Files.MySQL.MySQL Shell 8.0.lib.Python3.12.Lib.test.test_xxlimited" time="0.000"><skipped message="collection skipped">('C:\\Program Files\\MySQL\\MySQL Shell 8.0\\lib\\Python3.12\\Lib\\test\\support\\import_helper.py', 82, "unittest.case.SkipTest: No module named 'xxlimited'")</skipped></testcase><testcase classname="" name="Program Files.MySQL.MySQL Shell 8.0.lib.Python3.12.Lib.test.test_xxtestfuzz" time="0.000"><skipped message="collection skipped">('C:\\Program Files\\MySQL\\MySQL Shell 8.0\\lib\\Python3.12\\Lib\\test\\support\\import_helper.py', 82, "unittest.case.SkipTest: No module named '_xxtestfuzz'")</skipped></testcase><testcase classname="" name="Program Files.MySQL.MySQL Shell 8.0.lib.Python3.12.Lib.test.test_zipfile._path.test_complexity" time="0.000"><skipped message="collection skipped">('C:\\Program Files\\MySQL\\MySQL Shell 8.0\\lib\\Python3.12\\Lib\\test\\test_zipfile\\_path\\_support.py', 9, 'unittest.case.SkipTest: Unable to import big_o')</skipped></testcase><testcase classname="" name="Program Files.PostgreSQL.16.pgAdmin 4.python.Lib.site-packages.alembic.testing.suite.test_autogen_comments" time="0.000"><error message="collection failure">C:\Program Files\Python312\Lib\importlib\__init__.py:90: in import_module
    return _bootstrap._gcd_import(name[level:], package, level)
&lt;frozen importlib._bootstrap&gt;:1387: in _gcd_import
    ???
&lt;frozen importlib._bootstrap&gt;:1360: in _find_and_load
    ???
&lt;frozen importlib._bootstrap&gt;:1310: in _find_and_load_unlocked
    ???
&lt;frozen importlib._bootstrap&gt;:488: in _call_with_frames_removed
    ???
&lt;frozen importlib._bootstrap&gt;:1387: in _gcd_import
    ???
&lt;frozen importlib._bootstrap&gt;:1360: in _find_and_load
    ???
&lt;frozen importlib._bootstrap&gt;:1331: in _find_and_load_unlocked
    ???
&lt;frozen importlib._bootstrap&gt;:935: in _load_unlocked
    ???
&lt;frozen importlib._bootstrap_external&gt;:995: in exec_module
    ???
&lt;frozen importlib._bootstrap&gt;:488: in _call_with_frames_removed
    ???
C:\Program Files\PostgreSQL\16\pgAdmin 4\python\Lib\site-packages\alembic\testing\suite\__init__.py:2: in &lt;module&gt;
    from .test_autogen_computed import *  # noqa
&lt;frozen importlib._bootstrap&gt;:1360: in _find_and_load
    ???
&lt;frozen importlib._bootstrap&gt;:1331: in _find_and_load_unlocked
    ???
&lt;frozen importlib._bootstrap&gt;:935: in _load_unlocked
    ???
C:\Users\brysi\AppData\Roaming\Python\Python312\site-packages\_pytest\assertion\rewrite.py:178: in exec_module
    exec(co, module.__dict__)
C:\Program Files\PostgreSQL\16\pgAdmin 4\python\Lib\site-packages\alembic\testing\suite\test_autogen_computed.py:18: in &lt;module&gt;
    class AutogenerateComputedTest(AutogenFixtureTest, TestBase):
C:\Program Files\PostgreSQL\16\pgAdmin 4\python\Lib\site-packages\alembic\testing\suite\test_autogen_computed.py:88: in AutogenerateComputedTest
    @config.requirements.computed_reflects_normally
E   AttributeError: 'SuiteRequirements' object has no attribute 'computed_reflects_normally'</error></testcase><testcase classname="" name="Program Files.PostgreSQL.16.pgAdmin 4.python.Lib.site-packages.alembic.testing.suite.test_autogen_computed" time="0.000"><error message="collection failure">C:\Program Files\PostgreSQL\16\pgAdmin 4\python\Lib\site-packages\alembic\testing\suite\test_autogen_computed.py:18: in &lt;module&gt;
    class AutogenerateComputedTest(AutogenFixtureTest, TestBase):
C:\Program Files\PostgreSQL\16\pgAdmin 4\python\Lib\site-packages\alembic\testing\suite\test_autogen_computed.py:88: in AutogenerateComputedTest
    @config.requirements.computed_reflects_normally
E   AttributeError: 'SuiteRequirements' object has no attribute 'computed_reflects_normally'</error></testcase><testcase classname="" name="Program Files.PostgreSQL.16.pgAdmin 4.python.Lib.site-packages.alembic.testing.suite.test_autogen_diffs" time="0.000"><error message="collection failure">C:\Program Files\Python312\Lib\importlib\__init__.py:90: in import_module
    return _bootstrap._gcd_import(name[level:], package, level)
&lt;frozen importlib._bootstrap&gt;:1387: in _gcd_import
    ???
&lt;frozen importlib._bootstrap&gt;:1360: in _find_and_load
    ???
&lt;frozen importlib._bootstrap&gt;:1310: in _find_and_load_unlocked
    ???
&lt;frozen importlib._bootstrap&gt;:488: in _call_with_frames_removed
    ???
&lt;frozen importlib._bootstrap&gt;:1387: in _gcd_import
    ???
&lt;frozen importlib._bootstrap&gt;:1360: in _find_and_load
    ???
&lt;frozen importlib._bootstrap&gt;:1331: in _find_and_load_unlocked
    ???
&lt;frozen importlib._bootstrap&gt;:935: in _load_unlocked
    ???
&lt;frozen importlib._bootstrap_external&gt;:995: in exec_module
    ???
&lt;frozen importlib._bootstrap&gt;:488: in _call_with_frames_removed
    ???
C:\Program Files\PostgreSQL\16\pgAdmin 4\python\Lib\site-packages\alembic\testing\suite\__init__.py:2: in &lt;module&gt;
    from .test_autogen_computed import *  # noqa
&lt;frozen importlib._bootstrap&gt;:1360: in _find_and_load
    ???
&lt;frozen importlib._bootstrap&gt;:1331: in _find_and_load_unlocked
    ???
&lt;frozen importlib._bootstrap&gt;:935: in _load_unlocked
    ???
C:\Users\brysi\AppData\Roaming\Python\Python312\site-packages\_pytest\assertion\rewrite.py:178: in exec_module
    exec(co, module.__dict__)
C:\Program Files\PostgreSQL\16\pgAdmin 4\python\Lib\site-packages\alembic\testing\suite\test_autogen_computed.py:18: in &lt;module&gt;
    class AutogenerateComputedTest(AutogenFixtureTest, TestBase):
C:\Program Files\PostgreSQL\16\pgAdmin 4\python\Lib\site-packages\alembic\testing\suite\test_autogen_computed.py:88: in AutogenerateComputedTest
    @config.requirements.computed_reflects_normally
E   AttributeError: 'SuiteRequirements' object has no attribute 'computed_reflects_normally'</error></testcase><testcase classname="" name="Program Files.PostgreSQL.16.pgAdmin 4.python.Lib.site-packages.alembic.testing.suite.test_autogen_fks" time="0.000"><error message="collection failure">C:\Program Files\Python312\Lib\importlib\__init__.py:90: in import_module
    return _bootstrap._gcd_import(name[level:], package, level)
&lt;frozen importlib._bootstrap&gt;:1387: in _gcd_import
    ???
&lt;frozen importlib._bootstrap&gt;:1360: in _find_and_load
    ???
&lt;frozen importlib._bootstrap&gt;:1310: in _find_and_load_unlocked
    ???
&lt;frozen importlib._bootstrap&gt;:488: in _call_with_frames_removed
    ???
&lt;frozen importlib._bootstrap&gt;:1387: in _gcd_import
    ???
&lt;frozen importlib._bootstrap&gt;:1360: in _find_and_load
    ???
&lt;frozen importlib._bootstrap&gt;:1331: in _find_and_load_unlocked
    ???
&lt;frozen importlib._bootstrap&gt;:935: in _load_unlocked
    ???
&lt;frozen importlib._bootstrap_external&gt;:995: in exec_module
    ???
&lt;frozen importlib._bootstrap&gt;:488: in _call_with_frames_removed
    ???
C:\Program Files\PostgreSQL\16\pgAdmin 4\python\Lib\site-packages\alembic\testing\suite\__init__.py:2: in &lt;module&gt;
    from .test_autogen_computed import *  # noqa
&lt;frozen importlib._bootstrap&gt;:1360: in _find_and_load
    ???
&lt;frozen importlib._bootstrap&gt;:1331: in _find_and_load_unlocked
    ???
&lt;frozen importlib._bootstrap&gt;:935: in _load_unlocked
    ???
C:\Users\brysi\AppData\Roaming\Python\Python312\site-packages\_pytest\assertion\rewrite.py:178: in exec_module
    exec(co, module.__dict__)
C:\Program Files\PostgreSQL\16\pgAdmin 4\python\Lib\site-packages\alembic\testing\suite\test_autogen_computed.py:18: in &lt;module&gt;
    class AutogenerateComputedTest(AutogenFixtureTest, TestBase):
C:\Program Files\PostgreSQL\16\pgAdmin 4\python\Lib\site-packages\alembic\testing\suite\test_autogen_computed.py:88: in AutogenerateComputedTest
    @config.requirements.computed_reflects_normally
E   AttributeError: 'SuiteRequirements' object has no attribute 'computed_reflects_normally'</error></testcase><testcase classname="" name="Program Files.PostgreSQL.16.pgAdmin 4.python.Lib.site-packages.alembic.testing.suite.test_autogen_identity" time="0.000"><error message="collection failure">C:\Program Files\Python312\Lib\importlib\__init__.py:90: in import_module
    return _bootstrap._gcd_import(name[level:], package, level)
&lt;frozen importlib._bootstrap&gt;:1387: in _gcd_import
    ???
&lt;frozen importlib._bootstrap&gt;:1360: in _find_and_load
    ???
&lt;frozen importlib._bootstrap&gt;:1310: in _find_and_load_unlocked
    ???
&lt;frozen importlib._bootstrap&gt;:488: in _call_with_frames_removed
    ???
&lt;frozen importlib._bootstrap&gt;:1387: in _gcd_import
    ???
&lt;frozen importlib._bootstrap&gt;:1360: in _find_and_load
    ???
&lt;frozen importlib._bootstrap&gt;:1331: in _find_and_load_unlocked
    ???
&lt;frozen importlib._bootstrap&gt;:935: in _load_unlocked
    ???
&lt;frozen importlib._bootstrap_external&gt;:995: in exec_module
    ???
&lt;frozen importlib._bootstrap&gt;:488: in _call_with_frames_removed
    ???
C:\Program Files\PostgreSQL\16\pgAdmin 4\python\Lib\site-packages\alembic\testing\suite\__init__.py:2: in &lt;module&gt;
    from .test_autogen_computed import *  # noqa
&lt;frozen importlib._bootstrap&gt;:1360: in _find_and_load
    ???
&lt;frozen importlib._bootstrap&gt;:1331: in _find_and_load_unlocked
    ???
&lt;frozen importlib._bootstrap&gt;:935: in _load_unlocked
    ???
C:\Users\brysi\AppData\Roaming\Python\Python312\site-packages\_pytest\assertion\rewrite.py:178: in exec_module
    exec(co, module.__dict__)
C:\Program Files\PostgreSQL\16\pgAdmin 4\python\Lib\site-packages\alembic\testing\suite\test_autogen_computed.py:18: in &lt;module&gt;
    class AutogenerateComputedTest(AutogenFixtureTest, TestBase):
C:\Program Files\PostgreSQL\16\pgAdmin 4\python\Lib\site-packages\alembic\testing\suite\test_autogen_computed.py:88: in AutogenerateComputedTest
    @config.requirements.computed_reflects_normally
E   AttributeError: 'SuiteRequirements' object has no attribute 'computed_reflects_normally'</error></testcase><testcase classname="" name="Program Files.PostgreSQL.16.pgAdmin 4.python.Lib.site-packages.alembic.testing.suite.test_environment" time="0.000"><error message="collection failure">C:\Program Files\Python312\Lib\importlib\__init__.py:90: in import_module
    return _bootstrap._gcd_import(name[level:], package, level)
&lt;frozen importlib._bootstrap&gt;:1387: in _gcd_import
    ???
&lt;frozen importlib._bootstrap&gt;:1360: in _find_and_load
    ???
&lt;frozen importlib._bootstrap&gt;:1310: in _find_and_load_unlocked
    ???
&lt;frozen importlib._bootstrap&gt;:488: in _call_with_frames_removed
    ???
&lt;frozen importlib._bootstrap&gt;:1387: in _gcd_import
    ???
&lt;frozen importlib._bootstrap&gt;:1360: in _find_and_load
    ???
&lt;frozen importlib._bootstrap&gt;:1331: in _find_and_load_unlocked
    ???
&lt;frozen importlib._bootstrap&gt;:935: in _load_unlocked
    ???
&lt;frozen importlib._bootstrap_external&gt;:995: in exec_module
    ???
&lt;frozen importlib._bootstrap&gt;:488: in _call_with_frames_removed
    ???
C:\Program Files\PostgreSQL\16\pgAdmin 4\python\Lib\site-packages\alembic\testing\suite\__init__.py:2: in &lt;module&gt;
    from .test_autogen_computed import *  # noqa
&lt;frozen importlib._bootstrap&gt;:1360: in _find_and_load
    ???
&lt;frozen importlib._bootstrap&gt;:1331: in _find_and_load_unlocked
    ???
&lt;frozen importlib._bootstrap&gt;:935: in _load_unlocked
    ???
C:\Users\brysi\AppData\Roaming\Python\Python312\site-packages\_pytest\assertion\rewrite.py:178: in exec_module
    exec(co, module.__dict__)
C:\Program Files\PostgreSQL\16\pgAdmin 4\python\Lib\site-packages\alembic\testing\suite\test_autogen_computed.py:18: in &lt;module&gt;
    class AutogenerateComputedTest(AutogenFixtureTest, TestBase):
C:\Program Files\PostgreSQL\16\pgAdmin 4\python\Lib\site-packages\alembic\testing\suite\test_autogen_computed.py:88: in AutogenerateComputedTest
    @config.requirements.computed_reflects_normally
E   AttributeError: 'SuiteRequirements' object has no attribute 'computed_reflects_normally'</error></testcase><testcase classname="" name="Program Files.PostgreSQL.16.pgAdmin 4.python.Lib.site-packages.alembic.testing.suite.test_op" time="0.000"><error message="collection failure">C:\Program Files\Python312\Lib\importlib\__init__.py:90: in import_module
    return _bootstrap._gcd_import(name[level:], package, level)
&lt;frozen importlib._bootstrap&gt;:1387: in _gcd_import
    ???
&lt;frozen importlib._bootstrap&gt;:1360: in _find_and_load
    ???
&lt;frozen importlib._bootstrap&gt;:1310: in _find_and_load_unlocked
    ???
&lt;frozen importlib._bootstrap&gt;:488: in _call_with_frames_removed
    ???
&lt;frozen importlib._bootstrap&gt;:1387: in _gcd_import
    ???
&lt;frozen importlib._bootstrap&gt;:1360: in _find_and_load
    ???
&lt;frozen importlib._bootstrap&gt;:1331: in _find_and_load_unlocked
    ???
&lt;frozen importlib._bootstrap&gt;:935: in _load_unlocked
    ???
&lt;frozen importlib._bootstrap_external&gt;:995: in exec_module
    ???
&lt;frozen importlib._bootstrap&gt;:488: in _call_with_frames_removed
    ???
C:\Program Files\PostgreSQL\16\pgAdmin 4\python\Lib\site-packages\alembic\testing\suite\__init__.py:2: in &lt;module&gt;
    from .test_autogen_computed import *  # noqa
&lt;frozen importlib._bootstrap&gt;:1360: in _find_and_load
    ???
&lt;frozen importlib._bootstrap&gt;:1331: in _find_and_load_unlocked
    ???
&lt;frozen importlib._bootstrap&gt;:935: in _load_unlocked
    ???
C:\Users\brysi\AppData\Roaming\Python\Python312\site-packages\_pytest\assertion\rewrite.py:178: in exec_module
    exec(co, module.__dict__)
C:\Program Files\PostgreSQL\16\pgAdmin 4\python\Lib\site-packages\alembic\testing\suite\test_autogen_computed.py:18: in &lt;module&gt;
    class AutogenerateComputedTest(AutogenFixtureTest, TestBase):
C:\Program Files\PostgreSQL\16\pgAdmin 4\python\Lib\site-packages\alembic\testing\suite\test_autogen_computed.py:88: in AutogenerateComputedTest
    @config.requirements.computed_reflects_normally
E   AttributeError: 'SuiteRequirements' object has no attribute 'computed_reflects_normally'</error></testcase><testcase classname="" name="Program Files.PostgreSQL.16.pgAdmin 4.python.Lib.site-packages.win32com.servers.test_pycomtest" time="0.000"><error message="collection failure">ImportError while importing test module 'C:\Program Files\PostgreSQL\16\pgAdmin 4\python\Lib\site-packages\win32com\servers\test_pycomtest.py'.
Hint: make sure your test modules/packages have valid Python names.
Traceback:
C:\Users\brysi\AppData\Roaming\Python\Python312\site-packages\_pytest\python.py:492: in importtestmodule
    mod = import_path(
C:\Users\brysi\AppData\Roaming\Python\Python312\site-packages\_pytest\pathlib.py:591: in import_path
    importlib.import_module(module_name)
C:\Program Files\Python312\Lib\importlib\__init__.py:90: in import_module
    return _bootstrap._gcd_import(name[level:], package, level)
&lt;frozen importlib._bootstrap&gt;:1387: in _gcd_import
    ???
&lt;frozen importlib._bootstrap&gt;:1360: in _find_and_load
    ???
&lt;frozen importlib._bootstrap&gt;:1310: in _find_and_load_unlocked
    ???
&lt;frozen importlib._bootstrap&gt;:488: in _call_with_frames_removed
    ???
&lt;frozen importlib._bootstrap&gt;:1387: in _gcd_import
    ???
&lt;frozen importlib._bootstrap&gt;:1360: in _find_and_load
    ???
&lt;frozen importlib._bootstrap&gt;:1310: in _find_and_load_unlocked
    ???
&lt;frozen importlib._bootstrap&gt;:488: in _call_with_frames_removed
    ???
&lt;frozen importlib._bootstrap&gt;:1387: in _gcd_import
    ???
&lt;frozen importlib._bootstrap&gt;:1360: in _find_and_load
    ???
&lt;frozen importlib._bootstrap&gt;:1331: in _find_and_load_unlocked
    ???
&lt;frozen importlib._bootstrap&gt;:935: in _load_unlocked
    ???
&lt;frozen importlib._bootstrap_external&gt;:995: in exec_module
    ???
&lt;frozen importlib._bootstrap&gt;:488: in _call_with_frames_removed
    ???
C:\Program Files\PostgreSQL\16\pgAdmin 4\python\Lib\site-packages\win32com\__init__.py:8: in &lt;module&gt;
    import pythoncom
C:\Program Files\PostgreSQL\16\pgAdmin 4\python\Lib\site-packages\pythoncom.py:2: in &lt;module&gt;
    import pywintypes
E   ModuleNotFoundError: No module named 'pywintypes'</error></testcase><testcase classname="" name="Program Files.Python312.Lib.idlelib.idle_test.test_autocomplete" time="0.000"><error message="collection failure">import file mismatch:
imported module 'idlelib.idle_test.test_autocomplete' has this __file__ attribute:
  C:\Program Files\MySQL\MySQL Shell 8.0\lib\Python3.12\Lib\idlelib\idle_test\test_autocomplete.py
which is not the same as the test file we want to collect:
  C:\Program Files\Python312\Lib\idlelib\idle_test\test_autocomplete.py
HINT: remove __pycache__ / .pyc files and/or use a unique basename for your test file modules</error></testcase><testcase classname="" name="Program Files.Python312.Lib.idlelib.idle_test.test_autocomplete_w" time="0.000"><error message="collection failure">import file mismatch:
imported module 'idlelib.idle_test.test_autocomplete_w' has this __file__ attribute:
  C:\Program Files\MySQL\MySQL Shell 8.0\lib\Python3.12\Lib\idlelib\idle_test\test_autocomplete_w.py
which is not the same as the test file we want to collect:
  C:\Program Files\Python312\Lib\idlelib\idle_test\test_autocomplete_w.py
HINT: remove __pycache__ / .pyc files and/or use a unique basename for your test file modules</error></testcase><testcase classname="" name="Program Files.Python312.Lib.idlelib.idle_test.test_autoexpand" time="0.000"><error message="collection failure">import file mismatch:
imported module 'idlelib.idle_test.test_autoexpand' has this __file__ attribute:
  C:\Program Files\MySQL\MySQL Shell 8.0\lib\Python3.12\Lib\idlelib\idle_test\test_autoexpand.py
which is not the same as the test file we want to collect:
  C:\Program Files\Python312\Lib\idlelib\idle_test\test_autoexpand.py
HINT: remove __pycache__ / .pyc files and/or use a unique basename for your test file modules</error></testcase><testcase classname="" name="Program Files.Python312.Lib.idlelib.idle_test.test_browser" time="0.000"><error message="collection failure">import file mismatch:
imported module 'idlelib.idle_test.test_browser' has this __file__ attribute:
  C:\Program Files\MySQL\MySQL Shell 8.0\lib\Python3.12\Lib\idlelib\idle_test\test_browser.py
which is not the same as the test file we want to collect:
  C:\Program Files\Python312\Lib\idlelib\idle_test\test_browser.py
HINT: remove __pycache__ / .pyc files and/or use a unique basename for your test file modules</error></testcase><testcase classname="" name="Program Files.Python312.Lib.idlelib.idle_test.test_calltip" time="0.000"><error message="collection failure">import file mismatch:
imported module 'idlelib.idle_test.test_calltip' has this __file__ attribute:
  C:\Program Files\MySQL\MySQL Shell 8.0\lib\Python3.12\Lib\idlelib\idle_test\test_calltip.py
which is not the same as the test file we want to collect:
  C:\Program Files\Python312\Lib\idlelib\idle_test\test_calltip.py
HINT: remove __pycache__ / .pyc files and/or use a unique basename for your test file modules</error></testcase><testcase classname="" name="Program Files.Python312.Lib.idlelib.idle_test.test_calltip_w" time="0.000"><error message="collection failure">import file mismatch:
imported module 'idlelib.idle_test.test_calltip_w' has this __file__ attribute:
  C:\Program Files\MySQL\MySQL Shell 8.0\lib\Python3.12\Lib\idlelib\idle_test\test_calltip_w.py
which is not the same as the test file we want to collect:
  C:\Program Files\Python312\Lib\idlelib\idle_test\test_calltip_w.py
HINT: remove __pycache__ / .pyc files and/or use a unique basename for your test file modules</error></testcase><testcase classname="" name="Program Files.Python312.Lib.idlelib.idle_test.test_codecontext" time="0.000"><error message="collection failure">import file mismatch:
imported module 'idlelib.idle_test.test_codecontext' has this __file__ attribute:
  C:\Program Files\MySQL\MySQL Shell 8.0\lib\Python3.12\Lib\idlelib\idle_test\test_codecontext.py
which is not the same as the test file we want to collect:
  C:\Program Files\Python312\Lib\idlelib\idle_test\test_codecontext.py
HINT: remove __pycache__ / .pyc files and/or use a unique basename for your test file modules</error></testcase><testcase classname="" name="Program Files.Python312.Lib.idlelib.idle_test.test_colorizer" time="0.000"><error message="collection failure">import file mismatch:
imported module 'idlelib.idle_test.test_colorizer' has this __file__ attribute:
  C:\Program Files\MySQL\MySQL Shell 8.0\lib\Python3.12\Lib\idlelib\idle_test\test_colorizer.py
which is not the same as the test file we want to collect:
  C:\Program Files\Python312\Lib\idlelib\idle_test\test_colorizer.py
HINT: remove __pycache__ / .pyc files and/or use a unique basename for your test file modules</error></testcase><testcase classname="" name="Program Files.Python312.Lib.idlelib.idle_test.test_config" time="0.000"><error message="collection failure">import file mismatch:
imported module 'idlelib.idle_test.test_config' has this __file__ attribute:
  C:\Program Files\MySQL\MySQL Shell 8.0\lib\Python3.12\Lib\idlelib\idle_test\test_config.py
which is not the same as the test file we want to collect:
  C:\Program Files\Python312\Lib\idlelib\idle_test\test_config.py
HINT: remove __pycache__ / .pyc files and/or use a unique basename for your test file modules</error></testcase><testcase classname="" name="Program Files.Python312.Lib.idlelib.idle_test.test_config_key" time="0.000"><error message="collection failure">import file mismatch:
imported module 'idlelib.idle_test.test_config_key' has this __file__ attribute:
  C:\Program Files\MySQL\MySQL Shell 8.0\lib\Python3.12\Lib\idlelib\idle_test\test_config_key.py
which is not the same as the test file we want to collect:
  C:\Program Files\Python312\Lib\idlelib\idle_test\test_config_key.py
HINT: remove __pycache__ / .pyc files and/or use a unique basename for your test file modules</error></testcase><testcase classname="" name="Program Files.Python312.Lib.idlelib.idle_test.test_configdialog" time="0.000"><error message="collection failure">import file mismatch:
imported module 'idlelib.idle_test.test_configdialog' has this __file__ attribute:
  C:\Program Files\MySQL\MySQL Shell 8.0\lib\Python3.12\Lib\idlelib\idle_test\test_configdialog.py
which is not the same as the test file we want to collect:
  C:\Program Files\Python312\Lib\idlelib\idle_test\test_configdialog.py
HINT: remove __pycache__ / .pyc files and/or use a unique basename for your test file modules</error></testcase><testcase classname="" name="Program Files.Python312.Lib.idlelib.idle_test.test_debugger" time="0.000"><error message="collection failure">import file mismatch:
imported module 'idlelib.idle_test.test_debugger' has this __file__ attribute:
  C:\Program Files\MySQL\MySQL Shell 8.0\lib\Python3.12\Lib\idlelib\idle_test\test_debugger.py
which is not the same as the test file we want to collect:
  C:\Program Files\Python312\Lib\idlelib\idle_test\test_debugger.py
HINT: remove __pycache__ / .pyc files and/or use a unique basename for your test file modules</error></testcase><testcase classname="" name="Program Files.Python312.Lib.idlelib.idle_test.test_debugger_r" time="0.000"><error message="collection failure">import file mismatch:
imported module 'idlelib.idle_test.test_debugger_r' has this __file__ attribute:
  C:\Program Files\MySQL\MySQL Shell 8.0\lib\Python3.12\Lib\idlelib\idle_test\test_debugger_r.py
which is not the same as the test file we want to collect:
  C:\Program Files\Python312\Lib\idlelib\idle_test\test_debugger_r.py
HINT: remove __pycache__ / .pyc files and/or use a unique basename for your test file modules</error></testcase><testcase classname="" name="Program Files.Python312.Lib.idlelib.idle_test.test_debugobj" time="0.000"><error message="collection failure">import file mismatch:
imported module 'idlelib.idle_test.test_debugobj' has this __file__ attribute:
  C:\Program Files\MySQL\MySQL Shell 8.0\lib\Python3.12\Lib\idlelib\idle_test\test_debugobj.py
which is not the same as the test file we want to collect:
  C:\Program Files\Python312\Lib\idlelib\idle_test\test_debugobj.py
HINT: remove __pycache__ / .pyc files and/or use a unique basename for your test file modules</error></testcase><testcase classname="" name="Program Files.Python312.Lib.idlelib.idle_test.test_debugobj_r" time="0.000"><error message="collection failure">import file mismatch:
imported module 'idlelib.idle_test.test_debugobj_r' has this __file__ attribute:
  C:\Program Files\MySQL\MySQL Shell 8.0\lib\Python3.12\Lib\idlelib\idle_test\test_debugobj_r.py
which is not the same as the test file we want to collect:
  C:\Program Files\Python312\Lib\idlelib\idle_test\test_debugobj_r.py
HINT: remove __pycache__ / .pyc files and/or use a unique basename for your test file modules</error></testcase><testcase classname="" name="Program Files.Python312.Lib.idlelib.idle_test.test_delegator" time="0.000"><error message="collection failure">import file mismatch:
imported module 'idlelib.idle_test.test_delegator' has this __file__ attribute:
  C:\Program Files\MySQL\MySQL Shell 8.0\lib\Python3.12\Lib\idlelib\idle_test\test_delegator.py
which is not the same as the test file we want to collect:
  C:\Program Files\Python312\Lib\idlelib\idle_test\test_delegator.py
HINT: remove __pycache__ / .pyc files and/or use a unique basename for your test file modules</error></testcase><testcase classname="" name="Program Files.Python312.Lib.idlelib.idle_test.test_editmenu" time="0.000"><error message="collection failure">import file mismatch:
imported module 'idlelib.idle_test.test_editmenu' has this __file__ attribute:
  C:\Program Files\MySQL\MySQL Shell 8.0\lib\Python3.12\Lib\idlelib\idle_test\test_editmenu.py
which is not the same as the test file we want to collect:
  C:\Program Files\Python312\Lib\idlelib\idle_test\test_editmenu.py
HINT: remove __pycache__ / .pyc files and/or use a unique basename for your test file modules</error></testcase><testcase classname="" name="Program Files.Python312.Lib.idlelib.idle_test.test_editor" time="0.000"><error message="collection failure">import file mismatch:
imported module 'idlelib.idle_test.test_editor' has this __file__ attribute:
  C:\Program Files\MySQL\MySQL Shell 8.0\lib\Python3.12\Lib\idlelib\idle_test\test_editor.py
which is not the same as the test file we want to collect:
  C:\Program Files\Python312\Lib\idlelib\idle_test\test_editor.py
HINT: remove __pycache__ / .pyc files and/or use a unique basename for your test file modules</error></testcase><testcase classname="" name="Program Files.Python312.Lib.idlelib.idle_test.test_filelist" time="0.000"><error message="collection failure">import file mismatch:
imported module 'idlelib.idle_test.test_filelist' has this __file__ attribute:
  C:\Program Files\MySQL\MySQL Shell 8.0\lib\Python3.12\Lib\idlelib\idle_test\test_filelist.py
which is not the same as the test file we want to collect:
  C:\Program Files\Python312\Lib\idlelib\idle_test\test_filelist.py
HINT: remove __pycache__ / .pyc files and/or use a unique basename for your test file modules</error></testcase><testcase classname="" name="Program Files.Python312.Lib.idlelib.idle_test.test_format" time="0.000"><error message="collection failure">import file mismatch:
imported module 'idlelib.idle_test.test_format' has this __file__ attribute:
  C:\Program Files\MySQL\MySQL Shell 8.0\lib\Python3.12\Lib\idlelib\idle_test\test_format.py
which is not the same as the test file we want to collect:
  C:\Program Files\Python312\Lib\idlelib\idle_test\test_format.py
HINT: remove __pycache__ / .pyc files and/or use a unique basename for your test file modules</error></testcase><testcase classname="" name="Program Files.Python312.Lib.idlelib.idle_test.test_grep" time="0.000"><error message="collection failure">import file mismatch:
imported module 'idlelib.idle_test.test_grep' has this __file__ attribute:
  C:\Program Files\MySQL\MySQL Shell 8.0\lib\Python3.12\Lib\idlelib\idle_test\test_grep.py
which is not the same as the test file we want to collect:
  C:\Program Files\Python312\Lib\idlelib\idle_test\test_grep.py
HINT: remove __pycache__ / .pyc files and/or use a unique basename for your test file modules</error></testcase><testcase classname="" name="Program Files.Python312.Lib.idlelib.idle_test.test_help" time="0.000"><error message="collection failure">import file mismatch:
imported module 'idlelib.idle_test.test_help' has this __file__ attribute:
  C:\Program Files\MySQL\MySQL Shell 8.0\lib\Python3.12\Lib\idlelib\idle_test\test_help.py
which is not the same as the test file we want to collect:
  C:\Program Files\Python312\Lib\idlelib\idle_test\test_help.py
HINT: remove __pycache__ / .pyc files and/or use a unique basename for your test file modules</error></testcase><testcase classname="" name="Program Files.Python312.Lib.idlelib.idle_test.test_help_about" time="0.000"><error message="collection failure">import file mismatch:
imported module 'idlelib.idle_test.test_help_about' has this __file__ attribute:
  C:\Program Files\MySQL\MySQL Shell 8.0\lib\Python3.12\Lib\idlelib\idle_test\test_help_about.py
which is not the same as the test file we want to collect:
  C:\Program Files\Python312\Lib\idlelib\idle_test\test_help_about.py
HINT: remove __pycache__ / .pyc files and/or use a unique basename for your test file modules</error></testcase><testcase classname="" name="Program Files.Python312.Lib.idlelib.idle_test.test_history" time="0.000"><error message="collection failure">import file mismatch:
imported module 'idlelib.idle_test.test_history' has this __file__ attribute:
  C:\Program Files\MySQL\MySQL Shell 8.0\lib\Python3.12\Lib\idlelib\idle_test\test_history.py
which is not the same as the test file we want to collect:
  C:\Program Files\Python312\Lib\idlelib\idle_test\test_history.py
HINT: remove __pycache__ / .pyc files and/or use a unique basename for your test file modules</error></testcase><testcase classname="" name="Program Files.Python312.Lib.idlelib.idle_test.test_hyperparser" time="0.000"><error message="collection failure">import file mismatch:
imported module 'idlelib.idle_test.test_hyperparser' has this __file__ attribute:
  C:\Program Files\MySQL\MySQL Shell 8.0\lib\Python3.12\Lib\idlelib\idle_test\test_hyperparser.py
which is not the same as the test file we want to collect:
  C:\Program Files\Python312\Lib\idlelib\idle_test\test_hyperparser.py
HINT: remove __pycache__ / .pyc files and/or use a unique basename for your test file modules</error></testcase><testcase classname="" name="Program Files.Python312.Lib.idlelib.idle_test.test_iomenu" time="0.000"><error message="collection failure">import file mismatch:
imported module 'idlelib.idle_test.test_iomenu' has this __file__ attribute:
  C:\Program Files\MySQL\MySQL Shell 8.0\lib\Python3.12\Lib\idlelib\idle_test\test_iomenu.py
which is not the same as the test file we want to collect:
  C:\Program Files\Python312\Lib\idlelib\idle_test\test_iomenu.py
HINT: remove __pycache__ / .pyc files and/or use a unique basename for your test file modules</error></testcase><testcase classname="" name="Program Files.Python312.Lib.idlelib.idle_test.test_macosx" time="0.000"><error message="collection failure">import file mismatch:
imported module 'idlelib.idle_test.test_macosx' has this __file__ attribute:
  C:\Program Files\MySQL\MySQL Shell 8.0\lib\Python3.12\Lib\idlelib\idle_test\test_macosx.py
which is not the same as the test file we want to collect:
  C:\Program Files\Python312\Lib\idlelib\idle_test\test_macosx.py
HINT: remove __pycache__ / .pyc files and/or use a unique basename for your test file modules</error></testcase><testcase classname="" name="Program Files.Python312.Lib.idlelib.idle_test.test_mainmenu" time="0.000"><error message="collection failure">import file mismatch:
imported module 'idlelib.idle_test.test_mainmenu' has this __file__ attribute:
  C:\Program Files\MySQL\MySQL Shell 8.0\lib\Python3.12\Lib\idlelib\idle_test\test_mainmenu.py
which is not the same as the test file we want to collect:
  C:\Program Files\Python312\Lib\idlelib\idle_test\test_mainmenu.py
HINT: remove __pycache__ / .pyc files and/or use a unique basename for your test file modules</error></testcase><testcase classname="" name="Program Files.Python312.Lib.idlelib.idle_test.test_multicall" time="0.000"><error message="collection failure">import file mismatch:
imported module 'idlelib.idle_test.test_multicall' has this __file__ attribute:
  C:\Program Files\MySQL\MySQL Shell 8.0\lib\Python3.12\Lib\idlelib\idle_test\test_multicall.py
which is not the same as the test file we want to collect:
  C:\Program Files\Python312\Lib\idlelib\idle_test\test_multicall.py
HINT: remove __pycache__ / .pyc files and/or use a unique basename for your test file modules</error></testcase><testcase classname="" name="Program Files.Python312.Lib.idlelib.idle_test.test_outwin" time="0.000"><error message="collection failure">import file mismatch:
imported module 'idlelib.idle_test.test_outwin' has this __file__ attribute:
  C:\Program Files\MySQL\MySQL Shell 8.0\lib\Python3.12\Lib\idlelib\idle_test\test_outwin.py
which is not the same as the test file we want to collect:
  C:\Program Files\Python312\Lib\idlelib\idle_test\test_outwin.py
HINT: remove __pycache__ / .pyc files and/or use a unique basename for your test file modules</error></testcase><testcase classname="" name="Program Files.Python312.Lib.idlelib.idle_test.test_parenmatch" time="0.000"><error message="collection failure">import file mismatch:
imported module 'idlelib.idle_test.test_parenmatch' has this __file__ attribute:
  C:\Program Files\MySQL\MySQL Shell 8.0\lib\Python3.12\Lib\idlelib\idle_test\test_parenmatch.py
which is not the same as the test file we want to collect:
  C:\Program Files\Python312\Lib\idlelib\idle_test\test_parenmatch.py
HINT: remove __pycache__ / .pyc files and/or use a unique basename for your test file modules</error></testcase><testcase classname="" name="Program Files.Python312.Lib.idlelib.idle_test.test_pathbrowser" time="0.000"><error message="collection failure">import file mismatch:
imported module 'idlelib.idle_test.test_pathbrowser' has this __file__ attribute:
  C:\Program Files\MySQL\MySQL Shell 8.0\lib\Python3.12\Lib\idlelib\idle_test\test_pathbrowser.py
which is not the same as the test file we want to collect:
  C:\Program Files\Python312\Lib\idlelib\idle_test\test_pathbrowser.py
HINT: remove __pycache__ / .pyc files and/or use a unique basename for your test file modules</error></testcase><testcase classname="" name="Program Files.Python312.Lib.idlelib.idle_test.test_percolator" time="0.000"><error message="collection failure">import file mismatch:
imported module 'idlelib.idle_test.test_percolator' has this __file__ attribute:
  C:\Program Files\MySQL\MySQL Shell 8.0\lib\Python3.12\Lib\idlelib\idle_test\test_percolator.py
which is not the same as the test file we want to collect:
  C:\Program Files\Python312\Lib\idlelib\idle_test\test_percolator.py
HINT: remove __pycache__ / .pyc files and/or use a unique basename for your test file modules</error></testcase><testcase classname="" name="Program Files.Python312.Lib.idlelib.idle_test.test_pyparse" time="0.000"><error message="collection failure">import file mismatch:
imported module 'idlelib.idle_test.test_pyparse' has this __file__ attribute:
  C:\Program Files\MySQL\MySQL Shell 8.0\lib\Python3.12\Lib\idlelib\idle_test\test_pyparse.py
which is not the same as the test file we want to collect:
  C:\Program Files\Python312\Lib\idlelib\idle_test\test_pyparse.py
HINT: remove __pycache__ / .pyc files and/or use a unique basename for your test file modules</error></testcase><testcase classname="" name="Program Files.Python312.Lib.idlelib.idle_test.test_pyshell" time="0.000"><error message="collection failure">import file mismatch:
imported module 'idlelib.idle_test.test_pyshell' has this __file__ attribute:
  C:\Program Files\MySQL\MySQL Shell 8.0\lib\Python3.12\Lib\idlelib\idle_test\test_pyshell.py
which is not the same as the test file we want to collect:
  C:\Program Files\Python312\Lib\idlelib\idle_test\test_pyshell.py
HINT: remove __pycache__ / .pyc files and/or use a unique basename for your test file modules</error></testcase><testcase classname="" name="Program Files.Python312.Lib.idlelib.idle_test.test_query" time="0.000"><error message="collection failure">import file mismatch:
imported module 'idlelib.idle_test.test_query' has this __file__ attribute:
  C:\Program Files\MySQL\MySQL Shell 8.0\lib\Python3.12\Lib\idlelib\idle_test\test_query.py
which is not the same as the test file we want to collect:
  C:\Program Files\Python312\Lib\idlelib\idle_test\test_query.py
HINT: remove __pycache__ / .pyc files and/or use a unique basename for your test file modules</error></testcase><testcase classname="" name="Program Files.Python312.Lib.idlelib.idle_test.test_redirector" time="0.000"><error message="collection failure">import file mismatch:
imported module 'idlelib.idle_test.test_redirector' has this __file__ attribute:
  C:\Program Files\MySQL\MySQL Shell 8.0\lib\Python3.12\Lib\idlelib\idle_test\test_redirector.py
which is not the same as the test file we want to collect:
  C:\Program Files\Python312\Lib\idlelib\idle_test\test_redirector.py
HINT: remove __pycache__ / .pyc files and/or use a unique basename for your test file modules</error></testcase><testcase classname="" name="Program Files.Python312.Lib.idlelib.idle_test.test_replace" time="0.000"><error message="collection failure">import file mismatch:
imported module 'idlelib.idle_test.test_replace' has this __file__ attribute:
  C:\Program Files\MySQL\MySQL Shell 8.0\lib\Python3.12\Lib\idlelib\idle_test\test_replace.py
which is not the same as the test file we want to collect:
  C:\Program Files\Python312\Lib\idlelib\idle_test\test_replace.py
HINT: remove __pycache__ / .pyc files and/or use a unique basename for your test file modules</error></testcase><testcase classname="" name="Program Files.Python312.Lib.idlelib.idle_test.test_rpc" time="0.000"><error message="collection failure">import file mismatch:
imported module 'idlelib.idle_test.test_rpc' has this __file__ attribute:
  C:\Program Files\MySQL\MySQL Shell 8.0\lib\Python3.12\Lib\idlelib\idle_test\test_rpc.py
which is not the same as the test file we want to collect:
  C:\Program Files\Python312\Lib\idlelib\idle_test\test_rpc.py
HINT: remove __pycache__ / .pyc files and/or use a unique basename for your test file modules</error></testcase><testcase classname="" name="Program Files.Python312.Lib.idlelib.idle_test.test_run" time="0.000"><error message="collection failure">import file mismatch:
imported module 'idlelib.idle_test.test_run' has this __file__ attribute:
  C:\Program Files\MySQL\MySQL Shell 8.0\lib\Python3.12\Lib\idlelib\idle_test\test_run.py
which is not the same as the test file we want to collect:
  C:\Program Files\Python312\Lib\idlelib\idle_test\test_run.py
HINT: remove __pycache__ / .pyc files and/or use a unique basename for your test file modules</error></testcase><testcase classname="" name="Program Files.Python312.Lib.idlelib.idle_test.test_runscript" time="0.000"><error message="collection failure">import file mismatch:
imported module 'idlelib.idle_test.test_runscript' has this __file__ attribute:
  C:\Program Files\MySQL\MySQL Shell 8.0\lib\Python3.12\Lib\idlelib\idle_test\test_runscript.py
which is not the same as the test file we want to collect:
  C:\Program Files\Python312\Lib\idlelib\idle_test\test_runscript.py
HINT: remove __pycache__ / .pyc files and/or use a unique basename for your test file modules</error></testcase><testcase classname="" name="Program Files.Python312.Lib.idlelib.idle_test.test_scrolledlist" time="0.000"><error message="collection failure">import file mismatch:
imported module 'idlelib.idle_test.test_scrolledlist' has this __file__ attribute:
  C:\Program Files\MySQL\MySQL Shell 8.0\lib\Python3.12\Lib\idlelib\idle_test\test_scrolledlist.py
which is not the same as the test file we want to collect:
  C:\Program Files\Python312\Lib\idlelib\idle_test\test_scrolledlist.py
HINT: remove __pycache__ / .pyc files and/or use a unique basename for your test file modules</error></testcase><testcase classname="" name="Program Files.Python312.Lib.idlelib.idle_test.test_search" time="0.000"><error message="collection failure">import file mismatch:
imported module 'idlelib.idle_test.test_search' has this __file__ attribute:
  C:\Program Files\MySQL\MySQL Shell 8.0\lib\Python3.12\Lib\idlelib\idle_test\test_search.py
which is not the same as the test file we want to collect:
  C:\Program Files\Python312\Lib\idlelib\idle_test\test_search.py
HINT: remove __pycache__ / .pyc files and/or use a unique basename for your test file modules</error></testcase><testcase classname="" name="Program Files.Python312.Lib.idlelib.idle_test.test_searchbase" time="0.000"><error message="collection failure">import file mismatch:
imported module 'idlelib.idle_test.test_searchbase' has this __file__ attribute:
  C:\Program Files\MySQL\MySQL Shell 8.0\lib\Python3.12\Lib\idlelib\idle_test\test_searchbase.py
which is not the same as the test file we want to collect:
  C:\Program Files\Python312\Lib\idlelib\idle_test\test_searchbase.py
HINT: remove __pycache__ / .pyc files and/or use a unique basename for your test file modules</error></testcase><testcase classname="" name="Program Files.Python312.Lib.idlelib.idle_test.test_searchengine" time="0.000"><error message="collection failure">import file mismatch:
imported module 'idlelib.idle_test.test_searchengine' has this __file__ attribute:
  C:\Program Files\MySQL\MySQL Shell 8.0\lib\Python3.12\Lib\idlelib\idle_test\test_searchengine.py
which is not the same as the test file we want to collect:
  C:\Program Files\Python312\Lib\idlelib\idle_test\test_searchengine.py
HINT: remove __pycache__ / .pyc files and/or use a unique basename for your test file modules</error></testcase><testcase classname="" name="Program Files.Python312.Lib.idlelib.idle_test.test_sidebar" time="0.000"><error message="collection failure">import file mismatch:
imported module 'idlelib.idle_test.test_sidebar' has this __file__ attribute:
  C:\Program Files\MySQL\MySQL Shell 8.0\lib\Python3.12\Lib\idlelib\idle_test\test_sidebar.py
which is not the same as the test file we want to collect:
  C:\Program Files\Python312\Lib\idlelib\idle_test\test_sidebar.py
HINT: remove __pycache__ / .pyc files and/or use a unique basename for your test file modules</error></testcase><testcase classname="" name="Program Files.Python312.Lib.idlelib.idle_test.test_squeezer" time="0.000"><error message="collection failure">import file mismatch:
imported module 'idlelib.idle_test.test_squeezer' has this __file__ attribute:
  C:\Program Files\MySQL\MySQL Shell 8.0\lib\Python3.12\Lib\idlelib\idle_test\test_squeezer.py
which is not the same as the test file we want to collect:
  C:\Program Files\Python312\Lib\idlelib\idle_test\test_squeezer.py
HINT: remove __pycache__ / .pyc files and/or use a unique basename for your test file modules</error></testcase><testcase classname="" name="Program Files.Python312.Lib.idlelib.idle_test.test_stackviewer" time="0.000"><error message="collection failure">import file mismatch:
imported module 'idlelib.idle_test.test_stackviewer' has this __file__ attribute:
  C:\Program Files\MySQL\MySQL Shell 8.0\lib\Python3.12\Lib\idlelib\idle_test\test_stackviewer.py
which is not the same as the test file we want to collect:
  C:\Program Files\Python312\Lib\idlelib\idle_test\test_stackviewer.py
HINT: remove __pycache__ / .pyc files and/or use a unique basename for your test file modules</error></testcase><testcase classname="" name="Program Files.Python312.Lib.idlelib.idle_test.test_statusbar" time="0.000"><error message="collection failure">import file mismatch:
imported module 'idlelib.idle_test.test_statusbar' has this __file__ attribute:
  C:\Program Files\MySQL\MySQL Shell 8.0\lib\Python3.12\Lib\idlelib\idle_test\test_statusbar.py
which is not the same as the test file we want to collect:
  C:\Program Files\Python312\Lib\idlelib\idle_test\test_statusbar.py
HINT: remove __pycache__ / .pyc files and/or use a unique basename for your test file modules</error></testcase><testcase classname="" name="Program Files.Python312.Lib.idlelib.idle_test.test_text" time="0.000"><error message="collection failure">import file mismatch:
imported module 'idlelib.idle_test.test_text' has this __file__ attribute:
  C:\Program Files\MySQL\MySQL Shell 8.0\lib\Python3.12\Lib\idlelib\idle_test\test_text.py
which is not the same as the test file we want to collect:
  C:\Program Files\Python312\Lib\idlelib\idle_test\test_text.py
HINT: remove __pycache__ / .pyc files and/or use a unique basename for your test file modules</error></testcase><testcase classname="" name="Program Files.Python312.Lib.idlelib.idle_test.test_textview" time="0.000"><error message="collection failure">import file mismatch:
imported module 'idlelib.idle_test.test_textview' has this __file__ attribute:
  C:\Program Files\MySQL\MySQL Shell 8.0\lib\Python3.12\Lib\idlelib\idle_test\test_textview.py
which is not the same as the test file we want to collect:
  C:\Program Files\Python312\Lib\idlelib\idle_test\test_textview.py
HINT: remove __pycache__ / .pyc files and/or use a unique basename for your test file modules</error></testcase><testcase classname="" name="Program Files.Python312.Lib.idlelib.idle_test.test_tooltip" time="0.000"><error message="collection failure">import file mismatch:
imported module 'idlelib.idle_test.test_tooltip' has this __file__ attribute:
  C:\Program Files\MySQL\MySQL Shell 8.0\lib\Python3.12\Lib\idlelib\idle_test\test_tooltip.py
which is not the same as the test file we want to collect:
  C:\Program Files\Python312\Lib\idlelib\idle_test\test_tooltip.py
HINT: remove __pycache__ / .pyc files and/or use a unique basename for your test file modules</error></testcase><testcase classname="" name="Program Files.Python312.Lib.idlelib.idle_test.test_tree" time="0.000"><error message="collection failure">import file mismatch:
imported module 'idlelib.idle_test.test_tree' has this __file__ attribute:
  C:\Program Files\MySQL\MySQL Shell 8.0\lib\Python3.12\Lib\idlelib\idle_test\test_tree.py
which is not the same as the test file we want to collect:
  C:\Program Files\Python312\Lib\idlelib\idle_test\test_tree.py
HINT: remove __pycache__ / .pyc files and/or use a unique basename for your test file modules</error></testcase><testcase classname="" name="Program Files.Python312.Lib.idlelib.idle_test.test_undo" time="0.000"><error message="collection failure">import file mismatch:
imported module 'idlelib.idle_test.test_undo' has this __file__ attribute:
  C:\Program Files\MySQL\MySQL Shell 8.0\lib\Python3.12\Lib\idlelib\idle_test\test_undo.py
which is not the same as the test file we want to collect:
  C:\Program Files\Python312\Lib\idlelib\idle_test\test_undo.py
HINT: remove __pycache__ / .pyc files and/or use a unique basename for your test file modules</error></testcase><testcase classname="" name="Program Files.Python312.Lib.idlelib.idle_test.test_util" time="0.000"><error message="collection failure">import file mismatch:
imported module 'idlelib.idle_test.test_util' has this __file__ attribute:
  C:\Program Files\MySQL\MySQL Shell 8.0\lib\Python3.12\Lib\idlelib\idle_test\test_util.py
which is not the same as the test file we want to collect:
  C:\Program Files\Python312\Lib\idlelib\idle_test\test_util.py
HINT: remove __pycache__ / .pyc files and/or use a unique basename for your test file modules</error></testcase><testcase classname="" name="Program Files.Python312.Lib.idlelib.idle_test.test_warning" time="0.000"><error message="collection failure">import file mismatch:
imported module 'idlelib.idle_test.test_warning' has this __file__ attribute:
  C:\Program Files\MySQL\MySQL Shell 8.0\lib\Python3.12\Lib\idlelib\idle_test\test_warning.py
which is not the same as the test file we want to collect:
  C:\Program Files\Python312\Lib\idlelib\idle_test\test_warning.py
HINT: remove __pycache__ / .pyc files and/or use a unique basename for your test file modules</error></testcase><testcase classname="" name="Program Files.Python312.Lib.idlelib.idle_test.test_window" time="0.000"><error message="collection failure">import file mismatch:
imported module 'idlelib.idle_test.test_window' has this __file__ attribute:
  C:\Program Files\MySQL\MySQL Shell 8.0\lib\Python3.12\Lib\idlelib\idle_test\test_window.py
which is not the same as the test file we want to collect:
  C:\Program Files\Python312\Lib\idlelib\idle_test\test_window.py
HINT: remove __pycache__ / .pyc files and/or use a unique basename for your test file modules</error></testcase><testcase classname="" name="Program Files.Python312.Lib.idlelib.idle_test.test_zoomheight" time="0.000"><error message="collection failure">import file mismatch:
imported module 'idlelib.idle_test.test_zoomheight' has this __file__ attribute:
  C:\Program Files\MySQL\MySQL Shell 8.0\lib\Python3.12\Lib\idlelib\idle_test\test_zoomheight.py
which is not the same as the test file we want to collect:
  C:\Program Files\Python312\Lib\idlelib\idle_test\test_zoomheight.py
HINT: remove __pycache__ / .pyc files and/or use a unique basename for your test file modules</error></testcase><testcase classname="" name="Program Files.Python312.Lib.idlelib.idle_test.test_zzdummy" time="0.000"><error message="collection failure">import file mismatch:
imported module 'idlelib.idle_test.test_zzdummy' has this __file__ attribute:
  C:\Program Files\MySQL\MySQL Shell 8.0\lib\Python3.12\Lib\idlelib\idle_test\test_zzdummy.py
which is not the same as the test file we want to collect:
  C:\Program Files\Python312\Lib\idlelib\idle_test\test_zzdummy.py
HINT: remove __pycache__ / .pyc files and/or use a unique basename for your test file modules</error></testcase><testcase classname="" name="Program Files.Python312.Lib.site-packages.pip._vendor.colorama.tests.ansi_test" time="0.000"><error message="collection failure">import file mismatch:
imported module 'pip._vendor.colorama.tests.ansi_test' has this __file__ attribute:
  C:\Program Files\Blender Foundation\Blender 3.6\3.6\python\lib\site-packages\pip\_vendor\colorama\tests\ansi_test.py
which is not the same as the test file we want to collect:
  C:\Program Files\Python312\Lib\site-packages\pip\_vendor\colorama\tests\ansi_test.py
HINT: remove __pycache__ / .pyc files and/or use a unique basename for your test file modules</error></testcase><testcase classname="" name="Program Files.Python312.Lib.site-packages.pip._vendor.colorama.tests.ansitowin32_test" time="0.000"><error message="collection failure">import file mismatch:
imported module 'pip._vendor.colorama.tests.ansitowin32_test' has this __file__ attribute:
  C:\Program Files\Blender Foundation\Blender 3.6\3.6\python\lib\site-packages\pip\_vendor\colorama\tests\ansitowin32_test.py
which is not the same as the test file we want to collect:
  C:\Program Files\Python312\Lib\site-packages\pip\_vendor\colorama\tests\ansitowin32_test.py
HINT: remove __pycache__ / .pyc files and/or use a unique basename for your test file modules</error></testcase><testcase classname="" name="Program Files.Python312.Lib.site-packages.pip._vendor.colorama.tests.initialise_test" time="0.000"><error message="collection failure">import file mismatch:
imported module 'pip._vendor.colorama.tests.initialise_test' has this __file__ attribute:
  C:\Program Files\Blender Foundation\Blender 3.6\3.6\python\lib\site-packages\pip\_vendor\colorama\tests\initialise_test.py
which is not the same as the test file we want to collect:
  C:\Program Files\Python312\Lib\site-packages\pip\_vendor\colorama\tests\initialise_test.py
HINT: remove __pycache__ / .pyc files and/or use a unique basename for your test file modules</error></testcase><testcase classname="" name="Program Files.Python312.Lib.site-packages.pip._vendor.colorama.tests.isatty_test" time="0.000"><error message="collection failure">import file mismatch:
imported module 'pip._vendor.colorama.tests.isatty_test' has this __file__ attribute:
  C:\Program Files\Blender Foundation\Blender 3.6\3.6\python\lib\site-packages\pip\_vendor\colorama\tests\isatty_test.py
which is not the same as the test file we want to collect:
  C:\Program Files\Python312\Lib\site-packages\pip\_vendor\colorama\tests\isatty_test.py
HINT: remove __pycache__ / .pyc files and/or use a unique basename for your test file modules</error></testcase><testcase classname="" name="Program Files.Python312.Lib.site-packages.pip._vendor.colorama.tests.winterm_test" time="0.000"><error message="collection failure">import file mismatch:
imported module 'pip._vendor.colorama.tests.winterm_test' has this __file__ attribute:
  C:\Program Files\Blender Foundation\Blender 3.6\3.6\python\lib\site-packages\pip\_vendor\colorama\tests\winterm_test.py
which is not the same as the test file we want to collect:
  C:\Program Files\Python312\Lib\site-packages\pip\_vendor\colorama\tests\winterm_test.py
HINT: remove __pycache__ / .pyc files and/or use a unique basename for your test file modules</error></testcase><testcase classname="" name="Program Files.Python312.Lib.test.leakers.test_ctypes" time="0.000"><error message="collection failure">import file mismatch:
imported module 'test.leakers.test_ctypes' has this __file__ attribute:
  C:\Program Files\MySQL\MySQL Shell 8.0\lib\Python3.12\Lib\test\leakers\test_ctypes.py
which is not the same as the test file we want to collect:
  C:\Program Files\Python312\Lib\test\leakers\test_ctypes.py
HINT: remove __pycache__ / .pyc files and/or use a unique basename for your test file modules</error></testcase><testcase classname="" name="Program Files.Python312.Lib.test.leakers.test_selftype" time="0.000"><error message="collection failure">import file mismatch:
imported module 'test.leakers.test_selftype' has this __file__ attribute:
  C:\Program Files\MySQL\MySQL Shell 8.0\lib\Python3.12\Lib\test\leakers\test_selftype.py
which is not the same as the test file we want to collect:
  C:\Program Files\Python312\Lib\test\leakers\test_selftype.py
HINT: remove __pycache__ / .pyc files and/or use a unique basename for your test file modules</error></testcase><testcase classname="" name="Program Files.Python312.Lib.test.regrtestdata.import_from_tests.test_regrtest_a" time="0.000"><error message="collection failure">import file mismatch:
imported module 'test_regrtest_a' has this __file__ attribute:
  C:\Program Files\MySQL\MySQL Shell 8.0\lib\Python3.12\Lib\test\regrtestdata\import_from_tests\test_regrtest_a.py
which is not the same as the test file we want to collect:
  C:\Program Files\Python312\Lib\test\regrtestdata\import_from_tests\test_regrtest_a.py
HINT: remove __pycache__ / .pyc files and/or use a unique basename for your test file modules</error></testcase><testcase classname="" name="Program Files.Python312.Lib.test.regrtestdata.import_from_tests.test_regrtest_c" time="0.000"><error message="collection failure">import file mismatch:
imported module 'test_regrtest_c' has this __file__ attribute:
  C:\Program Files\MySQL\MySQL Shell 8.0\lib\Python3.12\Lib\test\regrtestdata\import_from_tests\test_regrtest_c.py
which is not the same as the test file we want to collect:
  C:\Program Files\Python312\Lib\test\regrtestdata\import_from_tests\test_regrtest_c.py
HINT: remove __pycache__ / .pyc files and/or use a unique basename for your test file modules</error></testcase><testcase classname="" name="Program Files.Python312.Lib.test.test___all__" time="0.000"><error message="collection failure">import file mismatch:
imported module 'test.test___all__' has this __file__ attribute:
  C:\Program Files\MySQL\MySQL Shell 8.0\lib\Python3.12\Lib\test\test___all__.py
which is not the same as the test file we want to collect:
  C:\Program Files\Python312\Lib\test\test___all__.py
HINT: remove __pycache__ / .pyc files and/or use a unique basename for your test file modules</error></testcase><testcase classname="" name="Program Files.Python312.Lib.test.test__locale" time="0.000"><error message="collection failure">import file mismatch:
imported module 'test.test__locale' has this __file__ attribute:
  C:\Program Files\MySQL\MySQL Shell 8.0\lib\Python3.12\Lib\test\test__locale.py
which is not the same as the test file we want to collect:
  C:\Program Files\Python312\Lib\test\test__locale.py
HINT: remove __pycache__ / .pyc files and/or use a unique basename for your test file modules</error></testcase><testcase classname="" name="Program Files.Python312.Lib.test.test__opcode" time="0.000"><error message="collection failure">import file mismatch:
imported module 'test.test__opcode' has this __file__ attribute:
  C:\Program Files\MySQL\MySQL Shell 8.0\lib\Python3.12\Lib\test\test__opcode.py
which is not the same as the test file we want to collect:
  C:\Program Files\Python312\Lib\test\test__opcode.py
HINT: remove __pycache__ / .pyc files and/or use a unique basename for your test file modules</error></testcase><testcase classname="" name="Program Files.Python312.Lib.test.test__osx_support" time="0.000"><error message="collection failure">import file mismatch:
imported module 'test.test__osx_support' has this __file__ attribute:
  C:\Program Files\MySQL\MySQL Shell 8.0\lib\Python3.12\Lib\test\test__osx_support.py
which is not the same as the test file we want to collect:
  C:\Program Files\Python312\Lib\test\test__osx_support.py
HINT: remove __pycache__ / .pyc files and/or use a unique basename for your test file modules</error></testcase><testcase classname="" name="Program Files.Python312.Lib.test.test__xxinterpchannels" time="0.000"><error message="collection failure">import file mismatch:
imported module 'test.test__xxinterpchannels' has this __file__ attribute:
  C:\Program Files\MySQL\MySQL Shell 8.0\lib\Python3.12\Lib\test\test__xxinterpchannels.py
which is not the same as the test file we want to collect:
  C:\Program Files\Python312\Lib\test\test__xxinterpchannels.py
HINT: remove __pycache__ / .pyc files and/or use a unique basename for your test file modules</error></testcase><testcase classname="" name="Program Files.Python312.Lib.test.test__xxsubinterpreters" time="0.000"><error message="collection failure">import file mismatch:
imported module 'test.test__xxsubinterpreters' has this __file__ attribute:
  C:\Program Files\MySQL\MySQL Shell 8.0\lib\Python3.12\Lib\test\test__xxsubinterpreters.py
which is not the same as the test file we want to collect:
  C:\Program Files\Python312\Lib\test\test__xxsubinterpreters.py
HINT: remove __pycache__ / .pyc files and/or use a unique basename for your test file modules</error></testcase><testcase classname="" name="Program Files.Python312.Lib.test.test_abc" time="0.000"><error message="collection failure">import file mismatch:
imported module 'test.test_abc' has this __file__ attribute:
  C:\Program Files\MySQL\MySQL Shell 8.0\lib\Python3.12\Lib\test\test_abc.py
which is not the same as the test file we want to collect:
  C:\Program Files\Python312\Lib\test\test_abc.py
HINT: remove __pycache__ / .pyc files and/or use a unique basename for your test file modules</error></testcase><testcase classname="" name="Program Files.Python312.Lib.test.test_abstract_numbers" time="0.000"><error message="collection failure">import file mismatch:
imported module 'test.test_abstract_numbers' has this __file__ attribute:
  C:\Program Files\MySQL\MySQL Shell 8.0\lib\Python3.12\Lib\test\test_abstract_numbers.py
which is not the same as the test file we want to collect:
  C:\Program Files\Python312\Lib\test\test_abstract_numbers.py
HINT: remove __pycache__ / .pyc files and/or use a unique basename for your test file modules</error></testcase><testcase classname="" name="Program Files.Python312.Lib.test.test_aifc" time="0.000"><error message="collection failure">import file mismatch:
imported module 'test.test_aifc' has this __file__ attribute:
  C:\Program Files\MySQL\MySQL Shell 8.0\lib\Python3.12\Lib\test\test_aifc.py
which is not the same as the test file we want to collect:
  C:\Program Files\Python312\Lib\test\test_aifc.py
HINT: remove __pycache__ / .pyc files and/or use a unique basename for your test file modules</error></testcase><testcase classname="" name="Program Files.Python312.Lib.test.test_argparse" time="0.000"><error message="collection failure">import file mismatch:
imported module 'test.test_argparse' has this __file__ attribute:
  C:\Program Files\MySQL\MySQL Shell 8.0\lib\Python3.12\Lib\test\test_argparse.py
which is not the same as the test file we want to collect:
  C:\Program Files\Python312\Lib\test\test_argparse.py
HINT: remove __pycache__ / .pyc files and/or use a unique basename for your test file modules</error></testcase><testcase classname="" name="Program Files.Python312.Lib.test.test_array" time="0.000"><error message="collection failure">import file mismatch:
imported module 'test.test_array' has this __file__ attribute:
  C:\Program Files\MySQL\MySQL Shell 8.0\lib\Python3.12\Lib\test\test_array.py
which is not the same as the test file we want to collect:
  C:\Program Files\Python312\Lib\test\test_array.py
HINT: remove __pycache__ / .pyc files and/or use a unique basename for your test file modules</error></testcase><testcase classname="" name="Program Files.Python312.Lib.test.test_asdl_parser" time="0.000"><skipped message="collection skipped">('C:\\Program Files\\MySQL\\MySQL Shell 8.0\\lib\\Python3.12\\Lib\\test\\test_asdl_parser.py', 14, 'unittest.case.SkipTest: test irrelevant for an installed Python')</skipped></testcase><testcase classname="" name="Program Files.Python312.Lib.test.test_ast" time="0.000"><error message="collection failure">import file mismatch:
imported module 'test.test_ast' has this __file__ attribute:
  C:\Program Files\MySQL\MySQL Shell 8.0\lib\Python3.12\Lib\test\test_ast.py
which is not the same as the test file we want to collect:
  C:\Program Files\Python312\Lib\test\test_ast.py
HINT: remove __pycache__ / .pyc files and/or use a unique basename for your test file modules</error></testcase><testcase classname="" name="Program Files.Python312.Lib.test.test_asyncgen" time="0.000"><error message="collection failure">import file mismatch:
imported module 'test.test_asyncgen' has this __file__ attribute:
  C:\Program Files\MySQL\MySQL Shell 8.0\lib\Python3.12\Lib\test\test_asyncgen.py
which is not the same as the test file we want to collect:
  C:\Program Files\Python312\Lib\test\test_asyncgen.py
HINT: remove __pycache__ / .pyc files and/or use a unique basename for your test file modules</error></testcase><testcase classname="" name="Program Files.Python312.Lib.test.test_asyncio.test_base_events" time="0.000"><error message="collection failure">import file mismatch:
imported module 'test.test_asyncio.test_base_events' has this __file__ attribute:
  C:\Program Files\MySQL\MySQL Shell 8.0\lib\Python3.12\Lib\test\test_asyncio\test_base_events.py
which is not the same as the test file we want to collect:
  C:\Program Files\Python312\Lib\test\test_asyncio\test_base_events.py
HINT: remove __pycache__ / .pyc files and/or use a unique basename for your test file modules</error></testcase><testcase classname="" name="Program Files.Python312.Lib.test.test_asyncio.test_buffered_proto" time="0.000"><error message="collection failure">import file mismatch:
imported module 'test.test_asyncio.test_buffered_proto' has this __file__ attribute:
  C:\Program Files\MySQL\MySQL Shell 8.0\lib\Python3.12\Lib\test\test_asyncio\test_buffered_proto.py
which is not the same as the test file we want to collect:
  C:\Program Files\Python312\Lib\test\test_asyncio\test_buffered_proto.py
HINT: remove __pycache__ / .pyc files and/or use a unique basename for your test file modules</error></testcase><testcase classname="" name="Program Files.Python312.Lib.test.test_asyncio.test_context" time="0.000"><error message="collection failure">import file mismatch:
imported module 'test.test_asyncio.test_context' has this __file__ attribute:
  C:\Program Files\MySQL\MySQL Shell 8.0\lib\Python3.12\Lib\test\test_asyncio\test_context.py
which is not the same as the test file we want to collect:
  C:\Program Files\Python312\Lib\test\test_asyncio\test_context.py
HINT: remove __pycache__ / .pyc files and/or use a unique basename for your test file modules</error></testcase><testcase classname="" name="Program Files.Python312.Lib.test.test_asyncio.test_eager_task_factory" time="0.000"><error message="collection failure">import file mismatch:
imported module 'test.test_asyncio.test_eager_task_factory' has this __file__ attribute:
  C:\Program Files\MySQL\MySQL Shell 8.0\lib\Python3.12\Lib\test\test_asyncio\test_eager_task_factory.py
which is not the same as the test file we want to collect:
  C:\Program Files\Python312\Lib\test\test_asyncio\test_eager_task_factory.py
HINT: remove __pycache__ / .pyc files and/or use a unique basename for your test file modules</error></testcase><testcase classname="" name="Program Files.Python312.Lib.test.test_asyncio.test_events" time="0.000"><error message="collection failure">import file mismatch:
imported module 'test.test_asyncio.test_events' has this __file__ attribute:
  C:\Program Files\MySQL\MySQL Shell 8.0\lib\Python3.12\Lib\test\test_asyncio\test_events.py
which is not the same as the test file we want to collect:
  C:\Program Files\Python312\Lib\test\test_asyncio\test_events.py
HINT: remove __pycache__ / .pyc files and/or use a unique basename for your test file modules</error></testcase><testcase classname="" name="Program Files.Python312.Lib.test.test_asyncio.test_futures" time="0.000"><error message="collection failure">import file mismatch:
imported module 'test.test_asyncio.test_futures' has this __file__ attribute:
  C:\Program Files\MySQL\MySQL Shell 8.0\lib\Python3.12\Lib\test\test_asyncio\test_futures.py
which is not the same as the test file we want to collect:
  C:\Program Files\Python312\Lib\test\test_asyncio\test_futures.py
HINT: remove __pycache__ / .pyc files and/or use a unique basename for your test file modules</error></testcase><testcase classname="" name="Program Files.Python312.Lib.test.test_asyncio.test_futures2" time="0.000"><error message="collection failure">import file mismatch:
imported module 'test.test_asyncio.test_futures2' has this __file__ attribute:
  C:\Program Files\MySQL\MySQL Shell 8.0\lib\Python3.12\Lib\test\test_asyncio\test_futures2.py
which is not the same as the test file we want to collect:
  C:\Program Files\Python312\Lib\test\test_asyncio\test_futures2.py
HINT: remove __pycache__ / .pyc files and/or use a unique basename for your test file modules</error></testcase><testcase classname="" name="Program Files.Python312.Lib.test.test_asyncio.test_locks" time="0.000"><error message="collection failure">import file mismatch:
imported module 'test.test_asyncio.test_locks' has this __file__ attribute:
  C:\Program Files\MySQL\MySQL Shell 8.0\lib\Python3.12\Lib\test\test_asyncio\test_locks.py
which is not the same as the test file we want to collect:
  C:\Program Files\Python312\Lib\test\test_asyncio\test_locks.py
HINT: remove __pycache__ / .pyc files and/or use a unique basename for your test file modules</error></testcase><testcase classname="" name="Program Files.Python312.Lib.test.test_asyncio.test_pep492" time="0.000"><error message="collection failure">import file mismatch:
imported module 'test.test_asyncio.test_pep492' has this __file__ attribute:
  C:\Program Files\MySQL\MySQL Shell 8.0\lib\Python3.12\Lib\test\test_asyncio\test_pep492.py
which is not the same as the test file we want to collect:
  C:\Program Files\Python312\Lib\test\test_asyncio\test_pep492.py
HINT: remove __pycache__ / .pyc files and/or use a unique basename for your test file modules</error></testcase><testcase classname="" name="Program Files.Python312.Lib.test.test_asyncio.test_proactor_events" time="0.000"><error message="collection failure">import file mismatch:
imported module 'test.test_asyncio.test_proactor_events' has this __file__ attribute:
  C:\Program Files\MySQL\MySQL Shell 8.0\lib\Python3.12\Lib\test\test_asyncio\test_proactor_events.py
which is not the same as the test file we want to collect:
  C:\Program Files\Python312\Lib\test\test_asyncio\test_proactor_events.py
HINT: remove __pycache__ / .pyc files and/or use a unique basename for your test file modules</error></testcase><testcase classname="" name="Program Files.Python312.Lib.test.test_asyncio.test_protocols" time="0.000"><error message="collection failure">import file mismatch:
imported module 'test.test_asyncio.test_protocols' has this __file__ attribute:
  C:\Program Files\MySQL\MySQL Shell 8.0\lib\Python3.12\Lib\test\test_asyncio\test_protocols.py
which is not the same as the test file we want to collect:
  C:\Program Files\Python312\Lib\test\test_asyncio\test_protocols.py
HINT: remove __pycache__ / .pyc files and/or use a unique basename for your test file modules</error></testcase><testcase classname="" name="Program Files.Python312.Lib.test.test_asyncio.test_queues" time="0.000"><error message="collection failure">import file mismatch:
imported module 'test.test_asyncio.test_queues' has this __file__ attribute:
  C:\Program Files\MySQL\MySQL Shell 8.0\lib\Python3.12\Lib\test\test_asyncio\test_queues.py
which is not the same as the test file we want to collect:
  C:\Program Files\Python312\Lib\test\test_asyncio\test_queues.py
HINT: remove __pycache__ / .pyc files and/or use a unique basename for your test file modules</error></testcase><testcase classname="" name="Program Files.Python312.Lib.test.test_asyncio.test_runners" time="0.000"><error message="collection failure">import file mismatch:
imported module 'test.test_asyncio.test_runners' has this __file__ attribute:
  C:\Program Files\MySQL\MySQL Shell 8.0\lib\Python3.12\Lib\test\test_asyncio\test_runners.py
which is not the same as the test file we want to collect:
  C:\Program Files\Python312\Lib\test\test_asyncio\test_runners.py
HINT: remove __pycache__ / .pyc files and/or use a unique basename for your test file modules</error></testcase><testcase classname="" name="Program Files.Python312.Lib.test.test_asyncio.test_selector_events" time="0.000"><error message="collection failure">import file mismatch:
imported module 'test.test_asyncio.test_selector_events' has this __file__ attribute:
  C:\Program Files\MySQL\MySQL Shell 8.0\lib\Python3.12\Lib\test\test_asyncio\test_selector_events.py
which is not the same as the test file we want to collect:
  C:\Program Files\Python312\Lib\test\test_asyncio\test_selector_events.py
HINT: remove __pycache__ / .pyc files and/or use a unique basename for your test file modules</error></testcase><testcase classname="" name="Program Files.Python312.Lib.test.test_asyncio.test_sendfile" time="0.000"><error message="collection failure">import file mismatch:
imported module 'test.test_asyncio.test_sendfile' has this __file__ attribute:
  C:\Program Files\MySQL\MySQL Shell 8.0\lib\Python3.12\Lib\test\test_asyncio\test_sendfile.py
which is not the same as the test file we want to collect:
  C:\Program Files\Python312\Lib\test\test_asyncio\test_sendfile.py
HINT: remove __pycache__ / .pyc files and/or use a unique basename for your test file modules</error></testcase><testcase classname="" name="Program Files.Python312.Lib.test.test_asyncio.test_server" time="0.000"><error message="collection failure">import file mismatch:
imported module 'test.test_asyncio.test_server' has this __file__ attribute:
  C:\Program Files\MySQL\MySQL Shell 8.0\lib\Python3.12\Lib\test\test_asyncio\test_server.py
which is not the same as the test file we want to collect:
  C:\Program Files\Python312\Lib\test\test_asyncio\test_server.py
HINT: remove __pycache__ / .pyc files and/or use a unique basename for your test file modules</error></testcase><testcase classname="" name="Program Files.Python312.Lib.test.test_asyncio.test_sock_lowlevel" time="0.000"><error message="collection failure">import file mismatch:
imported module 'test.test_asyncio.test_sock_lowlevel' has this __file__ attribute:
  C:\Program Files\MySQL\MySQL Shell 8.0\lib\Python3.12\Lib\test\test_asyncio\test_sock_lowlevel.py
which is not the same as the test file we want to collect:
  C:\Program Files\Python312\Lib\test\test_asyncio\test_sock_lowlevel.py
HINT: remove __pycache__ / .pyc files and/or use a unique basename for your test file modules</error></testcase><testcase classname="" name="Program Files.Python312.Lib.test.test_asyncio.test_ssl" time="0.000"><error message="collection failure">import file mismatch:
imported module 'test.test_asyncio.test_ssl' has this __file__ attribute:
  C:\Program Files\MySQL\MySQL Shell 8.0\lib\Python3.12\Lib\test\test_asyncio\test_ssl.py
which is not the same as the test file we want to collect:
  C:\Program Files\Python312\Lib\test\test_asyncio\test_ssl.py
HINT: remove __pycache__ / .pyc files and/or use a unique basename for your test file modules</error></testcase><testcase classname="" name="Program Files.Python312.Lib.test.test_asyncio.test_sslproto" time="0.000"><error message="collection failure">import file mismatch:
imported module 'test.test_asyncio.test_sslproto' has this __file__ attribute:
  C:\Program Files\MySQL\MySQL Shell 8.0\lib\Python3.12\Lib\test\test_asyncio\test_sslproto.py
which is not the same as the test file we want to collect:
  C:\Program Files\Python312\Lib\test\test_asyncio\test_sslproto.py
HINT: remove __pycache__ / .pyc files and/or use a unique basename for your test file modules</error></testcase><testcase classname="" name="Program Files.Python312.Lib.test.test_asyncio.test_streams" time="0.000"><error message="collection failure">import file mismatch:
imported module 'test.test_asyncio.test_streams' has this __file__ attribute:
  C:\Program Files\MySQL\MySQL Shell 8.0\lib\Python3.12\Lib\test\test_asyncio\test_streams.py
which is not the same as the test file we want to collect:
  C:\Program Files\Python312\Lib\test\test_asyncio\test_streams.py
HINT: remove __pycache__ / .pyc files and/or use a unique basename for your test file modules</error></testcase><testcase classname="" name="Program Files.Python312.Lib.test.test_asyncio.test_subprocess" time="0.000"><error message="collection failure">import file mismatch:
imported module 'test.test_asyncio.test_subprocess' has this __file__ attribute:
  C:\Program Files\MySQL\MySQL Shell 8.0\lib\Python3.12\Lib\test\test_asyncio\test_subprocess.py
which is not the same as the test file we want to collect:
  C:\Program Files\Python312\Lib\test\test_asyncio\test_subprocess.py
HINT: remove __pycache__ / .pyc files and/or use a unique basename for your test file modules</error></testcase><testcase classname="" name="Program Files.Python312.Lib.test.test_asyncio.test_taskgroups" time="0.000"><error message="collection failure">import file mismatch:
imported module 'test.test_asyncio.test_taskgroups' has this __file__ attribute:
  C:\Program Files\MySQL\MySQL Shell 8.0\lib\Python3.12\Lib\test\test_asyncio\test_taskgroups.py
which is not the same as the test file we want to collect:
  C:\Program Files\Python312\Lib\test\test_asyncio\test_taskgroups.py
HINT: remove __pycache__ / .pyc files and/or use a unique basename for your test file modules</error></testcase><testcase classname="" name="Program Files.Python312.Lib.test.test_asyncio.test_tasks" time="0.000"><error message="collection failure">import file mismatch:
imported module 'test.test_asyncio.test_tasks' has this __file__ attribute:
  C:\Program Files\MySQL\MySQL Shell 8.0\lib\Python3.12\Lib\test\test_asyncio\test_tasks.py
which is not the same as the test file we want to collect:
  C:\Program Files\Python312\Lib\test\test_asyncio\test_tasks.py
HINT: remove __pycache__ / .pyc files and/or use a unique basename for your test file modules</error></testcase><testcase classname="" name="Program Files.Python312.Lib.test.test_asyncio.test_threads" time="0.000"><error message="collection failure">import file mismatch:
imported module 'test.test_asyncio.test_threads' has this __file__ attribute:
  C:\Program Files\MySQL\MySQL Shell 8.0\lib\Python3.12\Lib\test\test_asyncio\test_threads.py
which is not the same as the test file we want to collect:
  C:\Program Files\Python312\Lib\test\test_asyncio\test_threads.py
HINT: remove __pycache__ / .pyc files and/or use a unique basename for your test file modules</error></testcase><testcase classname="" name="Program Files.Python312.Lib.test.test_asyncio.test_timeouts" time="0.000"><error message="collection failure">import file mismatch:
imported module 'test.test_asyncio.test_timeouts' has this __file__ attribute:
  C:\Program Files\MySQL\MySQL Shell 8.0\lib\Python3.12\Lib\test\test_asyncio\test_timeouts.py
which is not the same as the test file we want to collect:
  C:\Program Files\Python312\Lib\test\test_asyncio\test_timeouts.py
HINT: remove __pycache__ / .pyc files and/or use a unique basename for your test file modules</error></testcase><testcase classname="" name="Program Files.Python312.Lib.test.test_asyncio.test_transports" time="0.000"><error message="collection failure">import file mismatch:
imported module 'test.test_asyncio.test_transports' has this __file__ attribute:
  C:\Program Files\MySQL\MySQL Shell 8.0\lib\Python3.12\Lib\test\test_asyncio\test_transports.py
which is not the same as the test file we want to collect:
  C:\Program Files\Python312\Lib\test\test_asyncio\test_transports.py
HINT: remove __pycache__ / .pyc files and/or use a unique basename for your test file modules</error></testcase><testcase classname="" name="Program Files.Python312.Lib.test.test_asyncio.test_unix_events" time="0.000"><skipped message="collection skipped">('C:\\Program Files\\MySQL\\MySQL Shell 8.0\\lib\\Python3.12\\Lib\\test\\test_asyncio\\test_unix_events.py', 27, 'unittest.case.SkipTest: UNIX only')</skipped></testcase><testcase classname="" name="Program Files.Python312.Lib.test.test_asyncio.test_waitfor" time="0.000"><error message="collection failure">import file mismatch:
imported module 'test.test_asyncio.test_waitfor' has this __file__ attribute:
  C:\Program Files\MySQL\MySQL Shell 8.0\lib\Python3.12\Lib\test\test_asyncio\test_waitfor.py
which is not the same as the test file we want to collect:
  C:\Program Files\Python312\Lib\test\test_asyncio\test_waitfor.py
HINT: remove __pycache__ / .pyc files and/or use a unique basename for your test file modules</error></testcase><testcase classname="" name="Program Files.Python312.Lib.test.test_asyncio.test_windows_events" time="0.000"><error message="collection failure">import file mismatch:
imported module 'test.test_asyncio.test_windows_events' has this __file__ attribute:
  C:\Program Files\MySQL\MySQL Shell 8.0\lib\Python3.12\Lib\test\test_asyncio\test_windows_events.py
which is not the same as the test file we want to collect:
  C:\Program Files\Python312\Lib\test\test_asyncio\test_windows_events.py
HINT: remove __pycache__ / .pyc files and/or use a unique basename for your test file modules</error></testcase><testcase classname="" name="Program Files.Python312.Lib.test.test_asyncio.test_windows_utils" time="0.000"><error message="collection failure">import file mismatch:
imported module 'test.test_asyncio.test_windows_utils' has this __file__ attribute:
  C:\Program Files\MySQL\MySQL Shell 8.0\lib\Python3.12\Lib\test\test_asyncio\test_windows_utils.py
which is not the same as the test file we want to collect:
  C:\Program Files\Python312\Lib\test\test_asyncio\test_windows_utils.py
HINT: remove __pycache__ / .pyc files and/or use a unique basename for your test file modules</error></testcase><testcase classname="" name="Program Files.Python312.Lib.test.test_atexit" time="0.000"><error message="collection failure">import file mismatch:
imported module 'test.test_atexit' has this __file__ attribute:
  C:\Program Files\MySQL\MySQL Shell 8.0\lib\Python3.12\Lib\test\test_atexit.py
which is not the same as the test file we want to collect:
  C:\Program Files\Python312\Lib\test\test_atexit.py
HINT: remove __pycache__ / .pyc files and/or use a unique basename for your test file modules</error></testcase><testcase classname="" name="Program Files.Python312.Lib.test.test_audioop" time="0.000"><error message="collection failure">import file mismatch:
imported module 'test.test_audioop' has this __file__ attribute:
  C:\Program Files\MySQL\MySQL Shell 8.0\lib\Python3.12\Lib\test\test_audioop.py
which is not the same as the test file we want to collect:
  C:\Program Files\Python312\Lib\test\test_audioop.py
HINT: remove __pycache__ / .pyc files and/or use a unique basename for your test file modules</error></testcase><testcase classname="" name="Program Files.Python312.Lib.test.test_audit" time="0.000"><error message="collection failure">import file mismatch:
imported module 'test.test_audit' has this __file__ attribute:
  C:\Program Files\MySQL\MySQL Shell 8.0\lib\Python3.12\Lib\test\test_audit.py
which is not the same as the test file we want to collect:
  C:\Program Files\Python312\Lib\test\test_audit.py
HINT: remove __pycache__ / .pyc files and/or use a unique basename for your test file modules</error></testcase><testcase classname="" name="Program Files.Python312.Lib.test.test_augassign" time="0.000"><error message="collection failure">import file mismatch:
imported module 'test.test_augassign' has this __file__ attribute:
  C:\Program Files\MySQL\MySQL Shell 8.0\lib\Python3.12\Lib\test\test_augassign.py
which is not the same as the test file we want to collect:
  C:\Program Files\Python312\Lib\test\test_augassign.py
HINT: remove __pycache__ / .pyc files and/or use a unique basename for your test file modules</error></testcase><testcase classname="" name="Program Files.Python312.Lib.test.test_base64" time="0.000"><error message="collection failure">import file mismatch:
imported module 'test.test_base64' has this __file__ attribute:
  C:\Program Files\MySQL\MySQL Shell 8.0\lib\Python3.12\Lib\test\test_base64.py
which is not the same as the test file we want to collect:
  C:\Program Files\Python312\Lib\test\test_base64.py
HINT: remove __pycache__ / .pyc files and/or use a unique basename for your test file modules</error></testcase><testcase classname="" name="Program Files.Python312.Lib.test.test_baseexception" time="0.000"><error message="collection failure">import file mismatch:
imported module 'test.test_baseexception' has this __file__ attribute:
  C:\Program Files\MySQL\MySQL Shell 8.0\lib\Python3.12\Lib\test\test_baseexception.py
which is not the same as the test file we want to collect:
  C:\Program Files\Python312\Lib\test\test_baseexception.py
HINT: remove __pycache__ / .pyc files and/or use a unique basename for your test file modules</error></testcase><testcase classname="" name="Program Files.Python312.Lib.test.test_bdb" time="0.000"><error message="collection failure">import file mismatch:
imported module 'test.test_bdb' has this __file__ attribute:
  C:\Program Files\MySQL\MySQL Shell 8.0\lib\Python3.12\Lib\test\test_bdb.py
which is not the same as the test file we want to collect:
  C:\Program Files\Python312\Lib\test\test_bdb.py
HINT: remove __pycache__ / .pyc files and/or use a unique basename for your test file modules</error></testcase><testcase classname="" name="Program Files.Python312.Lib.test.test_bigaddrspace" time="0.000"><error message="collection failure">import file mismatch:
imported module 'test.test_bigaddrspace' has this __file__ attribute:
  C:\Program Files\MySQL\MySQL Shell 8.0\lib\Python3.12\Lib\test\test_bigaddrspace.py
which is not the same as the test file we want to collect:
  C:\Program Files\Python312\Lib\test\test_bigaddrspace.py
HINT: remove __pycache__ / .pyc files and/or use a unique basename for your test file modules</error></testcase><testcase classname="" name="Program Files.Python312.Lib.test.test_bigmem" time="0.000"><error message="collection failure">import file mismatch:
imported module 'test.test_bigmem' has this __file__ attribute:
  C:\Program Files\MySQL\MySQL Shell 8.0\lib\Python3.12\Lib\test\test_bigmem.py
which is not the same as the test file we want to collect:
  C:\Program Files\Python312\Lib\test\test_bigmem.py
HINT: remove __pycache__ / .pyc files and/or use a unique basename for your test file modules</error></testcase><testcase classname="" name="Program Files.Python312.Lib.test.test_binascii" time="0.000"><error message="collection failure">import file mismatch:
imported module 'test.test_binascii' has this __file__ attribute:
  C:\Program Files\MySQL\MySQL Shell 8.0\lib\Python3.12\Lib\test\test_binascii.py
which is not the same as the test file we want to collect:
  C:\Program Files\Python312\Lib\test\test_binascii.py
HINT: remove __pycache__ / .pyc files and/or use a unique basename for your test file modules</error></testcase><testcase classname="" name="Program Files.Python312.Lib.test.test_binop" time="0.000"><error message="collection failure">import file mismatch:
imported module 'test.test_binop' has this __file__ attribute:
  C:\Program Files\MySQL\MySQL Shell 8.0\lib\Python3.12\Lib\test\test_binop.py
which is not the same as the test file we want to collect:
  C:\Program Files\Python312\Lib\test\test_binop.py
HINT: remove __pycache__ / .pyc files and/or use a unique basename for your test file modules</error></testcase><testcase classname="" name="Program Files.Python312.Lib.test.test_bisect" time="0.000"><error message="collection failure">import file mismatch:
imported module 'test.test_bisect' has this __file__ attribute:
  C:\Program Files\MySQL\MySQL Shell 8.0\lib\Python3.12\Lib\test\test_bisect.py
which is not the same as the test file we want to collect:
  C:\Program Files\Python312\Lib\test\test_bisect.py
HINT: remove __pycache__ / .pyc files and/or use a unique basename for your test file modules</error></testcase><testcase classname="" name="Program Files.Python312.Lib.test.test_bool" time="0.000"><error message="collection failure">import file mismatch:
imported module 'test.test_bool' has this __file__ attribute:
  C:\Program Files\MySQL\MySQL Shell 8.0\lib\Python3.12\Lib\test\test_bool.py
which is not the same as the test file we want to collect:
  C:\Program Files\Python312\Lib\test\test_bool.py
HINT: remove __pycache__ / .pyc files and/or use a unique basename for your test file modules</error></testcase><testcase classname="" name="Program Files.Python312.Lib.test.test_buffer" time="0.000"><error message="collection failure">import file mismatch:
imported module 'test.test_buffer' has this __file__ attribute:
  C:\Program Files\MySQL\MySQL Shell 8.0\lib\Python3.12\Lib\test\test_buffer.py
which is not the same as the test file we want to collect:
  C:\Program Files\Python312\Lib\test\test_buffer.py
HINT: remove __pycache__ / .pyc files and/or use a unique basename for your test file modules</error></testcase><testcase classname="" name="Program Files.Python312.Lib.test.test_bufio" time="0.000"><error message="collection failure">import file mismatch:
imported module 'test.test_bufio' has this __file__ attribute:
  C:\Program Files\MySQL\MySQL Shell 8.0\lib\Python3.12\Lib\test\test_bufio.py
which is not the same as the test file we want to collect:
  C:\Program Files\Python312\Lib\test\test_bufio.py
HINT: remove __pycache__ / .pyc files and/or use a unique basename for your test file modules</error></testcase><testcase classname="" name="Program Files.Python312.Lib.test.test_builtin" time="0.000"><error message="collection failure">import file mismatch:
imported module 'test.test_builtin' has this __file__ attribute:
  C:\Program Files\MySQL\MySQL Shell 8.0\lib\Python3.12\Lib\test\test_builtin.py
which is not the same as the test file we want to collect:
  C:\Program Files\Python312\Lib\test\test_builtin.py
HINT: remove __pycache__ / .pyc files and/or use a unique basename for your test file modules</error></testcase><testcase classname="" name="Program Files.Python312.Lib.test.test_bytes" time="0.000"><error message="collection failure">import file mismatch:
imported module 'test.test_bytes' has this __file__ attribute:
  C:\Program Files\MySQL\MySQL Shell 8.0\lib\Python3.12\Lib\test\test_bytes.py
which is not the same as the test file we want to collect:
  C:\Program Files\Python312\Lib\test\test_bytes.py
HINT: remove __pycache__ / .pyc files and/or use a unique basename for your test file modules</error></testcase><testcase classname="" name="Program Files.Python312.Lib.test.test_bz2" time="0.000"><error message="collection failure">import file mismatch:
imported module 'test.test_bz2' has this __file__ attribute:
  C:\Program Files\MySQL\MySQL Shell 8.0\lib\Python3.12\Lib\test\test_bz2.py
which is not the same as the test file we want to collect:
  C:\Program Files\Python312\Lib\test\test_bz2.py
HINT: remove __pycache__ / .pyc files and/or use a unique basename for your test file modules</error></testcase><testcase classname="" name="Program Files.Python312.Lib.test.test_c_locale_coercion" time="0.000"><error message="collection failure">import file mismatch:
imported module 'test.test_c_locale_coercion' has this __file__ attribute:
  C:\Program Files\MySQL\MySQL Shell 8.0\lib\Python3.12\Lib\test\test_c_locale_coercion.py
which is not the same as the test file we want to collect:
  C:\Program Files\Python312\Lib\test\test_c_locale_coercion.py
HINT: remove __pycache__ / .pyc files and/or use a unique basename for your test file modules</error></testcase><testcase classname="" name="Program Files.Python312.Lib.test.test_calendar" time="0.000"><error message="collection failure">import file mismatch:
imported module 'test.test_calendar' has this __file__ attribute:
  C:\Program Files\MySQL\MySQL Shell 8.0\lib\Python3.12\Lib\test\test_calendar.py
which is not the same as the test file we want to collect:
  C:\Program Files\Python312\Lib\test\test_calendar.py
HINT: remove __pycache__ / .pyc files and/or use a unique basename for your test file modules</error></testcase><testcase classname="" name="Program Files.Python312.Lib.test.test_call" time="0.000"><error message="collection failure">import file mismatch:
imported module 'test.test_call' has this __file__ attribute:
  C:\Program Files\MySQL\MySQL Shell 8.0\lib\Python3.12\Lib\test\test_call.py
which is not the same as the test file we want to collect:
  C:\Program Files\Python312\Lib\test\test_call.py
HINT: remove __pycache__ / .pyc files and/or use a unique basename for your test file modules</error></testcase><testcase classname="" name="Program Files.Python312.Lib.test.test_capi.test_abstract" time="0.000"><error message="collection failure">import file mismatch:
imported module 'test.test_capi.test_abstract' has this __file__ attribute:
  C:\Program Files\MySQL\MySQL Shell 8.0\lib\Python3.12\Lib\test\test_capi\test_abstract.py
which is not the same as the test file we want to collect:
  C:\Program Files\Python312\Lib\test\test_capi\test_abstract.py
HINT: remove __pycache__ / .pyc files and/or use a unique basename for your test file modules</error></testcase><testcase classname="" name="Program Files.Python312.Lib.test.test_capi.test_bytearray" time="0.000"><error message="collection failure">import file mismatch:
imported module 'test.test_capi.test_bytearray' has this __file__ attribute:
  C:\Program Files\MySQL\MySQL Shell 8.0\lib\Python3.12\Lib\test\test_capi\test_bytearray.py
which is not the same as the test file we want to collect:
  C:\Program Files\Python312\Lib\test\test_capi\test_bytearray.py
HINT: remove __pycache__ / .pyc files and/or use a unique basename for your test file modules</error></testcase><testcase classname="" name="Program Files.Python312.Lib.test.test_capi.test_bytes" time="0.000"><error message="collection failure">import file mismatch:
imported module 'test.test_capi.test_bytes' has this __file__ attribute:
  C:\Program Files\MySQL\MySQL Shell 8.0\lib\Python3.12\Lib\test\test_capi\test_bytes.py
which is not the same as the test file we want to collect:
  C:\Program Files\Python312\Lib\test\test_capi\test_bytes.py
HINT: remove __pycache__ / .pyc files and/or use a unique basename for your test file modules</error></testcase><testcase classname="" name="Program Files.Python312.Lib.test.test_capi.test_codecs" time="0.000"><error message="collection failure">import file mismatch:
imported module 'test.test_capi.test_codecs' has this __file__ attribute:
  C:\Program Files\MySQL\MySQL Shell 8.0\lib\Python3.12\Lib\test\test_capi\test_codecs.py
which is not the same as the test file we want to collect:
  C:\Program Files\Python312\Lib\test\test_capi\test_codecs.py
HINT: remove __pycache__ / .pyc files and/or use a unique basename for your test file modules</error></testcase><testcase classname="" name="Program Files.Python312.Lib.test.test_capi.test_complex" time="0.000"><error message="collection failure">import file mismatch:
imported module 'test.test_capi.test_complex' has this __file__ attribute:
  C:\Program Files\MySQL\MySQL Shell 8.0\lib\Python3.12\Lib\test\test_capi\test_complex.py
which is not the same as the test file we want to collect:
  C:\Program Files\Python312\Lib\test\test_capi\test_complex.py
HINT: remove __pycache__ / .pyc files and/or use a unique basename for your test file modules</error></testcase><testcase classname="" name="Program Files.Python312.Lib.test.test_capi.test_dict" time="0.000"><error message="collection failure">import file mismatch:
imported module 'test.test_capi.test_dict' has this __file__ attribute:
  C:\Program Files\MySQL\MySQL Shell 8.0\lib\Python3.12\Lib\test\test_capi\test_dict.py
which is not the same as the test file we want to collect:
  C:\Program Files\Python312\Lib\test\test_capi\test_dict.py
HINT: remove __pycache__ / .pyc files and/or use a unique basename for your test file modules</error></testcase><testcase classname="" name="Program Files.Python312.Lib.test.test_capi.test_eval_code_ex" time="0.000"><error message="collection failure">import file mismatch:
imported module 'test.test_capi.test_eval_code_ex' has this __file__ attribute:
  C:\Program Files\MySQL\MySQL Shell 8.0\lib\Python3.12\Lib\test\test_capi\test_eval_code_ex.py
which is not the same as the test file we want to collect:
  C:\Program Files\Python312\Lib\test\test_capi\test_eval_code_ex.py
HINT: remove __pycache__ / .pyc files and/or use a unique basename for your test file modules</error></testcase><testcase classname="" name="Program Files.Python312.Lib.test.test_capi.test_exceptions" time="0.000"><error message="collection failure">import file mismatch:
imported module 'test.test_capi.test_exceptions' has this __file__ attribute:
  C:\Program Files\MySQL\MySQL Shell 8.0\lib\Python3.12\Lib\test\test_capi\test_exceptions.py
which is not the same as the test file we want to collect:
  C:\Program Files\Python312\Lib\test\test_capi\test_exceptions.py
HINT: remove __pycache__ / .pyc files and/or use a unique basename for your test file modules</error></testcase><testcase classname="" name="Program Files.Python312.Lib.test.test_capi.test_float" time="0.000"><error message="collection failure">import file mismatch:
imported module 'test.test_capi.test_float' has this __file__ attribute:
  C:\Program Files\MySQL\MySQL Shell 8.0\lib\Python3.12\Lib\test\test_capi\test_float.py
which is not the same as the test file we want to collect:
  C:\Program Files\Python312\Lib\test\test_capi\test_float.py
HINT: remove __pycache__ / .pyc files and/or use a unique basename for your test file modules</error></testcase><testcase classname="" name="Program Files.Python312.Lib.test.test_capi.test_getargs" time="0.000"><error message="collection failure">import file mismatch:
imported module 'test.test_capi.test_getargs' has this __file__ attribute:
  C:\Program Files\MySQL\MySQL Shell 8.0\lib\Python3.12\Lib\test\test_capi\test_getargs.py
which is not the same as the test file we want to collect:
  C:\Program Files\Python312\Lib\test\test_capi\test_getargs.py
HINT: remove __pycache__ / .pyc files and/or use a unique basename for your test file modules</error></testcase><testcase classname="" name="Program Files.Python312.Lib.test.test_capi.test_immortal" time="0.000"><error message="collection failure">import file mismatch:
imported module 'test.test_capi.test_immortal' has this __file__ attribute:
  C:\Program Files\MySQL\MySQL Shell 8.0\lib\Python3.12\Lib\test\test_capi\test_immortal.py
which is not the same as the test file we want to collect:
  C:\Program Files\Python312\Lib\test\test_capi\test_immortal.py
HINT: remove __pycache__ / .pyc files and/or use a unique basename for your test file modules</error></testcase><testcase classname="" name="Program Files.Python312.Lib.test.test_capi.test_list" time="0.000"><error message="collection failure">import file mismatch:
imported module 'test.test_capi.test_list' has this __file__ attribute:
  C:\Program Files\MySQL\MySQL Shell 8.0\lib\Python3.12\Lib\test\test_capi\test_list.py
which is not the same as the test file we want to collect:
  C:\Program Files\Python312\Lib\test\test_capi\test_list.py
HINT: remove __pycache__ / .pyc files and/or use a unique basename for your test file modules</error></testcase><testcase classname="" name="Program Files.Python312.Lib.test.test_capi.test_long" time="0.000"><error message="collection failure">import file mismatch:
imported module 'test.test_capi.test_long' has this __file__ attribute:
  C:\Program Files\MySQL\MySQL Shell 8.0\lib\Python3.12\Lib\test\test_capi\test_long.py
which is not the same as the test file we want to collect:
  C:\Program Files\Python312\Lib\test\test_capi\test_long.py
HINT: remove __pycache__ / .pyc files and/or use a unique basename for your test file modules</error></testcase><testcase classname="" name="Program Files.Python312.Lib.test.test_capi.test_mem" time="0.000"><error message="collection failure">import file mismatch:
imported module 'test.test_capi.test_mem' has this __file__ attribute:
  C:\Program Files\MySQL\MySQL Shell 8.0\lib\Python3.12\Lib\test\test_capi\test_mem.py
which is not the same as the test file we want to collect:
  C:\Program Files\Python312\Lib\test\test_capi\test_mem.py
HINT: remove __pycache__ / .pyc files and/or use a unique basename for your test file modules</error></testcase><testcase classname="" name="Program Files.Python312.Lib.test.test_capi.test_misc" time="0.000"><error message="collection failure">import file mismatch:
imported module 'test.test_capi.test_misc' has this __file__ attribute:
  C:\Program Files\MySQL\MySQL Shell 8.0\lib\Python3.12\Lib\test\test_capi\test_misc.py
which is not the same as the test file we want to collect:
  C:\Program Files\Python312\Lib\test\test_capi\test_misc.py
HINT: remove __pycache__ / .pyc files and/or use a unique basename for your test file modules</error></testcase><testcase classname="" name="Program Files.Python312.Lib.test.test_capi.test_run" time="0.000"><error message="collection failure">ImportError while importing test module 'C:\Program Files\Python312\Lib\test\test_capi\test_run.py'.
Hint: make sure your test modules/packages have valid Python names.
Traceback:
C:\Users\brysi\AppData\Roaming\Python\Python312\site-packages\_pytest\python.py:492: in importtestmodule
    mod = import_path(
C:\Users\brysi\AppData\Roaming\Python\Python312\site-packages\_pytest\pathlib.py:591: in import_path
    importlib.import_module(module_name)
C:\Program Files\Python312\Lib\importlib\__init__.py:90: in import_module
    return _bootstrap._gcd_import(name[level:], package, level)
&lt;frozen importlib._bootstrap&gt;:1387: in _gcd_import
    ???
&lt;frozen importlib._bootstrap&gt;:1360: in _find_and_load
    ???
&lt;frozen importlib._bootstrap&gt;:1324: in _find_and_load_unlocked
    ???
E   ModuleNotFoundError: No module named 'test.test_capi.test_run'</error></testcase><testcase classname="" name="Program Files.Python312.Lib.test.test_capi.test_set" time="0.000"><error message="collection failure">import file mismatch:
imported module 'test.test_capi.test_set' has this __file__ attribute:
  C:\Program Files\MySQL\MySQL Shell 8.0\lib\Python3.12\Lib\test\test_capi\test_set.py
which is not the same as the test file we want to collect:
  C:\Program Files\Python312\Lib\test\test_capi\test_set.py
HINT: remove __pycache__ / .pyc files and/or use a unique basename for your test file modules</error></testcase><testcase classname="" name="Program Files.Python312.Lib.test.test_capi.test_structmembers" time="0.000"><error message="collection failure">import file mismatch:
imported module 'test.test_capi.test_structmembers' has this __file__ attribute:
  C:\Program Files\MySQL\MySQL Shell 8.0\lib\Python3.12\Lib\test\test_capi\test_structmembers.py
which is not the same as the test file we want to collect:
  C:\Program Files\Python312\Lib\test\test_capi\test_structmembers.py
HINT: remove __pycache__ / .pyc files and/or use a unique basename for your test file modules</error></testcase><testcase classname="" name="Program Files.Python312.Lib.test.test_capi.test_sys" time="0.000"><error message="collection failure">import file mismatch:
imported module 'test.test_capi.test_sys' has this __file__ attribute:
  C:\Program Files\MySQL\MySQL Shell 8.0\lib\Python3.12\Lib\test\test_capi\test_sys.py
which is not the same as the test file we want to collect:
  C:\Program Files\Python312\Lib\test\test_capi\test_sys.py
HINT: remove __pycache__ / .pyc files and/or use a unique basename for your test file modules</error></testcase><testcase classname="" name="Program Files.Python312.Lib.test.test_capi.test_unicode" time="0.000"><error message="collection failure">import file mismatch:
imported module 'test.test_capi.test_unicode' has this __file__ attribute:
  C:\Program Files\MySQL\MySQL Shell 8.0\lib\Python3.12\Lib\test\test_capi\test_unicode.py
which is not the same as the test file we want to collect:
  C:\Program Files\Python312\Lib\test\test_capi\test_unicode.py
HINT: remove __pycache__ / .pyc files and/or use a unique basename for your test file modules</error></testcase><testcase classname="" name="Program Files.Python312.Lib.test.test_capi.test_watchers" time="0.000"><error message="collection failure">import file mismatch:
imported module 'test.test_capi.test_watchers' has this __file__ attribute:
  C:\Program Files\MySQL\MySQL Shell 8.0\lib\Python3.12\Lib\test\test_capi\test_watchers.py
which is not the same as the test file we want to collect:
  C:\Program Files\Python312\Lib\test\test_capi\test_watchers.py
HINT: remove __pycache__ / .pyc files and/or use a unique basename for your test file modules</error></testcase><testcase classname="" name="Program Files.Python312.Lib.test.test_cgi" time="0.000"><error message="collection failure">import file mismatch:
imported module 'test.test_cgi' has this __file__ attribute:
  C:\Program Files\MySQL\MySQL Shell 8.0\lib\Python3.12\Lib\test\test_cgi.py
which is not the same as the test file we want to collect:
  C:\Program Files\Python312\Lib\test\test_cgi.py
HINT: remove __pycache__ / .pyc files and/or use a unique basename for your test file modules</error></testcase><testcase classname="" name="Program Files.Python312.Lib.test.test_cgitb" time="0.000"><error message="collection failure">import file mismatch:
imported module 'test.test_cgitb' has this __file__ attribute:
  C:\Program Files\MySQL\MySQL Shell 8.0\lib\Python3.12\Lib\test\test_cgitb.py
which is not the same as the test file we want to collect:
  C:\Program Files\Python312\Lib\test\test_cgitb.py
HINT: remove __pycache__ / .pyc files and/or use a unique basename for your test file modules</error></testcase><testcase classname="" name="Program Files.Python312.Lib.test.test_charmapcodec" time="0.000"><error message="collection failure">import file mismatch:
imported module 'test.test_charmapcodec' has this __file__ attribute:
  C:\Program Files\MySQL\MySQL Shell 8.0\lib\Python3.12\Lib\test\test_charmapcodec.py
which is not the same as the test file we want to collect:
  C:\Program Files\Python312\Lib\test\test_charmapcodec.py
HINT: remove __pycache__ / .pyc files and/or use a unique basename for your test file modules</error></testcase><testcase classname="" name="Program Files.Python312.Lib.test.test_class" time="0.000"><error message="collection failure">import file mismatch:
imported module 'test.test_class' has this __file__ attribute:
  C:\Program Files\MySQL\MySQL Shell 8.0\lib\Python3.12\Lib\test\test_class.py
which is not the same as the test file we want to collect:
  C:\Program Files\Python312\Lib\test\test_class.py
HINT: remove __pycache__ / .pyc files and/or use a unique basename for your test file modules</error></testcase><testcase classname="" name="Program Files.Python312.Lib.test.test_clinic" time="0.000"><skipped message="collection skipped">('C:\\Program Files\\MySQL\\MySQL Shell 8.0\\lib\\Python3.12\\Lib\\test\\test_tools\\__init__.py', 36, 'unittest.case.SkipTest: clinic directory could not be found')</skipped></testcase><testcase classname="" name="Program Files.Python312.Lib.test.test_cmath" time="0.000"><error message="collection failure">import file mismatch:
imported module 'test.test_cmath' has this __file__ attribute:
  C:\Program Files\MySQL\MySQL Shell 8.0\lib\Python3.12\Lib\test\test_cmath.py
which is not the same as the test file we want to collect:
  C:\Program Files\Python312\Lib\test\test_cmath.py
HINT: remove __pycache__ / .pyc files and/or use a unique basename for your test file modules</error></testcase><testcase classname="" name="Program Files.Python312.Lib.test.test_cmd" time="0.000"><error message="collection failure">import file mismatch:
imported module 'test.test_cmd' has this __file__ attribute:
  C:\Program Files\MySQL\MySQL Shell 8.0\lib\Python3.12\Lib\test\test_cmd.py
which is not the same as the test file we want to collect:
  C:\Program Files\Python312\Lib\test\test_cmd.py
HINT: remove __pycache__ / .pyc files and/or use a unique basename for your test file modules</error></testcase><testcase classname="" name="Program Files.Python312.Lib.test.test_cmd_line" time="0.000"><error message="collection failure">import file mismatch:
imported module 'test.test_cmd_line' has this __file__ attribute:
  C:\Program Files\MySQL\MySQL Shell 8.0\lib\Python3.12\Lib\test\test_cmd_line.py
which is not the same as the test file we want to collect:
  C:\Program Files\Python312\Lib\test\test_cmd_line.py
HINT: remove __pycache__ / .pyc files and/or use a unique basename for your test file modules</error></testcase><testcase classname="" name="Program Files.Python312.Lib.test.test_cmd_line_script" time="0.000"><error message="collection failure">import file mismatch:
imported module 'test.test_cmd_line_script' has this __file__ attribute:
  C:\Program Files\MySQL\MySQL Shell 8.0\lib\Python3.12\Lib\test\test_cmd_line_script.py
which is not the same as the test file we want to collect:
  C:\Program Files\Python312\Lib\test\test_cmd_line_script.py
HINT: remove __pycache__ / .pyc files and/or use a unique basename for your test file modules</error></testcase><testcase classname="" name="Program Files.Python312.Lib.test.test_code" time="0.000"><error message="collection failure">import file mismatch:
imported module 'test.test_code' has this __file__ attribute:
  C:\Program Files\MySQL\MySQL Shell 8.0\lib\Python3.12\Lib\test\test_code.py
which is not the same as the test file we want to collect:
  C:\Program Files\Python312\Lib\test\test_code.py
HINT: remove __pycache__ / .pyc files and/or use a unique basename for your test file modules</error></testcase><testcase classname="" name="Program Files.Python312.Lib.test.test_code_module" time="0.000"><error message="collection failure">import file mismatch:
imported module 'test.test_code_module' has this __file__ attribute:
  C:\Program Files\MySQL\MySQL Shell 8.0\lib\Python3.12\Lib\test\test_code_module.py
which is not the same as the test file we want to collect:
  C:\Program Files\Python312\Lib\test\test_code_module.py
HINT: remove __pycache__ / .pyc files and/or use a unique basename for your test file modules</error></testcase><testcase classname="" name="Program Files.Python312.Lib.test.test_codeccallbacks" time="0.000"><error message="collection failure">import file mismatch:
imported module 'test.test_codeccallbacks' has this __file__ attribute:
  C:\Program Files\MySQL\MySQL Shell 8.0\lib\Python3.12\Lib\test\test_codeccallbacks.py
which is not the same as the test file we want to collect:
  C:\Program Files\Python312\Lib\test\test_codeccallbacks.py
HINT: remove __pycache__ / .pyc files and/or use a unique basename for your test file modules</error></testcase><testcase classname="" name="Program Files.Python312.Lib.test.test_codecencodings_cn" time="0.000"><error message="collection failure">import file mismatch:
imported module 'test.test_codecencodings_cn' has this __file__ attribute:
  C:\Program Files\MySQL\MySQL Shell 8.0\lib\Python3.12\Lib\test\test_codecencodings_cn.py
which is not the same as the test file we want to collect:
  C:\Program Files\Python312\Lib\test\test_codecencodings_cn.py
HINT: remove __pycache__ / .pyc files and/or use a unique basename for your test file modules</error></testcase><testcase classname="" name="Program Files.Python312.Lib.test.test_codecencodings_hk" time="0.000"><error message="collection failure">import file mismatch:
imported module 'test.test_codecencodings_hk' has this __file__ attribute:
  C:\Program Files\MySQL\MySQL Shell 8.0\lib\Python3.12\Lib\test\test_codecencodings_hk.py
which is not the same as the test file we want to collect:
  C:\Program Files\Python312\Lib\test\test_codecencodings_hk.py
HINT: remove __pycache__ / .pyc files and/or use a unique basename for your test file modules</error></testcase><testcase classname="" name="Program Files.Python312.Lib.test.test_codecencodings_iso2022" time="0.000"><error message="collection failure">import file mismatch:
imported module 'test.test_codecencodings_iso2022' has this __file__ attribute:
  C:\Program Files\MySQL\MySQL Shell 8.0\lib\Python3.12\Lib\test\test_codecencodings_iso2022.py
which is not the same as the test file we want to collect:
  C:\Program Files\Python312\Lib\test\test_codecencodings_iso2022.py
HINT: remove __pycache__ / .pyc files and/or use a unique basename for your test file modules</error></testcase><testcase classname="" name="Program Files.Python312.Lib.test.test_codecencodings_jp" time="0.000"><error message="collection failure">import file mismatch:
imported module 'test.test_codecencodings_jp' has this __file__ attribute:
  C:\Program Files\MySQL\MySQL Shell 8.0\lib\Python3.12\Lib\test\test_codecencodings_jp.py
which is not the same as the test file we want to collect:
  C:\Program Files\Python312\Lib\test\test_codecencodings_jp.py
HINT: remove __pycache__ / .pyc files and/or use a unique basename for your test file modules</error></testcase><testcase classname="" name="Program Files.Python312.Lib.test.test_codecencodings_kr" time="0.000"><error message="collection failure">import file mismatch:
imported module 'test.test_codecencodings_kr' has this __file__ attribute:
  C:\Program Files\MySQL\MySQL Shell 8.0\lib\Python3.12\Lib\test\test_codecencodings_kr.py
which is not the same as the test file we want to collect:
  C:\Program Files\Python312\Lib\test\test_codecencodings_kr.py
HINT: remove __pycache__ / .pyc files and/or use a unique basename for your test file modules</error></testcase><testcase classname="" name="Program Files.Python312.Lib.test.test_codecencodings_tw" time="0.000"><error message="collection failure">import file mismatch:
imported module 'test.test_codecencodings_tw' has this __file__ attribute:
  C:\Program Files\MySQL\MySQL Shell 8.0\lib\Python3.12\Lib\test\test_codecencodings_tw.py
which is not the same as the test file we want to collect:
  C:\Program Files\Python312\Lib\test\test_codecencodings_tw.py
HINT: remove __pycache__ / .pyc files and/or use a unique basename for your test file modules</error></testcase><testcase classname="" name="Program Files.Python312.Lib.test.test_codecmaps_cn" time="0.000"><error message="collection failure">import file mismatch:
imported module 'test.test_codecmaps_cn' has this __file__ attribute:
  C:\Program Files\MySQL\MySQL Shell 8.0\lib\Python3.12\Lib\test\test_codecmaps_cn.py
which is not the same as the test file we want to collect:
  C:\Program Files\Python312\Lib\test\test_codecmaps_cn.py
HINT: remove __pycache__ / .pyc files and/or use a unique basename for your test file modules</error></testcase><testcase classname="" name="Program Files.Python312.Lib.test.test_codecmaps_hk" time="0.000"><error message="collection failure">import file mismatch:
imported module 'test.test_codecmaps_hk' has this __file__ attribute:
  C:\Program Files\MySQL\MySQL Shell 8.0\lib\Python3.12\Lib\test\test_codecmaps_hk.py
which is not the same as the test file we want to collect:
  C:\Program Files\Python312\Lib\test\test_codecmaps_hk.py
HINT: remove __pycache__ / .pyc files and/or use a unique basename for your test file modules</error></testcase><testcase classname="" name="Program Files.Python312.Lib.test.test_codecmaps_jp" time="0.000"><error message="collection failure">import file mismatch:
imported module 'test.test_codecmaps_jp' has this __file__ attribute:
  C:\Program Files\MySQL\MySQL Shell 8.0\lib\Python3.12\Lib\test\test_codecmaps_jp.py
which is not the same as the test file we want to collect:
  C:\Program Files\Python312\Lib\test\test_codecmaps_jp.py
HINT: remove __pycache__ / .pyc files and/or use a unique basename for your test file modules</error></testcase><testcase classname="" name="Program Files.Python312.Lib.test.test_codecmaps_kr" time="0.000"><error message="collection failure">import file mismatch:
imported module 'test.test_codecmaps_kr' has this __file__ attribute:
  C:\Program Files\MySQL\MySQL Shell 8.0\lib\Python3.12\Lib\test\test_codecmaps_kr.py
which is not the same as the test file we want to collect:
  C:\Program Files\Python312\Lib\test\test_codecmaps_kr.py
HINT: remove __pycache__ / .pyc files and/or use a unique basename for your test file modules</error></testcase><testcase classname="" name="Program Files.Python312.Lib.test.test_codecmaps_tw" time="0.000"><error message="collection failure">import file mismatch:
imported module 'test.test_codecmaps_tw' has this __file__ attribute:
  C:\Program Files\MySQL\MySQL Shell 8.0\lib\Python3.12\Lib\test\test_codecmaps_tw.py
which is not the same as the test file we want to collect:
  C:\Program Files\Python312\Lib\test\test_codecmaps_tw.py
HINT: remove __pycache__ / .pyc files and/or use a unique basename for your test file modules</error></testcase><testcase classname="" name="Program Files.Python312.Lib.test.test_codecs" time="0.000"><error message="collection failure">import file mismatch:
imported module 'test.test_codecs' has this __file__ attribute:
  C:\Program Files\MySQL\MySQL Shell 8.0\lib\Python3.12\Lib\test\test_codecs.py
which is not the same as the test file we want to collect:
  C:\Program Files\Python312\Lib\test\test_codecs.py
HINT: remove __pycache__ / .pyc files and/or use a unique basename for your test file modules</error></testcase><testcase classname="" name="Program Files.Python312.Lib.test.test_codeop" time="0.000"><error message="collection failure">import file mismatch:
imported module 'test.test_codeop' has this __file__ attribute:
  C:\Program Files\MySQL\MySQL Shell 8.0\lib\Python3.12\Lib\test\test_codeop.py
which is not the same as the test file we want to collect:
  C:\Program Files\Python312\Lib\test\test_codeop.py
HINT: remove __pycache__ / .pyc files and/or use a unique basename for your test file modules</error></testcase><testcase classname="" name="Program Files.Python312.Lib.test.test_collections" time="0.000"><error message="collection failure">import file mismatch:
imported module 'test.test_collections' has this __file__ attribute:
  C:\Program Files\MySQL\MySQL Shell 8.0\lib\Python3.12\Lib\test\test_collections.py
which is not the same as the test file we want to collect:
  C:\Program Files\Python312\Lib\test\test_collections.py
HINT: remove __pycache__ / .pyc files and/or use a unique basename for your test file modules</error></testcase><testcase classname="" name="Program Files.Python312.Lib.test.test_colorsys" time="0.000"><error message="collection failure">import file mismatch:
imported module 'test.test_colorsys' has this __file__ attribute:
  C:\Program Files\MySQL\MySQL Shell 8.0\lib\Python3.12\Lib\test\test_colorsys.py
which is not the same as the test file we want to collect:
  C:\Program Files\Python312\Lib\test\test_colorsys.py
HINT: remove __pycache__ / .pyc files and/or use a unique basename for your test file modules</error></testcase><testcase classname="" name="Program Files.Python312.Lib.test.test_compare" time="0.000"><error message="collection failure">import file mismatch:
imported module 'test.test_compare' has this __file__ attribute:
  C:\Program Files\MySQL\MySQL Shell 8.0\lib\Python3.12\Lib\test\test_compare.py
which is not the same as the test file we want to collect:
  C:\Program Files\Python312\Lib\test\test_compare.py
HINT: remove __pycache__ / .pyc files and/or use a unique basename for your test file modules</error></testcase><testcase classname="" name="Program Files.Python312.Lib.test.test_compile" time="0.000"><error message="collection failure">import file mismatch:
imported module 'test.test_compile' has this __file__ attribute:
  C:\Program Files\MySQL\MySQL Shell 8.0\lib\Python3.12\Lib\test\test_compile.py
which is not the same as the test file we want to collect:
  C:\Program Files\Python312\Lib\test\test_compile.py
HINT: remove __pycache__ / .pyc files and/or use a unique basename for your test file modules</error></testcase><testcase classname="" name="Program Files.Python312.Lib.test.test_compileall" time="0.000"><error message="collection failure">import file mismatch:
imported module 'test.test_compileall' has this __file__ attribute:
  C:\Program Files\MySQL\MySQL Shell 8.0\lib\Python3.12\Lib\test\test_compileall.py
which is not the same as the test file we want to collect:
  C:\Program Files\Python312\Lib\test\test_compileall.py
HINT: remove __pycache__ / .pyc files and/or use a unique basename for your test file modules</error></testcase><testcase classname="" name="Program Files.Python312.Lib.test.test_compiler_assemble" time="0.000"><error message="collection failure">import file mismatch:
imported module 'test.test_compiler_assemble' has this __file__ attribute:
  C:\Program Files\MySQL\MySQL Shell 8.0\lib\Python3.12\Lib\test\test_compiler_assemble.py
which is not the same as the test file we want to collect:
  C:\Program Files\Python312\Lib\test\test_compiler_assemble.py
HINT: remove __pycache__ / .pyc files and/or use a unique basename for your test file modules</error></testcase><testcase classname="" name="Program Files.Python312.Lib.test.test_compiler_codegen" time="0.000"><error message="collection failure">import file mismatch:
imported module 'test.test_compiler_codegen' has this __file__ attribute:
  C:\Program Files\MySQL\MySQL Shell 8.0\lib\Python3.12\Lib\test\test_compiler_codegen.py
which is not the same as the test file we want to collect:
  C:\Program Files\Python312\Lib\test\test_compiler_codegen.py
HINT: remove __pycache__ / .pyc files and/or use a unique basename for your test file modules</error></testcase><testcase classname="" name="Program Files.Python312.Lib.test.test_complex" time="0.000"><error message="collection failure">import file mismatch:
imported module 'test.test_complex' has this __file__ attribute:
  C:\Program Files\MySQL\MySQL Shell 8.0\lib\Python3.12\Lib\test\test_complex.py
which is not the same as the test file we want to collect:
  C:\Program Files\Python312\Lib\test\test_complex.py
HINT: remove __pycache__ / .pyc files and/or use a unique basename for your test file modules</error></testcase><testcase classname="" name="Program Files.Python312.Lib.test.test_concurrent_futures.test_as_completed" time="0.000"><error message="collection failure">import file mismatch:
imported module 'test.test_concurrent_futures.test_as_completed' has this __file__ attribute:
  C:\Program Files\MySQL\MySQL Shell 8.0\lib\Python3.12\Lib\test\test_concurrent_futures\test_as_completed.py
which is not the same as the test file we want to collect:
  C:\Program Files\Python312\Lib\test\test_concurrent_futures\test_as_completed.py
HINT: remove __pycache__ / .pyc files and/or use a unique basename for your test file modules</error></testcase><testcase classname="" name="Program Files.Python312.Lib.test.test_concurrent_futures.test_deadlock" time="0.000"><error message="collection failure">import file mismatch:
imported module 'test.test_concurrent_futures.test_deadlock' has this __file__ attribute:
  C:\Program Files\MySQL\MySQL Shell 8.0\lib\Python3.12\Lib\test\test_concurrent_futures\test_deadlock.py
which is not the same as the test file we want to collect:
  C:\Program Files\Python312\Lib\test\test_concurrent_futures\test_deadlock.py
HINT: remove __pycache__ / .pyc files and/or use a unique basename for your test file modules</error></testcase><testcase classname="" name="Program Files.Python312.Lib.test.test_concurrent_futures.test_future" time="0.000"><error message="collection failure">import file mismatch:
imported module 'test.test_concurrent_futures.test_future' has this __file__ attribute:
  C:\Program Files\MySQL\MySQL Shell 8.0\lib\Python3.12\Lib\test\test_concurrent_futures\test_future.py
which is not the same as the test file we want to collect:
  C:\Program Files\Python312\Lib\test\test_concurrent_futures\test_future.py
HINT: remove __pycache__ / .pyc files and/or use a unique basename for your test file modules</error></testcase><testcase classname="" name="Program Files.Python312.Lib.test.test_concurrent_futures.test_init" time="0.000"><error message="collection failure">import file mismatch:
imported module 'test.test_concurrent_futures.test_init' has this __file__ attribute:
  C:\Program Files\MySQL\MySQL Shell 8.0\lib\Python3.12\Lib\test\test_concurrent_futures\test_init.py
which is not the same as the test file we want to collect:
  C:\Program Files\Python312\Lib\test\test_concurrent_futures\test_init.py
HINT: remove __pycache__ / .pyc files and/or use a unique basename for your test file modules</error></testcase><testcase classname="" name="Program Files.Python312.Lib.test.test_concurrent_futures.test_process_pool" time="0.000"><error message="collection failure">import file mismatch:
imported module 'test.test_concurrent_futures.test_process_pool' has this __file__ attribute:
  C:\Program Files\MySQL\MySQL Shell 8.0\lib\Python3.12\Lib\test\test_concurrent_futures\test_process_pool.py
which is not the same as the test file we want to collect:
  C:\Program Files\Python312\Lib\test\test_concurrent_futures\test_process_pool.py
HINT: remove __pycache__ / .pyc files and/or use a unique basename for your test file modules</error></testcase><testcase classname="" name="Program Files.Python312.Lib.test.test_concurrent_futures.test_shutdown" time="0.000"><error message="collection failure">import file mismatch:
imported module 'test.test_concurrent_futures.test_shutdown' has this __file__ attribute:
  C:\Program Files\MySQL\MySQL Shell 8.0\lib\Python3.12\Lib\test\test_concurrent_futures\test_shutdown.py
which is not the same as the test file we want to collect:
  C:\Program Files\Python312\Lib\test\test_concurrent_futures\test_shutdown.py
HINT: remove __pycache__ / .pyc files and/or use a unique basename for your test file modules</error></testcase><testcase classname="" name="Program Files.Python312.Lib.test.test_concurrent_futures.test_thread_pool" time="0.000"><error message="collection failure">import file mismatch:
imported module 'test.test_concurrent_futures.test_thread_pool' has this __file__ attribute:
  C:\Program Files\MySQL\MySQL Shell 8.0\lib\Python3.12\Lib\test\test_concurrent_futures\test_thread_pool.py
which is not the same as the test file we want to collect:
  C:\Program Files\Python312\Lib\test\test_concurrent_futures\test_thread_pool.py
HINT: remove __pycache__ / .pyc files and/or use a unique basename for your test file modules</error></testcase><testcase classname="" name="Program Files.Python312.Lib.test.test_concurrent_futures.test_wait" time="0.000"><error message="collection failure">import file mismatch:
imported module 'test.test_concurrent_futures.test_wait' has this __file__ attribute:
  C:\Program Files\MySQL\MySQL Shell 8.0\lib\Python3.12\Lib\test\test_concurrent_futures\test_wait.py
which is not the same as the test file we want to collect:
  C:\Program Files\Python312\Lib\test\test_concurrent_futures\test_wait.py
HINT: remove __pycache__ / .pyc files and/or use a unique basename for your test file modules</error></testcase><testcase classname="" name="Program Files.Python312.Lib.test.test_configparser" time="0.000"><error message="collection failure">import file mismatch:
imported module 'test.test_configparser' has this __file__ attribute:
  C:\Program Files\MySQL\MySQL Shell 8.0\lib\Python3.12\Lib\test\test_configparser.py
which is not the same as the test file we want to collect:
  C:\Program Files\Python312\Lib\test\test_configparser.py
HINT: remove __pycache__ / .pyc files and/or use a unique basename for your test file modules</error></testcase><testcase classname="" name="Program Files.Python312.Lib.test.test_contains" time="0.000"><error message="collection failure">import file mismatch:
imported module 'test.test_contains' has this __file__ attribute:
  C:\Program Files\MySQL\MySQL Shell 8.0\lib\Python3.12\Lib\test\test_contains.py
which is not the same as the test file we want to collect:
  C:\Program Files\Python312\Lib\test\test_contains.py
HINT: remove __pycache__ / .pyc files and/or use a unique basename for your test file modules</error></testcase><testcase classname="" name="Program Files.Python312.Lib.test.test_context" time="0.000"><error message="collection failure">import file mismatch:
imported module 'test.test_context' has this __file__ attribute:
  C:\Program Files\MySQL\MySQL Shell 8.0\lib\Python3.12\Lib\test\test_context.py
which is not the same as the test file we want to collect:
  C:\Program Files\Python312\Lib\test\test_context.py
HINT: remove __pycache__ / .pyc files and/or use a unique basename for your test file modules</error></testcase><testcase classname="" name="Program Files.Python312.Lib.test.test_contextlib" time="0.000"><error message="collection failure">import file mismatch:
imported module 'test.test_contextlib' has this __file__ attribute:
  C:\Program Files\MySQL\MySQL Shell 8.0\lib\Python3.12\Lib\test\test_contextlib.py
which is not the same as the test file we want to collect:
  C:\Program Files\Python312\Lib\test\test_contextlib.py
HINT: remove __pycache__ / .pyc files and/or use a unique basename for your test file modules</error></testcase><testcase classname="" name="Program Files.Python312.Lib.test.test_contextlib_async" time="0.000"><error message="collection failure">import file mismatch:
imported module 'test.test_contextlib_async' has this __file__ attribute:
  C:\Program Files\MySQL\MySQL Shell 8.0\lib\Python3.12\Lib\test\test_contextlib_async.py
which is not the same as the test file we want to collect:
  C:\Program Files\Python312\Lib\test\test_contextlib_async.py
HINT: remove __pycache__ / .pyc files and/or use a unique basename for your test file modules</error></testcase><testcase classname="" name="Program Files.Python312.Lib.test.test_copy" time="0.000"><error message="collection failure">import file mismatch:
imported module 'test.test_copy' has this __file__ attribute:
  C:\Program Files\MySQL\MySQL Shell 8.0\lib\Python3.12\Lib\test\test_copy.py
which is not the same as the test file we want to collect:
  C:\Program Files\Python312\Lib\test\test_copy.py
HINT: remove __pycache__ / .pyc files and/or use a unique basename for your test file modules</error></testcase><testcase classname="" name="Program Files.Python312.Lib.test.test_copyreg" time="0.000"><error message="collection failure">import file mismatch:
imported module 'test.test_copyreg' has this __file__ attribute:
  C:\Program Files\MySQL\MySQL Shell 8.0\lib\Python3.12\Lib\test\test_copyreg.py
which is not the same as the test file we want to collect:
  C:\Program Files\Python312\Lib\test\test_copyreg.py
HINT: remove __pycache__ / .pyc files and/or use a unique basename for your test file modules</error></testcase><testcase classname="" name="Program Files.Python312.Lib.test.test_coroutines" time="0.000"><error message="collection failure">import file mismatch:
imported module 'test.test_coroutines' has this __file__ attribute:
  C:\Program Files\MySQL\MySQL Shell 8.0\lib\Python3.12\Lib\test\test_coroutines.py
which is not the same as the test file we want to collect:
  C:\Program Files\Python312\Lib\test\test_coroutines.py
HINT: remove __pycache__ / .pyc files and/or use a unique basename for your test file modules</error></testcase><testcase classname="" name="Program Files.Python312.Lib.test.test_cprofile" time="0.000"><error message="collection failure">import file mismatch:
imported module 'test.test_cprofile' has this __file__ attribute:
  C:\Program Files\MySQL\MySQL Shell 8.0\lib\Python3.12\Lib\test\test_cprofile.py
which is not the same as the test file we want to collect:
  C:\Program Files\Python312\Lib\test\test_cprofile.py
HINT: remove __pycache__ / .pyc files and/or use a unique basename for your test file modules</error></testcase><testcase classname="" name="Program Files.Python312.Lib.test.test_crashers" time="0.000"><error message="collection failure">import file mismatch:
imported module 'test.test_crashers' has this __file__ attribute:
  C:\Program Files\MySQL\MySQL Shell 8.0\lib\Python3.12\Lib\test\test_crashers.py
which is not the same as the test file we want to collect:
  C:\Program Files\Python312\Lib\test\test_crashers.py
HINT: remove __pycache__ / .pyc files and/or use a unique basename for your test file modules</error></testcase><testcase classname="" name="Program Files.Python312.Lib.test.test_crypt" time="0.000"><error message="collection failure">import file mismatch:
imported module 'test.test_crypt' has this __file__ attribute:
  C:\Program Files\MySQL\MySQL Shell 8.0\lib\Python3.12\Lib\test\test_crypt.py
which is not the same as the test file we want to collect:
  C:\Program Files\Python312\Lib\test\test_crypt.py
HINT: remove __pycache__ / .pyc files and/or use a unique basename for your test file modules</error></testcase><testcase classname="" name="Program Files.Python312.Lib.test.test_csv" time="0.000"><error message="collection failure">import file mismatch:
imported module 'test.test_csv' has this __file__ attribute:
  C:\Program Files\MySQL\MySQL Shell 8.0\lib\Python3.12\Lib\test\test_csv.py
which is not the same as the test file we want to collect:
  C:\Program Files\Python312\Lib\test\test_csv.py
HINT: remove __pycache__ / .pyc files and/or use a unique basename for your test file modules</error></testcase><testcase classname="" name="Program Files.Python312.Lib.test.test_ctypes.test_anon" time="0.000"><error message="collection failure">import file mismatch:
imported module 'test.test_ctypes.test_anon' has this __file__ attribute:
  C:\Program Files\MySQL\MySQL Shell 8.0\lib\Python3.12\Lib\test\test_ctypes\test_anon.py
which is not the same as the test file we want to collect:
  C:\Program Files\Python312\Lib\test\test_ctypes\test_anon.py
HINT: remove __pycache__ / .pyc files and/or use a unique basename for your test file modules</error></testcase><testcase classname="" name="Program Files.Python312.Lib.test.test_ctypes.test_array_in_pointer" time="0.000"><error message="collection failure">import file mismatch:
imported module 'test.test_ctypes.test_array_in_pointer' has this __file__ attribute:
  C:\Program Files\MySQL\MySQL Shell 8.0\lib\Python3.12\Lib\test\test_ctypes\test_array_in_pointer.py
which is not the same as the test file we want to collect:
  C:\Program Files\Python312\Lib\test\test_ctypes\test_array_in_pointer.py
HINT: remove __pycache__ / .pyc files and/or use a unique basename for your test file modules</error></testcase><testcase classname="" name="Program Files.Python312.Lib.test.test_ctypes.test_arrays" time="0.000"><error message="collection failure">import file mismatch:
imported module 'test.test_ctypes.test_arrays' has this __file__ attribute:
  C:\Program Files\MySQL\MySQL Shell 8.0\lib\Python3.12\Lib\test\test_ctypes\test_arrays.py
which is not the same as the test file we want to collect:
  C:\Program Files\Python312\Lib\test\test_ctypes\test_arrays.py
HINT: remove __pycache__ / .pyc files and/or use a unique basename for your test file modules</error></testcase><testcase classname="" name="Program Files.Python312.Lib.test.test_ctypes.test_as_parameter" time="0.000"><error message="collection failure">import file mismatch:
imported module 'test.test_ctypes.test_as_parameter' has this __file__ attribute:
  C:\Program Files\MySQL\MySQL Shell 8.0\lib\Python3.12\Lib\test\test_ctypes\test_as_parameter.py
which is not the same as the test file we want to collect:
  C:\Program Files\Python312\Lib\test\test_ctypes\test_as_parameter.py
HINT: remove __pycache__ / .pyc files and/or use a unique basename for your test file modules</error></testcase><testcase classname="" name="Program Files.Python312.Lib.test.test_ctypes.test_bitfields" time="0.000"><error message="collection failure">import file mismatch:
imported module 'test.test_ctypes.test_bitfields' has this __file__ attribute:
  C:\Program Files\MySQL\MySQL Shell 8.0\lib\Python3.12\Lib\test\test_ctypes\test_bitfields.py
which is not the same as the test file we want to collect:
  C:\Program Files\Python312\Lib\test\test_ctypes\test_bitfields.py
HINT: remove __pycache__ / .pyc files and/or use a unique basename for your test file modules</error></testcase><testcase classname="" name="Program Files.Python312.Lib.test.test_ctypes.test_buffers" time="0.000"><error message="collection failure">import file mismatch:
imported module 'test.test_ctypes.test_buffers' has this __file__ attribute:
  C:\Program Files\MySQL\MySQL Shell 8.0\lib\Python3.12\Lib\test\test_ctypes\test_buffers.py
which is not the same as the test file we want to collect:
  C:\Program Files\Python312\Lib\test\test_ctypes\test_buffers.py
HINT: remove __pycache__ / .pyc files and/or use a unique basename for your test file modules</error></testcase><testcase classname="" name="Program Files.Python312.Lib.test.test_ctypes.test_bytes" time="0.000"><error message="collection failure">import file mismatch:
imported module 'test.test_ctypes.test_bytes' has this __file__ attribute:
  C:\Program Files\MySQL\MySQL Shell 8.0\lib\Python3.12\Lib\test\test_ctypes\test_bytes.py
which is not the same as the test file we want to collect:
  C:\Program Files\Python312\Lib\test\test_ctypes\test_bytes.py
HINT: remove __pycache__ / .pyc files and/or use a unique basename for your test file modules</error></testcase><testcase classname="" name="Program Files.Python312.Lib.test.test_ctypes.test_byteswap" time="0.000"><error message="collection failure">import file mismatch:
imported module 'test.test_ctypes.test_byteswap' has this __file__ attribute:
  C:\Program Files\MySQL\MySQL Shell 8.0\lib\Python3.12\Lib\test\test_ctypes\test_byteswap.py
which is not the same as the test file we want to collect:
  C:\Program Files\Python312\Lib\test\test_ctypes\test_byteswap.py
HINT: remove __pycache__ / .pyc files and/or use a unique basename for your test file modules</error></testcase><testcase classname="" name="Program Files.Python312.Lib.test.test_ctypes.test_callbacks" time="0.000"><error message="collection failure">import file mismatch:
imported module 'test.test_ctypes.test_callbacks' has this __file__ attribute:
  C:\Program Files\MySQL\MySQL Shell 8.0\lib\Python3.12\Lib\test\test_ctypes\test_callbacks.py
which is not the same as the test file we want to collect:
  C:\Program Files\Python312\Lib\test\test_ctypes\test_callbacks.py
HINT: remove __pycache__ / .pyc files and/or use a unique basename for your test file modules</error></testcase><testcase classname="" name="Program Files.Python312.Lib.test.test_ctypes.test_cast" time="0.000"><error message="collection failure">import file mismatch:
imported module 'test.test_ctypes.test_cast' has this __file__ attribute:
  C:\Program Files\MySQL\MySQL Shell 8.0\lib\Python3.12\Lib\test\test_ctypes\test_cast.py
which is not the same as the test file we want to collect:
  C:\Program Files\Python312\Lib\test\test_ctypes\test_cast.py
HINT: remove __pycache__ / .pyc files and/or use a unique basename for your test file modules</error></testcase><testcase classname="" name="Program Files.Python312.Lib.test.test_ctypes.test_cfuncs" time="0.000"><error message="collection failure">import file mismatch:
imported module 'test.test_ctypes.test_cfuncs' has this __file__ attribute:
  C:\Program Files\MySQL\MySQL Shell 8.0\lib\Python3.12\Lib\test\test_ctypes\test_cfuncs.py
which is not the same as the test file we want to collect:
  C:\Program Files\Python312\Lib\test\test_ctypes\test_cfuncs.py
HINT: remove __pycache__ / .pyc files and/or use a unique basename for your test file modules</error></testcase><testcase classname="" name="Program Files.Python312.Lib.test.test_ctypes.test_checkretval" time="0.000"><error message="collection failure">import file mismatch:
imported module 'test.test_ctypes.test_checkretval' has this __file__ attribute:
  C:\Program Files\MySQL\MySQL Shell 8.0\lib\Python3.12\Lib\test\test_ctypes\test_checkretval.py
which is not the same as the test file we want to collect:
  C:\Program Files\Python312\Lib\test\test_ctypes\test_checkretval.py
HINT: remove __pycache__ / .pyc files and/or use a unique basename for your test file modules</error></testcase><testcase classname="" name="Program Files.Python312.Lib.test.test_ctypes.test_delattr" time="0.000"><error message="collection failure">import file mismatch:
imported module 'test.test_ctypes.test_delattr' has this __file__ attribute:
  C:\Program Files\MySQL\MySQL Shell 8.0\lib\Python3.12\Lib\test\test_ctypes\test_delattr.py
which is not the same as the test file we want to collect:
  C:\Program Files\Python312\Lib\test\test_ctypes\test_delattr.py
HINT: remove __pycache__ / .pyc files and/or use a unique basename for your test file modules</error></testcase><testcase classname="" name="Program Files.Python312.Lib.test.test_ctypes.test_errno" time="0.000"><error message="collection failure">import file mismatch:
imported module 'test.test_ctypes.test_errno' has this __file__ attribute:
  C:\Program Files\MySQL\MySQL Shell 8.0\lib\Python3.12\Lib\test\test_ctypes\test_errno.py
which is not the same as the test file we want to collect:
  C:\Program Files\Python312\Lib\test\test_ctypes\test_errno.py
HINT: remove __pycache__ / .pyc files and/or use a unique basename for your test file modules</error></testcase><testcase classname="" name="Program Files.Python312.Lib.test.test_ctypes.test_find" time="0.000"><error message="collection failure">import file mismatch:
imported module 'test.test_ctypes.test_find' has this __file__ attribute:
  C:\Program Files\MySQL\MySQL Shell 8.0\lib\Python3.12\Lib\test\test_ctypes\test_find.py
which is not the same as the test file we want to collect:
  C:\Program Files\Python312\Lib\test\test_ctypes\test_find.py
HINT: remove __pycache__ / .pyc files and/or use a unique basename for your test file modules</error></testcase><testcase classname="" name="Program Files.Python312.Lib.test.test_ctypes.test_frombuffer" time="0.000"><error message="collection failure">import file mismatch:
imported module 'test.test_ctypes.test_frombuffer' has this __file__ attribute:
  C:\Program Files\MySQL\MySQL Shell 8.0\lib\Python3.12\Lib\test\test_ctypes\test_frombuffer.py
which is not the same as the test file we want to collect:
  C:\Program Files\Python312\Lib\test\test_ctypes\test_frombuffer.py
HINT: remove __pycache__ / .pyc files and/or use a unique basename for your test file modules</error></testcase><testcase classname="" name="Program Files.Python312.Lib.test.test_ctypes.test_funcptr" time="0.000"><error message="collection failure">import file mismatch:
imported module 'test.test_ctypes.test_funcptr' has this __file__ attribute:
  C:\Program Files\MySQL\MySQL Shell 8.0\lib\Python3.12\Lib\test\test_ctypes\test_funcptr.py
which is not the same as the test file we want to collect:
  C:\Program Files\Python312\Lib\test\test_ctypes\test_funcptr.py
HINT: remove __pycache__ / .pyc files and/or use a unique basename for your test file modules</error></testcase><testcase classname="" name="Program Files.Python312.Lib.test.test_ctypes.test_functions" time="0.000"><error message="collection failure">import file mismatch:
imported module 'test.test_ctypes.test_functions' has this __file__ attribute:
  C:\Program Files\MySQL\MySQL Shell 8.0\lib\Python3.12\Lib\test\test_ctypes\test_functions.py
which is not the same as the test file we want to collect:
  C:\Program Files\Python312\Lib\test\test_ctypes\test_functions.py
HINT: remove __pycache__ / .pyc files and/or use a unique basename for your test file modules</error></testcase><testcase classname="" name="Program Files.Python312.Lib.test.test_ctypes.test_incomplete" time="0.000"><error message="collection failure">import file mismatch:
imported module 'test.test_ctypes.test_incomplete' has this __file__ attribute:
  C:\Program Files\MySQL\MySQL Shell 8.0\lib\Python3.12\Lib\test\test_ctypes\test_incomplete.py
which is not the same as the test file we want to collect:
  C:\Program Files\Python312\Lib\test\test_ctypes\test_incomplete.py
HINT: remove __pycache__ / .pyc files and/or use a unique basename for your test file modules</error></testcase><testcase classname="" name="Program Files.Python312.Lib.test.test_ctypes.test_init" time="0.000"><error message="collection failure">import file mismatch:
imported module 'test.test_ctypes.test_init' has this __file__ attribute:
  C:\Program Files\MySQL\MySQL Shell 8.0\lib\Python3.12\Lib\test\test_ctypes\test_init.py
which is not the same as the test file we want to collect:
  C:\Program Files\Python312\Lib\test\test_ctypes\test_init.py
HINT: remove __pycache__ / .pyc files and/or use a unique basename for your test file modules</error></testcase><testcase classname="" name="Program Files.Python312.Lib.test.test_ctypes.test_internals" time="0.000"><error message="collection failure">import file mismatch:
imported module 'test.test_ctypes.test_internals' has this __file__ attribute:
  C:\Program Files\MySQL\MySQL Shell 8.0\lib\Python3.12\Lib\test\test_ctypes\test_internals.py
which is not the same as the test file we want to collect:
  C:\Program Files\Python312\Lib\test\test_ctypes\test_internals.py
HINT: remove __pycache__ / .pyc files and/or use a unique basename for your test file modules</error></testcase><testcase classname="" name="Program Files.Python312.Lib.test.test_ctypes.test_keeprefs" time="0.000"><error message="collection failure">import file mismatch:
imported module 'test.test_ctypes.test_keeprefs' has this __file__ attribute:
  C:\Program Files\MySQL\MySQL Shell 8.0\lib\Python3.12\Lib\test\test_ctypes\test_keeprefs.py
which is not the same as the test file we want to collect:
  C:\Program Files\Python312\Lib\test\test_ctypes\test_keeprefs.py
HINT: remove __pycache__ / .pyc files and/or use a unique basename for your test file modules</error></testcase><testcase classname="" name="Program Files.Python312.Lib.test.test_ctypes.test_libc" time="0.000"><error message="collection failure">import file mismatch:
imported module 'test.test_ctypes.test_libc' has this __file__ attribute:
  C:\Program Files\MySQL\MySQL Shell 8.0\lib\Python3.12\Lib\test\test_ctypes\test_libc.py
which is not the same as the test file we want to collect:
  C:\Program Files\Python312\Lib\test\test_ctypes\test_libc.py
HINT: remove __pycache__ / .pyc files and/or use a unique basename for your test file modules</error></testcase><testcase classname="" name="Program Files.Python312.Lib.test.test_ctypes.test_loading" time="0.000"><error message="collection failure">import file mismatch:
imported module 'test.test_ctypes.test_loading' has this __file__ attribute:
  C:\Program Files\MySQL\MySQL Shell 8.0\lib\Python3.12\Lib\test\test_ctypes\test_loading.py
which is not the same as the test file we want to collect:
  C:\Program Files\Python312\Lib\test\test_ctypes\test_loading.py
HINT: remove __pycache__ / .pyc files and/or use a unique basename for your test file modules</error></testcase><testcase classname="" name="Program Files.Python312.Lib.test.test_ctypes.test_macholib" time="0.000"><error message="collection failure">import file mismatch:
imported module 'test.test_ctypes.test_macholib' has this __file__ attribute:
  C:\Program Files\MySQL\MySQL Shell 8.0\lib\Python3.12\Lib\test\test_ctypes\test_macholib.py
which is not the same as the test file we want to collect:
  C:\Program Files\Python312\Lib\test\test_ctypes\test_macholib.py
HINT: remove __pycache__ / .pyc files and/or use a unique basename for your test file modules</error></testcase><testcase classname="" name="Program Files.Python312.Lib.test.test_ctypes.test_memfunctions" time="0.000"><error message="collection failure">import file mismatch:
imported module 'test.test_ctypes.test_memfunctions' has this __file__ attribute:
  C:\Program Files\MySQL\MySQL Shell 8.0\lib\Python3.12\Lib\test\test_ctypes\test_memfunctions.py
which is not the same as the test file we want to collect:
  C:\Program Files\Python312\Lib\test\test_ctypes\test_memfunctions.py
HINT: remove __pycache__ / .pyc files and/or use a unique basename for your test file modules</error></testcase><testcase classname="" name="Program Files.Python312.Lib.test.test_ctypes.test_numbers" time="0.000"><error message="collection failure">import file mismatch:
imported module 'test.test_ctypes.test_numbers' has this __file__ attribute:
  C:\Program Files\MySQL\MySQL Shell 8.0\lib\Python3.12\Lib\test\test_ctypes\test_numbers.py
which is not the same as the test file we want to collect:
  C:\Program Files\Python312\Lib\test\test_ctypes\test_numbers.py
HINT: remove __pycache__ / .pyc files and/or use a unique basename for your test file modules</error></testcase><testcase classname="" name="Program Files.Python312.Lib.test.test_ctypes.test_objects" time="0.000"><error message="collection failure">import file mismatch:
imported module 'test.test_ctypes.test_objects' has this __file__ attribute:
  C:\Program Files\MySQL\MySQL Shell 8.0\lib\Python3.12\Lib\test\test_ctypes\test_objects.py
which is not the same as the test file we want to collect:
  C:\Program Files\Python312\Lib\test\test_ctypes\test_objects.py
HINT: remove __pycache__ / .pyc files and/or use a unique basename for your test file modules</error></testcase><testcase classname="" name="Program Files.Python312.Lib.test.test_ctypes.test_parameters" time="0.000"><error message="collection failure">import file mismatch:
imported module 'test.test_ctypes.test_parameters' has this __file__ attribute:
  C:\Program Files\MySQL\MySQL Shell 8.0\lib\Python3.12\Lib\test\test_ctypes\test_parameters.py
which is not the same as the test file we want to collect:
  C:\Program Files\Python312\Lib\test\test_ctypes\test_parameters.py
HINT: remove __pycache__ / .pyc files and/or use a unique basename for your test file modules</error></testcase><testcase classname="" name="Program Files.Python312.Lib.test.test_ctypes.test_pep3118" time="0.000"><error message="collection failure">import file mismatch:
imported module 'test.test_ctypes.test_pep3118' has this __file__ attribute:
  C:\Program Files\MySQL\MySQL Shell 8.0\lib\Python3.12\Lib\test\test_ctypes\test_pep3118.py
which is not the same as the test file we want to collect:
  C:\Program Files\Python312\Lib\test\test_ctypes\test_pep3118.py
HINT: remove __pycache__ / .pyc files and/or use a unique basename for your test file modules</error></testcase><testcase classname="" name="Program Files.Python312.Lib.test.test_ctypes.test_pickling" time="0.000"><error message="collection failure">import file mismatch:
imported module 'test.test_ctypes.test_pickling' has this __file__ attribute:
  C:\Program Files\MySQL\MySQL Shell 8.0\lib\Python3.12\Lib\test\test_ctypes\test_pickling.py
which is not the same as the test file we want to collect:
  C:\Program Files\Python312\Lib\test\test_ctypes\test_pickling.py
HINT: remove __pycache__ / .pyc files and/or use a unique basename for your test file modules</error></testcase><testcase classname="" name="Program Files.Python312.Lib.test.test_ctypes.test_pointers" time="0.000"><error message="collection failure">import file mismatch:
imported module 'test.test_ctypes.test_pointers' has this __file__ attribute:
  C:\Program Files\MySQL\MySQL Shell 8.0\lib\Python3.12\Lib\test\test_ctypes\test_pointers.py
which is not the same as the test file we want to collect:
  C:\Program Files\Python312\Lib\test\test_ctypes\test_pointers.py
HINT: remove __pycache__ / .pyc files and/or use a unique basename for your test file modules</error></testcase><testcase classname="" name="Program Files.Python312.Lib.test.test_ctypes.test_prototypes" time="0.000"><error message="collection failure">import file mismatch:
imported module 'test.test_ctypes.test_prototypes' has this __file__ attribute:
  C:\Program Files\MySQL\MySQL Shell 8.0\lib\Python3.12\Lib\test\test_ctypes\test_prototypes.py
which is not the same as the test file we want to collect:
  C:\Program Files\Python312\Lib\test\test_ctypes\test_prototypes.py
HINT: remove __pycache__ / .pyc files and/or use a unique basename for your test file modules</error></testcase><testcase classname="" name="Program Files.Python312.Lib.test.test_ctypes.test_python_api" time="0.000"><error message="collection failure">import file mismatch:
imported module 'test.test_ctypes.test_python_api' has this __file__ attribute:
  C:\Program Files\MySQL\MySQL Shell 8.0\lib\Python3.12\Lib\test\test_ctypes\test_python_api.py
which is not the same as the test file we want to collect:
  C:\Program Files\Python312\Lib\test\test_ctypes\test_python_api.py
HINT: remove __pycache__ / .pyc files and/or use a unique basename for your test file modules</error></testcase><testcase classname="" name="Program Files.Python312.Lib.test.test_ctypes.test_random_things" time="0.000"><error message="collection failure">import file mismatch:
imported module 'test.test_ctypes.test_random_things' has this __file__ attribute:
  C:\Program Files\MySQL\MySQL Shell 8.0\lib\Python3.12\Lib\test\test_ctypes\test_random_things.py
which is not the same as the test file we want to collect:
  C:\Program Files\Python312\Lib\test\test_ctypes\test_random_things.py
HINT: remove __pycache__ / .pyc files and/or use a unique basename for your test file modules</error></testcase><testcase classname="" name="Program Files.Python312.Lib.test.test_ctypes.test_refcounts" time="0.000"><error message="collection failure">import file mismatch:
imported module 'test.test_ctypes.test_refcounts' has this __file__ attribute:
  C:\Program Files\MySQL\MySQL Shell 8.0\lib\Python3.12\Lib\test\test_ctypes\test_refcounts.py
which is not the same as the test file we want to collect:
  C:\Program Files\Python312\Lib\test\test_ctypes\test_refcounts.py
HINT: remove __pycache__ / .pyc files and/or use a unique basename for your test file modules</error></testcase><testcase classname="" name="Program Files.Python312.Lib.test.test_ctypes.test_repr" time="0.000"><error message="collection failure">import file mismatch:
imported module 'test.test_ctypes.test_repr' has this __file__ attribute:
  C:\Program Files\MySQL\MySQL Shell 8.0\lib\Python3.12\Lib\test\test_ctypes\test_repr.py
which is not the same as the test file we want to collect:
  C:\Program Files\Python312\Lib\test\test_ctypes\test_repr.py
HINT: remove __pycache__ / .pyc files and/or use a unique basename for your test file modules</error></testcase><testcase classname="" name="Program Files.Python312.Lib.test.test_ctypes.test_returnfuncptrs" time="0.000"><error message="collection failure">import file mismatch:
imported module 'test.test_ctypes.test_returnfuncptrs' has this __file__ attribute:
  C:\Program Files\MySQL\MySQL Shell 8.0\lib\Python3.12\Lib\test\test_ctypes\test_returnfuncptrs.py
which is not the same as the test file we want to collect:
  C:\Program Files\Python312\Lib\test\test_ctypes\test_returnfuncptrs.py
HINT: remove __pycache__ / .pyc files and/or use a unique basename for your test file modules</error></testcase><testcase classname="" name="Program Files.Python312.Lib.test.test_ctypes.test_simplesubclasses" time="0.000"><error message="collection failure">import file mismatch:
imported module 'test.test_ctypes.test_simplesubclasses' has this __file__ attribute:
  C:\Program Files\MySQL\MySQL Shell 8.0\lib\Python3.12\Lib\test\test_ctypes\test_simplesubclasses.py
which is not the same as the test file we want to collect:
  C:\Program Files\Python312\Lib\test\test_ctypes\test_simplesubclasses.py
HINT: remove __pycache__ / .pyc files and/or use a unique basename for your test file modules</error></testcase><testcase classname="" name="Program Files.Python312.Lib.test.test_ctypes.test_sizes" time="0.000"><error message="collection failure">import file mismatch:
imported module 'test.test_ctypes.test_sizes' has this __file__ attribute:
  C:\Program Files\MySQL\MySQL Shell 8.0\lib\Python3.12\Lib\test\test_ctypes\test_sizes.py
which is not the same as the test file we want to collect:
  C:\Program Files\Python312\Lib\test\test_ctypes\test_sizes.py
HINT: remove __pycache__ / .pyc files and/or use a unique basename for your test file modules</error></testcase><testcase classname="" name="Program Files.Python312.Lib.test.test_ctypes.test_slicing" time="0.000"><error message="collection failure">import file mismatch:
imported module 'test.test_ctypes.test_slicing' has this __file__ attribute:
  C:\Program Files\MySQL\MySQL Shell 8.0\lib\Python3.12\Lib\test\test_ctypes\test_slicing.py
which is not the same as the test file we want to collect:
  C:\Program Files\Python312\Lib\test\test_ctypes\test_slicing.py
HINT: remove __pycache__ / .pyc files and/or use a unique basename for your test file modules</error></testcase><testcase classname="" name="Program Files.Python312.Lib.test.test_ctypes.test_stringptr" time="0.000"><error message="collection failure">import file mismatch:
imported module 'test.test_ctypes.test_stringptr' has this __file__ attribute:
  C:\Program Files\MySQL\MySQL Shell 8.0\lib\Python3.12\Lib\test\test_ctypes\test_stringptr.py
which is not the same as the test file we want to collect:
  C:\Program Files\Python312\Lib\test\test_ctypes\test_stringptr.py
HINT: remove __pycache__ / .pyc files and/or use a unique basename for your test file modules</error></testcase><testcase classname="" name="Program Files.Python312.Lib.test.test_ctypes.test_strings" time="0.000"><error message="collection failure">import file mismatch:
imported module 'test.test_ctypes.test_strings' has this __file__ attribute:
  C:\Program Files\MySQL\MySQL Shell 8.0\lib\Python3.12\Lib\test\test_ctypes\test_strings.py
which is not the same as the test file we want to collect:
  C:\Program Files\Python312\Lib\test\test_ctypes\test_strings.py
HINT: remove __pycache__ / .pyc files and/or use a unique basename for your test file modules</error></testcase><testcase classname="" name="Program Files.Python312.Lib.test.test_ctypes.test_struct_fields" time="0.000"><error message="collection failure">import file mismatch:
imported module 'test.test_ctypes.test_struct_fields' has this __file__ attribute:
  C:\Program Files\MySQL\MySQL Shell 8.0\lib\Python3.12\Lib\test\test_ctypes\test_struct_fields.py
which is not the same as the test file we want to collect:
  C:\Program Files\Python312\Lib\test\test_ctypes\test_struct_fields.py
HINT: remove __pycache__ / .pyc files and/or use a unique basename for your test file modules</error></testcase><testcase classname="" name="Program Files.Python312.Lib.test.test_ctypes.test_structures" time="0.000"><error message="collection failure">import file mismatch:
imported module 'test.test_ctypes.test_structures' has this __file__ attribute:
  C:\Program Files\MySQL\MySQL Shell 8.0\lib\Python3.12\Lib\test\test_ctypes\test_structures.py
which is not the same as the test file we want to collect:
  C:\Program Files\Python312\Lib\test\test_ctypes\test_structures.py
HINT: remove __pycache__ / .pyc files and/or use a unique basename for your test file modules</error></testcase><testcase classname="" name="Program Files.Python312.Lib.test.test_ctypes.test_unaligned_structures" time="0.000"><error message="collection failure">import file mismatch:
imported module 'test.test_ctypes.test_unaligned_structures' has this __file__ attribute:
  C:\Program Files\MySQL\MySQL Shell 8.0\lib\Python3.12\Lib\test\test_ctypes\test_unaligned_structures.py
which is not the same as the test file we want to collect:
  C:\Program Files\Python312\Lib\test\test_ctypes\test_unaligned_structures.py
HINT: remove __pycache__ / .pyc files and/or use a unique basename for your test file modules</error></testcase><testcase classname="" name="Program Files.Python312.Lib.test.test_ctypes.test_unicode" time="0.000"><error message="collection failure">import file mismatch:
imported module 'test.test_ctypes.test_unicode' has this __file__ attribute:
  C:\Program Files\MySQL\MySQL Shell 8.0\lib\Python3.12\Lib\test\test_ctypes\test_unicode.py
which is not the same as the test file we want to collect:
  C:\Program Files\Python312\Lib\test\test_ctypes\test_unicode.py
HINT: remove __pycache__ / .pyc files and/or use a unique basename for your test file modules</error></testcase><testcase classname="" name="Program Files.Python312.Lib.test.test_ctypes.test_values" time="0.000"><error message="collection failure">import file mismatch:
imported module 'test.test_ctypes.test_values' has this __file__ attribute:
  C:\Program Files\MySQL\MySQL Shell 8.0\lib\Python3.12\Lib\test\test_ctypes\test_values.py
which is not the same as the test file we want to collect:
  C:\Program Files\Python312\Lib\test\test_ctypes\test_values.py
HINT: remove __pycache__ / .pyc files and/or use a unique basename for your test file modules</error></testcase><testcase classname="" name="Program Files.Python312.Lib.test.test_ctypes.test_varsize_struct" time="0.000"><error message="collection failure">import file mismatch:
imported module 'test.test_ctypes.test_varsize_struct' has this __file__ attribute:
  C:\Program Files\MySQL\MySQL Shell 8.0\lib\Python3.12\Lib\test\test_ctypes\test_varsize_struct.py
which is not the same as the test file we want to collect:
  C:\Program Files\Python312\Lib\test\test_ctypes\test_varsize_struct.py
HINT: remove __pycache__ / .pyc files and/or use a unique basename for your test file modules</error></testcase><testcase classname="" name="Program Files.Python312.Lib.test.test_ctypes.test_win32" time="0.000"><error message="collection failure">import file mismatch:
imported module 'test.test_ctypes.test_win32' has this __file__ attribute:
  C:\Program Files\MySQL\MySQL Shell 8.0\lib\Python3.12\Lib\test\test_ctypes\test_win32.py
which is not the same as the test file we want to collect:
  C:\Program Files\Python312\Lib\test\test_ctypes\test_win32.py
HINT: remove __pycache__ / .pyc files and/or use a unique basename for your test file modules</error></testcase><testcase classname="" name="Program Files.Python312.Lib.test.test_ctypes.test_wintypes" time="0.000"><error message="collection failure">import file mismatch:
imported module 'test.test_ctypes.test_wintypes' has this __file__ attribute:
  C:\Program Files\MySQL\MySQL Shell 8.0\lib\Python3.12\Lib\test\test_ctypes\test_wintypes.py
which is not the same as the test file we want to collect:
  C:\Program Files\Python312\Lib\test\test_ctypes\test_wintypes.py
HINT: remove __pycache__ / .pyc files and/or use a unique basename for your test file modules</error></testcase><testcase classname="" name="Program Files.Python312.Lib.test.test_curses" time="0.000"><skipped message="collection skipped">('C:\\Program Files\\MySQL\\MySQL Shell 8.0\\lib\\Python3.12\\Lib\\test\\support\\import_helper.py', 82, "unittest.case.SkipTest: No module named '_curses'")</skipped></testcase><testcase classname="" name="Program Files.Python312.Lib.test.test_datetime" time="0.000"><error message="collection failure">import file mismatch:
imported module 'test.test_datetime' has this __file__ attribute:
  C:\Program Files\MySQL\MySQL Shell 8.0\lib\Python3.12\Lib\test\test_datetime.py
which is not the same as the test file we want to collect:
  C:\Program Files\Python312\Lib\test\test_datetime.py
HINT: remove __pycache__ / .pyc files and/or use a unique basename for your test file modules</error></testcase><testcase classname="" name="Program Files.Python312.Lib.test.test_dbm" time="0.000"><error message="collection failure">import file mismatch:
imported module 'test.test_dbm' has this __file__ attribute:
  C:\Program Files\MySQL\MySQL Shell 8.0\lib\Python3.12\Lib\test\test_dbm.py
which is not the same as the test file we want to collect:
  C:\Program Files\Python312\Lib\test\test_dbm.py
HINT: remove __pycache__ / .pyc files and/or use a unique basename for your test file modules</error></testcase><testcase classname="" name="Program Files.Python312.Lib.test.test_dbm_dumb" time="0.000"><error message="collection failure">import file mismatch:
imported module 'test.test_dbm_dumb' has this __file__ attribute:
  C:\Program Files\MySQL\MySQL Shell 8.0\lib\Python3.12\Lib\test\test_dbm_dumb.py
which is not the same as the test file we want to collect:
  C:\Program Files\Python312\Lib\test\test_dbm_dumb.py
HINT: remove __pycache__ / .pyc files and/or use a unique basename for your test file modules</error></testcase><testcase classname="" name="Program Files.Python312.Lib.test.test_dbm_gnu" time="0.000"><skipped message="collection skipped">('C:\\Program Files\\MySQL\\MySQL Shell 8.0\\lib\\Python3.12\\Lib\\test\\support\\import_helper.py', 82, "unittest.case.SkipTest: No module named '_gdbm'")</skipped></testcase><testcase classname="" name="Program Files.Python312.Lib.test.test_dbm_ndbm" time="0.000"><skipped message="collection skipped">('C:\\Program Files\\MySQL\\MySQL Shell 8.0\\lib\\Python3.12\\Lib\\test\\support\\import_helper.py', 82, "unittest.case.SkipTest: No module named '_dbm'")</skipped></testcase><testcase classname="" name="Program Files.Python312.Lib.test.test_decimal" time="0.000"><error message="collection failure">import file mismatch:
imported module 'test.test_decimal' has this __file__ attribute:
  C:\Program Files\MySQL\MySQL Shell 8.0\lib\Python3.12\Lib\test\test_decimal.py
which is not the same as the test file we want to collect:
  C:\Program Files\Python312\Lib\test\test_decimal.py
HINT: remove __pycache__ / .pyc files and/or use a unique basename for your test file modules</error></testcase><testcase classname="" name="Program Files.Python312.Lib.test.test_decorators" time="0.000"><error message="collection failure">import file mismatch:
imported module 'test.test_decorators' has this __file__ attribute:
  C:\Program Files\MySQL\MySQL Shell 8.0\lib\Python3.12\Lib\test\test_decorators.py
which is not the same as the test file we want to collect:
  C:\Program Files\Python312\Lib\test\test_decorators.py
HINT: remove __pycache__ / .pyc files and/or use a unique basename for your test file modules</error></testcase><testcase classname="" name="Program Files.Python312.Lib.test.test_defaultdict" time="0.000"><error message="collection failure">import file mismatch:
imported module 'test.test_defaultdict' has this __file__ attribute:
  C:\Program Files\MySQL\MySQL Shell 8.0\lib\Python3.12\Lib\test\test_defaultdict.py
which is not the same as the test file we want to collect:
  C:\Program Files\Python312\Lib\test\test_defaultdict.py
HINT: remove __pycache__ / .pyc files and/or use a unique basename for your test file modules</error></testcase><testcase classname="" name="Program Files.Python312.Lib.test.test_deque" time="0.000"><error message="collection failure">import file mismatch:
imported module 'test.test_deque' has this __file__ attribute:
  C:\Program Files\MySQL\MySQL Shell 8.0\lib\Python3.12\Lib\test\test_deque.py
which is not the same as the test file we want to collect:
  C:\Program Files\Python312\Lib\test\test_deque.py
HINT: remove __pycache__ / .pyc files and/or use a unique basename for your test file modules</error></testcase><testcase classname="" name="Program Files.Python312.Lib.test.test_descr" time="0.000"><error message="collection failure">import file mismatch:
imported module 'test.test_descr' has this __file__ attribute:
  C:\Program Files\MySQL\MySQL Shell 8.0\lib\Python3.12\Lib\test\test_descr.py
which is not the same as the test file we want to collect:
  C:\Program Files\Python312\Lib\test\test_descr.py
HINT: remove __pycache__ / .pyc files and/or use a unique basename for your test file modules</error></testcase><testcase classname="" name="Program Files.Python312.Lib.test.test_descrtut" time="0.000"><error message="collection failure">import file mismatch:
imported module 'test.test_descrtut' has this __file__ attribute:
  C:\Program Files\MySQL\MySQL Shell 8.0\lib\Python3.12\Lib\test\test_descrtut.py
which is not the same as the test file we want to collect:
  C:\Program Files\Python312\Lib\test\test_descrtut.py
HINT: remove __pycache__ / .pyc files and/or use a unique basename for your test file modules</error></testcase><testcase classname="" name="Program Files.Python312.Lib.test.test_devpoll" time="0.000"><skipped message="collection skipped">('C:\\Program Files\\MySQL\\MySQL Shell 8.0\\lib\\Python3.12\\Lib\\test\\test_devpoll.py', 12, 'unittest.case.SkipTest: test works only on Solaris OS family')</skipped></testcase><testcase classname="" name="Program Files.Python312.Lib.test.test_dict" time="0.000"><error message="collection failure">import file mismatch:
imported module 'test.test_dict' has this __file__ attribute:
  C:\Program Files\MySQL\MySQL Shell 8.0\lib\Python3.12\Lib\test\test_dict.py
which is not the same as the test file we want to collect:
  C:\Program Files\Python312\Lib\test\test_dict.py
HINT: remove __pycache__ / .pyc files and/or use a unique basename for your test file modules</error></testcase><testcase classname="" name="Program Files.Python312.Lib.test.test_dict_version" time="0.000"><error message="collection failure">import file mismatch:
imported module 'test.test_dict_version' has this __file__ attribute:
  C:\Program Files\MySQL\MySQL Shell 8.0\lib\Python3.12\Lib\test\test_dict_version.py
which is not the same as the test file we want to collect:
  C:\Program Files\Python312\Lib\test\test_dict_version.py
HINT: remove __pycache__ / .pyc files and/or use a unique basename for your test file modules</error></testcase><testcase classname="" name="Program Files.Python312.Lib.test.test_dictcomps" time="0.000"><error message="collection failure">import file mismatch:
imported module 'test.test_dictcomps' has this __file__ attribute:
  C:\Program Files\MySQL\MySQL Shell 8.0\lib\Python3.12\Lib\test\test_dictcomps.py
which is not the same as the test file we want to collect:
  C:\Program Files\Python312\Lib\test\test_dictcomps.py
HINT: remove __pycache__ / .pyc files and/or use a unique basename for your test file modules</error></testcase><testcase classname="" name="Program Files.Python312.Lib.test.test_dictviews" time="0.000"><error message="collection failure">import file mismatch:
imported module 'test.test_dictviews' has this __file__ attribute:
  C:\Program Files\MySQL\MySQL Shell 8.0\lib\Python3.12\Lib\test\test_dictviews.py
which is not the same as the test file we want to collect:
  C:\Program Files\Python312\Lib\test\test_dictviews.py
HINT: remove __pycache__ / .pyc files and/or use a unique basename for your test file modules</error></testcase><testcase classname="" name="Program Files.Python312.Lib.test.test_difflib" time="0.000"><error message="collection failure">import file mismatch:
imported module 'test.test_difflib' has this __file__ attribute:
  C:\Program Files\MySQL\MySQL Shell 8.0\lib\Python3.12\Lib\test\test_difflib.py
which is not the same as the test file we want to collect:
  C:\Program Files\Python312\Lib\test\test_difflib.py
HINT: remove __pycache__ / .pyc files and/or use a unique basename for your test file modules</error></testcase><testcase classname="" name="Program Files.Python312.Lib.test.test_dis" time="0.000"><error message="collection failure">import file mismatch:
imported module 'test.test_dis' has this __file__ attribute:
  C:\Program Files\MySQL\MySQL Shell 8.0\lib\Python3.12\Lib\test\test_dis.py
which is not the same as the test file we want to collect:
  C:\Program Files\Python312\Lib\test\test_dis.py
HINT: remove __pycache__ / .pyc files and/or use a unique basename for your test file modules</error></testcase><testcase classname="" name="Program Files.Python312.Lib.test.test_doctest.test_doctest" time="0.000"><error message="collection failure">import file mismatch:
imported module 'test.test_doctest.test_doctest' has this __file__ attribute:
  C:\Program Files\MySQL\MySQL Shell 8.0\lib\Python3.12\Lib\test\test_doctest\test_doctest.py
which is not the same as the test file we want to collect:
  C:\Program Files\Python312\Lib\test\test_doctest\test_doctest.py
HINT: remove __pycache__ / .pyc files and/or use a unique basename for your test file modules</error></testcase><testcase classname="" name="Program Files.Python312.Lib.test.test_doctest.test_doctest2" time="0.000"><error message="collection failure">import file mismatch:
imported module 'test.test_doctest.test_doctest2' has this __file__ attribute:
  C:\Program Files\MySQL\MySQL Shell 8.0\lib\Python3.12\Lib\test\test_doctest\test_doctest2.py
which is not the same as the test file we want to collect:
  C:\Program Files\Python312\Lib\test\test_doctest\test_doctest2.py
HINT: remove __pycache__ / .pyc files and/or use a unique basename for your test file modules</error></testcase><testcase classname="" name="Program Files.Python312.Lib.test.test_docxmlrpc" time="0.000"><error message="collection failure">import file mismatch:
imported module 'test.test_docxmlrpc' has this __file__ attribute:
  C:\Program Files\MySQL\MySQL Shell 8.0\lib\Python3.12\Lib\test\test_docxmlrpc.py
which is not the same as the test file we want to collect:
  C:\Program Files\Python312\Lib\test\test_docxmlrpc.py
HINT: remove __pycache__ / .pyc files and/or use a unique basename for your test file modules</error></testcase><testcase classname="" name="Program Files.Python312.Lib.test.test_dtrace" time="0.000"><error message="collection failure">import file mismatch:
imported module 'test.test_dtrace' has this __file__ attribute:
  C:\Program Files\MySQL\MySQL Shell 8.0\lib\Python3.12\Lib\test\test_dtrace.py
which is not the same as the test file we want to collect:
  C:\Program Files\Python312\Lib\test\test_dtrace.py
HINT: remove __pycache__ / .pyc files and/or use a unique basename for your test file modules</error></testcase><testcase classname="" name="Program Files.Python312.Lib.test.test_dynamic" time="0.000"><error message="collection failure">import file mismatch:
imported module 'test.test_dynamic' has this __file__ attribute:
  C:\Program Files\MySQL\MySQL Shell 8.0\lib\Python3.12\Lib\test\test_dynamic.py
which is not the same as the test file we want to collect:
  C:\Program Files\Python312\Lib\test\test_dynamic.py
HINT: remove __pycache__ / .pyc files and/or use a unique basename for your test file modules</error></testcase><testcase classname="" name="Program Files.Python312.Lib.test.test_dynamicclassattribute" time="0.000"><error message="collection failure">import file mismatch:
imported module 'test.test_dynamicclassattribute' has this __file__ attribute:
  C:\Program Files\MySQL\MySQL Shell 8.0\lib\Python3.12\Lib\test\test_dynamicclassattribute.py
which is not the same as the test file we want to collect:
  C:\Program Files\Python312\Lib\test\test_dynamicclassattribute.py
HINT: remove __pycache__ / .pyc files and/or use a unique basename for your test file modules</error></testcase><testcase classname="" name="Program Files.Python312.Lib.test.test_eintr" time="0.000"><error message="collection failure">import file mismatch:
imported module 'test.test_eintr' has this __file__ attribute:
  C:\Program Files\MySQL\MySQL Shell 8.0\lib\Python3.12\Lib\test\test_eintr.py
which is not the same as the test file we want to collect:
  C:\Program Files\Python312\Lib\test\test_eintr.py
HINT: remove __pycache__ / .pyc files and/or use a unique basename for your test file modules</error></testcase><testcase classname="" name="Program Files.Python312.Lib.test.test_email.test__encoded_words" time="0.000"><error message="collection failure">import file mismatch:
imported module 'test.test_email.test__encoded_words' has this __file__ attribute:
  C:\Program Files\MySQL\MySQL Shell 8.0\lib\Python3.12\Lib\test\test_email\test__encoded_words.py
which is not the same as the test file we want to collect:
  C:\Program Files\Python312\Lib\test\test_email\test__encoded_words.py
HINT: remove __pycache__ / .pyc files and/or use a unique basename for your test file modules</error></testcase><testcase classname="" name="Program Files.Python312.Lib.test.test_email.test__header_value_parser" time="0.000"><error message="collection failure">import file mismatch:
imported module 'test.test_email.test__header_value_parser' has this __file__ attribute:
  C:\Program Files\MySQL\MySQL Shell 8.0\lib\Python3.12\Lib\test\test_email\test__header_value_parser.py
which is not the same as the test file we want to collect:
  C:\Program Files\Python312\Lib\test\test_email\test__header_value_parser.py
HINT: remove __pycache__ / .pyc files and/or use a unique basename for your test file modules</error></testcase><testcase classname="" name="Program Files.Python312.Lib.test.test_email.test_asian_codecs" time="0.000"><error message="collection failure">import file mismatch:
imported module 'test.test_email.test_asian_codecs' has this __file__ attribute:
  C:\Program Files\MySQL\MySQL Shell 8.0\lib\Python3.12\Lib\test\test_email\test_asian_codecs.py
which is not the same as the test file we want to collect:
  C:\Program Files\Python312\Lib\test\test_email\test_asian_codecs.py
HINT: remove __pycache__ / .pyc files and/or use a unique basename for your test file modules</error></testcase><testcase classname="" name="Program Files.Python312.Lib.test.test_email.test_contentmanager" time="0.000"><error message="collection failure">import file mismatch:
imported module 'test.test_email.test_contentmanager' has this __file__ attribute:
  C:\Program Files\MySQL\MySQL Shell 8.0\lib\Python3.12\Lib\test\test_email\test_contentmanager.py
which is not the same as the test file we want to collect:
  C:\Program Files\Python312\Lib\test\test_email\test_contentmanager.py
HINT: remove __pycache__ / .pyc files and/or use a unique basename for your test file modules</error></testcase><testcase classname="" name="Program Files.Python312.Lib.test.test_email.test_defect_handling" time="0.000"><error message="collection failure">import file mismatch:
imported module 'test.test_email.test_defect_handling' has this __file__ attribute:
  C:\Program Files\MySQL\MySQL Shell 8.0\lib\Python3.12\Lib\test\test_email\test_defect_handling.py
which is not the same as the test file we want to collect:
  C:\Program Files\Python312\Lib\test\test_email\test_defect_handling.py
HINT: remove __pycache__ / .pyc files and/or use a unique basename for your test file modules</error></testcase><testcase classname="" name="Program Files.Python312.Lib.test.test_email.test_email" time="0.000"><error message="collection failure">import file mismatch:
imported module 'test.test_email.test_email' has this __file__ attribute:
  C:\Program Files\MySQL\MySQL Shell 8.0\lib\Python3.12\Lib\test\test_email\test_email.py
which is not the same as the test file we want to collect:
  C:\Program Files\Python312\Lib\test\test_email\test_email.py
HINT: remove __pycache__ / .pyc files and/or use a unique basename for your test file modules</error></testcase><testcase classname="" name="Program Files.Python312.Lib.test.test_email.test_generator" time="0.000"><error message="collection failure">import file mismatch:
imported module 'test.test_email.test_generator' has this __file__ attribute:
  C:\Program Files\MySQL\MySQL Shell 8.0\lib\Python3.12\Lib\test\test_email\test_generator.py
which is not the same as the test file we want to collect:
  C:\Program Files\Python312\Lib\test\test_email\test_generator.py
HINT: remove __pycache__ / .pyc files and/or use a unique basename for your test file modules</error></testcase><testcase classname="" name="Program Files.Python312.Lib.test.test_email.test_headerregistry" time="0.000"><error message="collection failure">import file mismatch:
imported module 'test.test_email.test_headerregistry' has this __file__ attribute:
  C:\Program Files\MySQL\MySQL Shell 8.0\lib\Python3.12\Lib\test\test_email\test_headerregistry.py
which is not the same as the test file we want to collect:
  C:\Program Files\Python312\Lib\test\test_email\test_headerregistry.py
HINT: remove __pycache__ / .pyc files and/or use a unique basename for your test file modules</error></testcase><testcase classname="" name="Program Files.Python312.Lib.test.test_email.test_inversion" time="0.000"><error message="collection failure">import file mismatch:
imported module 'test.test_email.test_inversion' has this __file__ attribute:
  C:\Program Files\MySQL\MySQL Shell 8.0\lib\Python3.12\Lib\test\test_email\test_inversion.py
which is not the same as the test file we want to collect:
  C:\Program Files\Python312\Lib\test\test_email\test_inversion.py
HINT: remove __pycache__ / .pyc files and/or use a unique basename for your test file modules</error></testcase><testcase classname="" name="Program Files.Python312.Lib.test.test_email.test_message" time="0.000"><error message="collection failure">import file mismatch:
imported module 'test.test_email.test_message' has this __file__ attribute:
  C:\Program Files\MySQL\MySQL Shell 8.0\lib\Python3.12\Lib\test\test_email\test_message.py
which is not the same as the test file we want to collect:
  C:\Program Files\Python312\Lib\test\test_email\test_message.py
HINT: remove __pycache__ / .pyc files and/or use a unique basename for your test file modules</error></testcase><testcase classname="" name="Program Files.Python312.Lib.test.test_email.test_parser" time="0.000"><error message="collection failure">import file mismatch:
imported module 'test.test_email.test_parser' has this __file__ attribute:
  C:\Program Files\MySQL\MySQL Shell 8.0\lib\Python3.12\Lib\test\test_email\test_parser.py
which is not the same as the test file we want to collect:
  C:\Program Files\Python312\Lib\test\test_email\test_parser.py
HINT: remove __pycache__ / .pyc files and/or use a unique basename for your test file modules</error></testcase><testcase classname="" name="Program Files.Python312.Lib.test.test_email.test_pickleable" time="0.000"><error message="collection failure">import file mismatch:
imported module 'test.test_email.test_pickleable' has this __file__ attribute:
  C:\Program Files\MySQL\MySQL Shell 8.0\lib\Python3.12\Lib\test\test_email\test_pickleable.py
which is not the same as the test file we want to collect:
  C:\Program Files\Python312\Lib\test\test_email\test_pickleable.py
HINT: remove __pycache__ / .pyc files and/or use a unique basename for your test file modules</error></testcase><testcase classname="" name="Program Files.Python312.Lib.test.test_email.test_policy" time="0.000"><error message="collection failure">import file mismatch:
imported module 'test.test_email.test_policy' has this __file__ attribute:
  C:\Program Files\MySQL\MySQL Shell 8.0\lib\Python3.12\Lib\test\test_email\test_policy.py
which is not the same as the test file we want to collect:
  C:\Program Files\Python312\Lib\test\test_email\test_policy.py
HINT: remove __pycache__ / .pyc files and/or use a unique basename for your test file modules</error></testcase><testcase classname="" name="Program Files.Python312.Lib.test.test_email.test_utils" time="0.000"><error message="collection failure">import file mismatch:
imported module 'test.test_email.test_utils' has this __file__ attribute:
  C:\Program Files\MySQL\MySQL Shell 8.0\lib\Python3.12\Lib\test\test_email\test_utils.py
which is not the same as the test file we want to collect:
  C:\Program Files\Python312\Lib\test\test_email\test_utils.py
HINT: remove __pycache__ / .pyc files and/or use a unique basename for your test file modules</error></testcase><testcase classname="" name="Program Files.Python312.Lib.test.test_email.torture_test" time="0.000"><error message="collection failure">import file mismatch:
imported module 'test.test_email.torture_test' has this __file__ attribute:
  C:\Program Files\MySQL\MySQL Shell 8.0\lib\Python3.12\Lib\test\test_email\torture_test.py
which is not the same as the test file we want to collect:
  C:\Program Files\Python312\Lib\test\test_email\torture_test.py
HINT: remove __pycache__ / .pyc files and/or use a unique basename for your test file modules</error></testcase><testcase classname="" name="Program Files.Python312.Lib.test.test_embed" time="0.000"><error message="collection failure">import file mismatch:
imported module 'test.test_embed' has this __file__ attribute:
  C:\Program Files\MySQL\MySQL Shell 8.0\lib\Python3.12\Lib\test\test_embed.py
which is not the same as the test file we want to collect:
  C:\Program Files\Python312\Lib\test\test_embed.py
HINT: remove __pycache__ / .pyc files and/or use a unique basename for your test file modules</error></testcase><testcase classname="" name="Program Files.Python312.Lib.test.test_ensurepip" time="0.000"><error message="collection failure">import file mismatch:
imported module 'test.test_ensurepip' has this __file__ attribute:
  C:\Program Files\MySQL\MySQL Shell 8.0\lib\Python3.12\Lib\test\test_ensurepip.py
which is not the same as the test file we want to collect:
  C:\Program Files\Python312\Lib\test\test_ensurepip.py
HINT: remove __pycache__ / .pyc files and/or use a unique basename for your test file modules</error></testcase><testcase classname="" name="Program Files.Python312.Lib.test.test_enum" time="0.000"><error message="collection failure">import file mismatch:
imported module 'test.test_enum' has this __file__ attribute:
  C:\Program Files\MySQL\MySQL Shell 8.0\lib\Python3.12\Lib\test\test_enum.py
which is not the same as the test file we want to collect:
  C:\Program Files\Python312\Lib\test\test_enum.py
HINT: remove __pycache__ / .pyc files and/or use a unique basename for your test file modules</error></testcase><testcase classname="" name="Program Files.Python312.Lib.test.test_enumerate" time="0.000"><error message="collection failure">import file mismatch:
imported module 'test.test_enumerate' has this __file__ attribute:
  C:\Program Files\MySQL\MySQL Shell 8.0\lib\Python3.12\Lib\test\test_enumerate.py
which is not the same as the test file we want to collect:
  C:\Program Files\Python312\Lib\test\test_enumerate.py
HINT: remove __pycache__ / .pyc files and/or use a unique basename for your test file modules</error></testcase><testcase classname="" name="Program Files.Python312.Lib.test.test_eof" time="0.000"><error message="collection failure">import file mismatch:
imported module 'test.test_eof' has this __file__ attribute:
  C:\Program Files\MySQL\MySQL Shell 8.0\lib\Python3.12\Lib\test\test_eof.py
which is not the same as the test file we want to collect:
  C:\Program Files\Python312\Lib\test\test_eof.py
HINT: remove __pycache__ / .pyc files and/or use a unique basename for your test file modules</error></testcase><testcase classname="" name="Program Files.Python312.Lib.test.test_epoll" time="0.000"><skipped message="collection skipped">('C:\\Program Files\\MySQL\\MySQL Shell 8.0\\lib\\Python3.12\\Lib\\test\\test_epoll.py', 33, 'unittest.case.SkipTest: test works only on Linux 2.6')</skipped></testcase><testcase classname="" name="Program Files.Python312.Lib.test.test_errno" time="0.000"><error message="collection failure">import file mismatch:
imported module 'test.test_errno' has this __file__ attribute:
  C:\Program Files\MySQL\MySQL Shell 8.0\lib\Python3.12\Lib\test\test_errno.py
which is not the same as the test file we want to collect:
  C:\Program Files\Python312\Lib\test\test_errno.py
HINT: remove __pycache__ / .pyc files and/or use a unique basename for your test file modules</error></testcase><testcase classname="" name="Program Files.Python312.Lib.test.test_except_star" time="0.000"><error message="collection failure">import file mismatch:
imported module 'test.test_except_star' has this __file__ attribute:
  C:\Program Files\MySQL\MySQL Shell 8.0\lib\Python3.12\Lib\test\test_except_star.py
which is not the same as the test file we want to collect:
  C:\Program Files\Python312\Lib\test\test_except_star.py
HINT: remove __pycache__ / .pyc files and/or use a unique basename for your test file modules</error></testcase><testcase classname="" name="Program Files.Python312.Lib.test.test_exception_group" time="0.000"><error message="collection failure">import file mismatch:
imported module 'test.test_exception_group' has this __file__ attribute:
  C:\Program Files\MySQL\MySQL Shell 8.0\lib\Python3.12\Lib\test\test_exception_group.py
which is not the same as the test file we want to collect:
  C:\Program Files\Python312\Lib\test\test_exception_group.py
HINT: remove __pycache__ / .pyc files and/or use a unique basename for your test file modules</error></testcase><testcase classname="" name="Program Files.Python312.Lib.test.test_exception_hierarchy" time="0.000"><error message="collection failure">import file mismatch:
imported module 'test.test_exception_hierarchy' has this __file__ attribute:
  C:\Program Files\MySQL\MySQL Shell 8.0\lib\Python3.12\Lib\test\test_exception_hierarchy.py
which is not the same as the test file we want to collect:
  C:\Program Files\Python312\Lib\test\test_exception_hierarchy.py
HINT: remove __pycache__ / .pyc files and/or use a unique basename for your test file modules</error></testcase><testcase classname="" name="Program Files.Python312.Lib.test.test_exception_variations" time="0.000"><error message="collection failure">import file mismatch:
imported module 'test.test_exception_variations' has this __file__ attribute:
  C:\Program Files\MySQL\MySQL Shell 8.0\lib\Python3.12\Lib\test\test_exception_variations.py
which is not the same as the test file we want to collect:
  C:\Program Files\Python312\Lib\test\test_exception_variations.py
HINT: remove __pycache__ / .pyc files and/or use a unique basename for your test file modules</error></testcase><testcase classname="" name="Program Files.Python312.Lib.test.test_exceptions" time="0.000"><error message="collection failure">import file mismatch:
imported module 'test.test_exceptions' has this __file__ attribute:
  C:\Program Files\MySQL\MySQL Shell 8.0\lib\Python3.12\Lib\test\test_exceptions.py
which is not the same as the test file we want to collect:
  C:\Program Files\Python312\Lib\test\test_exceptions.py
HINT: remove __pycache__ / .pyc files and/or use a unique basename for your test file modules</error></testcase><testcase classname="" name="Program Files.Python312.Lib.test.test_extcall" time="0.000"><error message="collection failure">import file mismatch:
imported module 'test.test_extcall' has this __file__ attribute:
  C:\Program Files\MySQL\MySQL Shell 8.0\lib\Python3.12\Lib\test\test_extcall.py
which is not the same as the test file we want to collect:
  C:\Program Files\Python312\Lib\test\test_extcall.py
HINT: remove __pycache__ / .pyc files and/or use a unique basename for your test file modules</error></testcase><testcase classname="" name="Program Files.Python312.Lib.test.test_faulthandler" time="0.000"><error message="collection failure">import file mismatch:
imported module 'test.test_faulthandler' has this __file__ attribute:
  C:\Program Files\MySQL\MySQL Shell 8.0\lib\Python3.12\Lib\test\test_faulthandler.py
which is not the same as the test file we want to collect:
  C:\Program Files\Python312\Lib\test\test_faulthandler.py
HINT: remove __pycache__ / .pyc files and/or use a unique basename for your test file modules</error></testcase><testcase classname="" name="Program Files.Python312.Lib.test.test_fcntl" time="0.000"><skipped message="collection skipped">('C:\\Program Files\\MySQL\\MySQL Shell 8.0\\lib\\Python3.12\\Lib\\test\\support\\import_helper.py', 82, "unittest.case.SkipTest: No module named 'fcntl'")</skipped></testcase><testcase classname="" name="Program Files.Python312.Lib.test.test_file" time="0.000"><error message="collection failure">import file mismatch:
imported module 'test.test_file' has this __file__ attribute:
  C:\Program Files\MySQL\MySQL Shell 8.0\lib\Python3.12\Lib\test\test_file.py
which is not the same as the test file we want to collect:
  C:\Program Files\Python312\Lib\test\test_file.py
HINT: remove __pycache__ / .pyc files and/or use a unique basename for your test file modules</error></testcase><testcase classname="" name="Program Files.Python312.Lib.test.test_file_eintr" time="0.000"><error message="collection failure">import file mismatch:
imported module 'test.test_file_eintr' has this __file__ attribute:
  C:\Program Files\MySQL\MySQL Shell 8.0\lib\Python3.12\Lib\test\test_file_eintr.py
which is not the same as the test file we want to collect:
  C:\Program Files\Python312\Lib\test\test_file_eintr.py
HINT: remove __pycache__ / .pyc files and/or use a unique basename for your test file modules</error></testcase><testcase classname="" name="Program Files.Python312.Lib.test.test_filecmp" time="0.000"><error message="collection failure">import file mismatch:
imported module 'test.test_filecmp' has this __file__ attribute:
  C:\Program Files\MySQL\MySQL Shell 8.0\lib\Python3.12\Lib\test\test_filecmp.py
which is not the same as the test file we want to collect:
  C:\Program Files\Python312\Lib\test\test_filecmp.py
HINT: remove __pycache__ / .pyc files and/or use a unique basename for your test file modules</error></testcase><testcase classname="" name="Program Files.Python312.Lib.test.test_fileinput" time="0.000"><error message="collection failure">import file mismatch:
imported module 'test.test_fileinput' has this __file__ attribute:
  C:\Program Files\MySQL\MySQL Shell 8.0\lib\Python3.12\Lib\test\test_fileinput.py
which is not the same as the test file we want to collect:
  C:\Program Files\Python312\Lib\test\test_fileinput.py
HINT: remove __pycache__ / .pyc files and/or use a unique basename for your test file modules</error></testcase><testcase classname="" name="Program Files.Python312.Lib.test.test_fileio" time="0.000"><error message="collection failure">import file mismatch:
imported module 'test.test_fileio' has this __file__ attribute:
  C:\Program Files\MySQL\MySQL Shell 8.0\lib\Python3.12\Lib\test\test_fileio.py
which is not the same as the test file we want to collect:
  C:\Program Files\Python312\Lib\test\test_fileio.py
HINT: remove __pycache__ / .pyc files and/or use a unique basename for your test file modules</error></testcase><testcase classname="" name="Program Files.Python312.Lib.test.test_fileutils" time="0.000"><error message="collection failure">import file mismatch:
imported module 'test.test_fileutils' has this __file__ attribute:
  C:\Program Files\MySQL\MySQL Shell 8.0\lib\Python3.12\Lib\test\test_fileutils.py
which is not the same as the test file we want to collect:
  C:\Program Files\Python312\Lib\test\test_fileutils.py
HINT: remove __pycache__ / .pyc files and/or use a unique basename for your test file modules</error></testcase><testcase classname="" name="Program Files.Python312.Lib.test.test_finalization" time="0.000"><error message="collection failure">import file mismatch:
imported module 'test.test_finalization' has this __file__ attribute:
  C:\Program Files\MySQL\MySQL Shell 8.0\lib\Python3.12\Lib\test\test_finalization.py
which is not the same as the test file we want to collect:
  C:\Program Files\Python312\Lib\test\test_finalization.py
HINT: remove __pycache__ / .pyc files and/or use a unique basename for your test file modules</error></testcase><testcase classname="" name="Program Files.Python312.Lib.test.test_float" time="0.000"><error message="collection failure">import file mismatch:
imported module 'test.test_float' has this __file__ attribute:
  C:\Program Files\MySQL\MySQL Shell 8.0\lib\Python3.12\Lib\test\test_float.py
which is not the same as the test file we want to collect:
  C:\Program Files\Python312\Lib\test\test_float.py
HINT: remove __pycache__ / .pyc files and/or use a unique basename for your test file modules</error></testcase><testcase classname="" name="Program Files.Python312.Lib.test.test_flufl" time="0.000"><error message="collection failure">import file mismatch:
imported module 'test.test_flufl' has this __file__ attribute:
  C:\Program Files\MySQL\MySQL Shell 8.0\lib\Python3.12\Lib\test\test_flufl.py
which is not the same as the test file we want to collect:
  C:\Program Files\Python312\Lib\test\test_flufl.py
HINT: remove __pycache__ / .pyc files and/or use a unique basename for your test file modules</error></testcase><testcase classname="" name="Program Files.Python312.Lib.test.test_fnmatch" time="0.000"><error message="collection failure">import file mismatch:
imported module 'test.test_fnmatch' has this __file__ attribute:
  C:\Program Files\MySQL\MySQL Shell 8.0\lib\Python3.12\Lib\test\test_fnmatch.py
which is not the same as the test file we want to collect:
  C:\Program Files\Python312\Lib\test\test_fnmatch.py
HINT: remove __pycache__ / .pyc files and/or use a unique basename for your test file modules</error></testcase><testcase classname="" name="Program Files.Python312.Lib.test.test_fork1" time="0.000"><skipped message="collection skipped">('C:\\Program Files\\MySQL\\MySQL Shell 8.0\\lib\\Python3.12\\Lib\\test\\test_fork1.py', 18, 'unittest.case.SkipTest: test module requires working os.fork')</skipped></testcase><testcase classname="" name="Program Files.Python312.Lib.test.test_format" time="0.000"><error message="collection failure">import file mismatch:
imported module 'test.test_format' has this __file__ attribute:
  C:\Program Files\MySQL\MySQL Shell 8.0\lib\Python3.12\Lib\test\test_format.py
which is not the same as the test file we want to collect:
  C:\Program Files\Python312\Lib\test\test_format.py
HINT: remove __pycache__ / .pyc files and/or use a unique basename for your test file modules</error></testcase><testcase classname="" name="Program Files.Python312.Lib.test.test_fractions" time="0.000"><error message="collection failure">import file mismatch:
imported module 'test.test_fractions' has this __file__ attribute:
  C:\Program Files\MySQL\MySQL Shell 8.0\lib\Python3.12\Lib\test\test_fractions.py
which is not the same as the test file we want to collect:
  C:\Program Files\Python312\Lib\test\test_fractions.py
HINT: remove __pycache__ / .pyc files and/or use a unique basename for your test file modules</error></testcase><testcase classname="" name="Program Files.Python312.Lib.test.test_frame" time="0.000"><error message="collection failure">import file mismatch:
imported module 'test.test_frame' has this __file__ attribute:
  C:\Program Files\MySQL\MySQL Shell 8.0\lib\Python3.12\Lib\test\test_frame.py
which is not the same as the test file we want to collect:
  C:\Program Files\Python312\Lib\test\test_frame.py
HINT: remove __pycache__ / .pyc files and/or use a unique basename for your test file modules</error></testcase><testcase classname="" name="Program Files.Python312.Lib.test.test_frozen" time="0.000"><error message="collection failure">import file mismatch:
imported module 'test.test_frozen' has this __file__ attribute:
  C:\Program Files\MySQL\MySQL Shell 8.0\lib\Python3.12\Lib\test\test_frozen.py
which is not the same as the test file we want to collect:
  C:\Program Files\Python312\Lib\test\test_frozen.py
HINT: remove __pycache__ / .pyc files and/or use a unique basename for your test file modules</error></testcase><testcase classname="" name="Program Files.Python312.Lib.test.test_fstring" time="0.000"><error message="collection failure">import file mismatch:
imported module 'test.test_fstring' has this __file__ attribute:
  C:\Program Files\MySQL\MySQL Shell 8.0\lib\Python3.12\Lib\test\test_fstring.py
which is not the same as the test file we want to collect:
  C:\Program Files\Python312\Lib\test\test_fstring.py
HINT: remove __pycache__ / .pyc files and/or use a unique basename for your test file modules</error></testcase><testcase classname="" name="Program Files.Python312.Lib.test.test_ftplib" time="0.000"><error message="collection failure">import file mismatch:
imported module 'test.test_ftplib' has this __file__ attribute:
  C:\Program Files\MySQL\MySQL Shell 8.0\lib\Python3.12\Lib\test\test_ftplib.py
which is not the same as the test file we want to collect:
  C:\Program Files\Python312\Lib\test\test_ftplib.py
HINT: remove __pycache__ / .pyc files and/or use a unique basename for your test file modules</error></testcase><testcase classname="" name="Program Files.Python312.Lib.test.test_funcattrs" time="0.000"><error message="collection failure">import file mismatch:
imported module 'test.test_funcattrs' has this __file__ attribute:
  C:\Program Files\MySQL\MySQL Shell 8.0\lib\Python3.12\Lib\test\test_funcattrs.py
which is not the same as the test file we want to collect:
  C:\Program Files\Python312\Lib\test\test_funcattrs.py
HINT: remove __pycache__ / .pyc files and/or use a unique basename for your test file modules</error></testcase><testcase classname="" name="Program Files.Python312.Lib.test.test_functools" time="0.000"><error message="collection failure">import file mismatch:
imported module 'test.test_functools' has this __file__ attribute:
  C:\Program Files\MySQL\MySQL Shell 8.0\lib\Python3.12\Lib\test\test_functools.py
which is not the same as the test file we want to collect:
  C:\Program Files\Python312\Lib\test\test_functools.py
HINT: remove __pycache__ / .pyc files and/or use a unique basename for your test file modules</error></testcase><testcase classname="" name="Program Files.Python312.Lib.test.test_future_stmt.test_future" time="0.000"><error message="collection failure">import file mismatch:
imported module 'test.test_future_stmt.test_future' has this __file__ attribute:
  C:\Program Files\MySQL\MySQL Shell 8.0\lib\Python3.12\Lib\test\test_future_stmt\test_future.py
which is not the same as the test file we want to collect:
  C:\Program Files\Python312\Lib\test\test_future_stmt\test_future.py
HINT: remove __pycache__ / .pyc files and/or use a unique basename for your test file modules</error></testcase><testcase classname="" name="Program Files.Python312.Lib.test.test_future_stmt.test_future_flags" time="0.000"><error message="collection failure">import file mismatch:
imported module 'test.test_future_stmt.test_future_flags' has this __file__ attribute:
  C:\Program Files\MySQL\MySQL Shell 8.0\lib\Python3.12\Lib\test\test_future_stmt\test_future_flags.py
which is not the same as the test file we want to collect:
  C:\Program Files\Python312\Lib\test\test_future_stmt\test_future_flags.py
HINT: remove __pycache__ / .pyc files and/or use a unique basename for your test file modules</error></testcase><testcase classname="" name="Program Files.Python312.Lib.test.test_future_stmt.test_future_multiple_features" time="0.000"><error message="collection failure">import file mismatch:
imported module 'test.test_future_stmt.test_future_multiple_features' has this __file__ attribute:
  C:\Program Files\MySQL\MySQL Shell 8.0\lib\Python3.12\Lib\test\test_future_stmt\test_future_multiple_features.py
which is not the same as the test file we want to collect:
  C:\Program Files\Python312\Lib\test\test_future_stmt\test_future_multiple_features.py
HINT: remove __pycache__ / .pyc files and/or use a unique basename for your test file modules</error></testcase><testcase classname="" name="Program Files.Python312.Lib.test.test_future_stmt.test_future_multiple_imports" time="0.000"><error message="collection failure">import file mismatch:
imported module 'test.test_future_stmt.test_future_multiple_imports' has this __file__ attribute:
  C:\Program Files\MySQL\MySQL Shell 8.0\lib\Python3.12\Lib\test\test_future_stmt\test_future_multiple_imports.py
which is not the same as the test file we want to collect:
  C:\Program Files\Python312\Lib\test\test_future_stmt\test_future_multiple_imports.py
HINT: remove __pycache__ / .pyc files and/or use a unique basename for your test file modules</error></testcase><testcase classname="" name="Program Files.Python312.Lib.test.test_future_stmt.test_future_single_import" time="0.000"><error message="collection failure">import file mismatch:
imported module 'test.test_future_stmt.test_future_single_import' has this __file__ attribute:
  C:\Program Files\MySQL\MySQL Shell 8.0\lib\Python3.12\Lib\test\test_future_stmt\test_future_single_import.py
which is not the same as the test file we want to collect:
  C:\Program Files\Python312\Lib\test\test_future_stmt\test_future_single_import.py
HINT: remove __pycache__ / .pyc files and/or use a unique basename for your test file modules</error></testcase><testcase classname="" name="Program Files.Python312.Lib.test.test_gc" time="0.000"><error message="collection failure">import file mismatch:
imported module 'test.test_gc' has this __file__ attribute:
  C:\Program Files\MySQL\MySQL Shell 8.0\lib\Python3.12\Lib\test\test_gc.py
which is not the same as the test file we want to collect:
  C:\Program Files\Python312\Lib\test\test_gc.py
HINT: remove __pycache__ / .pyc files and/or use a unique basename for your test file modules</error></testcase><testcase classname="" name="Program Files.Python312.Lib.test.test_gdb.test_backtrace" time="0.000"><skipped message="collection skipped">('C:\\Program Files\\MySQL\\MySQL Shell 8.0\\lib\\Python3.12\\Lib\\test\\test_gdb\\__init__.py', 16, "unittest.case.SkipTest: test_gdb doesn't work on Windows")</skipped></testcase><testcase classname="" name="Program Files.Python312.Lib.test.test_gdb.test_cfunction" time="0.000"><skipped message="collection skipped">('C:\\Program Files\\MySQL\\MySQL Shell 8.0\\lib\\Python3.12\\Lib\\test\\test_gdb\\__init__.py', 16, "unittest.case.SkipTest: test_gdb doesn't work on Windows")</skipped></testcase><testcase classname="" name="Program Files.Python312.Lib.test.test_gdb.test_cfunction_full" time="0.000"><skipped message="collection skipped">('C:\\Program Files\\MySQL\\MySQL Shell 8.0\\lib\\Python3.12\\Lib\\test\\test_gdb\\__init__.py', 16, "unittest.case.SkipTest: test_gdb doesn't work on Windows")</skipped></testcase><testcase classname="" name="Program Files.Python312.Lib.test.test_gdb.test_misc" time="0.000"><skipped message="collection skipped">('C:\\Program Files\\MySQL\\MySQL Shell 8.0\\lib\\Python3.12\\Lib\\test\\test_gdb\\__init__.py', 16, "unittest.case.SkipTest: test_gdb doesn't work on Windows")</skipped></testcase><testcase classname="" name="Program Files.Python312.Lib.test.test_gdb.test_pretty_print" time="0.000"><skipped message="collection skipped">('C:\\Program Files\\MySQL\\MySQL Shell 8.0\\lib\\Python3.12\\Lib\\test\\test_gdb\\__init__.py', 16, "unittest.case.SkipTest: test_gdb doesn't work on Windows")</skipped></testcase><testcase classname="" name="Program Files.Python312.Lib.test.test_generator_stop" time="0.000"><error message="collection failure">import file mismatch:
imported module 'test.test_generator_stop' has this __file__ attribute:
  C:\Program Files\MySQL\MySQL Shell 8.0\lib\Python3.12\Lib\test\test_generator_stop.py
which is not the same as the test file we want to collect:
  C:\Program Files\Python312\Lib\test\test_generator_stop.py
HINT: remove __pycache__ / .pyc files and/or use a unique basename for your test file modules</error></testcase><testcase classname="" name="Program Files.Python312.Lib.test.test_generators" time="0.000"><error message="collection failure">import file mismatch:
imported module 'test.test_generators' has this __file__ attribute:
  C:\Program Files\MySQL\MySQL Shell 8.0\lib\Python3.12\Lib\test\test_generators.py
which is not the same as the test file we want to collect:
  C:\Program Files\Python312\Lib\test\test_generators.py
HINT: remove __pycache__ / .pyc files and/or use a unique basename for your test file modules</error></testcase><testcase classname="" name="Program Files.Python312.Lib.test.test_genericalias" time="0.000"><error message="collection failure">import file mismatch:
imported module 'test.test_genericalias' has this __file__ attribute:
  C:\Program Files\MySQL\MySQL Shell 8.0\lib\Python3.12\Lib\test\test_genericalias.py
which is not the same as the test file we want to collect:
  C:\Program Files\Python312\Lib\test\test_genericalias.py
HINT: remove __pycache__ / .pyc files and/or use a unique basename for your test file modules</error></testcase><testcase classname="" name="Program Files.Python312.Lib.test.test_genericclass" time="0.000"><error message="collection failure">import file mismatch:
imported module 'test.test_genericclass' has this __file__ attribute:
  C:\Program Files\MySQL\MySQL Shell 8.0\lib\Python3.12\Lib\test\test_genericclass.py
which is not the same as the test file we want to collect:
  C:\Program Files\Python312\Lib\test\test_genericclass.py
HINT: remove __pycache__ / .pyc files and/or use a unique basename for your test file modules</error></testcase><testcase classname="" name="Program Files.Python312.Lib.test.test_genericpath" time="0.000"><error message="collection failure">import file mismatch:
imported module 'test.test_genericpath' has this __file__ attribute:
  C:\Program Files\MySQL\MySQL Shell 8.0\lib\Python3.12\Lib\test\test_genericpath.py
which is not the same as the test file we want to collect:
  C:\Program Files\Python312\Lib\test\test_genericpath.py
HINT: remove __pycache__ / .pyc files and/or use a unique basename for your test file modules</error></testcase><testcase classname="" name="Program Files.Python312.Lib.test.test_genexps" time="0.000"><error message="collection failure">import file mismatch:
imported module 'test.test_genexps' has this __file__ attribute:
  C:\Program Files\MySQL\MySQL Shell 8.0\lib\Python3.12\Lib\test\test_genexps.py
which is not the same as the test file we want to collect:
  C:\Program Files\Python312\Lib\test\test_genexps.py
HINT: remove __pycache__ / .pyc files and/or use a unique basename for your test file modules</error></testcase><testcase classname="" name="Program Files.Python312.Lib.test.test_getopt" time="0.000"><error message="collection failure">import file mismatch:
imported module 'test.test_getopt' has this __file__ attribute:
  C:\Program Files\MySQL\MySQL Shell 8.0\lib\Python3.12\Lib\test\test_getopt.py
which is not the same as the test file we want to collect:
  C:\Program Files\Python312\Lib\test\test_getopt.py
HINT: remove __pycache__ / .pyc files and/or use a unique basename for your test file modules</error></testcase><testcase classname="" name="Program Files.Python312.Lib.test.test_getpass" time="0.000"><error message="collection failure">import file mismatch:
imported module 'test.test_getpass' has this __file__ attribute:
  C:\Program Files\MySQL\MySQL Shell 8.0\lib\Python3.12\Lib\test\test_getpass.py
which is not the same as the test file we want to collect:
  C:\Program Files\Python312\Lib\test\test_getpass.py
HINT: remove __pycache__ / .pyc files and/or use a unique basename for your test file modules</error></testcase><testcase classname="" name="Program Files.Python312.Lib.test.test_getpath" time="0.000"><error message="collection failure">import file mismatch:
imported module 'test.test_getpath' has this __file__ attribute:
  C:\Program Files\MySQL\MySQL Shell 8.0\lib\Python3.12\Lib\test\test_getpath.py
which is not the same as the test file we want to collect:
  C:\Program Files\Python312\Lib\test\test_getpath.py
HINT: remove __pycache__ / .pyc files and/or use a unique basename for your test file modules</error></testcase><testcase classname="" name="Program Files.Python312.Lib.test.test_gettext" time="0.000"><error message="collection failure">import file mismatch:
imported module 'test.test_gettext' has this __file__ attribute:
  C:\Program Files\MySQL\MySQL Shell 8.0\lib\Python3.12\Lib\test\test_gettext.py
which is not the same as the test file we want to collect:
  C:\Program Files\Python312\Lib\test\test_gettext.py
HINT: remove __pycache__ / .pyc files and/or use a unique basename for your test file modules</error></testcase><testcase classname="" name="Program Files.Python312.Lib.test.test_glob" time="0.000"><error message="collection failure">import file mismatch:
imported module 'test.test_glob' has this __file__ attribute:
  C:\Program Files\MySQL\MySQL Shell 8.0\lib\Python3.12\Lib\test\test_glob.py
which is not the same as the test file we want to collect:
  C:\Program Files\Python312\Lib\test\test_glob.py
HINT: remove __pycache__ / .pyc files and/or use a unique basename for your test file modules</error></testcase><testcase classname="" name="Program Files.Python312.Lib.test.test_global" time="0.000"><error message="collection failure">import file mismatch:
imported module 'test.test_global' has this __file__ attribute:
  C:\Program Files\MySQL\MySQL Shell 8.0\lib\Python3.12\Lib\test\test_global.py
which is not the same as the test file we want to collect:
  C:\Program Files\Python312\Lib\test\test_global.py
HINT: remove __pycache__ / .pyc files and/or use a unique basename for your test file modules</error></testcase><testcase classname="" name="Program Files.Python312.Lib.test.test_grammar" time="0.000"><error message="collection failure">import file mismatch:
imported module 'test.test_grammar' has this __file__ attribute:
  C:\Program Files\MySQL\MySQL Shell 8.0\lib\Python3.12\Lib\test\test_grammar.py
which is not the same as the test file we want to collect:
  C:\Program Files\Python312\Lib\test\test_grammar.py
HINT: remove __pycache__ / .pyc files and/or use a unique basename for your test file modules</error></testcase><testcase classname="" name="Program Files.Python312.Lib.test.test_graphlib" time="0.000"><error message="collection failure">import file mismatch:
imported module 'test.test_graphlib' has this __file__ attribute:
  C:\Program Files\MySQL\MySQL Shell 8.0\lib\Python3.12\Lib\test\test_graphlib.py
which is not the same as the test file we want to collect:
  C:\Program Files\Python312\Lib\test\test_graphlib.py
HINT: remove __pycache__ / .pyc files and/or use a unique basename for your test file modules</error></testcase><testcase classname="" name="Program Files.Python312.Lib.test.test_grp" time="0.000"><skipped message="collection skipped">('C:\\Program Files\\MySQL\\MySQL Shell 8.0\\lib\\Python3.12\\Lib\\test\\support\\import_helper.py', 82, "unittest.case.SkipTest: No module named 'grp'")</skipped></testcase><testcase classname="" name="Program Files.Python312.Lib.test.test_gzip" time="0.000"><error message="collection failure">import file mismatch:
imported module 'test.test_gzip' has this __file__ attribute:
  C:\Program Files\MySQL\MySQL Shell 8.0\lib\Python3.12\Lib\test\test_gzip.py
which is not the same as the test file we want to collect:
  C:\Program Files\Python312\Lib\test\test_gzip.py
HINT: remove __pycache__ / .pyc files and/or use a unique basename for your test file modules</error></testcase><testcase classname="" name="Program Files.Python312.Lib.test.test_hash" time="0.000"><error message="collection failure">import file mismatch:
imported module 'test.test_hash' has this __file__ attribute:
  C:\Program Files\MySQL\MySQL Shell 8.0\lib\Python3.12\Lib\test\test_hash.py
which is not the same as the test file we want to collect:
  C:\Program Files\Python312\Lib\test\test_hash.py
HINT: remove __pycache__ / .pyc files and/or use a unique basename for your test file modules</error></testcase><testcase classname="" name="Program Files.Python312.Lib.test.test_hashlib" time="0.000"><error message="collection failure">import file mismatch:
imported module 'test.test_hashlib' has this __file__ attribute:
  C:\Program Files\MySQL\MySQL Shell 8.0\lib\Python3.12\Lib\test\test_hashlib.py
which is not the same as the test file we want to collect:
  C:\Program Files\Python312\Lib\test\test_hashlib.py
HINT: remove __pycache__ / .pyc files and/or use a unique basename for your test file modules</error></testcase><testcase classname="" name="Program Files.Python312.Lib.test.test_heapq" time="0.000"><error message="collection failure">import file mismatch:
imported module 'test.test_heapq' has this __file__ attribute:
  C:\Program Files\MySQL\MySQL Shell 8.0\lib\Python3.12\Lib\test\test_heapq.py
which is not the same as the test file we want to collect:
  C:\Program Files\Python312\Lib\test\test_heapq.py
HINT: remove __pycache__ / .pyc files and/or use a unique basename for your test file modules</error></testcase><testcase classname="" name="Program Files.Python312.Lib.test.test_hmac" time="0.000"><error message="collection failure">import file mismatch:
imported module 'test.test_hmac' has this __file__ attribute:
  C:\Program Files\MySQL\MySQL Shell 8.0\lib\Python3.12\Lib\test\test_hmac.py
which is not the same as the test file we want to collect:
  C:\Program Files\Python312\Lib\test\test_hmac.py
HINT: remove __pycache__ / .pyc files and/or use a unique basename for your test file modules</error></testcase><testcase classname="" name="Program Files.Python312.Lib.test.test_html" time="0.000"><error message="collection failure">import file mismatch:
imported module 'test.test_html' has this __file__ attribute:
  C:\Program Files\MySQL\MySQL Shell 8.0\lib\Python3.12\Lib\test\test_html.py
which is not the same as the test file we want to collect:
  C:\Program Files\Python312\Lib\test\test_html.py
HINT: remove __pycache__ / .pyc files and/or use a unique basename for your test file modules</error></testcase><testcase classname="" name="Program Files.Python312.Lib.test.test_htmlparser" time="0.000"><error message="collection failure">import file mismatch:
imported module 'test.test_htmlparser' has this __file__ attribute:
  C:\Program Files\MySQL\MySQL Shell 8.0\lib\Python3.12\Lib\test\test_htmlparser.py
which is not the same as the test file we want to collect:
  C:\Program Files\Python312\Lib\test\test_htmlparser.py
HINT: remove __pycache__ / .pyc files and/or use a unique basename for your test file modules</error></testcase><testcase classname="" name="Program Files.Python312.Lib.test.test_http_cookiejar" time="0.000"><error message="collection failure">import file mismatch:
imported module 'test.test_http_cookiejar' has this __file__ attribute:
  C:\Program Files\MySQL\MySQL Shell 8.0\lib\Python3.12\Lib\test\test_http_cookiejar.py
which is not the same as the test file we want to collect:
  C:\Program Files\Python312\Lib\test\test_http_cookiejar.py
HINT: remove __pycache__ / .pyc files and/or use a unique basename for your test file modules</error></testcase><testcase classname="" name="Program Files.Python312.Lib.test.test_http_cookies" time="0.000"><error message="collection failure">import file mismatch:
imported module 'test.test_http_cookies' has this __file__ attribute:
  C:\Program Files\MySQL\MySQL Shell 8.0\lib\Python3.12\Lib\test\test_http_cookies.py
which is not the same as the test file we want to collect:
  C:\Program Files\Python312\Lib\test\test_http_cookies.py
HINT: remove __pycache__ / .pyc files and/or use a unique basename for your test file modules</error></testcase><testcase classname="" name="Program Files.Python312.Lib.test.test_httplib" time="0.000"><error message="collection failure">import file mismatch:
imported module 'test.test_httplib' has this __file__ attribute:
  C:\Program Files\MySQL\MySQL Shell 8.0\lib\Python3.12\Lib\test\test_httplib.py
which is not the same as the test file we want to collect:
  C:\Program Files\Python312\Lib\test\test_httplib.py
HINT: remove __pycache__ / .pyc files and/or use a unique basename for your test file modules</error></testcase><testcase classname="" name="Program Files.Python312.Lib.test.test_httpservers" time="0.000"><error message="collection failure">import file mismatch:
imported module 'test.test_httpservers' has this __file__ attribute:
  C:\Program Files\MySQL\MySQL Shell 8.0\lib\Python3.12\Lib\test\test_httpservers.py
which is not the same as the test file we want to collect:
  C:\Program Files\Python312\Lib\test\test_httpservers.py
HINT: remove __pycache__ / .pyc files and/or use a unique basename for your test file modules</error></testcase><testcase classname="" name="Program Files.Python312.Lib.test.test_idle" time="0.000"><error message="collection failure">import file mismatch:
imported module 'test.test_idle' has this __file__ attribute:
  C:\Program Files\MySQL\MySQL Shell 8.0\lib\Python3.12\Lib\test\test_idle.py
which is not the same as the test file we want to collect:
  C:\Program Files\Python312\Lib\test\test_idle.py
HINT: remove __pycache__ / .pyc files and/or use a unique basename for your test file modules</error></testcase><testcase classname="" name="Program Files.Python312.Lib.test.test_imaplib" time="0.000"><error message="collection failure">import file mismatch:
imported module 'test.test_imaplib' has this __file__ attribute:
  C:\Program Files\MySQL\MySQL Shell 8.0\lib\Python3.12\Lib\test\test_imaplib.py
which is not the same as the test file we want to collect:
  C:\Program Files\Python312\Lib\test\test_imaplib.py
HINT: remove __pycache__ / .pyc files and/or use a unique basename for your test file modules</error></testcase><testcase classname="" name="Program Files.Python312.Lib.test.test_imghdr" time="0.000"><error message="collection failure">import file mismatch:
imported module 'test.test_imghdr' has this __file__ attribute:
  C:\Program Files\MySQL\MySQL Shell 8.0\lib\Python3.12\Lib\test\test_imghdr.py
which is not the same as the test file we want to collect:
  C:\Program Files\Python312\Lib\test\test_imghdr.py
HINT: remove __pycache__ / .pyc files and/or use a unique basename for your test file modules</error></testcase><testcase classname="" name="Program Files.Python312.Lib.test.test_importlib.builtin.test_finder" time="0.000"><error message="collection failure">import file mismatch:
imported module 'test.test_importlib.builtin.test_finder' has this __file__ attribute:
  C:\Program Files\MySQL\MySQL Shell 8.0\lib\Python3.12\Lib\test\test_importlib\builtin\test_finder.py
which is not the same as the test file we want to collect:
  C:\Program Files\Python312\Lib\test\test_importlib\builtin\test_finder.py
HINT: remove __pycache__ / .pyc files and/or use a unique basename for your test file modules</error></testcase><testcase classname="" name="Program Files.Python312.Lib.test.test_importlib.builtin.test_loader" time="0.000"><error message="collection failure">import file mismatch:
imported module 'test.test_importlib.builtin.test_loader' has this __file__ attribute:
  C:\Program Files\MySQL\MySQL Shell 8.0\lib\Python3.12\Lib\test\test_importlib\builtin\test_loader.py
which is not the same as the test file we want to collect:
  C:\Program Files\Python312\Lib\test\test_importlib\builtin\test_loader.py
HINT: remove __pycache__ / .pyc files and/or use a unique basename for your test file modules</error></testcase><testcase classname="" name="Program Files.Python312.Lib.test.test_importlib.extension.test_case_sensitivity" time="0.000"><error message="collection failure">import file mismatch:
imported module 'test.test_importlib.extension.test_case_sensitivity' has this __file__ attribute:
  C:\Program Files\MySQL\MySQL Shell 8.0\lib\Python3.12\Lib\test\test_importlib\extension\test_case_sensitivity.py
which is not the same as the test file we want to collect:
  C:\Program Files\Python312\Lib\test\test_importlib\extension\test_case_sensitivity.py
HINT: remove __pycache__ / .pyc files and/or use a unique basename for your test file modules</error></testcase><testcase classname="" name="Program Files.Python312.Lib.test.test_importlib.extension.test_finder" time="0.000"><error message="collection failure">import file mismatch:
imported module 'test.test_importlib.extension.test_finder' has this __file__ attribute:
  C:\Program Files\MySQL\MySQL Shell 8.0\lib\Python3.12\Lib\test\test_importlib\extension\test_finder.py
which is not the same as the test file we want to collect:
  C:\Program Files\Python312\Lib\test\test_importlib\extension\test_finder.py
HINT: remove __pycache__ / .pyc files and/or use a unique basename for your test file modules</error></testcase><testcase classname="" name="Program Files.Python312.Lib.test.test_importlib.extension.test_loader" time="0.000"><error message="collection failure">import file mismatch:
imported module 'test.test_importlib.extension.test_loader' has this __file__ attribute:
  C:\Program Files\MySQL\MySQL Shell 8.0\lib\Python3.12\Lib\test\test_importlib\extension\test_loader.py
which is not the same as the test file we want to collect:
  C:\Program Files\Python312\Lib\test\test_importlib\extension\test_loader.py
HINT: remove __pycache__ / .pyc files and/or use a unique basename for your test file modules</error></testcase><testcase classname="" name="Program Files.Python312.Lib.test.test_importlib.extension.test_path_hook" time="0.000"><error message="collection failure">import file mismatch:
imported module 'test.test_importlib.extension.test_path_hook' has this __file__ attribute:
  C:\Program Files\MySQL\MySQL Shell 8.0\lib\Python3.12\Lib\test\test_importlib\extension\test_path_hook.py
which is not the same as the test file we want to collect:
  C:\Program Files\Python312\Lib\test\test_importlib\extension\test_path_hook.py
HINT: remove __pycache__ / .pyc files and/or use a unique basename for your test file modules</error></testcase><testcase classname="" name="Program Files.Python312.Lib.test.test_importlib.frozen.test_finder" time="0.000"><error message="collection failure">import file mismatch:
imported module 'test.test_importlib.frozen.test_finder' has this __file__ attribute:
  C:\Program Files\MySQL\MySQL Shell 8.0\lib\Python3.12\Lib\test\test_importlib\frozen\test_finder.py
which is not the same as the test file we want to collect:
  C:\Program Files\Python312\Lib\test\test_importlib\frozen\test_finder.py
HINT: remove __pycache__ / .pyc files and/or use a unique basename for your test file modules</error></testcase><testcase classname="" name="Program Files.Python312.Lib.test.test_importlib.frozen.test_loader" time="0.000"><error message="collection failure">import file mismatch:
imported module 'test.test_importlib.frozen.test_loader' has this __file__ attribute:
  C:\Program Files\MySQL\MySQL Shell 8.0\lib\Python3.12\Lib\test\test_importlib\frozen\test_loader.py
which is not the same as the test file we want to collect:
  C:\Program Files\Python312\Lib\test\test_importlib\frozen\test_loader.py
HINT: remove __pycache__ / .pyc files and/or use a unique basename for your test file modules</error></testcase><testcase classname="" name="Program Files.Python312.Lib.test.test_importlib.import_.test___loader__" time="0.000"><error message="collection failure">import file mismatch:
imported module 'test.test_importlib.import_.test___loader__' has this __file__ attribute:
  C:\Program Files\MySQL\MySQL Shell 8.0\lib\Python3.12\Lib\test\test_importlib\import_\test___loader__.py
which is not the same as the test file we want to collect:
  C:\Program Files\Python312\Lib\test\test_importlib\import_\test___loader__.py
HINT: remove __pycache__ / .pyc files and/or use a unique basename for your test file modules</error></testcase><testcase classname="" name="Program Files.Python312.Lib.test.test_importlib.import_.test___package__" time="0.000"><error message="collection failure">import file mismatch:
imported module 'test.test_importlib.import_.test___package__' has this __file__ attribute:
  C:\Program Files\MySQL\MySQL Shell 8.0\lib\Python3.12\Lib\test\test_importlib\import_\test___package__.py
which is not the same as the test file we want to collect:
  C:\Program Files\Python312\Lib\test\test_importlib\import_\test___package__.py
HINT: remove __pycache__ / .pyc files and/or use a unique basename for your test file modules</error></testcase><testcase classname="" name="Program Files.Python312.Lib.test.test_importlib.import_.test_api" time="0.000"><error message="collection failure">import file mismatch:
imported module 'test.test_importlib.import_.test_api' has this __file__ attribute:
  C:\Program Files\MySQL\MySQL Shell 8.0\lib\Python3.12\Lib\test\test_importlib\import_\test_api.py
which is not the same as the test file we want to collect:
  C:\Program Files\Python312\Lib\test\test_importlib\import_\test_api.py
HINT: remove __pycache__ / .pyc files and/or use a unique basename for your test file modules</error></testcase><testcase classname="" name="Program Files.Python312.Lib.test.test_importlib.import_.test_caching" time="0.000"><error message="collection failure">import file mismatch:
imported module 'test.test_importlib.import_.test_caching' has this __file__ attribute:
  C:\Program Files\MySQL\MySQL Shell 8.0\lib\Python3.12\Lib\test\test_importlib\import_\test_caching.py
which is not the same as the test file we want to collect:
  C:\Program Files\Python312\Lib\test\test_importlib\import_\test_caching.py
HINT: remove __pycache__ / .pyc files and/or use a unique basename for your test file modules</error></testcase><testcase classname="" name="Program Files.Python312.Lib.test.test_importlib.import_.test_fromlist" time="0.000"><error message="collection failure">import file mismatch:
imported module 'test.test_importlib.import_.test_fromlist' has this __file__ attribute:
  C:\Program Files\MySQL\MySQL Shell 8.0\lib\Python3.12\Lib\test\test_importlib\import_\test_fromlist.py
which is not the same as the test file we want to collect:
  C:\Program Files\Python312\Lib\test\test_importlib\import_\test_fromlist.py
HINT: remove __pycache__ / .pyc files and/or use a unique basename for your test file modules</error></testcase><testcase classname="" name="Program Files.Python312.Lib.test.test_importlib.import_.test_helpers" time="0.000"><error message="collection failure">import file mismatch:
imported module 'test.test_importlib.import_.test_helpers' has this __file__ attribute:
  C:\Program Files\MySQL\MySQL Shell 8.0\lib\Python3.12\Lib\test\test_importlib\import_\test_helpers.py
which is not the same as the test file we want to collect:
  C:\Program Files\Python312\Lib\test\test_importlib\import_\test_helpers.py
HINT: remove __pycache__ / .pyc files and/or use a unique basename for your test file modules</error></testcase><testcase classname="" name="Program Files.Python312.Lib.test.test_importlib.import_.test_meta_path" time="0.000"><error message="collection failure">import file mismatch:
imported module 'test.test_importlib.import_.test_meta_path' has this __file__ attribute:
  C:\Program Files\MySQL\MySQL Shell 8.0\lib\Python3.12\Lib\test\test_importlib\import_\test_meta_path.py
which is not the same as the test file we want to collect:
  C:\Program Files\Python312\Lib\test\test_importlib\import_\test_meta_path.py
HINT: remove __pycache__ / .pyc files and/or use a unique basename for your test file modules</error></testcase><testcase classname="" name="Program Files.Python312.Lib.test.test_importlib.import_.test_packages" time="0.000"><error message="collection failure">import file mismatch:
imported module 'test.test_importlib.import_.test_packages' has this __file__ attribute:
  C:\Program Files\MySQL\MySQL Shell 8.0\lib\Python3.12\Lib\test\test_importlib\import_\test_packages.py
which is not the same as the test file we want to collect:
  C:\Program Files\Python312\Lib\test\test_importlib\import_\test_packages.py
HINT: remove __pycache__ / .pyc files and/or use a unique basename for your test file modules</error></testcase><testcase classname="" name="Program Files.Python312.Lib.test.test_importlib.import_.test_path" time="0.000"><error message="collection failure">import file mismatch:
imported module 'test.test_importlib.import_.test_path' has this __file__ attribute:
  C:\Program Files\MySQL\MySQL Shell 8.0\lib\Python3.12\Lib\test\test_importlib\import_\test_path.py
which is not the same as the test file we want to collect:
  C:\Program Files\Python312\Lib\test\test_importlib\import_\test_path.py
HINT: remove __pycache__ / .pyc files and/or use a unique basename for your test file modules</error></testcase><testcase classname="" name="Program Files.Python312.Lib.test.test_importlib.import_.test_relative_imports" time="0.000"><error message="collection failure">import file mismatch:
imported module 'test.test_importlib.import_.test_relative_imports' has this __file__ attribute:
  C:\Program Files\MySQL\MySQL Shell 8.0\lib\Python3.12\Lib\test\test_importlib\import_\test_relative_imports.py
which is not the same as the test file we want to collect:
  C:\Program Files\Python312\Lib\test\test_importlib\import_\test_relative_imports.py
HINT: remove __pycache__ / .pyc files and/or use a unique basename for your test file modules</error></testcase><testcase classname="" name="Program Files.Python312.Lib.test.test_importlib.namespace_pkgs.module_and_namespace_package.a_test" time="0.000"><error message="collection failure">import file mismatch:
imported module 'a_test' has this __file__ attribute:
  C:\Program Files\MySQL\MySQL Shell 8.0\lib\Python3.12\Lib\test\test_importlib\namespace_pkgs\module_and_namespace_package\a_test.py
which is not the same as the test file we want to collect:
  C:\Program Files\Python312\Lib\test\test_importlib\namespace_pkgs\module_and_namespace_package\a_test.py
HINT: remove __pycache__ / .pyc files and/or use a unique basename for your test file modules</error></testcase><testcase classname="" name="Program Files.Python312.Lib.test.test_importlib.resources.test_compatibilty_files" time="0.000"><error message="collection failure">import file mismatch:
imported module 'test.test_importlib.resources.test_compatibilty_files' has this __file__ attribute:
  C:\Program Files\MySQL\MySQL Shell 8.0\lib\Python3.12\Lib\test\test_importlib\resources\test_compatibilty_files.py
which is not the same as the test file we want to collect:
  C:\Program Files\Python312\Lib\test\test_importlib\resources\test_compatibilty_files.py
HINT: remove __pycache__ / .pyc files and/or use a unique basename for your test file modules</error></testcase><testcase classname="" name="Program Files.Python312.Lib.test.test_importlib.resources.test_contents" time="0.000"><error message="collection failure">import file mismatch:
imported module 'test.test_importlib.resources.test_contents' has this __file__ attribute:
  C:\Program Files\MySQL\MySQL Shell 8.0\lib\Python3.12\Lib\test\test_importlib\resources\test_contents.py
which is not the same as the test file we want to collect:
  C:\Program Files\Python312\Lib\test\test_importlib\resources\test_contents.py
HINT: remove __pycache__ / .pyc files and/or use a unique basename for your test file modules</error></testcase><testcase classname="" name="Program Files.Python312.Lib.test.test_importlib.resources.test_custom" time="0.000"><error message="collection failure">import file mismatch:
imported module 'test.test_importlib.resources.test_custom' has this __file__ attribute:
  C:\Program Files\MySQL\MySQL Shell 8.0\lib\Python3.12\Lib\test\test_importlib\resources\test_custom.py
which is not the same as the test file we want to collect:
  C:\Program Files\Python312\Lib\test\test_importlib\resources\test_custom.py
HINT: remove __pycache__ / .pyc files and/or use a unique basename for your test file modules</error></testcase><testcase classname="" name="Program Files.Python312.Lib.test.test_importlib.resources.test_files" time="0.000"><error message="collection failure">import file mismatch:
imported module 'test.test_importlib.resources.test_files' has this __file__ attribute:
  C:\Program Files\MySQL\MySQL Shell 8.0\lib\Python3.12\Lib\test\test_importlib\resources\test_files.py
which is not the same as the test file we want to collect:
  C:\Program Files\Python312\Lib\test\test_importlib\resources\test_files.py
HINT: remove __pycache__ / .pyc files and/or use a unique basename for your test file modules</error></testcase><testcase classname="" name="Program Files.Python312.Lib.test.test_importlib.resources.test_open" time="0.000"><error message="collection failure">import file mismatch:
imported module 'test.test_importlib.resources.test_open' has this __file__ attribute:
  C:\Program Files\MySQL\MySQL Shell 8.0\lib\Python3.12\Lib\test\test_importlib\resources\test_open.py
which is not the same as the test file we want to collect:
  C:\Program Files\Python312\Lib\test\test_importlib\resources\test_open.py
HINT: remove __pycache__ / .pyc files and/or use a unique basename for your test file modules</error></testcase><testcase classname="" name="Program Files.Python312.Lib.test.test_importlib.resources.test_path" time="0.000"><error message="collection failure">import file mismatch:
imported module 'test.test_importlib.resources.test_path' has this __file__ attribute:
  C:\Program Files\MySQL\MySQL Shell 8.0\lib\Python3.12\Lib\test\test_importlib\resources\test_path.py
which is not the same as the test file we want to collect:
  C:\Program Files\Python312\Lib\test\test_importlib\resources\test_path.py
HINT: remove __pycache__ / .pyc files and/or use a unique basename for your test file modules</error></testcase><testcase classname="" name="Program Files.Python312.Lib.test.test_importlib.resources.test_read" time="0.000"><error message="collection failure">import file mismatch:
imported module 'test.test_importlib.resources.test_read' has this __file__ attribute:
  C:\Program Files\MySQL\MySQL Shell 8.0\lib\Python3.12\Lib\test\test_importlib\resources\test_read.py
which is not the same as the test file we want to collect:
  C:\Program Files\Python312\Lib\test\test_importlib\resources\test_read.py
HINT: remove __pycache__ / .pyc files and/or use a unique basename for your test file modules</error></testcase><testcase classname="" name="Program Files.Python312.Lib.test.test_importlib.resources.test_reader" time="0.000"><error message="collection failure">import file mismatch:
imported module 'test.test_importlib.resources.test_reader' has this __file__ attribute:
  C:\Program Files\MySQL\MySQL Shell 8.0\lib\Python3.12\Lib\test\test_importlib\resources\test_reader.py
which is not the same as the test file we want to collect:
  C:\Program Files\Python312\Lib\test\test_importlib\resources\test_reader.py
HINT: remove __pycache__ / .pyc files and/or use a unique basename for your test file modules</error></testcase><testcase classname="" name="Program Files.Python312.Lib.test.test_importlib.resources.test_resource" time="0.000"><error message="collection failure">import file mismatch:
imported module 'test.test_importlib.resources.test_resource' has this __file__ attribute:
  C:\Program Files\MySQL\MySQL Shell 8.0\lib\Python3.12\Lib\test\test_importlib\resources\test_resource.py
which is not the same as the test file we want to collect:
  C:\Program Files\Python312\Lib\test\test_importlib\resources\test_resource.py
HINT: remove __pycache__ / .pyc files and/or use a unique basename for your test file modules</error></testcase><testcase classname="" name="Program Files.Python312.Lib.test.test_importlib.source.test_case_sensitivity" time="0.000"><error message="collection failure">import file mismatch:
imported module 'test.test_importlib.source.test_case_sensitivity' has this __file__ attribute:
  C:\Program Files\MySQL\MySQL Shell 8.0\lib\Python3.12\Lib\test\test_importlib\source\test_case_sensitivity.py
which is not the same as the test file we want to collect:
  C:\Program Files\Python312\Lib\test\test_importlib\source\test_case_sensitivity.py
HINT: remove __pycache__ / .pyc files and/or use a unique basename for your test file modules</error></testcase><testcase classname="" name="Program Files.Python312.Lib.test.test_importlib.source.test_file_loader" time="0.000"><error message="collection failure">import file mismatch:
imported module 'test.test_importlib.source.test_file_loader' has this __file__ attribute:
  C:\Program Files\MySQL\MySQL Shell 8.0\lib\Python3.12\Lib\test\test_importlib\source\test_file_loader.py
which is not the same as the test file we want to collect:
  C:\Program Files\Python312\Lib\test\test_importlib\source\test_file_loader.py
HINT: remove __pycache__ / .pyc files and/or use a unique basename for your test file modules</error></testcase><testcase classname="" name="Program Files.Python312.Lib.test.test_importlib.source.test_finder" time="0.000"><error message="collection failure">import file mismatch:
imported module 'test.test_importlib.source.test_finder' has this __file__ attribute:
  C:\Program Files\MySQL\MySQL Shell 8.0\lib\Python3.12\Lib\test\test_importlib\source\test_finder.py
which is not the same as the test file we want to collect:
  C:\Program Files\Python312\Lib\test\test_importlib\source\test_finder.py
HINT: remove __pycache__ / .pyc files and/or use a unique basename for your test file modules</error></testcase><testcase classname="" name="Program Files.Python312.Lib.test.test_importlib.source.test_path_hook" time="0.000"><error message="collection failure">import file mismatch:
imported module 'test.test_importlib.source.test_path_hook' has this __file__ attribute:
  C:\Program Files\MySQL\MySQL Shell 8.0\lib\Python3.12\Lib\test\test_importlib\source\test_path_hook.py
which is not the same as the test file we want to collect:
  C:\Program Files\Python312\Lib\test\test_importlib\source\test_path_hook.py
HINT: remove __pycache__ / .pyc files and/or use a unique basename for your test file modules</error></testcase><testcase classname="" name="Program Files.Python312.Lib.test.test_importlib.source.test_source_encoding" time="0.000"><error message="collection failure">import file mismatch:
imported module 'test.test_importlib.source.test_source_encoding' has this __file__ attribute:
  C:\Program Files\MySQL\MySQL Shell 8.0\lib\Python3.12\Lib\test\test_importlib\source\test_source_encoding.py
which is not the same as the test file we want to collect:
  C:\Program Files\Python312\Lib\test\test_importlib\source\test_source_encoding.py
HINT: remove __pycache__ / .pyc files and/or use a unique basename for your test file modules</error></testcase><testcase classname="" name="Program Files.Python312.Lib.test.test_importlib.test_abc" time="0.000"><error message="collection failure">import file mismatch:
imported module 'test.test_importlib.test_abc' has this __file__ attribute:
  C:\Program Files\MySQL\MySQL Shell 8.0\lib\Python3.12\Lib\test\test_importlib\test_abc.py
which is not the same as the test file we want to collect:
  C:\Program Files\Python312\Lib\test\test_importlib\test_abc.py
HINT: remove __pycache__ / .pyc files and/or use a unique basename for your test file modules</error></testcase><testcase classname="" name="Program Files.Python312.Lib.test.test_importlib.test_api" time="0.000"><error message="collection failure">import file mismatch:
imported module 'test.test_importlib.test_api' has this __file__ attribute:
  C:\Program Files\MySQL\MySQL Shell 8.0\lib\Python3.12\Lib\test\test_importlib\test_api.py
which is not the same as the test file we want to collect:
  C:\Program Files\Python312\Lib\test\test_importlib\test_api.py
HINT: remove __pycache__ / .pyc files and/or use a unique basename for your test file modules</error></testcase><testcase classname="" name="Program Files.Python312.Lib.test.test_importlib.test_lazy" time="0.000"><error message="collection failure">import file mismatch:
imported module 'test.test_importlib.test_lazy' has this __file__ attribute:
  C:\Program Files\MySQL\MySQL Shell 8.0\lib\Python3.12\Lib\test\test_importlib\test_lazy.py
which is not the same as the test file we want to collect:
  C:\Program Files\Python312\Lib\test\test_importlib\test_lazy.py
HINT: remove __pycache__ / .pyc files and/or use a unique basename for your test file modules</error></testcase><testcase classname="" name="Program Files.Python312.Lib.test.test_importlib.test_locks" time="0.000"><error message="collection failure">import file mismatch:
imported module 'test.test_importlib.test_locks' has this __file__ attribute:
  C:\Program Files\MySQL\MySQL Shell 8.0\lib\Python3.12\Lib\test\test_importlib\test_locks.py
which is not the same as the test file we want to collect:
  C:\Program Files\Python312\Lib\test\test_importlib\test_locks.py
HINT: remove __pycache__ / .pyc files and/or use a unique basename for your test file modules</error></testcase><testcase classname="" name="Program Files.Python312.Lib.test.test_importlib.test_main" time="0.000"><error message="collection failure">import file mismatch:
imported module 'test.test_importlib.test_main' has this __file__ attribute:
  C:\Program Files\MySQL\MySQL Shell 8.0\lib\Python3.12\Lib\test\test_importlib\test_main.py
which is not the same as the test file we want to collect:
  C:\Program Files\Python312\Lib\test\test_importlib\test_main.py
HINT: remove __pycache__ / .pyc files and/or use a unique basename for your test file modules</error></testcase><testcase classname="" name="Program Files.Python312.Lib.test.test_importlib.test_metadata_api" time="0.000"><error message="collection failure">import file mismatch:
imported module 'test.test_importlib.test_metadata_api' has this __file__ attribute:
  C:\Program Files\MySQL\MySQL Shell 8.0\lib\Python3.12\Lib\test\test_importlib\test_metadata_api.py
which is not the same as the test file we want to collect:
  C:\Program Files\Python312\Lib\test\test_importlib\test_metadata_api.py
HINT: remove __pycache__ / .pyc files and/or use a unique basename for your test file modules</error></testcase><testcase classname="" name="Program Files.Python312.Lib.test.test_importlib.test_namespace_pkgs" time="0.000"><error message="collection failure">import file mismatch:
imported module 'test.test_importlib.test_namespace_pkgs' has this __file__ attribute:
  C:\Program Files\MySQL\MySQL Shell 8.0\lib\Python3.12\Lib\test\test_importlib\test_namespace_pkgs.py
which is not the same as the test file we want to collect:
  C:\Program Files\Python312\Lib\test\test_importlib\test_namespace_pkgs.py
HINT: remove __pycache__ / .pyc files and/or use a unique basename for your test file modules</error></testcase><testcase classname="" name="Program Files.Python312.Lib.test.test_importlib.test_pkg_import" time="0.000"><error message="collection failure">import file mismatch:
imported module 'test.test_importlib.test_pkg_import' has this __file__ attribute:
  C:\Program Files\MySQL\MySQL Shell 8.0\lib\Python3.12\Lib\test\test_importlib\test_pkg_import.py
which is not the same as the test file we want to collect:
  C:\Program Files\Python312\Lib\test\test_importlib\test_pkg_import.py
HINT: remove __pycache__ / .pyc files and/or use a unique basename for your test file modules</error></testcase><testcase classname="" name="Program Files.Python312.Lib.test.test_importlib.test_spec" time="0.000"><error message="collection failure">import file mismatch:
imported module 'test.test_importlib.test_spec' has this __file__ attribute:
  C:\Program Files\MySQL\MySQL Shell 8.0\lib\Python3.12\Lib\test\test_importlib\test_spec.py
which is not the same as the test file we want to collect:
  C:\Program Files\Python312\Lib\test\test_importlib\test_spec.py
HINT: remove __pycache__ / .pyc files and/or use a unique basename for your test file modules</error></testcase><testcase classname="" name="Program Files.Python312.Lib.test.test_importlib.test_threaded_import" time="0.000"><error message="collection failure">import file mismatch:
imported module 'test.test_importlib.test_threaded_import' has this __file__ attribute:
  C:\Program Files\MySQL\MySQL Shell 8.0\lib\Python3.12\Lib\test\test_importlib\test_threaded_import.py
which is not the same as the test file we want to collect:
  C:\Program Files\Python312\Lib\test\test_importlib\test_threaded_import.py
HINT: remove __pycache__ / .pyc files and/or use a unique basename for your test file modules</error></testcase><testcase classname="" name="Program Files.Python312.Lib.test.test_importlib.test_util" time="0.000"><error message="collection failure">import file mismatch:
imported module 'test.test_importlib.test_util' has this __file__ attribute:
  C:\Program Files\MySQL\MySQL Shell 8.0\lib\Python3.12\Lib\test\test_importlib\test_util.py
which is not the same as the test file we want to collect:
  C:\Program Files\Python312\Lib\test\test_importlib\test_util.py
HINT: remove __pycache__ / .pyc files and/or use a unique basename for your test file modules</error></testcase><testcase classname="" name="Program Files.Python312.Lib.test.test_importlib.test_windows" time="0.000"><error message="collection failure">import file mismatch:
imported module 'test.test_importlib.test_windows' has this __file__ attribute:
  C:\Program Files\MySQL\MySQL Shell 8.0\lib\Python3.12\Lib\test\test_importlib\test_windows.py
which is not the same as the test file we want to collect:
  C:\Program Files\Python312\Lib\test\test_importlib\test_windows.py
HINT: remove __pycache__ / .pyc files and/or use a unique basename for your test file modules</error></testcase><testcase classname="" name="Program Files.Python312.Lib.test.test_importlib.test_zip" time="0.000"><error message="collection failure">import file mismatch:
imported module 'test.test_importlib.test_zip' has this __file__ attribute:
  C:\Program Files\MySQL\MySQL Shell 8.0\lib\Python3.12\Lib\test\test_importlib\test_zip.py
which is not the same as the test file we want to collect:
  C:\Program Files\Python312\Lib\test\test_importlib\test_zip.py
HINT: remove __pycache__ / .pyc files and/or use a unique basename for your test file modules</error></testcase><testcase classname="" name="Program Files.Python312.Lib.test.test_index" time="0.000"><error message="collection failure">import file mismatch:
imported module 'test.test_index' has this __file__ attribute:
  C:\Program Files\MySQL\MySQL Shell 8.0\lib\Python3.12\Lib\test\test_index.py
which is not the same as the test file we want to collect:
  C:\Program Files\Python312\Lib\test\test_index.py
HINT: remove __pycache__ / .pyc files and/or use a unique basename for your test file modules</error></testcase><testcase classname="" name="Program Files.Python312.Lib.test.test_inspect.test_inspect" time="0.000"><error message="collection failure">import file mismatch:
imported module 'test.test_inspect.test_inspect' has this __file__ attribute:
  C:\Program Files\MySQL\MySQL Shell 8.0\lib\Python3.12\Lib\test\test_inspect\test_inspect.py
which is not the same as the test file we want to collect:
  C:\Program Files\Python312\Lib\test\test_inspect\test_inspect.py
HINT: remove __pycache__ / .pyc files and/or use a unique basename for your test file modules</error></testcase><testcase classname="" name="Program Files.Python312.Lib.test.test_int" time="0.000"><error message="collection failure">import file mismatch:
imported module 'test.test_int' has this __file__ attribute:
  C:\Program Files\MySQL\MySQL Shell 8.0\lib\Python3.12\Lib\test\test_int.py
which is not the same as the test file we want to collect:
  C:\Program Files\Python312\Lib\test\test_int.py
HINT: remove __pycache__ / .pyc files and/or use a unique basename for your test file modules</error></testcase><testcase classname="" name="Program Files.Python312.Lib.test.test_int_literal" time="0.000"><error message="collection failure">import file mismatch:
imported module 'test.test_int_literal' has this __file__ attribute:
  C:\Program Files\MySQL\MySQL Shell 8.0\lib\Python3.12\Lib\test\test_int_literal.py
which is not the same as the test file we want to collect:
  C:\Program Files\Python312\Lib\test\test_int_literal.py
HINT: remove __pycache__ / .pyc files and/or use a unique basename for your test file modules</error></testcase><testcase classname="" name="Program Files.Python312.Lib.test.test_interpreters" time="0.000"><error message="collection failure">import file mismatch:
imported module 'test.test_interpreters' has this __file__ attribute:
  C:\Program Files\MySQL\MySQL Shell 8.0\lib\Python3.12\Lib\test\test_interpreters.py
which is not the same as the test file we want to collect:
  C:\Program Files\Python312\Lib\test\test_interpreters.py
HINT: remove __pycache__ / .pyc files and/or use a unique basename for your test file modules</error></testcase><testcase classname="" name="Program Files.Python312.Lib.test.test_io" time="0.000"><error message="collection failure">import file mismatch:
imported module 'test.test_io' has this __file__ attribute:
  C:\Program Files\MySQL\MySQL Shell 8.0\lib\Python3.12\Lib\test\test_io.py
which is not the same as the test file we want to collect:
  C:\Program Files\Python312\Lib\test\test_io.py
HINT: remove __pycache__ / .pyc files and/or use a unique basename for your test file modules</error></testcase><testcase classname="" name="Program Files.Python312.Lib.test.test_ioctl" time="0.000"><skipped message="collection skipped">('C:\\Program Files\\MySQL\\MySQL Shell 8.0\\lib\\Python3.12\\Lib\\test\\support\\import_helper.py', 82, "unittest.case.SkipTest: No module named 'fcntl'")</skipped></testcase><testcase classname="" name="Program Files.Python312.Lib.test.test_ipaddress" time="0.000"><error message="collection failure">import file mismatch:
imported module 'test.test_ipaddress' has this __file__ attribute:
  C:\Program Files\MySQL\MySQL Shell 8.0\lib\Python3.12\Lib\test\test_ipaddress.py
which is not the same as the test file we want to collect:
  C:\Program Files\Python312\Lib\test\test_ipaddress.py
HINT: remove __pycache__ / .pyc files and/or use a unique basename for your test file modules</error></testcase><testcase classname="" name="Program Files.Python312.Lib.test.test_isinstance" time="0.000"><error message="collection failure">import file mismatch:
imported module 'test.test_isinstance' has this __file__ attribute:
  C:\Program Files\MySQL\MySQL Shell 8.0\lib\Python3.12\Lib\test\test_isinstance.py
which is not the same as the test file we want to collect:
  C:\Program Files\Python312\Lib\test\test_isinstance.py
HINT: remove __pycache__ / .pyc files and/or use a unique basename for your test file modules</error></testcase><testcase classname="" name="Program Files.Python312.Lib.test.test_iter" time="0.000"><error message="collection failure">import file mismatch:
imported module 'test.test_iter' has this __file__ attribute:
  C:\Program Files\MySQL\MySQL Shell 8.0\lib\Python3.12\Lib\test\test_iter.py
which is not the same as the test file we want to collect:
  C:\Program Files\Python312\Lib\test\test_iter.py
HINT: remove __pycache__ / .pyc files and/or use a unique basename for your test file modules</error></testcase><testcase classname="" name="Program Files.Python312.Lib.test.test_iterlen" time="0.000"><error message="collection failure">import file mismatch:
imported module 'test.test_iterlen' has this __file__ attribute:
  C:\Program Files\MySQL\MySQL Shell 8.0\lib\Python3.12\Lib\test\test_iterlen.py
which is not the same as the test file we want to collect:
  C:\Program Files\Python312\Lib\test\test_iterlen.py
HINT: remove __pycache__ / .pyc files and/or use a unique basename for your test file modules</error></testcase><testcase classname="" name="Program Files.Python312.Lib.test.test_itertools" time="0.000"><error message="collection failure">import file mismatch:
imported module 'test.test_itertools' has this __file__ attribute:
  C:\Program Files\MySQL\MySQL Shell 8.0\lib\Python3.12\Lib\test\test_itertools.py
which is not the same as the test file we want to collect:
  C:\Program Files\Python312\Lib\test\test_itertools.py
HINT: remove __pycache__ / .pyc files and/or use a unique basename for your test file modules</error></testcase><testcase classname="" name="Program Files.Python312.Lib.test.test_json.test_decode" time="0.000"><error message="collection failure">import file mismatch:
imported module 'test.test_json.test_decode' has this __file__ attribute:
  C:\Program Files\MySQL\MySQL Shell 8.0\lib\Python3.12\Lib\test\test_json\test_decode.py
which is not the same as the test file we want to collect:
  C:\Program Files\Python312\Lib\test\test_json\test_decode.py
HINT: remove __pycache__ / .pyc files and/or use a unique basename for your test file modules</error></testcase><testcase classname="" name="Program Files.Python312.Lib.test.test_json.test_default" time="0.000"><error message="collection failure">import file mismatch:
imported module 'test.test_json.test_default' has this __file__ attribute:
  C:\Program Files\MySQL\MySQL Shell 8.0\lib\Python3.12\Lib\test\test_json\test_default.py
which is not the same as the test file we want to collect:
  C:\Program Files\Python312\Lib\test\test_json\test_default.py
HINT: remove __pycache__ / .pyc files and/or use a unique basename for your test file modules</error></testcase><testcase classname="" name="Program Files.Python312.Lib.test.test_json.test_dump" time="0.000"><error message="collection failure">import file mismatch:
imported module 'test.test_json.test_dump' has this __file__ attribute:
  C:\Program Files\MySQL\MySQL Shell 8.0\lib\Python3.12\Lib\test\test_json\test_dump.py
which is not the same as the test file we want to collect:
  C:\Program Files\Python312\Lib\test\test_json\test_dump.py
HINT: remove __pycache__ / .pyc files and/or use a unique basename for your test file modules</error></testcase><testcase classname="" name="Program Files.Python312.Lib.test.test_json.test_encode_basestring_ascii" time="0.000"><error message="collection failure">import file mismatch:
imported module 'test.test_json.test_encode_basestring_ascii' has this __file__ attribute:
  C:\Program Files\MySQL\MySQL Shell 8.0\lib\Python3.12\Lib\test\test_json\test_encode_basestring_ascii.py
which is not the same as the test file we want to collect:
  C:\Program Files\Python312\Lib\test\test_json\test_encode_basestring_ascii.py
HINT: remove __pycache__ / .pyc files and/or use a unique basename for your test file modules</error></testcase><testcase classname="" name="Program Files.Python312.Lib.test.test_json.test_enum" time="0.000"><error message="collection failure">import file mismatch:
imported module 'test.test_json.test_enum' has this __file__ attribute:
  C:\Program Files\MySQL\MySQL Shell 8.0\lib\Python3.12\Lib\test\test_json\test_enum.py
which is not the same as the test file we want to collect:
  C:\Program Files\Python312\Lib\test\test_json\test_enum.py
HINT: remove __pycache__ / .pyc files and/or use a unique basename for your test file modules</error></testcase><testcase classname="" name="Program Files.Python312.Lib.test.test_json.test_fail" time="0.000"><error message="collection failure">import file mismatch:
imported module 'test.test_json.test_fail' has this __file__ attribute:
  C:\Program Files\MySQL\MySQL Shell 8.0\lib\Python3.12\Lib\test\test_json\test_fail.py
which is not the same as the test file we want to collect:
  C:\Program Files\Python312\Lib\test\test_json\test_fail.py
HINT: remove __pycache__ / .pyc files and/or use a unique basename for your test file modules</error></testcase><testcase classname="" name="Program Files.Python312.Lib.test.test_json.test_float" time="0.000"><error message="collection failure">import file mismatch:
imported module 'test.test_json.test_float' has this __file__ attribute:
  C:\Program Files\MySQL\MySQL Shell 8.0\lib\Python3.12\Lib\test\test_json\test_float.py
which is not the same as the test file we want to collect:
  C:\Program Files\Python312\Lib\test\test_json\test_float.py
HINT: remove __pycache__ / .pyc files and/or use a unique basename for your test file modules</error></testcase><testcase classname="" name="Program Files.Python312.Lib.test.test_json.test_indent" time="0.000"><error message="collection failure">import file mismatch:
imported module 'test.test_json.test_indent' has this __file__ attribute:
  C:\Program Files\MySQL\MySQL Shell 8.0\lib\Python3.12\Lib\test\test_json\test_indent.py
which is not the same as the test file we want to collect:
  C:\Program Files\Python312\Lib\test\test_json\test_indent.py
HINT: remove __pycache__ / .pyc files and/or use a unique basename for your test file modules</error></testcase><testcase classname="" name="Program Files.Python312.Lib.test.test_json.test_pass1" time="0.000"><error message="collection failure">import file mismatch:
imported module 'test.test_json.test_pass1' has this __file__ attribute:
  C:\Program Files\MySQL\MySQL Shell 8.0\lib\Python3.12\Lib\test\test_json\test_pass1.py
which is not the same as the test file we want to collect:
  C:\Program Files\Python312\Lib\test\test_json\test_pass1.py
HINT: remove __pycache__ / .pyc files and/or use a unique basename for your test file modules</error></testcase><testcase classname="" name="Program Files.Python312.Lib.test.test_json.test_pass2" time="0.000"><error message="collection failure">import file mismatch:
imported module 'test.test_json.test_pass2' has this __file__ attribute:
  C:\Program Files\MySQL\MySQL Shell 8.0\lib\Python3.12\Lib\test\test_json\test_pass2.py
which is not the same as the test file we want to collect:
  C:\Program Files\Python312\Lib\test\test_json\test_pass2.py
HINT: remove __pycache__ / .pyc files and/or use a unique basename for your test file modules</error></testcase><testcase classname="" name="Program Files.Python312.Lib.test.test_json.test_pass3" time="0.000"><error message="collection failure">import file mismatch:
imported module 'test.test_json.test_pass3' has this __file__ attribute:
  C:\Program Files\MySQL\MySQL Shell 8.0\lib\Python3.12\Lib\test\test_json\test_pass3.py
which is not the same as the test file we want to collect:
  C:\Program Files\Python312\Lib\test\test_json\test_pass3.py
HINT: remove __pycache__ / .pyc files and/or use a unique basename for your test file modules</error></testcase><testcase classname="" name="Program Files.Python312.Lib.test.test_json.test_recursion" time="0.000"><error message="collection failure">import file mismatch:
imported module 'test.test_json.test_recursion' has this __file__ attribute:
  C:\Program Files\MySQL\MySQL Shell 8.0\lib\Python3.12\Lib\test\test_json\test_recursion.py
which is not the same as the test file we want to collect:
  C:\Program Files\Python312\Lib\test\test_json\test_recursion.py
HINT: remove __pycache__ / .pyc files and/or use a unique basename for your test file modules</error></testcase><testcase classname="" name="Program Files.Python312.Lib.test.test_json.test_scanstring" time="0.000"><error message="collection failure">import file mismatch:
imported module 'test.test_json.test_scanstring' has this __file__ attribute:
  C:\Program Files\MySQL\MySQL Shell 8.0\lib\Python3.12\Lib\test\test_json\test_scanstring.py
which is not the same as the test file we want to collect:
  C:\Program Files\Python312\Lib\test\test_json\test_scanstring.py
HINT: remove __pycache__ / .pyc files and/or use a unique basename for your test file modules</error></testcase><testcase classname="" name="Program Files.Python312.Lib.test.test_json.test_separators" time="0.000"><error message="collection failure">import file mismatch:
imported module 'test.test_json.test_separators' has this __file__ attribute:
  C:\Program Files\MySQL\MySQL Shell 8.0\lib\Python3.12\Lib\test\test_json\test_separators.py
which is not the same as the test file we want to collect:
  C:\Program Files\Python312\Lib\test\test_json\test_separators.py
HINT: remove __pycache__ / .pyc files and/or use a unique basename for your test file modules</error></testcase><testcase classname="" name="Program Files.Python312.Lib.test.test_json.test_speedups" time="0.000"><error message="collection failure">import file mismatch:
imported module 'test.test_json.test_speedups' has this __file__ attribute:
  C:\Program Files\MySQL\MySQL Shell 8.0\lib\Python3.12\Lib\test\test_json\test_speedups.py
which is not the same as the test file we want to collect:
  C:\Program Files\Python312\Lib\test\test_json\test_speedups.py
HINT: remove __pycache__ / .pyc files and/or use a unique basename for your test file modules</error></testcase><testcase classname="" name="Program Files.Python312.Lib.test.test_json.test_tool" time="0.000"><error message="collection failure">import file mismatch:
imported module 'test.test_json.test_tool' has this __file__ attribute:
  C:\Program Files\MySQL\MySQL Shell 8.0\lib\Python3.12\Lib\test\test_json\test_tool.py
which is not the same as the test file we want to collect:
  C:\Program Files\Python312\Lib\test\test_json\test_tool.py
HINT: remove __pycache__ / .pyc files and/or use a unique basename for your test file modules</error></testcase><testcase classname="" name="Program Files.Python312.Lib.test.test_json.test_unicode" time="0.000"><error message="collection failure">import file mismatch:
imported module 'test.test_json.test_unicode' has this __file__ attribute:
  C:\Program Files\MySQL\MySQL Shell 8.0\lib\Python3.12\Lib\test\test_json\test_unicode.py
which is not the same as the test file we want to collect:
  C:\Program Files\Python312\Lib\test\test_json\test_unicode.py
HINT: remove __pycache__ / .pyc files and/or use a unique basename for your test file modules</error></testcase><testcase classname="" name="Program Files.Python312.Lib.test.test_keyword" time="0.000"><error message="collection failure">import file mismatch:
imported module 'test.test_keyword' has this __file__ attribute:
  C:\Program Files\MySQL\MySQL Shell 8.0\lib\Python3.12\Lib\test\test_keyword.py
which is not the same as the test file we want to collect:
  C:\Program Files\Python312\Lib\test\test_keyword.py
HINT: remove __pycache__ / .pyc files and/or use a unique basename for your test file modules</error></testcase><testcase classname="" name="Program Files.Python312.Lib.test.test_keywordonlyarg" time="0.000"><error message="collection failure">import file mismatch:
imported module 'test.test_keywordonlyarg' has this __file__ attribute:
  C:\Program Files\MySQL\MySQL Shell 8.0\lib\Python3.12\Lib\test\test_keywordonlyarg.py
which is not the same as the test file we want to collect:
  C:\Program Files\Python312\Lib\test\test_keywordonlyarg.py
HINT: remove __pycache__ / .pyc files and/or use a unique basename for your test file modules</error></testcase><testcase classname="" name="Program Files.Python312.Lib.test.test_kqueue" time="0.000"><skipped message="collection skipped">('C:\\Program Files\\MySQL\\MySQL Shell 8.0\\lib\\Python3.12\\Lib\\test\\test_kqueue.py', 13, 'unittest.case.SkipTest: test works only on BSD')</skipped></testcase><testcase classname="" name="Program Files.Python312.Lib.test.test_largefile" time="0.000"><error message="collection failure">import file mismatch:
imported module 'test.test_largefile' has this __file__ attribute:
  C:\Program Files\MySQL\MySQL Shell 8.0\lib\Python3.12\Lib\test\test_largefile.py
which is not the same as the test file we want to collect:
  C:\Program Files\Python312\Lib\test\test_largefile.py
HINT: remove __pycache__ / .pyc files and/or use a unique basename for your test file modules</error></testcase><testcase classname="" name="Program Files.Python312.Lib.test.test_launcher" time="0.000"><error message="collection failure">import file mismatch:
imported module 'test.test_launcher' has this __file__ attribute:
  C:\Program Files\MySQL\MySQL Shell 8.0\lib\Python3.12\Lib\test\test_launcher.py
which is not the same as the test file we want to collect:
  C:\Program Files\Python312\Lib\test\test_launcher.py
HINT: remove __pycache__ / .pyc files and/or use a unique basename for your test file modules</error></testcase><testcase classname="" name="Program Files.Python312.Lib.test.test_lib2to3.test_all_fixers" time="0.000"><error message="collection failure">import file mismatch:
imported module 'test.test_lib2to3.test_all_fixers' has this __file__ attribute:
  C:\Program Files\MySQL\MySQL Shell 8.0\lib\Python3.12\Lib\test\test_lib2to3\test_all_fixers.py
which is not the same as the test file we want to collect:
  C:\Program Files\Python312\Lib\test\test_lib2to3\test_all_fixers.py
HINT: remove __pycache__ / .pyc files and/or use a unique basename for your test file modules</error></testcase><testcase classname="" name="Program Files.Python312.Lib.test.test_lib2to3.test_fixers" time="0.000"><error message="collection failure">import file mismatch:
imported module 'test.test_lib2to3.test_fixers' has this __file__ attribute:
  C:\Program Files\MySQL\MySQL Shell 8.0\lib\Python3.12\Lib\test\test_lib2to3\test_fixers.py
which is not the same as the test file we want to collect:
  C:\Program Files\Python312\Lib\test\test_lib2to3\test_fixers.py
HINT: remove __pycache__ / .pyc files and/or use a unique basename for your test file modules</error></testcase><testcase classname="" name="Program Files.Python312.Lib.test.test_lib2to3.test_main" time="0.000"><error message="collection failure">import file mismatch:
imported module 'test.test_lib2to3.test_main' has this __file__ attribute:
  C:\Program Files\MySQL\MySQL Shell 8.0\lib\Python3.12\Lib\test\test_lib2to3\test_main.py
which is not the same as the test file we want to collect:
  C:\Program Files\Python312\Lib\test\test_lib2to3\test_main.py
HINT: remove __pycache__ / .pyc files and/or use a unique basename for your test file modules</error></testcase><testcase classname="" name="Program Files.Python312.Lib.test.test_lib2to3.test_parser" time="0.000"><error message="collection failure">import file mismatch:
imported module 'test.test_lib2to3.test_parser' has this __file__ attribute:
  C:\Program Files\MySQL\MySQL Shell 8.0\lib\Python3.12\Lib\test\test_lib2to3\test_parser.py
which is not the same as the test file we want to collect:
  C:\Program Files\Python312\Lib\test\test_lib2to3\test_parser.py
HINT: remove __pycache__ / .pyc files and/or use a unique basename for your test file modules</error></testcase><testcase classname="" name="Program Files.Python312.Lib.test.test_lib2to3.test_pytree" time="0.000"><error message="collection failure">import file mismatch:
imported module 'test.test_lib2to3.test_pytree' has this __file__ attribute:
  C:\Program Files\MySQL\MySQL Shell 8.0\lib\Python3.12\Lib\test\test_lib2to3\test_pytree.py
which is not the same as the test file we want to collect:
  C:\Program Files\Python312\Lib\test\test_lib2to3\test_pytree.py
HINT: remove __pycache__ / .pyc files and/or use a unique basename for your test file modules</error></testcase><testcase classname="" name="Program Files.Python312.Lib.test.test_lib2to3.test_refactor" time="0.000"><error message="collection failure">import file mismatch:
imported module 'test.test_lib2to3.test_refactor' has this __file__ attribute:
  C:\Program Files\MySQL\MySQL Shell 8.0\lib\Python3.12\Lib\test\test_lib2to3\test_refactor.py
which is not the same as the test file we want to collect:
  C:\Program Files\Python312\Lib\test\test_lib2to3\test_refactor.py
HINT: remove __pycache__ / .pyc files and/or use a unique basename for your test file modules</error></testcase><testcase classname="" name="Program Files.Python312.Lib.test.test_lib2to3.test_util" time="0.000"><error message="collection failure">import file mismatch:
imported module 'test.test_lib2to3.test_util' has this __file__ attribute:
  C:\Program Files\MySQL\MySQL Shell 8.0\lib\Python3.12\Lib\test\test_lib2to3\test_util.py
which is not the same as the test file we want to collect:
  C:\Program Files\Python312\Lib\test\test_lib2to3\test_util.py
HINT: remove __pycache__ / .pyc files and/or use a unique basename for your test file modules</error></testcase><testcase classname="" name="Program Files.Python312.Lib.test.test_linecache" time="0.000"><error message="collection failure">import file mismatch:
imported module 'test.test_linecache' has this __file__ attribute:
  C:\Program Files\MySQL\MySQL Shell 8.0\lib\Python3.12\Lib\test\test_linecache.py
which is not the same as the test file we want to collect:
  C:\Program Files\Python312\Lib\test\test_linecache.py
HINT: remove __pycache__ / .pyc files and/or use a unique basename for your test file modules</error></testcase><testcase classname="" name="Program Files.Python312.Lib.test.test_list" time="0.000"><error message="collection failure">import file mismatch:
imported module 'test.test_list' has this __file__ attribute:
  C:\Program Files\MySQL\MySQL Shell 8.0\lib\Python3.12\Lib\test\test_list.py
which is not the same as the test file we want to collect:
  C:\Program Files\Python312\Lib\test\test_list.py
HINT: remove __pycache__ / .pyc files and/or use a unique basename for your test file modules</error></testcase><testcase classname="" name="Program Files.Python312.Lib.test.test_listcomps" time="0.000"><error message="collection failure">import file mismatch:
imported module 'test.test_listcomps' has this __file__ attribute:
  C:\Program Files\MySQL\MySQL Shell 8.0\lib\Python3.12\Lib\test\test_listcomps.py
which is not the same as the test file we want to collect:
  C:\Program Files\Python312\Lib\test\test_listcomps.py
HINT: remove __pycache__ / .pyc files and/or use a unique basename for your test file modules</error></testcase><testcase classname="" name="Program Files.Python312.Lib.test.test_lltrace" time="0.000"><error message="collection failure">import file mismatch:
imported module 'test.test_lltrace' has this __file__ attribute:
  C:\Program Files\MySQL\MySQL Shell 8.0\lib\Python3.12\Lib\test\test_lltrace.py
which is not the same as the test file we want to collect:
  C:\Program Files\Python312\Lib\test\test_lltrace.py
HINT: remove __pycache__ / .pyc files and/or use a unique basename for your test file modules</error></testcase><testcase classname="" name="Program Files.Python312.Lib.test.test_locale" time="0.000"><error message="collection failure">import file mismatch:
imported module 'test.test_locale' has this __file__ attribute:
  C:\Program Files\MySQL\MySQL Shell 8.0\lib\Python3.12\Lib\test\test_locale.py
which is not the same as the test file we want to collect:
  C:\Program Files\Python312\Lib\test\test_locale.py
HINT: remove __pycache__ / .pyc files and/or use a unique basename for your test file modules</error></testcase><testcase classname="" name="Program Files.Python312.Lib.test.test_logging" time="0.000"><error message="collection failure">import file mismatch:
imported module 'test.test_logging' has this __file__ attribute:
  C:\Program Files\MySQL\MySQL Shell 8.0\lib\Python3.12\Lib\test\test_logging.py
which is not the same as the test file we want to collect:
  C:\Program Files\Python312\Lib\test\test_logging.py
HINT: remove __pycache__ / .pyc files and/or use a unique basename for your test file modules</error></testcase><testcase classname="" name="Program Files.Python312.Lib.test.test_long" time="0.000"><error message="collection failure">import file mismatch:
imported module 'test.test_long' has this __file__ attribute:
  C:\Program Files\MySQL\MySQL Shell 8.0\lib\Python3.12\Lib\test\test_long.py
which is not the same as the test file we want to collect:
  C:\Program Files\Python312\Lib\test\test_long.py
HINT: remove __pycache__ / .pyc files and/or use a unique basename for your test file modules</error></testcase><testcase classname="" name="Program Files.Python312.Lib.test.test_longexp" time="0.000"><error message="collection failure">import file mismatch:
imported module 'test.test_longexp' has this __file__ attribute:
  C:\Program Files\MySQL\MySQL Shell 8.0\lib\Python3.12\Lib\test\test_longexp.py
which is not the same as the test file we want to collect:
  C:\Program Files\Python312\Lib\test\test_longexp.py
HINT: remove __pycache__ / .pyc files and/or use a unique basename for your test file modules</error></testcase><testcase classname="" name="Program Files.Python312.Lib.test.test_lzma" time="0.000"><error message="collection failure">import file mismatch:
imported module 'test.test_lzma' has this __file__ attribute:
  C:\Program Files\MySQL\MySQL Shell 8.0\lib\Python3.12\Lib\test\test_lzma.py
which is not the same as the test file we want to collect:
  C:\Program Files\Python312\Lib\test\test_lzma.py
HINT: remove __pycache__ / .pyc files and/or use a unique basename for your test file modules</error></testcase><testcase classname="" name="Program Files.Python312.Lib.test.test_mailbox" time="0.000"><error message="collection failure">import file mismatch:
imported module 'test.test_mailbox' has this __file__ attribute:
  C:\Program Files\MySQL\MySQL Shell 8.0\lib\Python3.12\Lib\test\test_mailbox.py
which is not the same as the test file we want to collect:
  C:\Program Files\Python312\Lib\test\test_mailbox.py
HINT: remove __pycache__ / .pyc files and/or use a unique basename for your test file modules</error></testcase><testcase classname="" name="Program Files.Python312.Lib.test.test_mailcap" time="0.000"><error message="collection failure">import file mismatch:
imported module 'test.test_mailcap' has this __file__ attribute:
  C:\Program Files\MySQL\MySQL Shell 8.0\lib\Python3.12\Lib\test\test_mailcap.py
which is not the same as the test file we want to collect:
  C:\Program Files\Python312\Lib\test\test_mailcap.py
HINT: remove __pycache__ / .pyc files and/or use a unique basename for your test file modules</error></testcase><testcase classname="" name="Program Files.Python312.Lib.test.test_marshal" time="0.000"><error message="collection failure">import file mismatch:
imported module 'test.test_marshal' has this __file__ attribute:
  C:\Program Files\MySQL\MySQL Shell 8.0\lib\Python3.12\Lib\test\test_marshal.py
which is not the same as the test file we want to collect:
  C:\Program Files\Python312\Lib\test\test_marshal.py
HINT: remove __pycache__ / .pyc files and/or use a unique basename for your test file modules</error></testcase><testcase classname="" name="Program Files.Python312.Lib.test.test_math" time="0.000"><error message="collection failure">import file mismatch:
imported module 'test.test_math' has this __file__ attribute:
  C:\Program Files\MySQL\MySQL Shell 8.0\lib\Python3.12\Lib\test\test_math.py
which is not the same as the test file we want to collect:
  C:\Program Files\Python312\Lib\test\test_math.py
HINT: remove __pycache__ / .pyc files and/or use a unique basename for your test file modules</error></testcase><testcase classname="" name="Program Files.Python312.Lib.test.test_math_property" time="0.000"><error message="collection failure">import file mismatch:
imported module 'test.test_math_property' has this __file__ attribute:
  C:\Program Files\MySQL\MySQL Shell 8.0\lib\Python3.12\Lib\test\test_math_property.py
which is not the same as the test file we want to collect:
  C:\Program Files\Python312\Lib\test\test_math_property.py
HINT: remove __pycache__ / .pyc files and/or use a unique basename for your test file modules</error></testcase><testcase classname="" name="Program Files.Python312.Lib.test.test_memoryio" time="0.000"><error message="collection failure">import file mismatch:
imported module 'test.test_memoryio' has this __file__ attribute:
  C:\Program Files\MySQL\MySQL Shell 8.0\lib\Python3.12\Lib\test\test_memoryio.py
which is not the same as the test file we want to collect:
  C:\Program Files\Python312\Lib\test\test_memoryio.py
HINT: remove __pycache__ / .pyc files and/or use a unique basename for your test file modules</error></testcase><testcase classname="" name="Program Files.Python312.Lib.test.test_memoryview" time="0.000"><error message="collection failure">import file mismatch:
imported module 'test.test_memoryview' has this __file__ attribute:
  C:\Program Files\MySQL\MySQL Shell 8.0\lib\Python3.12\Lib\test\test_memoryview.py
which is not the same as the test file we want to collect:
  C:\Program Files\Python312\Lib\test\test_memoryview.py
HINT: remove __pycache__ / .pyc files and/or use a unique basename for your test file modules</error></testcase><testcase classname="" name="Program Files.Python312.Lib.test.test_metaclass" time="0.000"><error message="collection failure">import file mismatch:
imported module 'test.test_metaclass' has this __file__ attribute:
  C:\Program Files\MySQL\MySQL Shell 8.0\lib\Python3.12\Lib\test\test_metaclass.py
which is not the same as the test file we want to collect:
  C:\Program Files\Python312\Lib\test\test_metaclass.py
HINT: remove __pycache__ / .pyc files and/or use a unique basename for your test file modules</error></testcase><testcase classname="" name="Program Files.Python312.Lib.test.test_mimetypes" time="0.000"><error message="collection failure">import file mismatch:
imported module 'test.test_mimetypes' has this __file__ attribute:
  C:\Program Files\MySQL\MySQL Shell 8.0\lib\Python3.12\Lib\test\test_mimetypes.py
which is not the same as the test file we want to collect:
  C:\Program Files\Python312\Lib\test\test_mimetypes.py
HINT: remove __pycache__ / .pyc files and/or use a unique basename for your test file modules</error></testcase><testcase classname="" name="Program Files.Python312.Lib.test.test_minidom" time="0.000"><error message="collection failure">import file mismatch:
imported module 'test.test_minidom' has this __file__ attribute:
  C:\Program Files\MySQL\MySQL Shell 8.0\lib\Python3.12\Lib\test\test_minidom.py
which is not the same as the test file we want to collect:
  C:\Program Files\Python312\Lib\test\test_minidom.py
HINT: remove __pycache__ / .pyc files and/or use a unique basename for your test file modules</error></testcase><testcase classname="" name="Program Files.Python312.Lib.test.test_mmap" time="0.000"><error message="collection failure">import file mismatch:
imported module 'test.test_mmap' has this __file__ attribute:
  C:\Program Files\MySQL\MySQL Shell 8.0\lib\Python3.12\Lib\test\test_mmap.py
which is not the same as the test file we want to collect:
  C:\Program Files\Python312\Lib\test\test_mmap.py
HINT: remove __pycache__ / .pyc files and/or use a unique basename for your test file modules</error></testcase><testcase classname="" name="Program Files.Python312.Lib.test.test_modulefinder" time="0.000"><error message="collection failure">import file mismatch:
imported module 'test.test_modulefinder' has this __file__ attribute:
  C:\Program Files\MySQL\MySQL Shell 8.0\lib\Python3.12\Lib\test\test_modulefinder.py
which is not the same as the test file we want to collect:
  C:\Program Files\Python312\Lib\test\test_modulefinder.py
HINT: remove __pycache__ / .pyc files and/or use a unique basename for your test file modules</error></testcase><testcase classname="" name="Program Files.Python312.Lib.test.test_monitoring" time="0.000"><error message="collection failure">import file mismatch:
imported module 'test.test_monitoring' has this __file__ attribute:
  C:\Program Files\MySQL\MySQL Shell 8.0\lib\Python3.12\Lib\test\test_monitoring.py
which is not the same as the test file we want to collect:
  C:\Program Files\Python312\Lib\test\test_monitoring.py
HINT: remove __pycache__ / .pyc files and/or use a unique basename for your test file modules</error></testcase><testcase classname="" name="Program Files.Python312.Lib.test.test_msilib" time="0.000"><error message="collection failure">import file mismatch:
imported module 'test.test_msilib' has this __file__ attribute:
  C:\Program Files\MySQL\MySQL Shell 8.0\lib\Python3.12\Lib\test\test_msilib.py
which is not the same as the test file we want to collect:
  C:\Program Files\Python312\Lib\test\test_msilib.py
HINT: remove __pycache__ / .pyc files and/or use a unique basename for your test file modules</error></testcase><testcase classname="" name="Program Files.Python312.Lib.test.test_multibytecodec" time="0.000"><error message="collection failure">import file mismatch:
imported module 'test.test_multibytecodec' has this __file__ attribute:
  C:\Program Files\MySQL\MySQL Shell 8.0\lib\Python3.12\Lib\test\test_multibytecodec.py
which is not the same as the test file we want to collect:
  C:\Program Files\Python312\Lib\test\test_multibytecodec.py
HINT: remove __pycache__ / .pyc files and/or use a unique basename for your test file modules</error></testcase><testcase classname="" name="Program Files.Python312.Lib.test.test_multiprocessing_fork.test_manager" time="0.000"><skipped message="collection skipped">('C:\\Program Files\\MySQL\\MySQL Shell 8.0\\lib\\Python3.12\\Lib\\test\\test_multiprocessing_fork\\__init__.py', 10, 'unittest.case.SkipTest: fork is not available on Windows')</skipped></testcase><testcase classname="" name="Program Files.Python312.Lib.test.test_multiprocessing_fork.test_misc" time="0.000"><skipped message="collection skipped">('C:\\Program Files\\MySQL\\MySQL Shell 8.0\\lib\\Python3.12\\Lib\\test\\test_multiprocessing_fork\\__init__.py', 10, 'unittest.case.SkipTest: fork is not available on Windows')</skipped></testcase><testcase classname="" name="Program Files.Python312.Lib.test.test_multiprocessing_fork.test_processes" time="0.000"><skipped message="collection skipped">('C:\\Program Files\\MySQL\\MySQL Shell 8.0\\lib\\Python3.12\\Lib\\test\\test_multiprocessing_fork\\__init__.py', 10, 'unittest.case.SkipTest: fork is not available on Windows')</skipped></testcase><testcase classname="" name="Program Files.Python312.Lib.test.test_multiprocessing_fork.test_threads" time="0.000"><skipped message="collection skipped">('C:\\Program Files\\MySQL\\MySQL Shell 8.0\\lib\\Python3.12\\Lib\\test\\test_multiprocessing_fork\\__init__.py', 10, 'unittest.case.SkipTest: fork is not available on Windows')</skipped></testcase><testcase classname="" name="Program Files.Python312.Lib.test.test_multiprocessing_forkserver.test_manager" time="0.000"><skipped message="collection skipped">('C:\\Program Files\\MySQL\\MySQL Shell 8.0\\lib\\Python3.12\\Lib\\test\\test_multiprocessing_forkserver\\__init__.py', 10, 'unittest.case.SkipTest: forkserver is not available on Windows')</skipped></testcase><testcase classname="" name="Program Files.Python312.Lib.test.test_multiprocessing_forkserver.test_misc" time="0.000"><skipped message="collection skipped">('C:\\Program Files\\MySQL\\MySQL Shell 8.0\\lib\\Python3.12\\Lib\\test\\test_multiprocessing_forkserver\\__init__.py', 10, 'unittest.case.SkipTest: forkserver is not available on Windows')</skipped></testcase><testcase classname="" name="Program Files.Python312.Lib.test.test_multiprocessing_forkserver.test_processes" time="0.000"><skipped message="collection skipped">('C:\\Program Files\\MySQL\\MySQL Shell 8.0\\lib\\Python3.12\\Lib\\test\\test_multiprocessing_forkserver\\__init__.py', 10, 'unittest.case.SkipTest: forkserver is not available on Windows')</skipped></testcase><testcase classname="" name="Program Files.Python312.Lib.test.test_multiprocessing_forkserver.test_threads" time="0.000"><skipped message="collection skipped">('C:\\Program Files\\MySQL\\MySQL Shell 8.0\\lib\\Python3.12\\Lib\\test\\test_multiprocessing_forkserver\\__init__.py', 10, 'unittest.case.SkipTest: forkserver is not available on Windows')</skipped></testcase><testcase classname="" name="Program Files.Python312.Lib.test.test_multiprocessing_main_handling" time="0.000"><error message="collection failure">import file mismatch:
imported module 'test.test_multiprocessing_main_handling' has this __file__ attribute:
  C:\Program Files\MySQL\MySQL Shell 8.0\lib\Python3.12\Lib\test\test_multiprocessing_main_handling.py
which is not the same as the test file we want to collect:
  C:\Program Files\Python312\Lib\test\test_multiprocessing_main_handling.py
HINT: remove __pycache__ / .pyc files and/or use a unique basename for your test file modules</error></testcase><testcase classname="" name="Program Files.Python312.Lib.test.test_multiprocessing_spawn.test_manager" time="0.000"><error message="collection failure">import file mismatch:
imported module 'test.test_multiprocessing_spawn.test_manager' has this __file__ attribute:
  C:\Program Files\MySQL\MySQL Shell 8.0\lib\Python3.12\Lib\test\test_multiprocessing_spawn\test_manager.py
which is not the same as the test file we want to collect:
  C:\Program Files\Python312\Lib\test\test_multiprocessing_spawn\test_manager.py
HINT: remove __pycache__ / .pyc files and/or use a unique basename for your test file modules</error></testcase><testcase classname="" name="Program Files.Python312.Lib.test.test_multiprocessing_spawn.test_misc" time="0.000"><error message="collection failure">import file mismatch:
imported module 'test.test_multiprocessing_spawn.test_misc' has this __file__ attribute:
  C:\Program Files\MySQL\MySQL Shell 8.0\lib\Python3.12\Lib\test\test_multiprocessing_spawn\test_misc.py
which is not the same as the test file we want to collect:
  C:\Program Files\Python312\Lib\test\test_multiprocessing_spawn\test_misc.py
HINT: remove __pycache__ / .pyc files and/or use a unique basename for your test file modules</error></testcase><testcase classname="" name="Program Files.Python312.Lib.test.test_multiprocessing_spawn.test_processes" time="0.000"><error message="collection failure">import file mismatch:
imported module 'test.test_multiprocessing_spawn.test_processes' has this __file__ attribute:
  C:\Program Files\MySQL\MySQL Shell 8.0\lib\Python3.12\Lib\test\test_multiprocessing_spawn\test_processes.py
which is not the same as the test file we want to collect:
  C:\Program Files\Python312\Lib\test\test_multiprocessing_spawn\test_processes.py
HINT: remove __pycache__ / .pyc files and/or use a unique basename for your test file modules</error></testcase><testcase classname="" name="Program Files.Python312.Lib.test.test_multiprocessing_spawn.test_threads" time="0.000"><error message="collection failure">import file mismatch:
imported module 'test.test_multiprocessing_spawn.test_threads' has this __file__ attribute:
  C:\Program Files\MySQL\MySQL Shell 8.0\lib\Python3.12\Lib\test\test_multiprocessing_spawn\test_threads.py
which is not the same as the test file we want to collect:
  C:\Program Files\Python312\Lib\test\test_multiprocessing_spawn\test_threads.py
HINT: remove __pycache__ / .pyc files and/or use a unique basename for your test file modules</error></testcase><testcase classname="" name="Program Files.Python312.Lib.test.test_named_expressions" time="0.000"><error message="collection failure">import file mismatch:
imported module 'test.test_named_expressions' has this __file__ attribute:
  C:\Program Files\MySQL\MySQL Shell 8.0\lib\Python3.12\Lib\test\test_named_expressions.py
which is not the same as the test file we want to collect:
  C:\Program Files\Python312\Lib\test\test_named_expressions.py
HINT: remove __pycache__ / .pyc files and/or use a unique basename for your test file modules</error></testcase><testcase classname="" name="Program Files.Python312.Lib.test.test_netrc" time="0.000"><error message="collection failure">import file mismatch:
imported module 'test.test_netrc' has this __file__ attribute:
  C:\Program Files\MySQL\MySQL Shell 8.0\lib\Python3.12\Lib\test\test_netrc.py
which is not the same as the test file we want to collect:
  C:\Program Files\Python312\Lib\test\test_netrc.py
HINT: remove __pycache__ / .pyc files and/or use a unique basename for your test file modules</error></testcase><testcase classname="" name="Program Files.Python312.Lib.test.test_nis" time="0.000"><skipped message="collection skipped">('C:\\Program Files\\MySQL\\MySQL Shell 8.0\\lib\\Python3.12\\Lib\\test\\support\\import_helper.py', 82, "unittest.case.SkipTest: No module named 'nis'")</skipped></testcase><testcase classname="" name="Program Files.Python312.Lib.test.test_nntplib" time="0.000"><error message="collection failure">import file mismatch:
imported module 'test.test_nntplib' has this __file__ attribute:
  C:\Program Files\MySQL\MySQL Shell 8.0\lib\Python3.12\Lib\test\test_nntplib.py
which is not the same as the test file we want to collect:
  C:\Program Files\Python312\Lib\test\test_nntplib.py
HINT: remove __pycache__ / .pyc files and/or use a unique basename for your test file modules</error></testcase><testcase classname="" name="Program Files.Python312.Lib.test.test_ntpath" time="0.000"><error message="collection failure">import file mismatch:
imported module 'test.test_ntpath' has this __file__ attribute:
  C:\Program Files\MySQL\MySQL Shell 8.0\lib\Python3.12\Lib\test\test_ntpath.py
which is not the same as the test file we want to collect:
  C:\Program Files\Python312\Lib\test\test_ntpath.py
HINT: remove __pycache__ / .pyc files and/or use a unique basename for your test file modules</error></testcase><testcase classname="" name="Program Files.Python312.Lib.test.test_numeric_tower" time="0.000"><error message="collection failure">import file mismatch:
imported module 'test.test_numeric_tower' has this __file__ attribute:
  C:\Program Files\MySQL\MySQL Shell 8.0\lib\Python3.12\Lib\test\test_numeric_tower.py
which is not the same as the test file we want to collect:
  C:\Program Files\Python312\Lib\test\test_numeric_tower.py
HINT: remove __pycache__ / .pyc files and/or use a unique basename for your test file modules</error></testcase><testcase classname="" name="Program Files.Python312.Lib.test.test_opcache" time="0.000"><error message="collection failure">import file mismatch:
imported module 'test.test_opcache' has this __file__ attribute:
  C:\Program Files\MySQL\MySQL Shell 8.0\lib\Python3.12\Lib\test\test_opcache.py
which is not the same as the test file we want to collect:
  C:\Program Files\Python312\Lib\test\test_opcache.py
HINT: remove __pycache__ / .pyc files and/or use a unique basename for your test file modules</error></testcase><testcase classname="" name="Program Files.Python312.Lib.test.test_opcodes" time="0.000"><error message="collection failure">import file mismatch:
imported module 'test.test_opcodes' has this __file__ attribute:
  C:\Program Files\MySQL\MySQL Shell 8.0\lib\Python3.12\Lib\test\test_opcodes.py
which is not the same as the test file we want to collect:
  C:\Program Files\Python312\Lib\test\test_opcodes.py
HINT: remove __pycache__ / .pyc files and/or use a unique basename for your test file modules</error></testcase><testcase classname="" name="Program Files.Python312.Lib.test.test_openpty" time="0.000"><skipped message="collection skipped">('C:\\Program Files\\MySQL\\MySQL Shell 8.0\\lib\\Python3.12\\Lib\\test\\test_openpty.py', 6, 'unittest.case.SkipTest: os.openpty() not available.')</skipped></testcase><testcase classname="" name="Program Files.Python312.Lib.test.test_operator" time="0.000"><error message="collection failure">import file mismatch:
imported module 'test.test_operator' has this __file__ attribute:
  C:\Program Files\MySQL\MySQL Shell 8.0\lib\Python3.12\Lib\test\test_operator.py
which is not the same as the test file we want to collect:
  C:\Program Files\Python312\Lib\test\test_operator.py
HINT: remove __pycache__ / .pyc files and/or use a unique basename for your test file modules</error></testcase><testcase classname="" name="Program Files.Python312.Lib.test.test_optparse" time="0.000"><error message="collection failure">import file mismatch:
imported module 'test.test_optparse' has this __file__ attribute:
  C:\Program Files\MySQL\MySQL Shell 8.0\lib\Python3.12\Lib\test\test_optparse.py
which is not the same as the test file we want to collect:
  C:\Program Files\Python312\Lib\test\test_optparse.py
HINT: remove __pycache__ / .pyc files and/or use a unique basename for your test file modules</error></testcase><testcase classname="" name="Program Files.Python312.Lib.test.test_ordered_dict" time="0.000"><error message="collection failure">import file mismatch:
imported module 'test.test_ordered_dict' has this __file__ attribute:
  C:\Program Files\MySQL\MySQL Shell 8.0\lib\Python3.12\Lib\test\test_ordered_dict.py
which is not the same as the test file we want to collect:
  C:\Program Files\Python312\Lib\test\test_ordered_dict.py
HINT: remove __pycache__ / .pyc files and/or use a unique basename for your test file modules</error></testcase><testcase classname="" name="Program Files.Python312.Lib.test.test_os" time="0.000"><error message="collection failure">import file mismatch:
imported module 'test.test_os' has this __file__ attribute:
  C:\Program Files\MySQL\MySQL Shell 8.0\lib\Python3.12\Lib\test\test_os.py
which is not the same as the test file we want to collect:
  C:\Program Files\Python312\Lib\test\test_os.py
HINT: remove __pycache__ / .pyc files and/or use a unique basename for your test file modules</error></testcase><testcase classname="" name="Program Files.Python312.Lib.test.test_ossaudiodev" time="0.000"><skipped message="collection skipped">('C:\\Program Files\\MySQL\\MySQL Shell 8.0\\lib\\Python3.12\\Lib\\test\\support\\import_helper.py', 82, "unittest.case.SkipTest: No module named 'ossaudiodev'")</skipped></testcase><testcase classname="" name="Program Files.Python312.Lib.test.test_osx_env" time="0.000"><error message="collection failure">import file mismatch:
imported module 'test.test_osx_env' has this __file__ attribute:
  C:\Program Files\MySQL\MySQL Shell 8.0\lib\Python3.12\Lib\test\test_osx_env.py
which is not the same as the test file we want to collect:
  C:\Program Files\Python312\Lib\test\test_osx_env.py
HINT: remove __pycache__ / .pyc files and/or use a unique basename for your test file modules</error></testcase><testcase classname="" name="Program Files.Python312.Lib.test.test_pathlib" time="0.000"><error message="collection failure">import file mismatch:
imported module 'test.test_pathlib' has this __file__ attribute:
  C:\Program Files\MySQL\MySQL Shell 8.0\lib\Python3.12\Lib\test\test_pathlib.py
which is not the same as the test file we want to collect:
  C:\Program Files\Python312\Lib\test\test_pathlib.py
HINT: remove __pycache__ / .pyc files and/or use a unique basename for your test file modules</error></testcase><testcase classname="" name="Program Files.Python312.Lib.test.test_patma" time="0.000"><error message="collection failure">import file mismatch:
imported module 'test.test_patma' has this __file__ attribute:
  C:\Program Files\MySQL\MySQL Shell 8.0\lib\Python3.12\Lib\test\test_patma.py
which is not the same as the test file we want to collect:
  C:\Program Files\Python312\Lib\test\test_patma.py
HINT: remove __pycache__ / .pyc files and/or use a unique basename for your test file modules</error></testcase><testcase classname="" name="Program Files.Python312.Lib.test.test_pdb" time="0.000"><error message="collection failure">import file mismatch:
imported module 'test.test_pdb' has this __file__ attribute:
  C:\Program Files\MySQL\MySQL Shell 8.0\lib\Python3.12\Lib\test\test_pdb.py
which is not the same as the test file we want to collect:
  C:\Program Files\Python312\Lib\test\test_pdb.py
HINT: remove __pycache__ / .pyc files and/or use a unique basename for your test file modules</error></testcase><testcase classname="" name="Program Files.Python312.Lib.test.test_peepholer" time="0.000"><error message="collection failure">import file mismatch:
imported module 'test.test_peepholer' has this __file__ attribute:
  C:\Program Files\MySQL\MySQL Shell 8.0\lib\Python3.12\Lib\test\test_peepholer.py
which is not the same as the test file we want to collect:
  C:\Program Files\Python312\Lib\test\test_peepholer.py
HINT: remove __pycache__ / .pyc files and/or use a unique basename for your test file modules</error></testcase><testcase classname="" name="Program Files.Python312.Lib.test.test_peg_generator.test_c_parser" time="0.000"><skipped message="collection skipped">('C:\\Program Files\\MySQL\\MySQL Shell 8.0\\lib\\Python3.12\\Lib\\test\\test_tools\\__init__.py', 36, 'unittest.case.SkipTest: peg_generator directory could not be found')</skipped></testcase><testcase classname="" name="Program Files.Python312.Lib.test.test_peg_generator.test_first_sets" time="0.000"><skipped message="collection skipped">('C:\\Program Files\\MySQL\\MySQL Shell 8.0\\lib\\Python3.12\\Lib\\test\\test_tools\\__init__.py', 36, 'unittest.case.SkipTest: peg_generator directory could not be found')</skipped></testcase><testcase classname="" name="Program Files.Python312.Lib.test.test_peg_generator.test_grammar_validator" time="0.000"><skipped message="collection skipped">('C:\\Program Files\\MySQL\\MySQL Shell 8.0\\lib\\Python3.12\\Lib\\test\\test_tools\\__init__.py', 36, 'unittest.case.SkipTest: peg_generator directory could not be found')</skipped></testcase><testcase classname="" name="Program Files.Python312.Lib.test.test_peg_generator.test_pegen" time="0.000"><skipped message="collection skipped">('C:\\Program Files\\MySQL\\MySQL Shell 8.0\\lib\\Python3.12\\Lib\\test\\test_tools\\__init__.py', 36, 'unittest.case.SkipTest: peg_generator directory could not be found')</skipped></testcase><testcase classname="" name="Program Files.Python312.Lib.test.test_pep646_syntax" time="0.000"><error message="collection failure">import file mismatch:
imported module 'test.test_pep646_syntax' has this __file__ attribute:
  C:\Program Files\MySQL\MySQL Shell 8.0\lib\Python3.12\Lib\test\test_pep646_syntax.py
which is not the same as the test file we want to collect:
  C:\Program Files\Python312\Lib\test\test_pep646_syntax.py
HINT: remove __pycache__ / .pyc files and/or use a unique basename for your test file modules</error></testcase><testcase classname="" name="Program Files.Python312.Lib.test.test_perf_profiler" time="0.000"><skipped message="collection skipped">('C:\\Program Files\\MySQL\\MySQL Shell 8.0\\lib\\Python3.12\\Lib\\test\\test_perf_profiler.py', 34, 'unittest.case.SkipTest: perf trampoline profiling not supported')</skipped></testcase><testcase classname="" name="Program Files.Python312.Lib.test.test_perfmaps" time="0.000"><skipped message="collection skipped">('C:\\Program Files\\MySQL\\MySQL Shell 8.0\\lib\\Python3.12\\Lib\\test\\test_perfmaps.py', 8, 'unittest.case.SkipTest: Linux only')</skipped></testcase><testcase classname="" name="Program Files.Python312.Lib.test.test_pickle" time="0.000"><error message="collection failure">import file mismatch:
imported module 'test.test_pickle' has this __file__ attribute:
  C:\Program Files\MySQL\MySQL Shell 8.0\lib\Python3.12\Lib\test\test_pickle.py
which is not the same as the test file we want to collect:
  C:\Program Files\Python312\Lib\test\test_pickle.py
HINT: remove __pycache__ / .pyc files and/or use a unique basename for your test file modules</error></testcase><testcase classname="" name="Program Files.Python312.Lib.test.test_picklebuffer" time="0.000"><error message="collection failure">import file mismatch:
imported module 'test.test_picklebuffer' has this __file__ attribute:
  C:\Program Files\MySQL\MySQL Shell 8.0\lib\Python3.12\Lib\test\test_picklebuffer.py
which is not the same as the test file we want to collect:
  C:\Program Files\Python312\Lib\test\test_picklebuffer.py
HINT: remove __pycache__ / .pyc files and/or use a unique basename for your test file modules</error></testcase><testcase classname="" name="Program Files.Python312.Lib.test.test_pickletools" time="0.000"><error message="collection failure">import file mismatch:
imported module 'test.test_pickletools' has this __file__ attribute:
  C:\Program Files\MySQL\MySQL Shell 8.0\lib\Python3.12\Lib\test\test_pickletools.py
which is not the same as the test file we want to collect:
  C:\Program Files\Python312\Lib\test\test_pickletools.py
HINT: remove __pycache__ / .pyc files and/or use a unique basename for your test file modules</error></testcase><testcase classname="" name="Program Files.Python312.Lib.test.test_pipes" time="0.000"><skipped message="collection skipped">('C:\\Program Files\\MySQL\\MySQL Shell 8.0\\lib\\Python3.12\\Lib\\test\\test_pipes.py', 13, 'unittest.case.SkipTest: pipes module only works on posix')</skipped></testcase><testcase classname="" name="Program Files.Python312.Lib.test.test_pkg" time="0.000"><error message="collection failure">import file mismatch:
imported module 'test.test_pkg' has this __file__ attribute:
  C:\Program Files\MySQL\MySQL Shell 8.0\lib\Python3.12\Lib\test\test_pkg.py
which is not the same as the test file we want to collect:
  C:\Program Files\Python312\Lib\test\test_pkg.py
HINT: remove __pycache__ / .pyc files and/or use a unique basename for your test file modules</error></testcase><testcase classname="" name="Program Files.Python312.Lib.test.test_pkgutil" time="0.000"><error message="collection failure">import file mismatch:
imported module 'test.test_pkgutil' has this __file__ attribute:
  C:\Program Files\MySQL\MySQL Shell 8.0\lib\Python3.12\Lib\test\test_pkgutil.py
which is not the same as the test file we want to collect:
  C:\Program Files\Python312\Lib\test\test_pkgutil.py
HINT: remove __pycache__ / .pyc files and/or use a unique basename for your test file modules</error></testcase><testcase classname="" name="Program Files.Python312.Lib.test.test_platform" time="0.000"><error message="collection failure">import file mismatch:
imported module 'test.test_platform' has this __file__ attribute:
  C:\Program Files\MySQL\MySQL Shell 8.0\lib\Python3.12\Lib\test\test_platform.py
which is not the same as the test file we want to collect:
  C:\Program Files\Python312\Lib\test\test_platform.py
HINT: remove __pycache__ / .pyc files and/or use a unique basename for your test file modules</error></testcase><testcase classname="" name="Program Files.Python312.Lib.test.test_plistlib" time="0.000"><error message="collection failure">import file mismatch:
imported module 'test.test_plistlib' has this __file__ attribute:
  C:\Program Files\MySQL\MySQL Shell 8.0\lib\Python3.12\Lib\test\test_plistlib.py
which is not the same as the test file we want to collect:
  C:\Program Files\Python312\Lib\test\test_plistlib.py
HINT: remove __pycache__ / .pyc files and/or use a unique basename for your test file modules</error></testcase><testcase classname="" name="Program Files.Python312.Lib.test.test_poll" time="0.000"><skipped message="collection skipped">('C:\\Program Files\\MySQL\\MySQL Shell 8.0\\lib\\Python3.12\\Lib\\test\\test_poll.py', 20, 'unittest.case.SkipTest: select.poll not defined')</skipped></testcase><testcase classname="" name="Program Files.Python312.Lib.test.test_popen" time="0.000"><error message="collection failure">import file mismatch:
imported module 'test.test_popen' has this __file__ attribute:
  C:\Program Files\MySQL\MySQL Shell 8.0\lib\Python3.12\Lib\test\test_popen.py
which is not the same as the test file we want to collect:
  C:\Program Files\Python312\Lib\test\test_popen.py
HINT: remove __pycache__ / .pyc files and/or use a unique basename for your test file modules</error></testcase><testcase classname="" name="Program Files.Python312.Lib.test.test_poplib" time="0.000"><error message="collection failure">import file mismatch:
imported module 'test.test_poplib' has this __file__ attribute:
  C:\Program Files\MySQL\MySQL Shell 8.0\lib\Python3.12\Lib\test\test_poplib.py
which is not the same as the test file we want to collect:
  C:\Program Files\Python312\Lib\test\test_poplib.py
HINT: remove __pycache__ / .pyc files and/or use a unique basename for your test file modules</error></testcase><testcase classname="" name="Program Files.Python312.Lib.test.test_positional_only_arg" time="0.000"><error message="collection failure">import file mismatch:
imported module 'test.test_positional_only_arg' has this __file__ attribute:
  C:\Program Files\MySQL\MySQL Shell 8.0\lib\Python3.12\Lib\test\test_positional_only_arg.py
which is not the same as the test file we want to collect:
  C:\Program Files\Python312\Lib\test\test_positional_only_arg.py
HINT: remove __pycache__ / .pyc files and/or use a unique basename for your test file modules</error></testcase><testcase classname="" name="Program Files.Python312.Lib.test.test_posix" time="0.000"><error message="collection failure">import file mismatch:
imported module 'test.test_posix' has this __file__ attribute:
  C:\Program Files\MySQL\MySQL Shell 8.0\lib\Python3.12\Lib\test\test_posix.py
which is not the same as the test file we want to collect:
  C:\Program Files\Python312\Lib\test\test_posix.py
HINT: remove __pycache__ / .pyc files and/or use a unique basename for your test file modules</error></testcase><testcase classname="" name="Program Files.Python312.Lib.test.test_posixpath" time="0.000"><error message="collection failure">import file mismatch:
imported module 'test.test_posixpath' has this __file__ attribute:
  C:\Program Files\MySQL\MySQL Shell 8.0\lib\Python3.12\Lib\test\test_posixpath.py
which is not the same as the test file we want to collect:
  C:\Program Files\Python312\Lib\test\test_posixpath.py
HINT: remove __pycache__ / .pyc files and/or use a unique basename for your test file modules</error></testcase><testcase classname="" name="Program Files.Python312.Lib.test.test_pow" time="0.000"><error message="collection failure">import file mismatch:
imported module 'test.test_pow' has this __file__ attribute:
  C:\Program Files\MySQL\MySQL Shell 8.0\lib\Python3.12\Lib\test\test_pow.py
which is not the same as the test file we want to collect:
  C:\Program Files\Python312\Lib\test\test_pow.py
HINT: remove __pycache__ / .pyc files and/or use a unique basename for your test file modules</error></testcase><testcase classname="" name="Program Files.Python312.Lib.test.test_pprint" time="0.000"><error message="collection failure">import file mismatch:
imported module 'test.test_pprint' has this __file__ attribute:
  C:\Program Files\MySQL\MySQL Shell 8.0\lib\Python3.12\Lib\test\test_pprint.py
which is not the same as the test file we want to collect:
  C:\Program Files\Python312\Lib\test\test_pprint.py
HINT: remove __pycache__ / .pyc files and/or use a unique basename for your test file modules</error></testcase><testcase classname="" name="Program Files.Python312.Lib.test.test_print" time="0.000"><error message="collection failure">import file mismatch:
imported module 'test.test_print' has this __file__ attribute:
  C:\Program Files\MySQL\MySQL Shell 8.0\lib\Python3.12\Lib\test\test_print.py
which is not the same as the test file we want to collect:
  C:\Program Files\Python312\Lib\test\test_print.py
HINT: remove __pycache__ / .pyc files and/or use a unique basename for your test file modules</error></testcase><testcase classname="" name="Program Files.Python312.Lib.test.test_profile" time="0.000"><error message="collection failure">import file mismatch:
imported module 'test.test_profile' has this __file__ attribute:
  C:\Program Files\MySQL\MySQL Shell 8.0\lib\Python3.12\Lib\test\test_profile.py
which is not the same as the test file we want to collect:
  C:\Program Files\Python312\Lib\test\test_profile.py
HINT: remove __pycache__ / .pyc files and/or use a unique basename for your test file modules</error></testcase><testcase classname="" name="Program Files.Python312.Lib.test.test_property" time="0.000"><error message="collection failure">import file mismatch:
imported module 'test.test_property' has this __file__ attribute:
  C:\Program Files\MySQL\MySQL Shell 8.0\lib\Python3.12\Lib\test\test_property.py
which is not the same as the test file we want to collect:
  C:\Program Files\Python312\Lib\test\test_property.py
HINT: remove __pycache__ / .pyc files and/or use a unique basename for your test file modules</error></testcase><testcase classname="" name="Program Files.Python312.Lib.test.test_pstats" time="0.000"><error message="collection failure">import file mismatch:
imported module 'test.test_pstats' has this __file__ attribute:
  C:\Program Files\MySQL\MySQL Shell 8.0\lib\Python3.12\Lib\test\test_pstats.py
which is not the same as the test file we want to collect:
  C:\Program Files\Python312\Lib\test\test_pstats.py
HINT: remove __pycache__ / .pyc files and/or use a unique basename for your test file modules</error></testcase><testcase classname="" name="Program Files.Python312.Lib.test.test_pty" time="0.000"><skipped message="collection skipped">('C:\\Program Files\\MySQL\\MySQL Shell 8.0\\lib\\Python3.12\\Lib\\test\\support\\import_helper.py', 82, "unittest.case.SkipTest: No module named 'termios'")</skipped></testcase><testcase classname="" name="Program Files.Python312.Lib.test.test_pulldom" time="0.000"><error message="collection failure">import file mismatch:
imported module 'test.test_pulldom' has this __file__ attribute:
  C:\Program Files\MySQL\MySQL Shell 8.0\lib\Python3.12\Lib\test\test_pulldom.py
which is not the same as the test file we want to collect:
  C:\Program Files\Python312\Lib\test\test_pulldom.py
HINT: remove __pycache__ / .pyc files and/or use a unique basename for your test file modules</error></testcase><testcase classname="" name="Program Files.Python312.Lib.test.test_pwd" time="0.000"><skipped message="collection skipped">('C:\\Program Files\\MySQL\\MySQL Shell 8.0\\lib\\Python3.12\\Lib\\test\\support\\import_helper.py', 82, "unittest.case.SkipTest: No module named 'pwd'")</skipped></testcase><testcase classname="" name="Program Files.Python312.Lib.test.test_py_compile" time="0.000"><error message="collection failure">import file mismatch:
imported module 'test.test_py_compile' has this __file__ attribute:
  C:\Program Files\MySQL\MySQL Shell 8.0\lib\Python3.12\Lib\test\test_py_compile.py
which is not the same as the test file we want to collect:
  C:\Program Files\Python312\Lib\test\test_py_compile.py
HINT: remove __pycache__ / .pyc files and/or use a unique basename for your test file modules</error></testcase><testcase classname="" name="Program Files.Python312.Lib.test.test_pyclbr" time="0.000"><error message="collection failure">import file mismatch:
imported module 'test.test_pyclbr' has this __file__ attribute:
  C:\Program Files\MySQL\MySQL Shell 8.0\lib\Python3.12\Lib\test\test_pyclbr.py
which is not the same as the test file we want to collect:
  C:\Program Files\Python312\Lib\test\test_pyclbr.py
HINT: remove __pycache__ / .pyc files and/or use a unique basename for your test file modules</error></testcase><testcase classname="" name="Program Files.Python312.Lib.test.test_pydoc.test_pydoc" time="0.000"><error message="collection failure">ImportError while importing test module 'C:\Program Files\Python312\Lib\test\test_pydoc\test_pydoc.py'.
Hint: make sure your test modules/packages have valid Python names.
Traceback:
C:\Users\brysi\AppData\Roaming\Python\Python312\site-packages\_pytest\python.py:492: in importtestmodule
    mod = import_path(
C:\Users\brysi\AppData\Roaming\Python\Python312\site-packages\_pytest\pathlib.py:591: in import_path
    importlib.import_module(module_name)
C:\Program Files\Python312\Lib\importlib\__init__.py:90: in import_module
    return _bootstrap._gcd_import(name[level:], package, level)
&lt;frozen importlib._bootstrap&gt;:1387: in _gcd_import
    ???
&lt;frozen importlib._bootstrap&gt;:1360: in _find_and_load
    ???
&lt;frozen importlib._bootstrap&gt;:1319: in _find_and_load_unlocked
    ???
E   ModuleNotFoundError: No module named 'test.test_pydoc.test_pydoc'; 'test.test_pydoc' is not a package</error></testcase><testcase classname="" name="Program Files.Python312.Lib.test.test_pyexpat" time="0.000"><error message="collection failure">import file mismatch:
imported module 'test.test_pyexpat' has this __file__ attribute:
  C:\Program Files\MySQL\MySQL Shell 8.0\lib\Python3.12\Lib\test\test_pyexpat.py
which is not the same as the test file we want to collect:
  C:\Program Files\Python312\Lib\test\test_pyexpat.py
HINT: remove __pycache__ / .pyc files and/or use a unique basename for your test file modules</error></testcase><testcase classname="" name="Program Files.Python312.Lib.test.test_queue" time="0.000"><error message="collection failure">import file mismatch:
imported module 'test.test_queue' has this __file__ attribute:
  C:\Program Files\MySQL\MySQL Shell 8.0\lib\Python3.12\Lib\test\test_queue.py
which is not the same as the test file we want to collect:
  C:\Program Files\Python312\Lib\test\test_queue.py
HINT: remove __pycache__ / .pyc files and/or use a unique basename for your test file modules</error></testcase><testcase classname="" name="Program Files.Python312.Lib.test.test_quopri" time="0.000"><error message="collection failure">import file mismatch:
imported module 'test.test_quopri' has this __file__ attribute:
  C:\Program Files\MySQL\MySQL Shell 8.0\lib\Python3.12\Lib\test\test_quopri.py
which is not the same as the test file we want to collect:
  C:\Program Files\Python312\Lib\test\test_quopri.py
HINT: remove __pycache__ / .pyc files and/or use a unique basename for your test file modules</error></testcase><testcase classname="" name="Program Files.Python312.Lib.test.test_raise" time="0.000"><error message="collection failure">import file mismatch:
imported module 'test.test_raise' has this __file__ attribute:
  C:\Program Files\MySQL\MySQL Shell 8.0\lib\Python3.12\Lib\test\test_raise.py
which is not the same as the test file we want to collect:
  C:\Program Files\Python312\Lib\test\test_raise.py
HINT: remove __pycache__ / .pyc files and/or use a unique basename for your test file modules</error></testcase><testcase classname="" name="Program Files.Python312.Lib.test.test_random" time="0.000"><error message="collection failure">import file mismatch:
imported module 'test.test_random' has this __file__ attribute:
  C:\Program Files\MySQL\MySQL Shell 8.0\lib\Python3.12\Lib\test\test_random.py
which is not the same as the test file we want to collect:
  C:\Program Files\Python312\Lib\test\test_random.py
HINT: remove __pycache__ / .pyc files and/or use a unique basename for your test file modules</error></testcase><testcase classname="" name="Program Files.Python312.Lib.test.test_range" time="0.000"><error message="collection failure">import file mismatch:
imported module 'test.test_range' has this __file__ attribute:
  C:\Program Files\MySQL\MySQL Shell 8.0\lib\Python3.12\Lib\test\test_range.py
which is not the same as the test file we want to collect:
  C:\Program Files\Python312\Lib\test\test_range.py
HINT: remove __pycache__ / .pyc files and/or use a unique basename for your test file modules</error></testcase><testcase classname="" name="Program Files.Python312.Lib.test.test_re" time="0.000"><error message="collection failure">import file mismatch:
imported module 'test.test_re' has this __file__ attribute:
  C:\Program Files\MySQL\MySQL Shell 8.0\lib\Python3.12\Lib\test\test_re.py
which is not the same as the test file we want to collect:
  C:\Program Files\Python312\Lib\test\test_re.py
HINT: remove __pycache__ / .pyc files and/or use a unique basename for your test file modules</error></testcase><testcase classname="" name="Program Files.Python312.Lib.test.test_readline" time="0.000"><error message="collection failure">C:\Program Files\Python312\Lib\importlib\__init__.py:90: in import_module
    return _bootstrap._gcd_import(name[level:], package, level)
&lt;frozen importlib._bootstrap&gt;:1387: in _gcd_import
    ???
&lt;frozen importlib._bootstrap&gt;:1360: in _find_and_load
    ???
&lt;frozen importlib._bootstrap&gt;:1331: in _find_and_load_unlocked
    ???
&lt;frozen importlib._bootstrap&gt;:935: in _load_unlocked
    ???
C:\Users\brysi\AppData\Roaming\Python\Python312\site-packages\_pytest\assertion\rewrite.py:178: in exec_module
    exec(co, module.__dict__)
C:\Program Files\MySQL\MySQL Shell 8.0\lib\Python3.12\Lib\test\test_readline.py:136: in &lt;module&gt;
    class TestReadline(unittest.TestCase):
C:\Program Files\MySQL\MySQL Shell 8.0\lib\Python3.12\Lib\test\test_readline.py:138: in TestReadline
    @unittest.skipIf(readline._READLINE_VERSION &lt; 0x0601 and not is_editline,
E   AttributeError: module 'readline' has no attribute '_READLINE_VERSION'</error></testcase><testcase classname="" name="Program Files.Python312.Lib.test.test_regrtest" time="0.000"><error message="collection failure">import file mismatch:
imported module 'test.test_regrtest' has this __file__ attribute:
  C:\Program Files\MySQL\MySQL Shell 8.0\lib\Python3.12\Lib\test\test_regrtest.py
which is not the same as the test file we want to collect:
  C:\Program Files\Python312\Lib\test\test_regrtest.py
HINT: remove __pycache__ / .pyc files and/or use a unique basename for your test file modules</error></testcase><testcase classname="" name="Program Files.Python312.Lib.test.test_repl" time="0.000"><error message="collection failure">import file mismatch:
imported module 'test.test_repl' has this __file__ attribute:
  C:\Program Files\MySQL\MySQL Shell 8.0\lib\Python3.12\Lib\test\test_repl.py
which is not the same as the test file we want to collect:
  C:\Program Files\Python312\Lib\test\test_repl.py
HINT: remove __pycache__ / .pyc files and/or use a unique basename for your test file modules</error></testcase><testcase classname="" name="Program Files.Python312.Lib.test.test_reprlib" time="0.000"><error message="collection failure">import file mismatch:
imported module 'test.test_reprlib' has this __file__ attribute:
  C:\Program Files\MySQL\MySQL Shell 8.0\lib\Python3.12\Lib\test\test_reprlib.py
which is not the same as the test file we want to collect:
  C:\Program Files\Python312\Lib\test\test_reprlib.py
HINT: remove __pycache__ / .pyc files and/or use a unique basename for your test file modules</error></testcase><testcase classname="" name="Program Files.Python312.Lib.test.test_resource" time="0.000"><skipped message="collection skipped">('C:\\Program Files\\MySQL\\MySQL Shell 8.0\\lib\\Python3.12\\Lib\\test\\support\\import_helper.py', 82, "unittest.case.SkipTest: No module named 'resource'")</skipped></testcase><testcase classname="" name="Program Files.Python312.Lib.test.test_richcmp" time="0.000"><error message="collection failure">import file mismatch:
imported module 'test.test_richcmp' has this __file__ attribute:
  C:\Program Files\MySQL\MySQL Shell 8.0\lib\Python3.12\Lib\test\test_richcmp.py
which is not the same as the test file we want to collect:
  C:\Program Files\Python312\Lib\test\test_richcmp.py
HINT: remove __pycache__ / .pyc files and/or use a unique basename for your test file modules</error></testcase><testcase classname="" name="Program Files.Python312.Lib.test.test_rlcompleter" time="0.000"><error message="collection failure">import file mismatch:
imported module 'test.test_rlcompleter' has this __file__ attribute:
  C:\Program Files\MySQL\MySQL Shell 8.0\lib\Python3.12\Lib\test\test_rlcompleter.py
which is not the same as the test file we want to collect:
  C:\Program Files\Python312\Lib\test\test_rlcompleter.py
HINT: remove __pycache__ / .pyc files and/or use a unique basename for your test file modules</error></testcase><testcase classname="" name="Program Files.Python312.Lib.test.test_robotparser" time="0.000"><error message="collection failure">import file mismatch:
imported module 'test.test_robotparser' has this __file__ attribute:
  C:\Program Files\MySQL\MySQL Shell 8.0\lib\Python3.12\Lib\test\test_robotparser.py
which is not the same as the test file we want to collect:
  C:\Program Files\Python312\Lib\test\test_robotparser.py
HINT: remove __pycache__ / .pyc files and/or use a unique basename for your test file modules</error></testcase><testcase classname="" name="Program Files.Python312.Lib.test.test_runpy" time="0.000"><error message="collection failure">import file mismatch:
imported module 'test.test_runpy' has this __file__ attribute:
  C:\Program Files\MySQL\MySQL Shell 8.0\lib\Python3.12\Lib\test\test_runpy.py
which is not the same as the test file we want to collect:
  C:\Program Files\Python312\Lib\test\test_runpy.py
HINT: remove __pycache__ / .pyc files and/or use a unique basename for your test file modules</error></testcase><testcase classname="" name="Program Files.Python312.Lib.test.test_sax" time="0.000"><error message="collection failure">import file mismatch:
imported module 'test.test_sax' has this __file__ attribute:
  C:\Program Files\MySQL\MySQL Shell 8.0\lib\Python3.12\Lib\test\test_sax.py
which is not the same as the test file we want to collect:
  C:\Program Files\Python312\Lib\test\test_sax.py
HINT: remove __pycache__ / .pyc files and/or use a unique basename for your test file modules</error></testcase><testcase classname="" name="Program Files.Python312.Lib.test.test_sched" time="0.000"><error message="collection failure">import file mismatch:
imported module 'test.test_sched' has this __file__ attribute:
  C:\Program Files\MySQL\MySQL Shell 8.0\lib\Python3.12\Lib\test\test_sched.py
which is not the same as the test file we want to collect:
  C:\Program Files\Python312\Lib\test\test_sched.py
HINT: remove __pycache__ / .pyc files and/or use a unique basename for your test file modules</error></testcase><testcase classname="" name="Program Files.Python312.Lib.test.test_scope" time="0.000"><error message="collection failure">import file mismatch:
imported module 'test.test_scope' has this __file__ attribute:
  C:\Program Files\MySQL\MySQL Shell 8.0\lib\Python3.12\Lib\test\test_scope.py
which is not the same as the test file we want to collect:
  C:\Program Files\Python312\Lib\test\test_scope.py
HINT: remove __pycache__ / .pyc files and/or use a unique basename for your test file modules</error></testcase><testcase classname="" name="Program Files.Python312.Lib.test.test_script_helper" time="0.000"><error message="collection failure">import file mismatch:
imported module 'test.test_script_helper' has this __file__ attribute:
  C:\Program Files\MySQL\MySQL Shell 8.0\lib\Python3.12\Lib\test\test_script_helper.py
which is not the same as the test file we want to collect:
  C:\Program Files\Python312\Lib\test\test_script_helper.py
HINT: remove __pycache__ / .pyc files and/or use a unique basename for your test file modules</error></testcase><testcase classname="" name="Program Files.Python312.Lib.test.test_secrets" time="0.000"><error message="collection failure">import file mismatch:
imported module 'test.test_secrets' has this __file__ attribute:
  C:\Program Files\MySQL\MySQL Shell 8.0\lib\Python3.12\Lib\test\test_secrets.py
which is not the same as the test file we want to collect:
  C:\Program Files\Python312\Lib\test\test_secrets.py
HINT: remove __pycache__ / .pyc files and/or use a unique basename for your test file modules</error></testcase><testcase classname="" name="Program Files.Python312.Lib.test.test_select" time="0.000"><error message="collection failure">import file mismatch:
imported module 'test.test_select' has this __file__ attribute:
  C:\Program Files\MySQL\MySQL Shell 8.0\lib\Python3.12\Lib\test\test_select.py
which is not the same as the test file we want to collect:
  C:\Program Files\Python312\Lib\test\test_select.py
HINT: remove __pycache__ / .pyc files and/or use a unique basename for your test file modules</error></testcase><testcase classname="" name="Program Files.Python312.Lib.test.test_selectors" time="0.000"><error message="collection failure">import file mismatch:
imported module 'test.test_selectors' has this __file__ attribute:
  C:\Program Files\MySQL\MySQL Shell 8.0\lib\Python3.12\Lib\test\test_selectors.py
which is not the same as the test file we want to collect:
  C:\Program Files\Python312\Lib\test\test_selectors.py
HINT: remove __pycache__ / .pyc files and/or use a unique basename for your test file modules</error></testcase><testcase classname="" name="Program Files.Python312.Lib.test.test_set" time="0.000"><error message="collection failure">import file mismatch:
imported module 'test.test_set' has this __file__ attribute:
  C:\Program Files\MySQL\MySQL Shell 8.0\lib\Python3.12\Lib\test\test_set.py
which is not the same as the test file we want to collect:
  C:\Program Files\Python312\Lib\test\test_set.py
HINT: remove __pycache__ / .pyc files and/or use a unique basename for your test file modules</error></testcase><testcase classname="" name="Program Files.Python312.Lib.test.test_setcomps" time="0.000"><error message="collection failure">import file mismatch:
imported module 'test.test_setcomps' has this __file__ attribute:
  C:\Program Files\MySQL\MySQL Shell 8.0\lib\Python3.12\Lib\test\test_setcomps.py
which is not the same as the test file we want to collect:
  C:\Program Files\Python312\Lib\test\test_setcomps.py
HINT: remove __pycache__ / .pyc files and/or use a unique basename for your test file modules</error></testcase><testcase classname="" name="Program Files.Python312.Lib.test.test_shelve" time="0.000"><error message="collection failure">import file mismatch:
imported module 'test.test_shelve' has this __file__ attribute:
  C:\Program Files\MySQL\MySQL Shell 8.0\lib\Python3.12\Lib\test\test_shelve.py
which is not the same as the test file we want to collect:
  C:\Program Files\Python312\Lib\test\test_shelve.py
HINT: remove __pycache__ / .pyc files and/or use a unique basename for your test file modules</error></testcase><testcase classname="" name="Program Files.Python312.Lib.test.test_shlex" time="0.000"><error message="collection failure">import file mismatch:
imported module 'test.test_shlex' has this __file__ attribute:
  C:\Program Files\MySQL\MySQL Shell 8.0\lib\Python3.12\Lib\test\test_shlex.py
which is not the same as the test file we want to collect:
  C:\Program Files\Python312\Lib\test\test_shlex.py
HINT: remove __pycache__ / .pyc files and/or use a unique basename for your test file modules</error></testcase><testcase classname="" name="Program Files.Python312.Lib.test.test_shutil" time="0.000"><error message="collection failure">import file mismatch:
imported module 'test.test_shutil' has this __file__ attribute:
  C:\Program Files\MySQL\MySQL Shell 8.0\lib\Python3.12\Lib\test\test_shutil.py
which is not the same as the test file we want to collect:
  C:\Program Files\Python312\Lib\test\test_shutil.py
HINT: remove __pycache__ / .pyc files and/or use a unique basename for your test file modules</error></testcase><testcase classname="" name="Program Files.Python312.Lib.test.test_signal" time="0.000"><error message="collection failure">import file mismatch:
imported module 'test.test_signal' has this __file__ attribute:
  C:\Program Files\MySQL\MySQL Shell 8.0\lib\Python3.12\Lib\test\test_signal.py
which is not the same as the test file we want to collect:
  C:\Program Files\Python312\Lib\test\test_signal.py
HINT: remove __pycache__ / .pyc files and/or use a unique basename for your test file modules</error></testcase><testcase classname="" name="Program Files.Python312.Lib.test.test_site" time="0.000"><error message="collection failure">import file mismatch:
imported module 'test.test_site' has this __file__ attribute:
  C:\Program Files\MySQL\MySQL Shell 8.0\lib\Python3.12\Lib\test\test_site.py
which is not the same as the test file we want to collect:
  C:\Program Files\Python312\Lib\test\test_site.py
HINT: remove __pycache__ / .pyc files and/or use a unique basename for your test file modules</error></testcase><testcase classname="" name="Program Files.Python312.Lib.test.test_slice" time="0.000"><error message="collection failure">import file mismatch:
imported module 'test.test_slice' has this __file__ attribute:
  C:\Program Files\MySQL\MySQL Shell 8.0\lib\Python3.12\Lib\test\test_slice.py
which is not the same as the test file we want to collect:
  C:\Program Files\Python312\Lib\test\test_slice.py
HINT: remove __pycache__ / .pyc files and/or use a unique basename for your test file modules</error></testcase><testcase classname="" name="Program Files.Python312.Lib.test.test_smtplib" time="0.000"><error message="collection failure">import file mismatch:
imported module 'test.test_smtplib' has this __file__ attribute:
  C:\Program Files\MySQL\MySQL Shell 8.0\lib\Python3.12\Lib\test\test_smtplib.py
which is not the same as the test file we want to collect:
  C:\Program Files\Python312\Lib\test\test_smtplib.py
HINT: remove __pycache__ / .pyc files and/or use a unique basename for your test file modules</error></testcase><testcase classname="" name="Program Files.Python312.Lib.test.test_smtpnet" time="0.000"><error message="collection failure">import file mismatch:
imported module 'test.test_smtpnet' has this __file__ attribute:
  C:\Program Files\MySQL\MySQL Shell 8.0\lib\Python3.12\Lib\test\test_smtpnet.py
which is not the same as the test file we want to collect:
  C:\Program Files\Python312\Lib\test\test_smtpnet.py
HINT: remove __pycache__ / .pyc files and/or use a unique basename for your test file modules</error></testcase><testcase classname="" name="Program Files.Python312.Lib.test.test_sndhdr" time="0.000"><error message="collection failure">import file mismatch:
imported module 'test.test_sndhdr' has this __file__ attribute:
  C:\Program Files\MySQL\MySQL Shell 8.0\lib\Python3.12\Lib\test\test_sndhdr.py
which is not the same as the test file we want to collect:
  C:\Program Files\Python312\Lib\test\test_sndhdr.py
HINT: remove __pycache__ / .pyc files and/or use a unique basename for your test file modules</error></testcase><testcase classname="" name="Program Files.Python312.Lib.test.test_socket" time="0.000"><error message="collection failure">import file mismatch:
imported module 'test.test_socket' has this __file__ attribute:
  C:\Program Files\MySQL\MySQL Shell 8.0\lib\Python3.12\Lib\test\test_socket.py
which is not the same as the test file we want to collect:
  C:\Program Files\Python312\Lib\test\test_socket.py
HINT: remove __pycache__ / .pyc files and/or use a unique basename for your test file modules</error></testcase><testcase classname="" name="Program Files.Python312.Lib.test.test_socketserver" time="0.000"><error message="collection failure">import file mismatch:
imported module 'test.test_socketserver' has this __file__ attribute:
  C:\Program Files\MySQL\MySQL Shell 8.0\lib\Python3.12\Lib\test\test_socketserver.py
which is not the same as the test file we want to collect:
  C:\Program Files\Python312\Lib\test\test_socketserver.py
HINT: remove __pycache__ / .pyc files and/or use a unique basename for your test file modules</error></testcase><testcase classname="" name="Program Files.Python312.Lib.test.test_sort" time="0.000"><error message="collection failure">import file mismatch:
imported module 'test.test_sort' has this __file__ attribute:
  C:\Program Files\MySQL\MySQL Shell 8.0\lib\Python3.12\Lib\test\test_sort.py
which is not the same as the test file we want to collect:
  C:\Program Files\Python312\Lib\test\test_sort.py
HINT: remove __pycache__ / .pyc files and/or use a unique basename for your test file modules</error></testcase><testcase classname="" name="Program Files.Python312.Lib.test.test_source_encoding" time="0.000"><error message="collection failure">import file mismatch:
imported module 'test.test_source_encoding' has this __file__ attribute:
  C:\Program Files\MySQL\MySQL Shell 8.0\lib\Python3.12\Lib\test\test_source_encoding.py
which is not the same as the test file we want to collect:
  C:\Program Files\Python312\Lib\test\test_source_encoding.py
HINT: remove __pycache__ / .pyc files and/or use a unique basename for your test file modules</error></testcase><testcase classname="" name="Program Files.Python312.Lib.test.test_spwd" time="0.000"><skipped message="collection skipped">('C:\\Program Files\\MySQL\\MySQL Shell 8.0\\lib\\Python3.12\\Lib\\test\\support\\import_helper.py', 82, "unittest.case.SkipTest: No module named 'spwd'")</skipped></testcase><testcase classname="" name="Program Files.Python312.Lib.test.test_sqlite3.test_backup" time="0.000"><error message="collection failure">import file mismatch:
imported module 'test.test_sqlite3.test_backup' has this __file__ attribute:
  C:\Program Files\MySQL\MySQL Shell 8.0\lib\Python3.12\Lib\test\test_sqlite3\test_backup.py
which is not the same as the test file we want to collect:
  C:\Program Files\Python312\Lib\test\test_sqlite3\test_backup.py
HINT: remove __pycache__ / .pyc files and/or use a unique basename for your test file modules</error></testcase><testcase classname="" name="Program Files.Python312.Lib.test.test_sqlite3.test_cli" time="0.000"><error message="collection failure">import file mismatch:
imported module 'test.test_sqlite3.test_cli' has this __file__ attribute:
  C:\Program Files\MySQL\MySQL Shell 8.0\lib\Python3.12\Lib\test\test_sqlite3\test_cli.py
which is not the same as the test file we want to collect:
  C:\Program Files\Python312\Lib\test\test_sqlite3\test_cli.py
HINT: remove __pycache__ / .pyc files and/or use a unique basename for your test file modules</error></testcase><testcase classname="" name="Program Files.Python312.Lib.test.test_sqlite3.test_dbapi" time="0.000"><error message="collection failure">import file mismatch:
imported module 'test.test_sqlite3.test_dbapi' has this __file__ attribute:
  C:\Program Files\MySQL\MySQL Shell 8.0\lib\Python3.12\Lib\test\test_sqlite3\test_dbapi.py
which is not the same as the test file we want to collect:
  C:\Program Files\Python312\Lib\test\test_sqlite3\test_dbapi.py
HINT: remove __pycache__ / .pyc files and/or use a unique basename for your test file modules</error></testcase><testcase classname="" name="Program Files.Python312.Lib.test.test_sqlite3.test_dump" time="0.000"><error message="collection failure">import file mismatch:
imported module 'test.test_sqlite3.test_dump' has this __file__ attribute:
  C:\Program Files\MySQL\MySQL Shell 8.0\lib\Python3.12\Lib\test\test_sqlite3\test_dump.py
which is not the same as the test file we want to collect:
  C:\Program Files\Python312\Lib\test\test_sqlite3\test_dump.py
HINT: remove __pycache__ / .pyc files and/or use a unique basename for your test file modules</error></testcase><testcase classname="" name="Program Files.Python312.Lib.test.test_sqlite3.test_factory" time="0.000"><error message="collection failure">import file mismatch:
imported module 'test.test_sqlite3.test_factory' has this __file__ attribute:
  C:\Program Files\MySQL\MySQL Shell 8.0\lib\Python3.12\Lib\test\test_sqlite3\test_factory.py
which is not the same as the test file we want to collect:
  C:\Program Files\Python312\Lib\test\test_sqlite3\test_factory.py
HINT: remove __pycache__ / .pyc files and/or use a unique basename for your test file modules</error></testcase><testcase classname="" name="Program Files.Python312.Lib.test.test_sqlite3.test_hooks" time="0.000"><error message="collection failure">import file mismatch:
imported module 'test.test_sqlite3.test_hooks' has this __file__ attribute:
  C:\Program Files\MySQL\MySQL Shell 8.0\lib\Python3.12\Lib\test\test_sqlite3\test_hooks.py
which is not the same as the test file we want to collect:
  C:\Program Files\Python312\Lib\test\test_sqlite3\test_hooks.py
HINT: remove __pycache__ / .pyc files and/or use a unique basename for your test file modules</error></testcase><testcase classname="" name="Program Files.Python312.Lib.test.test_sqlite3.test_regression" time="0.000"><error message="collection failure">import file mismatch:
imported module 'test.test_sqlite3.test_regression' has this __file__ attribute:
  C:\Program Files\MySQL\MySQL Shell 8.0\lib\Python3.12\Lib\test\test_sqlite3\test_regression.py
which is not the same as the test file we want to collect:
  C:\Program Files\Python312\Lib\test\test_sqlite3\test_regression.py
HINT: remove __pycache__ / .pyc files and/or use a unique basename for your test file modules</error></testcase><testcase classname="" name="Program Files.Python312.Lib.test.test_sqlite3.test_transactions" time="0.000"><error message="collection failure">import file mismatch:
imported module 'test.test_sqlite3.test_transactions' has this __file__ attribute:
  C:\Program Files\MySQL\MySQL Shell 8.0\lib\Python3.12\Lib\test\test_sqlite3\test_transactions.py
which is not the same as the test file we want to collect:
  C:\Program Files\Python312\Lib\test\test_sqlite3\test_transactions.py
HINT: remove __pycache__ / .pyc files and/or use a unique basename for your test file modules</error></testcase><testcase classname="" name="Program Files.Python312.Lib.test.test_sqlite3.test_types" time="0.000"><error message="collection failure">import file mismatch:
imported module 'test.test_sqlite3.test_types' has this __file__ attribute:
  C:\Program Files\MySQL\MySQL Shell 8.0\lib\Python3.12\Lib\test\test_sqlite3\test_types.py
which is not the same as the test file we want to collect:
  C:\Program Files\Python312\Lib\test\test_sqlite3\test_types.py
HINT: remove __pycache__ / .pyc files and/or use a unique basename for your test file modules</error></testcase><testcase classname="" name="Program Files.Python312.Lib.test.test_sqlite3.test_userfunctions" time="0.000"><error message="collection failure">import file mismatch:
imported module 'test.test_sqlite3.test_userfunctions' has this __file__ attribute:
  C:\Program Files\MySQL\MySQL Shell 8.0\lib\Python3.12\Lib\test\test_sqlite3\test_userfunctions.py
which is not the same as the test file we want to collect:
  C:\Program Files\Python312\Lib\test\test_sqlite3\test_userfunctions.py
HINT: remove __pycache__ / .pyc files and/or use a unique basename for your test file modules</error></testcase><testcase classname="" name="Program Files.Python312.Lib.test.test_ssl" time="0.000"><error message="collection failure">import file mismatch:
imported module 'test.test_ssl' has this __file__ attribute:
  C:\Program Files\MySQL\MySQL Shell 8.0\lib\Python3.12\Lib\test\test_ssl.py
which is not the same as the test file we want to collect:
  C:\Program Files\Python312\Lib\test\test_ssl.py
HINT: remove __pycache__ / .pyc files and/or use a unique basename for your test file modules</error></testcase><testcase classname="" name="Program Files.Python312.Lib.test.test_stable_abi_ctypes" time="0.000"><error message="collection failure">import file mismatch:
imported module 'test.test_stable_abi_ctypes' has this __file__ attribute:
  C:\Program Files\MySQL\MySQL Shell 8.0\lib\Python3.12\Lib\test\test_stable_abi_ctypes.py
which is not the same as the test file we want to collect:
  C:\Program Files\Python312\Lib\test\test_stable_abi_ctypes.py
HINT: remove __pycache__ / .pyc files and/or use a unique basename for your test file modules</error></testcase><testcase classname="" name="Program Files.Python312.Lib.test.test_startfile" time="0.000"><error message="collection failure">import file mismatch:
imported module 'test.test_startfile' has this __file__ attribute:
  C:\Program Files\MySQL\MySQL Shell 8.0\lib\Python3.12\Lib\test\test_startfile.py
which is not the same as the test file we want to collect:
  C:\Program Files\Python312\Lib\test\test_startfile.py
HINT: remove __pycache__ / .pyc files and/or use a unique basename for your test file modules</error></testcase><testcase classname="" name="Program Files.Python312.Lib.test.test_stat" time="0.000"><error message="collection failure">import file mismatch:
imported module 'test.test_stat' has this __file__ attribute:
  C:\Program Files\MySQL\MySQL Shell 8.0\lib\Python3.12\Lib\test\test_stat.py
which is not the same as the test file we want to collect:
  C:\Program Files\Python312\Lib\test\test_stat.py
HINT: remove __pycache__ / .pyc files and/or use a unique basename for your test file modules</error></testcase><testcase classname="" name="Program Files.Python312.Lib.test.test_statistics" time="0.000"><error message="collection failure">import file mismatch:
imported module 'test.test_statistics' has this __file__ attribute:
  C:\Program Files\MySQL\MySQL Shell 8.0\lib\Python3.12\Lib\test\test_statistics.py
which is not the same as the test file we want to collect:
  C:\Program Files\Python312\Lib\test\test_statistics.py
HINT: remove __pycache__ / .pyc files and/or use a unique basename for your test file modules</error></testcase><testcase classname="" name="Program Files.Python312.Lib.test.test_strftime" time="0.000"><error message="collection failure">import file mismatch:
imported module 'test.test_strftime' has this __file__ attribute:
  C:\Program Files\MySQL\MySQL Shell 8.0\lib\Python3.12\Lib\test\test_strftime.py
which is not the same as the test file we want to collect:
  C:\Program Files\Python312\Lib\test\test_strftime.py
HINT: remove __pycache__ / .pyc files and/or use a unique basename for your test file modules</error></testcase><testcase classname="" name="Program Files.Python312.Lib.test.test_string" time="0.000"><error message="collection failure">import file mismatch:
imported module 'test.test_string' has this __file__ attribute:
  C:\Program Files\MySQL\MySQL Shell 8.0\lib\Python3.12\Lib\test\test_string.py
which is not the same as the test file we want to collect:
  C:\Program Files\Python312\Lib\test\test_string.py
HINT: remove __pycache__ / .pyc files and/or use a unique basename for your test file modules</error></testcase><testcase classname="" name="Program Files.Python312.Lib.test.test_string_literals" time="0.000"><error message="collection failure">import file mismatch:
imported module 'test.test_string_literals' has this __file__ attribute:
  C:\Program Files\MySQL\MySQL Shell 8.0\lib\Python3.12\Lib\test\test_string_literals.py
which is not the same as the test file we want to collect:
  C:\Program Files\Python312\Lib\test\test_string_literals.py
HINT: remove __pycache__ / .pyc files and/or use a unique basename for your test file modules</error></testcase><testcase classname="" name="Program Files.Python312.Lib.test.test_stringprep" time="0.000"><error message="collection failure">import file mismatch:
imported module 'test.test_stringprep' has this __file__ attribute:
  C:\Program Files\MySQL\MySQL Shell 8.0\lib\Python3.12\Lib\test\test_stringprep.py
which is not the same as the test file we want to collect:
  C:\Program Files\Python312\Lib\test\test_stringprep.py
HINT: remove __pycache__ / .pyc files and/or use a unique basename for your test file modules</error></testcase><testcase classname="" name="Program Files.Python312.Lib.test.test_strptime" time="0.000"><error message="collection failure">import file mismatch:
imported module 'test.test_strptime' has this __file__ attribute:
  C:\Program Files\MySQL\MySQL Shell 8.0\lib\Python3.12\Lib\test\test_strptime.py
which is not the same as the test file we want to collect:
  C:\Program Files\Python312\Lib\test\test_strptime.py
HINT: remove __pycache__ / .pyc files and/or use a unique basename for your test file modules</error></testcase><testcase classname="" name="Program Files.Python312.Lib.test.test_strtod" time="0.000"><error message="collection failure">import file mismatch:
imported module 'test.test_strtod' has this __file__ attribute:
  C:\Program Files\MySQL\MySQL Shell 8.0\lib\Python3.12\Lib\test\test_strtod.py
which is not the same as the test file we want to collect:
  C:\Program Files\Python312\Lib\test\test_strtod.py
HINT: remove __pycache__ / .pyc files and/or use a unique basename for your test file modules</error></testcase><testcase classname="" name="Program Files.Python312.Lib.test.test_struct" time="0.000"><error message="collection failure">import file mismatch:
imported module 'test.test_struct' has this __file__ attribute:
  C:\Program Files\MySQL\MySQL Shell 8.0\lib\Python3.12\Lib\test\test_struct.py
which is not the same as the test file we want to collect:
  C:\Program Files\Python312\Lib\test\test_struct.py
HINT: remove __pycache__ / .pyc files and/or use a unique basename for your test file modules</error></testcase><testcase classname="" name="Program Files.Python312.Lib.test.test_structseq" time="0.000"><error message="collection failure">import file mismatch:
imported module 'test.test_structseq' has this __file__ attribute:
  C:\Program Files\MySQL\MySQL Shell 8.0\lib\Python3.12\Lib\test\test_structseq.py
which is not the same as the test file we want to collect:
  C:\Program Files\Python312\Lib\test\test_structseq.py
HINT: remove __pycache__ / .pyc files and/or use a unique basename for your test file modules</error></testcase><testcase classname="" name="Program Files.Python312.Lib.test.test_subclassinit" time="0.000"><error message="collection failure">import file mismatch:
imported module 'test.test_subclassinit' has this __file__ attribute:
  C:\Program Files\MySQL\MySQL Shell 8.0\lib\Python3.12\Lib\test\test_subclassinit.py
which is not the same as the test file we want to collect:
  C:\Program Files\Python312\Lib\test\test_subclassinit.py
HINT: remove __pycache__ / .pyc files and/or use a unique basename for your test file modules</error></testcase><testcase classname="" name="Program Files.Python312.Lib.test.test_subprocess" time="0.000"><error message="collection failure">import file mismatch:
imported module 'test.test_subprocess' has this __file__ attribute:
  C:\Program Files\MySQL\MySQL Shell 8.0\lib\Python3.12\Lib\test\test_subprocess.py
which is not the same as the test file we want to collect:
  C:\Program Files\Python312\Lib\test\test_subprocess.py
HINT: remove __pycache__ / .pyc files and/or use a unique basename for your test file modules</error></testcase><testcase classname="" name="Program Files.Python312.Lib.test.test_sunau" time="0.000"><error message="collection failure">import file mismatch:
imported module 'test.test_sunau' has this __file__ attribute:
  C:\Program Files\MySQL\MySQL Shell 8.0\lib\Python3.12\Lib\test\test_sunau.py
which is not the same as the test file we want to collect:
  C:\Program Files\Python312\Lib\test\test_sunau.py
HINT: remove __pycache__ / .pyc files and/or use a unique basename for your test file modules</error></testcase><testcase classname="" name="Program Files.Python312.Lib.test.test_sundry" time="0.000"><error message="collection failure">import file mismatch:
imported module 'test.test_sundry' has this __file__ attribute:
  C:\Program Files\MySQL\MySQL Shell 8.0\lib\Python3.12\Lib\test\test_sundry.py
which is not the same as the test file we want to collect:
  C:\Program Files\Python312\Lib\test\test_sundry.py
HINT: remove __pycache__ / .pyc files and/or use a unique basename for your test file modules</error></testcase><testcase classname="" name="Program Files.Python312.Lib.test.test_super" time="0.000"><error message="collection failure">import file mismatch:
imported module 'test.test_super' has this __file__ attribute:
  C:\Program Files\MySQL\MySQL Shell 8.0\lib\Python3.12\Lib\test\test_super.py
which is not the same as the test file we want to collect:
  C:\Program Files\Python312\Lib\test\test_super.py
HINT: remove __pycache__ / .pyc files and/or use a unique basename for your test file modules</error></testcase><testcase classname="" name="Program Files.Python312.Lib.test.test_support" time="0.000"><error message="collection failure">import file mismatch:
imported module 'test.test_support' has this __file__ attribute:
  C:\Program Files\MySQL\MySQL Shell 8.0\lib\Python3.12\Lib\test\test_support.py
which is not the same as the test file we want to collect:
  C:\Program Files\Python312\Lib\test\test_support.py
HINT: remove __pycache__ / .pyc files and/or use a unique basename for your test file modules</error></testcase><testcase classname="" name="Program Files.Python312.Lib.test.test_symtable" time="0.000"><error message="collection failure">import file mismatch:
imported module 'test.test_symtable' has this __file__ attribute:
  C:\Program Files\MySQL\MySQL Shell 8.0\lib\Python3.12\Lib\test\test_symtable.py
which is not the same as the test file we want to collect:
  C:\Program Files\Python312\Lib\test\test_symtable.py
HINT: remove __pycache__ / .pyc files and/or use a unique basename for your test file modules</error></testcase><testcase classname="" name="Program Files.Python312.Lib.test.test_syntax" time="0.000"><error message="collection failure">import file mismatch:
imported module 'test.test_syntax' has this __file__ attribute:
  C:\Program Files\MySQL\MySQL Shell 8.0\lib\Python3.12\Lib\test\test_syntax.py
which is not the same as the test file we want to collect:
  C:\Program Files\Python312\Lib\test\test_syntax.py
HINT: remove __pycache__ / .pyc files and/or use a unique basename for your test file modules</error></testcase><testcase classname="" name="Program Files.Python312.Lib.test.test_sys" time="0.000"><error message="collection failure">import file mismatch:
imported module 'test.test_sys' has this __file__ attribute:
  C:\Program Files\MySQL\MySQL Shell 8.0\lib\Python3.12\Lib\test\test_sys.py
which is not the same as the test file we want to collect:
  C:\Program Files\Python312\Lib\test\test_sys.py
HINT: remove __pycache__ / .pyc files and/or use a unique basename for your test file modules</error></testcase><testcase classname="" name="Program Files.Python312.Lib.test.test_sys_setprofile" time="0.000"><error message="collection failure">import file mismatch:
imported module 'test.test_sys_setprofile' has this __file__ attribute:
  C:\Program Files\MySQL\MySQL Shell 8.0\lib\Python3.12\Lib\test\test_sys_setprofile.py
which is not the same as the test file we want to collect:
  C:\Program Files\Python312\Lib\test\test_sys_setprofile.py
HINT: remove __pycache__ / .pyc files and/or use a unique basename for your test file modules</error></testcase><testcase classname="" name="Program Files.Python312.Lib.test.test_sys_settrace" time="0.000"><error message="collection failure">import file mismatch:
imported module 'test.test_sys_settrace' has this __file__ attribute:
  C:\Program Files\MySQL\MySQL Shell 8.0\lib\Python3.12\Lib\test\test_sys_settrace.py
which is not the same as the test file we want to collect:
  C:\Program Files\Python312\Lib\test\test_sys_settrace.py
HINT: remove __pycache__ / .pyc files and/or use a unique basename for your test file modules</error></testcase><testcase classname="" name="Program Files.Python312.Lib.test.test_sysconfig" time="0.000"><error message="collection failure">import file mismatch:
imported module 'test.test_sysconfig' has this __file__ attribute:
  C:\Program Files\MySQL\MySQL Shell 8.0\lib\Python3.12\Lib\test\test_sysconfig.py
which is not the same as the test file we want to collect:
  C:\Program Files\Python312\Lib\test\test_sysconfig.py
HINT: remove __pycache__ / .pyc files and/or use a unique basename for your test file modules</error></testcase><testcase classname="" name="Program Files.Python312.Lib.test.test_syslog" time="0.000"><skipped message="collection skipped">('C:\\Program Files\\MySQL\\MySQL Shell 8.0\\lib\\Python3.12\\Lib\\test\\support\\import_helper.py', 82, "unittest.case.SkipTest: No module named 'syslog'")</skipped></testcase><testcase classname="" name="Program Files.Python312.Lib.test.test_tabnanny" time="0.000"><error message="collection failure">import file mismatch:
imported module 'test.test_tabnanny' has this __file__ attribute:
  C:\Program Files\MySQL\MySQL Shell 8.0\lib\Python3.12\Lib\test\test_tabnanny.py
which is not the same as the test file we want to collect:
  C:\Program Files\Python312\Lib\test\test_tabnanny.py
HINT: remove __pycache__ / .pyc files and/or use a unique basename for your test file modules</error></testcase><testcase classname="" name="Program Files.Python312.Lib.test.test_tarfile" time="0.000"><error message="collection failure">import file mismatch:
imported module 'test.test_tarfile' has this __file__ attribute:
  C:\Program Files\MySQL\MySQL Shell 8.0\lib\Python3.12\Lib\test\test_tarfile.py
which is not the same as the test file we want to collect:
  C:\Program Files\Python312\Lib\test\test_tarfile.py
HINT: remove __pycache__ / .pyc files and/or use a unique basename for your test file modules</error></testcase><testcase classname="" name="Program Files.Python312.Lib.test.test_tcl" time="0.000"><error message="collection failure">import file mismatch:
imported module 'test.test_tcl' has this __file__ attribute:
  C:\Program Files\MySQL\MySQL Shell 8.0\lib\Python3.12\Lib\test\test_tcl.py
which is not the same as the test file we want to collect:
  C:\Program Files\Python312\Lib\test\test_tcl.py
HINT: remove __pycache__ / .pyc files and/or use a unique basename for your test file modules</error></testcase><testcase classname="" name="Program Files.Python312.Lib.test.test_telnetlib" time="0.000"><error message="collection failure">import file mismatch:
imported module 'test.test_telnetlib' has this __file__ attribute:
  C:\Program Files\MySQL\MySQL Shell 8.0\lib\Python3.12\Lib\test\test_telnetlib.py
which is not the same as the test file we want to collect:
  C:\Program Files\Python312\Lib\test\test_telnetlib.py
HINT: remove __pycache__ / .pyc files and/or use a unique basename for your test file modules</error></testcase><testcase classname="" name="Program Files.Python312.Lib.test.test_tempfile" time="0.000"><error message="collection failure">import file mismatch:
imported module 'test.test_tempfile' has this __file__ attribute:
  C:\Program Files\MySQL\MySQL Shell 8.0\lib\Python3.12\Lib\test\test_tempfile.py
which is not the same as the test file we want to collect:
  C:\Program Files\Python312\Lib\test\test_tempfile.py
HINT: remove __pycache__ / .pyc files and/or use a unique basename for your test file modules</error></testcase><testcase classname="" name="Program Files.Python312.Lib.test.test_termios" time="0.000"><skipped message="collection skipped">('C:\\Program Files\\MySQL\\MySQL Shell 8.0\\lib\\Python3.12\\Lib\\test\\support\\import_helper.py', 82, "unittest.case.SkipTest: No module named 'termios'")</skipped></testcase><testcase classname="" name="Program Files.Python312.Lib.test.test_textwrap" time="0.000"><error message="collection failure">import file mismatch:
imported module 'test.test_textwrap' has this __file__ attribute:
  C:\Program Files\MySQL\MySQL Shell 8.0\lib\Python3.12\Lib\test\test_textwrap.py
which is not the same as the test file we want to collect:
  C:\Program Files\Python312\Lib\test\test_textwrap.py
HINT: remove __pycache__ / .pyc files and/or use a unique basename for your test file modules</error></testcase><testcase classname="" name="Program Files.Python312.Lib.test.test_thread" time="0.000"><error message="collection failure">import file mismatch:
imported module 'test.test_thread' has this __file__ attribute:
  C:\Program Files\MySQL\MySQL Shell 8.0\lib\Python3.12\Lib\test\test_thread.py
which is not the same as the test file we want to collect:
  C:\Program Files\Python312\Lib\test\test_thread.py
HINT: remove __pycache__ / .pyc files and/or use a unique basename for your test file modules</error></testcase><testcase classname="" name="Program Files.Python312.Lib.test.test_threadedtempfile" time="0.000"><error message="collection failure">import file mismatch:
imported module 'test.test_threadedtempfile' has this __file__ attribute:
  C:\Program Files\MySQL\MySQL Shell 8.0\lib\Python3.12\Lib\test\test_threadedtempfile.py
which is not the same as the test file we want to collect:
  C:\Program Files\Python312\Lib\test\test_threadedtempfile.py
HINT: remove __pycache__ / .pyc files and/or use a unique basename for your test file modules</error></testcase><testcase classname="" name="Program Files.Python312.Lib.test.test_threading" time="0.000"><error message="collection failure">import file mismatch:
imported module 'test.test_threading' has this __file__ attribute:
  C:\Program Files\MySQL\MySQL Shell 8.0\lib\Python3.12\Lib\test\test_threading.py
which is not the same as the test file we want to collect:
  C:\Program Files\Python312\Lib\test\test_threading.py
HINT: remove __pycache__ / .pyc files and/or use a unique basename for your test file modules</error></testcase><testcase classname="" name="Program Files.Python312.Lib.test.test_threading_local" time="0.000"><error message="collection failure">import file mismatch:
imported module 'test.test_threading_local' has this __file__ attribute:
  C:\Program Files\MySQL\MySQL Shell 8.0\lib\Python3.12\Lib\test\test_threading_local.py
which is not the same as the test file we want to collect:
  C:\Program Files\Python312\Lib\test\test_threading_local.py
HINT: remove __pycache__ / .pyc files and/or use a unique basename for your test file modules</error></testcase><testcase classname="" name="Program Files.Python312.Lib.test.test_threadsignals" time="0.000"><skipped message="collection skipped">('C:\\Program Files\\MySQL\\MySQL Shell 8.0\\lib\\Python3.12\\Lib\\test\\test_threadsignals.py', 12, "unittest.case.SkipTest: Can't test signal on win32")</skipped></testcase><testcase classname="" name="Program Files.Python312.Lib.test.test_time" time="0.000"><error message="collection failure">import file mismatch:
imported module 'test.test_time' has this __file__ attribute:
  C:\Program Files\MySQL\MySQL Shell 8.0\lib\Python3.12\Lib\test\test_time.py
which is not the same as the test file we want to collect:
  C:\Program Files\Python312\Lib\test\test_time.py
HINT: remove __pycache__ / .pyc files and/or use a unique basename for your test file modules</error></testcase><testcase classname="" name="Program Files.Python312.Lib.test.test_timeit" time="0.000"><error message="collection failure">import file mismatch:
imported module 'test.test_timeit' has this __file__ attribute:
  C:\Program Files\MySQL\MySQL Shell 8.0\lib\Python3.12\Lib\test\test_timeit.py
which is not the same as the test file we want to collect:
  C:\Program Files\Python312\Lib\test\test_timeit.py
HINT: remove __pycache__ / .pyc files and/or use a unique basename for your test file modules</error></testcase><testcase classname="" name="Program Files.Python312.Lib.test.test_timeout" time="0.000"><error message="collection failure">import file mismatch:
imported module 'test.test_timeout' has this __file__ attribute:
  C:\Program Files\MySQL\MySQL Shell 8.0\lib\Python3.12\Lib\test\test_timeout.py
which is not the same as the test file we want to collect:
  C:\Program Files\Python312\Lib\test\test_timeout.py
HINT: remove __pycache__ / .pyc files and/or use a unique basename for your test file modules</error></testcase><testcase classname="" name="Program Files.Python312.Lib.test.test_tix" time="0.000"><error message="collection failure">import file mismatch:
imported module 'test.test_tix' has this __file__ attribute:
  C:\Program Files\MySQL\MySQL Shell 8.0\lib\Python3.12\Lib\test\test_tix.py
which is not the same as the test file we want to collect:
  C:\Program Files\Python312\Lib\test\test_tix.py
HINT: remove __pycache__ / .pyc files and/or use a unique basename for your test file modules</error></testcase><testcase classname="" name="Program Files.Python312.Lib.test.test_tkinter.test_colorchooser" time="0.000"><error message="collection failure">import file mismatch:
imported module 'test.test_tkinter.test_colorchooser' has this __file__ attribute:
  C:\Program Files\MySQL\MySQL Shell 8.0\lib\Python3.12\Lib\test\test_tkinter\test_colorchooser.py
which is not the same as the test file we want to collect:
  C:\Program Files\Python312\Lib\test\test_tkinter\test_colorchooser.py
HINT: remove __pycache__ / .pyc files and/or use a unique basename for your test file modules</error></testcase><testcase classname="" name="Program Files.Python312.Lib.test.test_tkinter.test_font" time="0.000"><error message="collection failure">import file mismatch:
imported module 'test.test_tkinter.test_font' has this __file__ attribute:
  C:\Program Files\MySQL\MySQL Shell 8.0\lib\Python3.12\Lib\test\test_tkinter\test_font.py
which is not the same as the test file we want to collect:
  C:\Program Files\Python312\Lib\test\test_tkinter\test_font.py
HINT: remove __pycache__ / .pyc files and/or use a unique basename for your test file modules</error></testcase><testcase classname="" name="Program Files.Python312.Lib.test.test_tkinter.test_geometry_managers" time="0.000"><error message="collection failure">import file mismatch:
imported module 'test.test_tkinter.test_geometry_managers' has this __file__ attribute:
  C:\Program Files\MySQL\MySQL Shell 8.0\lib\Python3.12\Lib\test\test_tkinter\test_geometry_managers.py
which is not the same as the test file we want to collect:
  C:\Program Files\Python312\Lib\test\test_tkinter\test_geometry_managers.py
HINT: remove __pycache__ / .pyc files and/or use a unique basename for your test file modules</error></testcase><testcase classname="" name="Program Files.Python312.Lib.test.test_tkinter.test_images" time="0.000"><error message="collection failure">import file mismatch:
imported module 'test.test_tkinter.test_images' has this __file__ attribute:
  C:\Program Files\MySQL\MySQL Shell 8.0\lib\Python3.12\Lib\test\test_tkinter\test_images.py
which is not the same as the test file we want to collect:
  C:\Program Files\Python312\Lib\test\test_tkinter\test_images.py
HINT: remove __pycache__ / .pyc files and/or use a unique basename for your test file modules</error></testcase><testcase classname="" name="Program Files.Python312.Lib.test.test_tkinter.test_loadtk" time="0.000"><error message="collection failure">import file mismatch:
imported module 'test.test_tkinter.test_loadtk' has this __file__ attribute:
  C:\Program Files\MySQL\MySQL Shell 8.0\lib\Python3.12\Lib\test\test_tkinter\test_loadtk.py
which is not the same as the test file we want to collect:
  C:\Program Files\Python312\Lib\test\test_tkinter\test_loadtk.py
HINT: remove __pycache__ / .pyc files and/or use a unique basename for your test file modules</error></testcase><testcase classname="" name="Program Files.Python312.Lib.test.test_tkinter.test_messagebox" time="0.000"><error message="collection failure">import file mismatch:
imported module 'test.test_tkinter.test_messagebox' has this __file__ attribute:
  C:\Program Files\MySQL\MySQL Shell 8.0\lib\Python3.12\Lib\test\test_tkinter\test_messagebox.py
which is not the same as the test file we want to collect:
  C:\Program Files\Python312\Lib\test\test_tkinter\test_messagebox.py
HINT: remove __pycache__ / .pyc files and/or use a unique basename for your test file modules</error></testcase><testcase classname="" name="Program Files.Python312.Lib.test.test_tkinter.test_misc" time="0.000"><error message="collection failure">import file mismatch:
imported module 'test.test_tkinter.test_misc' has this __file__ attribute:
  C:\Program Files\MySQL\MySQL Shell 8.0\lib\Python3.12\Lib\test\test_tkinter\test_misc.py
which is not the same as the test file we want to collect:
  C:\Program Files\Python312\Lib\test\test_tkinter\test_misc.py
HINT: remove __pycache__ / .pyc files and/or use a unique basename for your test file modules</error></testcase><testcase classname="" name="Program Files.Python312.Lib.test.test_tkinter.test_simpledialog" time="0.000"><error message="collection failure">import file mismatch:
imported module 'test.test_tkinter.test_simpledialog' has this __file__ attribute:
  C:\Program Files\MySQL\MySQL Shell 8.0\lib\Python3.12\Lib\test\test_tkinter\test_simpledialog.py
which is not the same as the test file we want to collect:
  C:\Program Files\Python312\Lib\test\test_tkinter\test_simpledialog.py
HINT: remove __pycache__ / .pyc files and/or use a unique basename for your test file modules</error></testcase><testcase classname="" name="Program Files.Python312.Lib.test.test_tkinter.test_text" time="0.000"><error message="collection failure">import file mismatch:
imported module 'test.test_tkinter.test_text' has this __file__ attribute:
  C:\Program Files\MySQL\MySQL Shell 8.0\lib\Python3.12\Lib\test\test_tkinter\test_text.py
which is not the same as the test file we want to collect:
  C:\Program Files\Python312\Lib\test\test_tkinter\test_text.py
HINT: remove __pycache__ / .pyc files and/or use a unique basename for your test file modules</error></testcase><testcase classname="" name="Program Files.Python312.Lib.test.test_tkinter.test_variables" time="0.000"><error message="collection failure">import file mismatch:
imported module 'test.test_tkinter.test_variables' has this __file__ attribute:
  C:\Program Files\MySQL\MySQL Shell 8.0\lib\Python3.12\Lib\test\test_tkinter\test_variables.py
which is not the same as the test file we want to collect:
  C:\Program Files\Python312\Lib\test\test_tkinter\test_variables.py
HINT: remove __pycache__ / .pyc files and/or use a unique basename for your test file modules</error></testcase><testcase classname="" name="Program Files.Python312.Lib.test.test_tkinter.test_widgets" time="0.000"><error message="collection failure">import file mismatch:
imported module 'test.test_tkinter.test_widgets' has this __file__ attribute:
  C:\Program Files\MySQL\MySQL Shell 8.0\lib\Python3.12\Lib\test\test_tkinter\test_widgets.py
which is not the same as the test file we want to collect:
  C:\Program Files\Python312\Lib\test\test_tkinter\test_widgets.py
HINT: remove __pycache__ / .pyc files and/or use a unique basename for your test file modules</error></testcase><testcase classname="" name="Program Files.Python312.Lib.test.test_tokenize" time="0.000"><error message="collection failure">import file mismatch:
imported module 'test.test_tokenize' has this __file__ attribute:
  C:\Program Files\MySQL\MySQL Shell 8.0\lib\Python3.12\Lib\test\test_tokenize.py
which is not the same as the test file we want to collect:
  C:\Program Files\Python312\Lib\test\test_tokenize.py
HINT: remove __pycache__ / .pyc files and/or use a unique basename for your test file modules</error></testcase><testcase classname="" name="Program Files.Python312.Lib.test.test_tomllib.test_data" time="0.000"><error message="collection failure">import file mismatch:
imported module 'test.test_tomllib.test_data' has this __file__ attribute:
  C:\Program Files\MySQL\MySQL Shell 8.0\lib\Python3.12\Lib\test\test_tomllib\test_data.py
which is not the same as the test file we want to collect:
  C:\Program Files\Python312\Lib\test\test_tomllib\test_data.py
HINT: remove __pycache__ / .pyc files and/or use a unique basename for your test file modules</error></testcase><testcase classname="" name="Program Files.Python312.Lib.test.test_tomllib.test_error" time="0.000"><error message="collection failure">import file mismatch:
imported module 'test.test_tomllib.test_error' has this __file__ attribute:
  C:\Program Files\MySQL\MySQL Shell 8.0\lib\Python3.12\Lib\test\test_tomllib\test_error.py
which is not the same as the test file we want to collect:
  C:\Program Files\Python312\Lib\test\test_tomllib\test_error.py
HINT: remove __pycache__ / .pyc files and/or use a unique basename for your test file modules</error></testcase><testcase classname="" name="Program Files.Python312.Lib.test.test_tomllib.test_misc" time="0.000"><error message="collection failure">import file mismatch:
imported module 'test.test_tomllib.test_misc' has this __file__ attribute:
  C:\Program Files\MySQL\MySQL Shell 8.0\lib\Python3.12\Lib\test\test_tomllib\test_misc.py
which is not the same as the test file we want to collect:
  C:\Program Files\Python312\Lib\test\test_tomllib\test_misc.py
HINT: remove __pycache__ / .pyc files and/or use a unique basename for your test file modules</error></testcase><testcase classname="" name="Program Files.Python312.Lib.test.test_tools.test_freeze" time="0.000"><skipped message="collection skipped">('C:\\Program Files\\MySQL\\MySQL Shell 8.0\\lib\\Python3.12\\Lib\\test\\test_tools\\__init__.py', 36, 'unittest.case.SkipTest: freeze directory could not be found')</skipped></testcase><testcase classname="" name="Program Files.Python312.Lib.test.test_tools.test_i18n" time="0.000"><skipped message="collection skipped">('C:\\Program Files\\MySQL\\MySQL Shell 8.0\\lib\\Python3.12\\Lib\\test\\test_tools\\__init__.py', 36, 'unittest.case.SkipTest: scripts directory could not be found')</skipped></testcase><testcase classname="" name="Program Files.Python312.Lib.test.test_tools.test_makefile" time="0.000"><error message="collection failure">ImportError while importing test module 'C:\Program Files\Python312\Lib\test\test_tools\test_makefile.py'.
Hint: make sure your test modules/packages have valid Python names.
Traceback:
C:\Users\brysi\AppData\Roaming\Python\Python312\site-packages\_pytest\python.py:492: in importtestmodule
    mod = import_path(
C:\Users\brysi\AppData\Roaming\Python\Python312\site-packages\_pytest\pathlib.py:591: in import_path
    importlib.import_module(module_name)
C:\Program Files\Python312\Lib\importlib\__init__.py:90: in import_module
    return _bootstrap._gcd_import(name[level:], package, level)
&lt;frozen importlib._bootstrap&gt;:1387: in _gcd_import
    ???
&lt;frozen importlib._bootstrap&gt;:1360: in _find_and_load
    ???
&lt;frozen importlib._bootstrap&gt;:1324: in _find_and_load_unlocked
    ???
E   ModuleNotFoundError: No module named 'test.test_tools.test_makefile'</error></testcase><testcase classname="" name="Program Files.Python312.Lib.test.test_tools.test_reindent" time="0.000"><skipped message="collection skipped">('C:\\Program Files\\MySQL\\MySQL Shell 8.0\\lib\\Python3.12\\Lib\\test\\test_tools\\__init__.py', 36, 'unittest.case.SkipTest: scripts directory could not be found')</skipped></testcase><testcase classname="" name="Program Files.Python312.Lib.test.test_tools.test_sundry" time="0.000"><skipped message="collection skipped">('C:\\Program Files\\MySQL\\MySQL Shell 8.0\\lib\\Python3.12\\Lib\\test\\test_tools\\__init__.py', 36, 'unittest.case.SkipTest: scripts directory could not be found')</skipped></testcase><testcase classname="" name="Program Files.Python312.Lib.test.test_trace" time="0.000"><error message="collection failure">import file mismatch:
imported module 'test.test_trace' has this __file__ attribute:
  C:\Program Files\MySQL\MySQL Shell 8.0\lib\Python3.12\Lib\test\test_trace.py
which is not the same as the test file we want to collect:
  C:\Program Files\Python312\Lib\test\test_trace.py
HINT: remove __pycache__ / .pyc files and/or use a unique basename for your test file modules</error></testcase><testcase classname="" name="Program Files.Python312.Lib.test.test_traceback" time="0.000"><error message="collection failure">import file mismatch:
imported module 'test.test_traceback' has this __file__ attribute:
  C:\Program Files\MySQL\MySQL Shell 8.0\lib\Python3.12\Lib\test\test_traceback.py
which is not the same as the test file we want to collect:
  C:\Program Files\Python312\Lib\test\test_traceback.py
HINT: remove __pycache__ / .pyc files and/or use a unique basename for your test file modules</error></testcase><testcase classname="" name="Program Files.Python312.Lib.test.test_tracemalloc" time="0.000"><error message="collection failure">import file mismatch:
imported module 'test.test_tracemalloc' has this __file__ attribute:
  C:\Program Files\MySQL\MySQL Shell 8.0\lib\Python3.12\Lib\test\test_tracemalloc.py
which is not the same as the test file we want to collect:
  C:\Program Files\Python312\Lib\test\test_tracemalloc.py
HINT: remove __pycache__ / .pyc files and/or use a unique basename for your test file modules</error></testcase><testcase classname="" name="Program Files.Python312.Lib.test.test_ttk.test_extensions" time="0.000"><error message="collection failure">import file mismatch:
imported module 'test.test_ttk.test_extensions' has this __file__ attribute:
  C:\Program Files\MySQL\MySQL Shell 8.0\lib\Python3.12\Lib\test\test_ttk\test_extensions.py
which is not the same as the test file we want to collect:
  C:\Program Files\Python312\Lib\test\test_ttk\test_extensions.py
HINT: remove __pycache__ / .pyc files and/or use a unique basename for your test file modules</error></testcase><testcase classname="" name="Program Files.Python312.Lib.test.test_ttk.test_style" time="0.000"><error message="collection failure">import file mismatch:
imported module 'test.test_ttk.test_style' has this __file__ attribute:
  C:\Program Files\MySQL\MySQL Shell 8.0\lib\Python3.12\Lib\test\test_ttk\test_style.py
which is not the same as the test file we want to collect:
  C:\Program Files\Python312\Lib\test\test_ttk\test_style.py
HINT: remove __pycache__ / .pyc files and/or use a unique basename for your test file modules</error></testcase><testcase classname="" name="Program Files.Python312.Lib.test.test_ttk.test_widgets" time="0.000"><error message="collection failure">import file mismatch:
imported module 'test.test_ttk.test_widgets' has this __file__ attribute:
  C:\Program Files\MySQL\MySQL Shell 8.0\lib\Python3.12\Lib\test\test_ttk\test_widgets.py
which is not the same as the test file we want to collect:
  C:\Program Files\Python312\Lib\test\test_ttk\test_widgets.py
HINT: remove __pycache__ / .pyc files and/or use a unique basename for your test file modules</error></testcase><testcase classname="" name="Program Files.Python312.Lib.test.test_ttk_textonly" time="0.000"><error message="collection failure">import file mismatch:
imported module 'test.test_ttk_textonly' has this __file__ attribute:
  C:\Program Files\MySQL\MySQL Shell 8.0\lib\Python3.12\Lib\test\test_ttk_textonly.py
which is not the same as the test file we want to collect:
  C:\Program Files\Python312\Lib\test\test_ttk_textonly.py
HINT: remove __pycache__ / .pyc files and/or use a unique basename for your test file modules</error></testcase><testcase classname="" name="Program Files.Python312.Lib.test.test_tty" time="0.000"><skipped message="collection skipped">('C:\\Program Files\\MySQL\\MySQL Shell 8.0\\lib\\Python3.12\\Lib\\test\\support\\import_helper.py', 82, "unittest.case.SkipTest: No module named 'termios'")</skipped></testcase><testcase classname="" name="Program Files.Python312.Lib.test.test_tuple" time="0.000"><error message="collection failure">import file mismatch:
imported module 'test.test_tuple' has this __file__ attribute:
  C:\Program Files\MySQL\MySQL Shell 8.0\lib\Python3.12\Lib\test\test_tuple.py
which is not the same as the test file we want to collect:
  C:\Program Files\Python312\Lib\test\test_tuple.py
HINT: remove __pycache__ / .pyc files and/or use a unique basename for your test file modules</error></testcase><testcase classname="" name="Program Files.Python312.Lib.test.test_turtle" time="0.000"><error message="collection failure">import file mismatch:
imported module 'test.test_turtle' has this __file__ attribute:
  C:\Program Files\MySQL\MySQL Shell 8.0\lib\Python3.12\Lib\test\test_turtle.py
which is not the same as the test file we want to collect:
  C:\Program Files\Python312\Lib\test\test_turtle.py
HINT: remove __pycache__ / .pyc files and/or use a unique basename for your test file modules</error></testcase><testcase classname="" name="Program Files.Python312.Lib.test.test_type_aliases" time="0.000"><error message="collection failure">import file mismatch:
imported module 'test.test_type_aliases' has this __file__ attribute:
  C:\Program Files\MySQL\MySQL Shell 8.0\lib\Python3.12\Lib\test\test_type_aliases.py
which is not the same as the test file we want to collect:
  C:\Program Files\Python312\Lib\test\test_type_aliases.py
HINT: remove __pycache__ / .pyc files and/or use a unique basename for your test file modules</error></testcase><testcase classname="" name="Program Files.Python312.Lib.test.test_type_annotations" time="0.000"><error message="collection failure">import file mismatch:
imported module 'test.test_type_annotations' has this __file__ attribute:
  C:\Program Files\MySQL\MySQL Shell 8.0\lib\Python3.12\Lib\test\test_type_annotations.py
which is not the same as the test file we want to collect:
  C:\Program Files\Python312\Lib\test\test_type_annotations.py
HINT: remove __pycache__ / .pyc files and/or use a unique basename for your test file modules</error></testcase><testcase classname="" name="Program Files.Python312.Lib.test.test_type_cache" time="0.000"><error message="collection failure">import file mismatch:
imported module 'test.test_type_cache' has this __file__ attribute:
  C:\Program Files\MySQL\MySQL Shell 8.0\lib\Python3.12\Lib\test\test_type_cache.py
which is not the same as the test file we want to collect:
  C:\Program Files\Python312\Lib\test\test_type_cache.py
HINT: remove __pycache__ / .pyc files and/or use a unique basename for your test file modules</error></testcase><testcase classname="" name="Program Files.Python312.Lib.test.test_type_comments" time="0.000"><error message="collection failure">import file mismatch:
imported module 'test.test_type_comments' has this __file__ attribute:
  C:\Program Files\MySQL\MySQL Shell 8.0\lib\Python3.12\Lib\test\test_type_comments.py
which is not the same as the test file we want to collect:
  C:\Program Files\Python312\Lib\test\test_type_comments.py
HINT: remove __pycache__ / .pyc files and/or use a unique basename for your test file modules</error></testcase><testcase classname="" name="Program Files.Python312.Lib.test.test_type_params" time="0.000"><error message="collection failure">import file mismatch:
imported module 'test.test_type_params' has this __file__ attribute:
  C:\Program Files\MySQL\MySQL Shell 8.0\lib\Python3.12\Lib\test\test_type_params.py
which is not the same as the test file we want to collect:
  C:\Program Files\Python312\Lib\test\test_type_params.py
HINT: remove __pycache__ / .pyc files and/or use a unique basename for your test file modules</error></testcase><testcase classname="" name="Program Files.Python312.Lib.test.test_typechecks" time="0.000"><error message="collection failure">import file mismatch:
imported module 'test.test_typechecks' has this __file__ attribute:
  C:\Program Files\MySQL\MySQL Shell 8.0\lib\Python3.12\Lib\test\test_typechecks.py
which is not the same as the test file we want to collect:
  C:\Program Files\Python312\Lib\test\test_typechecks.py
HINT: remove __pycache__ / .pyc files and/or use a unique basename for your test file modules</error></testcase><testcase classname="" name="Program Files.Python312.Lib.test.test_types" time="0.000"><error message="collection failure">import file mismatch:
imported module 'test.test_types' has this __file__ attribute:
  C:\Program Files\MySQL\MySQL Shell 8.0\lib\Python3.12\Lib\test\test_types.py
which is not the same as the test file we want to collect:
  C:\Program Files\Python312\Lib\test\test_types.py
HINT: remove __pycache__ / .pyc files and/or use a unique basename for your test file modules</error></testcase><testcase classname="" name="Program Files.Python312.Lib.test.test_typing" time="0.000"><error message="collection failure">import file mismatch:
imported module 'test.test_typing' has this __file__ attribute:
  C:\Program Files\MySQL\MySQL Shell 8.0\lib\Python3.12\Lib\test\test_typing.py
which is not the same as the test file we want to collect:
  C:\Program Files\Python312\Lib\test\test_typing.py
HINT: remove __pycache__ / .pyc files and/or use a unique basename for your test file modules</error></testcase><testcase classname="" name="Program Files.Python312.Lib.test.test_ucn" time="0.000"><error message="collection failure">import file mismatch:
imported module 'test.test_ucn' has this __file__ attribute:
  C:\Program Files\MySQL\MySQL Shell 8.0\lib\Python3.12\Lib\test\test_ucn.py
which is not the same as the test file we want to collect:
  C:\Program Files\Python312\Lib\test\test_ucn.py
HINT: remove __pycache__ / .pyc files and/or use a unique basename for your test file modules</error></testcase><testcase classname="" name="Program Files.Python312.Lib.test.test_unary" time="0.000"><error message="collection failure">import file mismatch:
imported module 'test.test_unary' has this __file__ attribute:
  C:\Program Files\MySQL\MySQL Shell 8.0\lib\Python3.12\Lib\test\test_unary.py
which is not the same as the test file we want to collect:
  C:\Program Files\Python312\Lib\test\test_unary.py
HINT: remove __pycache__ / .pyc files and/or use a unique basename for your test file modules</error></testcase><testcase classname="" name="Program Files.Python312.Lib.test.test_unicode" time="0.000"><error message="collection failure">import file mismatch:
imported module 'test.test_unicode' has this __file__ attribute:
  C:\Program Files\MySQL\MySQL Shell 8.0\lib\Python3.12\Lib\test\test_unicode.py
which is not the same as the test file we want to collect:
  C:\Program Files\Python312\Lib\test\test_unicode.py
HINT: remove __pycache__ / .pyc files and/or use a unique basename for your test file modules</error></testcase><testcase classname="" name="Program Files.Python312.Lib.test.test_unicode_file" time="0.000"><error message="collection failure">import file mismatch:
imported module 'test.test_unicode_file' has this __file__ attribute:
  C:\Program Files\MySQL\MySQL Shell 8.0\lib\Python3.12\Lib\test\test_unicode_file.py
which is not the same as the test file we want to collect:
  C:\Program Files\Python312\Lib\test\test_unicode_file.py
HINT: remove __pycache__ / .pyc files and/or use a unique basename for your test file modules</error></testcase><testcase classname="" name="Program Files.Python312.Lib.test.test_unicode_file_functions" time="0.000"><error message="collection failure">import file mismatch:
imported module 'test.test_unicode_file_functions' has this __file__ attribute:
  C:\Program Files\MySQL\MySQL Shell 8.0\lib\Python3.12\Lib\test\test_unicode_file_functions.py
which is not the same as the test file we want to collect:
  C:\Program Files\Python312\Lib\test\test_unicode_file_functions.py
HINT: remove __pycache__ / .pyc files and/or use a unique basename for your test file modules</error></testcase><testcase classname="" name="Program Files.Python312.Lib.test.test_unicode_identifiers" time="0.000"><error message="collection failure">import file mismatch:
imported module 'test.test_unicode_identifiers' has this __file__ attribute:
  C:\Program Files\MySQL\MySQL Shell 8.0\lib\Python3.12\Lib\test\test_unicode_identifiers.py
which is not the same as the test file we want to collect:
  C:\Program Files\Python312\Lib\test\test_unicode_identifiers.py
HINT: remove __pycache__ / .pyc files and/or use a unique basename for your test file modules</error></testcase><testcase classname="" name="Program Files.Python312.Lib.test.test_unicodedata" time="0.000"><error message="collection failure">import file mismatch:
imported module 'test.test_unicodedata' has this __file__ attribute:
  C:\Program Files\MySQL\MySQL Shell 8.0\lib\Python3.12\Lib\test\test_unicodedata.py
which is not the same as the test file we want to collect:
  C:\Program Files\Python312\Lib\test\test_unicodedata.py
HINT: remove __pycache__ / .pyc files and/or use a unique basename for your test file modules</error></testcase><testcase classname="" name="Program Files.Python312.Lib.test.test_unittest.test_assertions" time="0.000"><error message="collection failure">import file mismatch:
imported module 'test.test_unittest.test_assertions' has this __file__ attribute:
  C:\Program Files\MySQL\MySQL Shell 8.0\lib\Python3.12\Lib\test\test_unittest\test_assertions.py
which is not the same as the test file we want to collect:
  C:\Program Files\Python312\Lib\test\test_unittest\test_assertions.py
HINT: remove __pycache__ / .pyc files and/or use a unique basename for your test file modules</error></testcase><testcase classname="" name="Program Files.Python312.Lib.test.test_unittest.test_async_case" time="0.000"><error message="collection failure">import file mismatch:
imported module 'test.test_unittest.test_async_case' has this __file__ attribute:
  C:\Program Files\MySQL\MySQL Shell 8.0\lib\Python3.12\Lib\test\test_unittest\test_async_case.py
which is not the same as the test file we want to collect:
  C:\Program Files\Python312\Lib\test\test_unittest\test_async_case.py
HINT: remove __pycache__ / .pyc files and/or use a unique basename for your test file modules</error></testcase><testcase classname="" name="Program Files.Python312.Lib.test.test_unittest.test_break" time="0.000"><error message="collection failure">import file mismatch:
imported module 'test.test_unittest.test_break' has this __file__ attribute:
  C:\Program Files\MySQL\MySQL Shell 8.0\lib\Python3.12\Lib\test\test_unittest\test_break.py
which is not the same as the test file we want to collect:
  C:\Program Files\Python312\Lib\test\test_unittest\test_break.py
HINT: remove __pycache__ / .pyc files and/or use a unique basename for your test file modules</error></testcase><testcase classname="" name="Program Files.Python312.Lib.test.test_unittest.test_case" time="0.000"><error message="collection failure">import file mismatch:
imported module 'test.test_unittest.test_case' has this __file__ attribute:
  C:\Program Files\MySQL\MySQL Shell 8.0\lib\Python3.12\Lib\test\test_unittest\test_case.py
which is not the same as the test file we want to collect:
  C:\Program Files\Python312\Lib\test\test_unittest\test_case.py
HINT: remove __pycache__ / .pyc files and/or use a unique basename for your test file modules</error></testcase><testcase classname="" name="Program Files.Python312.Lib.test.test_unittest.test_discovery" time="0.000"><error message="collection failure">import file mismatch:
imported module 'test.test_unittest.test_discovery' has this __file__ attribute:
  C:\Program Files\MySQL\MySQL Shell 8.0\lib\Python3.12\Lib\test\test_unittest\test_discovery.py
which is not the same as the test file we want to collect:
  C:\Program Files\Python312\Lib\test\test_unittest\test_discovery.py
HINT: remove __pycache__ / .pyc files and/or use a unique basename for your test file modules</error></testcase><testcase classname="" name="Program Files.Python312.Lib.test.test_unittest.test_functiontestcase" time="0.000"><error message="collection failure">import file mismatch:
imported module 'test.test_unittest.test_functiontestcase' has this __file__ attribute:
  C:\Program Files\MySQL\MySQL Shell 8.0\lib\Python3.12\Lib\test\test_unittest\test_functiontestcase.py
which is not the same as the test file we want to collect:
  C:\Program Files\Python312\Lib\test\test_unittest\test_functiontestcase.py
HINT: remove __pycache__ / .pyc files and/or use a unique basename for your test file modules</error></testcase><testcase classname="" name="Program Files.Python312.Lib.test.test_unittest.test_loader" time="0.000"><error message="collection failure">import file mismatch:
imported module 'test.test_unittest.test_loader' has this __file__ attribute:
  C:\Program Files\MySQL\MySQL Shell 8.0\lib\Python3.12\Lib\test\test_unittest\test_loader.py
which is not the same as the test file we want to collect:
  C:\Program Files\Python312\Lib\test\test_unittest\test_loader.py
HINT: remove __pycache__ / .pyc files and/or use a unique basename for your test file modules</error></testcase><testcase classname="" name="Program Files.Python312.Lib.test.test_unittest.test_program" time="0.000"><error message="collection failure">import file mismatch:
imported module 'test.test_unittest.test_program' has this __file__ attribute:
  C:\Program Files\MySQL\MySQL Shell 8.0\lib\Python3.12\Lib\test\test_unittest\test_program.py
which is not the same as the test file we want to collect:
  C:\Program Files\Python312\Lib\test\test_unittest\test_program.py
HINT: remove __pycache__ / .pyc files and/or use a unique basename for your test file modules</error></testcase><testcase classname="" name="Program Files.Python312.Lib.test.test_unittest.test_result" time="0.000"><error message="collection failure">import file mismatch:
imported module 'test.test_unittest.test_result' has this __file__ attribute:
  C:\Program Files\MySQL\MySQL Shell 8.0\lib\Python3.12\Lib\test\test_unittest\test_result.py
which is not the same as the test file we want to collect:
  C:\Program Files\Python312\Lib\test\test_unittest\test_result.py
HINT: remove __pycache__ / .pyc files and/or use a unique basename for your test file modules</error></testcase><testcase classname="" name="Program Files.Python312.Lib.test.test_unittest.test_runner" time="0.000"><error message="collection failure">import file mismatch:
imported module 'test.test_unittest.test_runner' has this __file__ attribute:
  C:\Program Files\MySQL\MySQL Shell 8.0\lib\Python3.12\Lib\test\test_unittest\test_runner.py
which is not the same as the test file we want to collect:
  C:\Program Files\Python312\Lib\test\test_unittest\test_runner.py
HINT: remove __pycache__ / .pyc files and/or use a unique basename for your test file modules</error></testcase><testcase classname="" name="Program Files.Python312.Lib.test.test_unittest.test_setups" time="0.000"><error message="collection failure">import file mismatch:
imported module 'test.test_unittest.test_setups' has this __file__ attribute:
  C:\Program Files\MySQL\MySQL Shell 8.0\lib\Python3.12\Lib\test\test_unittest\test_setups.py
which is not the same as the test file we want to collect:
  C:\Program Files\Python312\Lib\test\test_unittest\test_setups.py
HINT: remove __pycache__ / .pyc files and/or use a unique basename for your test file modules</error></testcase><testcase classname="" name="Program Files.Python312.Lib.test.test_unittest.test_skipping" time="0.000"><error message="collection failure">import file mismatch:
imported module 'test.test_unittest.test_skipping' has this __file__ attribute:
  C:\Program Files\MySQL\MySQL Shell 8.0\lib\Python3.12\Lib\test\test_unittest\test_skipping.py
which is not the same as the test file we want to collect:
  C:\Program Files\Python312\Lib\test\test_unittest\test_skipping.py
HINT: remove __pycache__ / .pyc files and/or use a unique basename for your test file modules</error></testcase><testcase classname="" name="Program Files.Python312.Lib.test.test_unittest.test_suite" time="0.000"><error message="collection failure">import file mismatch:
imported module 'test.test_unittest.test_suite' has this __file__ attribute:
  C:\Program Files\MySQL\MySQL Shell 8.0\lib\Python3.12\Lib\test\test_unittest\test_suite.py
which is not the same as the test file we want to collect:
  C:\Program Files\Python312\Lib\test\test_unittest\test_suite.py
HINT: remove __pycache__ / .pyc files and/or use a unique basename for your test file modules</error></testcase><testcase classname="" name="Program Files.Python312.Lib.test.test_univnewlines" time="0.000"><error message="collection failure">import file mismatch:
imported module 'test.test_univnewlines' has this __file__ attribute:
  C:\Program Files\MySQL\MySQL Shell 8.0\lib\Python3.12\Lib\test\test_univnewlines.py
which is not the same as the test file we want to collect:
  C:\Program Files\Python312\Lib\test\test_univnewlines.py
HINT: remove __pycache__ / .pyc files and/or use a unique basename for your test file modules</error></testcase><testcase classname="" name="Program Files.Python312.Lib.test.test_unpack" time="0.000"><error message="collection failure">import file mismatch:
imported module 'test.test_unpack' has this __file__ attribute:
  C:\Program Files\MySQL\MySQL Shell 8.0\lib\Python3.12\Lib\test\test_unpack.py
which is not the same as the test file we want to collect:
  C:\Program Files\Python312\Lib\test\test_unpack.py
HINT: remove __pycache__ / .pyc files and/or use a unique basename for your test file modules</error></testcase><testcase classname="" name="Program Files.Python312.Lib.test.test_unpack_ex" time="0.000"><error message="collection failure">import file mismatch:
imported module 'test.test_unpack_ex' has this __file__ attribute:
  C:\Program Files\MySQL\MySQL Shell 8.0\lib\Python3.12\Lib\test\test_unpack_ex.py
which is not the same as the test file we want to collect:
  C:\Program Files\Python312\Lib\test\test_unpack_ex.py
HINT: remove __pycache__ / .pyc files and/or use a unique basename for your test file modules</error></testcase><testcase classname="" name="Program Files.Python312.Lib.test.test_unparse" time="0.000"><error message="collection failure">import file mismatch:
imported module 'test.test_unparse' has this __file__ attribute:
  C:\Program Files\MySQL\MySQL Shell 8.0\lib\Python3.12\Lib\test\test_unparse.py
which is not the same as the test file we want to collect:
  C:\Program Files\Python312\Lib\test\test_unparse.py
HINT: remove __pycache__ / .pyc files and/or use a unique basename for your test file modules</error></testcase><testcase classname="" name="Program Files.Python312.Lib.test.test_urllib" time="0.000"><error message="collection failure">import file mismatch:
imported module 'test.test_urllib' has this __file__ attribute:
  C:\Program Files\MySQL\MySQL Shell 8.0\lib\Python3.12\Lib\test\test_urllib.py
which is not the same as the test file we want to collect:
  C:\Program Files\Python312\Lib\test\test_urllib.py
HINT: remove __pycache__ / .pyc files and/or use a unique basename for your test file modules</error></testcase><testcase classname="" name="Program Files.Python312.Lib.test.test_urllib2" time="0.000"><error message="collection failure">import file mismatch:
imported module 'test.test_urllib2' has this __file__ attribute:
  C:\Program Files\MySQL\MySQL Shell 8.0\lib\Python3.12\Lib\test\test_urllib2.py
which is not the same as the test file we want to collect:
  C:\Program Files\Python312\Lib\test\test_urllib2.py
HINT: remove __pycache__ / .pyc files and/or use a unique basename for your test file modules</error></testcase><testcase classname="" name="Program Files.Python312.Lib.test.test_urllib2_localnet" time="0.000"><error message="collection failure">import file mismatch:
imported module 'test.test_urllib2_localnet' has this __file__ attribute:
  C:\Program Files\MySQL\MySQL Shell 8.0\lib\Python3.12\Lib\test\test_urllib2_localnet.py
which is not the same as the test file we want to collect:
  C:\Program Files\Python312\Lib\test\test_urllib2_localnet.py
HINT: remove __pycache__ / .pyc files and/or use a unique basename for your test file modules</error></testcase><testcase classname="" name="Program Files.Python312.Lib.test.test_urllib2net" time="0.000"><error message="collection failure">import file mismatch:
imported module 'test.test_urllib2net' has this __file__ attribute:
  C:\Program Files\MySQL\MySQL Shell 8.0\lib\Python3.12\Lib\test\test_urllib2net.py
which is not the same as the test file we want to collect:
  C:\Program Files\Python312\Lib\test\test_urllib2net.py
HINT: remove __pycache__ / .pyc files and/or use a unique basename for your test file modules</error></testcase><testcase classname="" name="Program Files.Python312.Lib.test.test_urllib_response" time="0.000"><error message="collection failure">import file mismatch:
imported module 'test.test_urllib_response' has this __file__ attribute:
  C:\Program Files\MySQL\MySQL Shell 8.0\lib\Python3.12\Lib\test\test_urllib_response.py
which is not the same as the test file we want to collect:
  C:\Program Files\Python312\Lib\test\test_urllib_response.py
HINT: remove __pycache__ / .pyc files and/or use a unique basename for your test file modules</error></testcase><testcase classname="" name="Program Files.Python312.Lib.test.test_urllibnet" time="0.000"><error message="collection failure">import file mismatch:
imported module 'test.test_urllibnet' has this __file__ attribute:
  C:\Program Files\MySQL\MySQL Shell 8.0\lib\Python3.12\Lib\test\test_urllibnet.py
which is not the same as the test file we want to collect:
  C:\Program Files\Python312\Lib\test\test_urllibnet.py
HINT: remove __pycache__ / .pyc files and/or use a unique basename for your test file modules</error></testcase><testcase classname="" name="Program Files.Python312.Lib.test.test_urlparse" time="0.000"><error message="collection failure">import file mismatch:
imported module 'test.test_urlparse' has this __file__ attribute:
  C:\Program Files\MySQL\MySQL Shell 8.0\lib\Python3.12\Lib\test\test_urlparse.py
which is not the same as the test file we want to collect:
  C:\Program Files\Python312\Lib\test\test_urlparse.py
HINT: remove __pycache__ / .pyc files and/or use a unique basename for your test file modules</error></testcase><testcase classname="" name="Program Files.Python312.Lib.test.test_userdict" time="0.000"><error message="collection failure">import file mismatch:
imported module 'test.test_userdict' has this __file__ attribute:
  C:\Program Files\MySQL\MySQL Shell 8.0\lib\Python3.12\Lib\test\test_userdict.py
which is not the same as the test file we want to collect:
  C:\Program Files\Python312\Lib\test\test_userdict.py
HINT: remove __pycache__ / .pyc files and/or use a unique basename for your test file modules</error></testcase><testcase classname="" name="Program Files.Python312.Lib.test.test_userlist" time="0.000"><error message="collection failure">import file mismatch:
imported module 'test.test_userlist' has this __file__ attribute:
  C:\Program Files\MySQL\MySQL Shell 8.0\lib\Python3.12\Lib\test\test_userlist.py
which is not the same as the test file we want to collect:
  C:\Program Files\Python312\Lib\test\test_userlist.py
HINT: remove __pycache__ / .pyc files and/or use a unique basename for your test file modules</error></testcase><testcase classname="" name="Program Files.Python312.Lib.test.test_userstring" time="0.000"><error message="collection failure">import file mismatch:
imported module 'test.test_userstring' has this __file__ attribute:
  C:\Program Files\MySQL\MySQL Shell 8.0\lib\Python3.12\Lib\test\test_userstring.py
which is not the same as the test file we want to collect:
  C:\Program Files\Python312\Lib\test\test_userstring.py
HINT: remove __pycache__ / .pyc files and/or use a unique basename for your test file modules</error></testcase><testcase classname="" name="Program Files.Python312.Lib.test.test_utf8_mode" time="0.000"><error message="collection failure">import file mismatch:
imported module 'test.test_utf8_mode' has this __file__ attribute:
  C:\Program Files\MySQL\MySQL Shell 8.0\lib\Python3.12\Lib\test\test_utf8_mode.py
which is not the same as the test file we want to collect:
  C:\Program Files\Python312\Lib\test\test_utf8_mode.py
HINT: remove __pycache__ / .pyc files and/or use a unique basename for your test file modules</error></testcase><testcase classname="" name="Program Files.Python312.Lib.test.test_utf8source" time="0.000"><error message="collection failure">import file mismatch:
imported module 'test.test_utf8source' has this __file__ attribute:
  C:\Program Files\MySQL\MySQL Shell 8.0\lib\Python3.12\Lib\test\test_utf8source.py
which is not the same as the test file we want to collect:
  C:\Program Files\Python312\Lib\test\test_utf8source.py
HINT: remove __pycache__ / .pyc files and/or use a unique basename for your test file modules</error></testcase><testcase classname="" name="Program Files.Python312.Lib.test.test_uu" time="0.000"><error message="collection failure">import file mismatch:
imported module 'test.test_uu' has this __file__ attribute:
  C:\Program Files\MySQL\MySQL Shell 8.0\lib\Python3.12\Lib\test\test_uu.py
which is not the same as the test file we want to collect:
  C:\Program Files\Python312\Lib\test\test_uu.py
HINT: remove __pycache__ / .pyc files and/or use a unique basename for your test file modules</error></testcase><testcase classname="" name="Program Files.Python312.Lib.test.test_uuid" time="0.000"><error message="collection failure">import file mismatch:
imported module 'test.test_uuid' has this __file__ attribute:
  C:\Program Files\MySQL\MySQL Shell 8.0\lib\Python3.12\Lib\test\test_uuid.py
which is not the same as the test file we want to collect:
  C:\Program Files\Python312\Lib\test\test_uuid.py
HINT: remove __pycache__ / .pyc files and/or use a unique basename for your test file modules</error></testcase><testcase classname="" name="Program Files.Python312.Lib.test.test_venv" time="0.000"><error message="collection failure">import file mismatch:
imported module 'test.test_venv' has this __file__ attribute:
  C:\Program Files\MySQL\MySQL Shell 8.0\lib\Python3.12\Lib\test\test_venv.py
which is not the same as the test file we want to collect:
  C:\Program Files\Python312\Lib\test\test_venv.py
HINT: remove __pycache__ / .pyc files and/or use a unique basename for your test file modules</error></testcase><testcase classname="" name="Program Files.Python312.Lib.test.test_wait3" time="0.000"><skipped message="collection skipped">('C:\\Program Files\\MySQL\\MySQL Shell 8.0\\lib\\Python3.12\\Lib\\test\\test_wait3.py', 12, 'unittest.case.SkipTest: requires working os.fork()')</skipped></testcase><testcase classname="" name="Program Files.Python312.Lib.test.test_wait4" time="0.000"><skipped message="collection skipped">('C:\\Program Files\\MySQL\\MySQL Shell 8.0\\lib\\Python3.12\\Lib\\test\\test_wait4.py', 12, 'unittest.case.SkipTest: requires working os.fork()')</skipped></testcase><testcase classname="" name="Program Files.Python312.Lib.test.test_wave" time="0.000"><error message="collection failure">import file mismatch:
imported module 'test.test_wave' has this __file__ attribute:
  C:\Program Files\MySQL\MySQL Shell 8.0\lib\Python3.12\Lib\test\test_wave.py
which is not the same as the test file we want to collect:
  C:\Program Files\Python312\Lib\test\test_wave.py
HINT: remove __pycache__ / .pyc files and/or use a unique basename for your test file modules</error></testcase><testcase classname="" name="Program Files.Python312.Lib.test.test_weakref" time="0.000"><error message="collection failure">import file mismatch:
imported module 'test.test_weakref' has this __file__ attribute:
  C:\Program Files\MySQL\MySQL Shell 8.0\lib\Python3.12\Lib\test\test_weakref.py
which is not the same as the test file we want to collect:
  C:\Program Files\Python312\Lib\test\test_weakref.py
HINT: remove __pycache__ / .pyc files and/or use a unique basename for your test file modules</error></testcase><testcase classname="" name="Program Files.Python312.Lib.test.test_weakset" time="0.000"><error message="collection failure">import file mismatch:
imported module 'test.test_weakset' has this __file__ attribute:
  C:\Program Files\MySQL\MySQL Shell 8.0\lib\Python3.12\Lib\test\test_weakset.py
which is not the same as the test file we want to collect:
  C:\Program Files\Python312\Lib\test\test_weakset.py
HINT: remove __pycache__ / .pyc files and/or use a unique basename for your test file modules</error></testcase><testcase classname="" name="Program Files.Python312.Lib.test.test_webbrowser" time="0.000"><error message="collection failure">import file mismatch:
imported module 'test.test_webbrowser' has this __file__ attribute:
  C:\Program Files\MySQL\MySQL Shell 8.0\lib\Python3.12\Lib\test\test_webbrowser.py
which is not the same as the test file we want to collect:
  C:\Program Files\Python312\Lib\test\test_webbrowser.py
HINT: remove __pycache__ / .pyc files and/or use a unique basename for your test file modules</error></testcase><testcase classname="" name="Program Files.Python312.Lib.test.test_winapi" time="0.000"><error message="collection failure">ImportError while importing test module 'C:\Program Files\Python312\Lib\test\test_winapi.py'.
Hint: make sure your test modules/packages have valid Python names.
Traceback:
C:\Users\brysi\AppData\Roaming\Python\Python312\site-packages\_pytest\python.py:492: in importtestmodule
    mod = import_path(
C:\Users\brysi\AppData\Roaming\Python\Python312\site-packages\_pytest\pathlib.py:591: in import_path
    importlib.import_module(module_name)
C:\Program Files\Python312\Lib\importlib\__init__.py:90: in import_module
    return _bootstrap._gcd_import(name[level:], package, level)
&lt;frozen importlib._bootstrap&gt;:1387: in _gcd_import
    ???
&lt;frozen importlib._bootstrap&gt;:1360: in _find_and_load
    ???
&lt;frozen importlib._bootstrap&gt;:1324: in _find_and_load_unlocked
    ???
E   ModuleNotFoundError: No module named 'test.test_winapi'</error></testcase><testcase classname="" name="Program Files.Python312.Lib.test.test_winconsoleio" time="0.000"><error message="collection failure">import file mismatch:
imported module 'test.test_winconsoleio' has this __file__ attribute:
  C:\Program Files\MySQL\MySQL Shell 8.0\lib\Python3.12\Lib\test\test_winconsoleio.py
which is not the same as the test file we want to collect:
  C:\Program Files\Python312\Lib\test\test_winconsoleio.py
HINT: remove __pycache__ / .pyc files and/or use a unique basename for your test file modules</error></testcase><testcase classname="" name="Program Files.Python312.Lib.test.test_winreg" time="0.000"><error message="collection failure">import file mismatch:
imported module 'test.test_winreg' has this __file__ attribute:
  C:\Program Files\MySQL\MySQL Shell 8.0\lib\Python3.12\Lib\test\test_winreg.py
which is not the same as the test file we want to collect:
  C:\Program Files\Python312\Lib\test\test_winreg.py
HINT: remove __pycache__ / .pyc files and/or use a unique basename for your test file modules</error></testcase><testcase classname="" name="Program Files.Python312.Lib.test.test_winsound" time="0.000"><error message="collection failure">import file mismatch:
imported module 'test.test_winsound' has this __file__ attribute:
  C:\Program Files\MySQL\MySQL Shell 8.0\lib\Python3.12\Lib\test\test_winsound.py
which is not the same as the test file we want to collect:
  C:\Program Files\Python312\Lib\test\test_winsound.py
HINT: remove __pycache__ / .pyc files and/or use a unique basename for your test file modules</error></testcase><testcase classname="" name="Program Files.Python312.Lib.test.test_with" time="0.000"><error message="collection failure">import file mismatch:
imported module 'test.test_with' has this __file__ attribute:
  C:\Program Files\MySQL\MySQL Shell 8.0\lib\Python3.12\Lib\test\test_with.py
which is not the same as the test file we want to collect:
  C:\Program Files\Python312\Lib\test\test_with.py
HINT: remove __pycache__ / .pyc files and/or use a unique basename for your test file modules</error></testcase><testcase classname="" name="Program Files.Python312.Lib.test.test_wmi" time="0.000"><error message="collection failure">import file mismatch:
imported module 'test.test_wmi' has this __file__ attribute:
  C:\Program Files\MySQL\MySQL Shell 8.0\lib\Python3.12\Lib\test\test_wmi.py
which is not the same as the test file we want to collect:
  C:\Program Files\Python312\Lib\test\test_wmi.py
HINT: remove __pycache__ / .pyc files and/or use a unique basename for your test file modules</error></testcase><testcase classname="" name="Program Files.Python312.Lib.test.test_wsgiref" time="0.000"><error message="collection failure">import file mismatch:
imported module 'test.test_wsgiref' has this __file__ attribute:
  C:\Program Files\MySQL\MySQL Shell 8.0\lib\Python3.12\Lib\test\test_wsgiref.py
which is not the same as the test file we want to collect:
  C:\Program Files\Python312\Lib\test\test_wsgiref.py
HINT: remove __pycache__ / .pyc files and/or use a unique basename for your test file modules</error></testcase><testcase classname="" name="Program Files.Python312.Lib.test.test_xdrlib" time="0.000"><error message="collection failure">import file mismatch:
imported module 'test.test_xdrlib' has this __file__ attribute:
  C:\Program Files\MySQL\MySQL Shell 8.0\lib\Python3.12\Lib\test\test_xdrlib.py
which is not the same as the test file we want to collect:
  C:\Program Files\Python312\Lib\test\test_xdrlib.py
HINT: remove __pycache__ / .pyc files and/or use a unique basename for your test file modules</error></testcase><testcase classname="" name="Program Files.Python312.Lib.test.test_xml_dom_minicompat" time="0.000"><error message="collection failure">import file mismatch:
imported module 'test.test_xml_dom_minicompat' has this __file__ attribute:
  C:\Program Files\MySQL\MySQL Shell 8.0\lib\Python3.12\Lib\test\test_xml_dom_minicompat.py
which is not the same as the test file we want to collect:
  C:\Program Files\Python312\Lib\test\test_xml_dom_minicompat.py
HINT: remove __pycache__ / .pyc files and/or use a unique basename for your test file modules</error></testcase><testcase classname="" name="Program Files.Python312.Lib.test.test_xml_etree" time="0.000"><error message="collection failure">import file mismatch:
imported module 'test.test_xml_etree' has this __file__ attribute:
  C:\Program Files\MySQL\MySQL Shell 8.0\lib\Python3.12\Lib\test\test_xml_etree.py
which is not the same as the test file we want to collect:
  C:\Program Files\Python312\Lib\test\test_xml_etree.py
HINT: remove __pycache__ / .pyc files and/or use a unique basename for your test file modules</error></testcase><testcase classname="" name="Program Files.Python312.Lib.test.test_xml_etree_c" time="0.000"><error message="collection failure">import file mismatch:
imported module 'test.test_xml_etree_c' has this __file__ attribute:
  C:\Program Files\MySQL\MySQL Shell 8.0\lib\Python3.12\Lib\test\test_xml_etree_c.py
which is not the same as the test file we want to collect:
  C:\Program Files\Python312\Lib\test\test_xml_etree_c.py
HINT: remove __pycache__ / .pyc files and/or use a unique basename for your test file modules</error></testcase><testcase classname="" name="Program Files.Python312.Lib.test.test_xmlrpc" time="0.000"><error message="collection failure">import file mismatch:
imported module 'test.test_xmlrpc' has this __file__ attribute:
  C:\Program Files\MySQL\MySQL Shell 8.0\lib\Python3.12\Lib\test\test_xmlrpc.py
which is not the same as the test file we want to collect:
  C:\Program Files\Python312\Lib\test\test_xmlrpc.py
HINT: remove __pycache__ / .pyc files and/or use a unique basename for your test file modules</error></testcase><testcase classname="" name="Program Files.Python312.Lib.test.test_xmlrpc_net" time="0.000"><error message="collection failure">import file mismatch:
imported module 'test.test_xmlrpc_net' has this __file__ attribute:
  C:\Program Files\MySQL\MySQL Shell 8.0\lib\Python3.12\Lib\test\test_xmlrpc_net.py
which is not the same as the test file we want to collect:
  C:\Program Files\Python312\Lib\test\test_xmlrpc_net.py
HINT: remove __pycache__ / .pyc files and/or use a unique basename for your test file modules</error></testcase><testcase classname="" name="Program Files.Python312.Lib.test.test_xxlimited" time="0.000"><skipped message="collection skipped">('C:\\Program Files\\MySQL\\MySQL Shell 8.0\\lib\\Python3.12\\Lib\\test\\support\\import_helper.py', 82, "unittest.case.SkipTest: No module named 'xxlimited'")</skipped></testcase><testcase classname="" name="Program Files.Python312.Lib.test.test_xxtestfuzz" time="0.000"><skipped message="collection skipped">('C:\\Program Files\\MySQL\\MySQL Shell 8.0\\lib\\Python3.12\\Lib\\test\\support\\import_helper.py', 82, "unittest.case.SkipTest: No module named '_xxtestfuzz'")</skipped></testcase><testcase classname="" name="Program Files.Python312.Lib.test.test_yield_from" time="0.000"><error message="collection failure">import file mismatch:
imported module 'test.test_yield_from' has this __file__ attribute:
  C:\Program Files\MySQL\MySQL Shell 8.0\lib\Python3.12\Lib\test\test_yield_from.py
which is not the same as the test file we want to collect:
  C:\Program Files\Python312\Lib\test\test_yield_from.py
HINT: remove __pycache__ / .pyc files and/or use a unique basename for your test file modules</error></testcase><testcase classname="" name="Program Files.Python312.Lib.test.test_zipapp" time="0.000"><error message="collection failure">import file mismatch:
imported module 'test.test_zipapp' has this __file__ attribute:
  C:\Program Files\MySQL\MySQL Shell 8.0\lib\Python3.12\Lib\test\test_zipapp.py
which is not the same as the test file we want to collect:
  C:\Program Files\Python312\Lib\test\test_zipapp.py
HINT: remove __pycache__ / .pyc files and/or use a unique basename for your test file modules</error></testcase><testcase classname="" name="Program Files.Python312.Lib.test.test_zipfile._path.test_complexity" time="0.000"><skipped message="collection skipped">('C:\\Program Files\\MySQL\\MySQL Shell 8.0\\lib\\Python3.12\\Lib\\test\\test_zipfile\\_path\\_support.py', 9, 'unittest.case.SkipTest: Unable to import big_o')</skipped></testcase><testcase classname="" name="Program Files.Python312.Lib.test.test_zipfile._path.test_path" time="0.000"><error message="collection failure">import file mismatch:
imported module 'test.test_zipfile._path.test_path' has this __file__ attribute:
  C:\Program Files\MySQL\MySQL Shell 8.0\lib\Python3.12\Lib\test\test_zipfile\_path\test_path.py
which is not the same as the test file we want to collect:
  C:\Program Files\Python312\Lib\test\test_zipfile\_path\test_path.py
HINT: remove __pycache__ / .pyc files and/or use a unique basename for your test file modules</error></testcase><testcase classname="" name="Program Files.Python312.Lib.test.test_zipfile.test_core" time="0.000"><error message="collection failure">import file mismatch:
imported module 'test.test_zipfile.test_core' has this __file__ attribute:
  C:\Program Files\MySQL\MySQL Shell 8.0\lib\Python3.12\Lib\test\test_zipfile\test_core.py
which is not the same as the test file we want to collect:
  C:\Program Files\Python312\Lib\test\test_zipfile\test_core.py
HINT: remove __pycache__ / .pyc files and/or use a unique basename for your test file modules</error></testcase><testcase classname="" name="Program Files.Python312.Lib.test.test_zipfile64" time="0.000"><error message="collection failure">import file mismatch:
imported module 'test.test_zipfile64' has this __file__ attribute:
  C:\Program Files\MySQL\MySQL Shell 8.0\lib\Python3.12\Lib\test\test_zipfile64.py
which is not the same as the test file we want to collect:
  C:\Program Files\Python312\Lib\test\test_zipfile64.py
HINT: remove __pycache__ / .pyc files and/or use a unique basename for your test file modules</error></testcase><testcase classname="" name="Program Files.Python312.Lib.test.test_zipimport" time="0.000"><error message="collection failure">import file mismatch:
imported module 'test.test_zipimport' has this __file__ attribute:
  C:\Program Files\MySQL\MySQL Shell 8.0\lib\Python3.12\Lib\test\test_zipimport.py
which is not the same as the test file we want to collect:
  C:\Program Files\Python312\Lib\test\test_zipimport.py
HINT: remove __pycache__ / .pyc files and/or use a unique basename for your test file modules</error></testcase><testcase classname="" name="Program Files.Python312.Lib.test.test_zipimport_support" time="0.000"><error message="collection failure">import file mismatch:
imported module 'test.test_zipimport_support' has this __file__ attribute:
  C:\Program Files\MySQL\MySQL Shell 8.0\lib\Python3.12\Lib\test\test_zipimport_support.py
which is not the same as the test file we want to collect:
  C:\Program Files\Python312\Lib\test\test_zipimport_support.py
HINT: remove __pycache__ / .pyc files and/or use a unique basename for your test file modules</error></testcase><testcase classname="" name="Program Files.Python312.Lib.test.test_zlib" time="0.000"><error message="collection failure">import file mismatch:
imported module 'test.test_zlib' has this __file__ attribute:
  C:\Program Files\MySQL\MySQL Shell 8.0\lib\Python3.12\Lib\test\test_zlib.py
which is not the same as the test file we want to collect:
  C:\Program Files\Python312\Lib\test\test_zlib.py
HINT: remove __pycache__ / .pyc files and/or use a unique basename for your test file modules</error></testcase><testcase classname="" name="Program Files.Python312.Lib.test.test_zoneinfo.test_zoneinfo" time="0.000"><error message="collection failure">import file mismatch:
imported module 'test.test_zoneinfo.test_zoneinfo' has this __file__ attribute:
  C:\Program Files\MySQL\MySQL Shell 8.0\lib\Python3.12\Lib\test\test_zoneinfo\test_zoneinfo.py
which is not the same as the test file we want to collect:
  C:\Program Files\Python312\Lib\test\test_zoneinfo\test_zoneinfo.py
HINT: remove __pycache__ / .pyc files and/or use a unique basename for your test file modules</error></testcase><testcase classname="" name="Program Files.Python312.Lib.test.test_zoneinfo.test_zoneinfo_property" time="0.000"><error message="collection failure">import file mismatch:
imported module 'test.test_zoneinfo.test_zoneinfo_property' has this __file__ attribute:
  C:\Program Files\MySQL\MySQL Shell 8.0\lib\Python3.12\Lib\test\test_zoneinfo\test_zoneinfo_property.py
which is not the same as the test file we want to collect:
  C:\Program Files\Python312\Lib\test\test_zoneinfo\test_zoneinfo_property.py
HINT: remove __pycache__ / .pyc files and/or use a unique basename for your test file modules</error></testcase><testcase classname="" name="Program Files.Windows NT.Стандартные" time="0.000"><error message="collection failure">C:\Users\brysi\AppData\Roaming\Python\Python312\site-packages\_pytest\runner.py:341: in from_call
    result: Optional[TResult] = func()
C:\Users\brysi\AppData\Roaming\Python\Python312\site-packages\_pytest\runner.py:389: in collect
    return list(collector.collect())
C:\Users\brysi\AppData\Roaming\Python\Python312\site-packages\_pytest\main.py:523: in collect
    for direntry in scandir(self.path):
C:\Users\brysi\AppData\Roaming\Python\Python312\site-packages\_pytest\pathlib.py:896: in scandir
    with os.scandir(path) as s:
E   PermissionError: [WinError 5] Отказано в доступе: 'C:\\Program Files\\Windows NT\\Стандартные'</error></testcase><testcase classname="" name="Program Files.WindowsApps" time="0.000"><error message="collection failure">C:\Users\brysi\AppData\Roaming\Python\Python312\site-packages\_pytest\runner.py:341: in from_call
    result: Optional[TResult] = func()
C:\Users\brysi\AppData\Roaming\Python\Python312\site-packages\_pytest\runner.py:389: in collect
    return list(collector.collect())
C:\Users\brysi\AppData\Roaming\Python\Python312\site-packages\_pytest\main.py:523: in collect
    for direntry in scandir(self.path):
C:\Users\brysi\AppData\Roaming\Python\Python312\site-packages\_pytest\pathlib.py:896: in scandir
    with os.scandir(path) as s:
E   PermissionError: [WinError 5] Отказано в доступе: 'C:\\Program Files\\WindowsApps'</error></testcase><testcase classname="" name="Program Files.WireGuard.Data" time="0.000"><error message="collection failure">C:\Users\brysi\AppData\Roaming\Python\Python312\site-packages\_pytest\runner.py:341: in from_call
    result: Optional[TResult] = func()
C:\Users\brysi\AppData\Roaming\Python\Python312\site-packages\_pytest\runner.py:389: in collect
    return list(collector.collect())
C:\Users\brysi\AppData\Roaming\Python\Python312\site-packages\_pytest\main.py:523: in collect
    for direntry in scandir(self.path):
C:\Users\brysi\AppData\Roaming\Python\Python312\site-packages\_pytest\pathlib.py:896: in scandir
    with os.scandir(path) as s:
E   PermissionError: [WinError 5] Отказано в доступе: 'C:\\Program Files\\WireGuard\\Data'</error></testcase><testcase classname="" name="ProgramData.ASCON.KOMPAS-3D.24.Python 3.App.Lib.ctypes.test.test_anon" time="0.000"><error message="collection failure">ImportError while importing test module 'C:\ProgramData\ASCON\KOMPAS-3D\24\Python 3\App\Lib\ctypes\test\test_anon.py'.
Hint: make sure your test modules/packages have valid Python names.
Traceback:
C:\Users\brysi\AppData\Roaming\Python\Python312\site-packages\_pytest\python.py:492: in importtestmodule
    mod = import_path(
C:\Users\brysi\AppData\Roaming\Python\Python312\site-packages\_pytest\pathlib.py:591: in import_path
    importlib.import_module(module_name)
C:\Program Files\Python312\Lib\importlib\__init__.py:90: in import_module
    return _bootstrap._gcd_import(name[level:], package, level)
&lt;frozen importlib._bootstrap&gt;:1387: in _gcd_import
    ???
&lt;frozen importlib._bootstrap&gt;:1360: in _find_and_load
    ???
&lt;frozen importlib._bootstrap&gt;:1310: in _find_and_load_unlocked
    ???
&lt;frozen importlib._bootstrap&gt;:488: in _call_with_frames_removed
    ???
&lt;frozen importlib._bootstrap&gt;:1387: in _gcd_import
    ???
&lt;frozen importlib._bootstrap&gt;:1360: in _find_and_load
    ???
&lt;frozen importlib._bootstrap&gt;:1324: in _find_and_load_unlocked
    ???
E   ModuleNotFoundError: No module named 'ctypes.test'</error></testcase><testcase classname="" name="ProgramData.ASCON.KOMPAS-3D.24.Python 3.App.Lib.ctypes.test.test_array_in_pointer" time="0.000"><error message="collection failure">ImportError while importing test module 'C:\ProgramData\ASCON\KOMPAS-3D\24\Python 3\App\Lib\ctypes\test\test_array_in_pointer.py'.
Hint: make sure your test modules/packages have valid Python names.
Traceback:
C:\Users\brysi\AppData\Roaming\Python\Python312\site-packages\_pytest\python.py:492: in importtestmodule
    mod = import_path(
C:\Users\brysi\AppData\Roaming\Python\Python312\site-packages\_pytest\pathlib.py:591: in import_path
    importlib.import_module(module_name)
C:\Program Files\Python312\Lib\importlib\__init__.py:90: in import_module
    return _bootstrap._gcd_import(name[level:], package, level)
&lt;frozen importlib._bootstrap&gt;:1387: in _gcd_import
    ???
&lt;frozen importlib._bootstrap&gt;:1360: in _find_and_load
    ???
&lt;frozen importlib._bootstrap&gt;:1310: in _find_and_load_unlocked
    ???
&lt;frozen importlib._bootstrap&gt;:488: in _call_with_frames_removed
    ???
&lt;frozen importlib._bootstrap&gt;:1387: in _gcd_import
    ???
&lt;frozen importlib._bootstrap&gt;:1360: in _find_and_load
    ???
&lt;frozen importlib._bootstrap&gt;:1324: in _find_and_load_unlocked
    ???
E   ModuleNotFoundError: No module named 'ctypes.test'</error></testcase><testcase classname="" name="ProgramData.ASCON.KOMPAS-3D.24.Python 3.App.Lib.ctypes.test.test_arrays" time="0.000"><error message="collection failure">ImportError while importing test module 'C:\ProgramData\ASCON\KOMPAS-3D\24\Python 3\App\Lib\ctypes\test\test_arrays.py'.
Hint: make sure your test modules/packages have valid Python names.
Traceback:
C:\Users\brysi\AppData\Roaming\Python\Python312\site-packages\_pytest\python.py:492: in importtestmodule
    mod = import_path(
C:\Users\brysi\AppData\Roaming\Python\Python312\site-packages\_pytest\pathlib.py:591: in import_path
    importlib.import_module(module_name)
C:\Program Files\Python312\Lib\importlib\__init__.py:90: in import_module
    return _bootstrap._gcd_import(name[level:], package, level)
&lt;frozen importlib._bootstrap&gt;:1387: in _gcd_import
    ???
&lt;frozen importlib._bootstrap&gt;:1360: in _find_and_load
    ???
&lt;frozen importlib._bootstrap&gt;:1310: in _find_and_load_unlocked
    ???
&lt;frozen importlib._bootstrap&gt;:488: in _call_with_frames_removed
    ???
&lt;frozen importlib._bootstrap&gt;:1387: in _gcd_import
    ???
&lt;frozen importlib._bootstrap&gt;:1360: in _find_and_load
    ???
&lt;frozen importlib._bootstrap&gt;:1324: in _find_and_load_unlocked
    ???
E   ModuleNotFoundError: No module named 'ctypes.test'</error></testcase><testcase classname="" name="ProgramData.ASCON.KOMPAS-3D.24.Python 3.App.Lib.ctypes.test.test_as_parameter" time="0.000"><error message="collection failure">ImportError while importing test module 'C:\ProgramData\ASCON\KOMPAS-3D\24\Python 3\App\Lib\ctypes\test\test_as_parameter.py'.
Hint: make sure your test modules/packages have valid Python names.
Traceback:
C:\Users\brysi\AppData\Roaming\Python\Python312\site-packages\_pytest\python.py:492: in importtestmodule
    mod = import_path(
C:\Users\brysi\AppData\Roaming\Python\Python312\site-packages\_pytest\pathlib.py:591: in import_path
    importlib.import_module(module_name)
C:\Program Files\Python312\Lib\importlib\__init__.py:90: in import_module
    return _bootstrap._gcd_import(name[level:], package, level)
&lt;frozen importlib._bootstrap&gt;:1387: in _gcd_import
    ???
&lt;frozen importlib._bootstrap&gt;:1360: in _find_and_load
    ???
&lt;frozen importlib._bootstrap&gt;:1310: in _find_and_load_unlocked
    ???
&lt;frozen importlib._bootstrap&gt;:488: in _call_with_frames_removed
    ???
&lt;frozen importlib._bootstrap&gt;:1387: in _gcd_import
    ???
&lt;frozen importlib._bootstrap&gt;:1360: in _find_and_load
    ???
&lt;frozen importlib._bootstrap&gt;:1324: in _find_and_load_unlocked
    ???
E   ModuleNotFoundError: No module named 'ctypes.test'</error></testcase><testcase classname="" name="ProgramData.ASCON.KOMPAS-3D.24.Python 3.App.Lib.ctypes.test.test_bitfields" time="0.000"><error message="collection failure">ImportError while importing test module 'C:\ProgramData\ASCON\KOMPAS-3D\24\Python 3\App\Lib\ctypes\test\test_bitfields.py'.
Hint: make sure your test modules/packages have valid Python names.
Traceback:
C:\Users\brysi\AppData\Roaming\Python\Python312\site-packages\_pytest\python.py:492: in importtestmodule
    mod = import_path(
C:\Users\brysi\AppData\Roaming\Python\Python312\site-packages\_pytest\pathlib.py:591: in import_path
    importlib.import_module(module_name)
C:\Program Files\Python312\Lib\importlib\__init__.py:90: in import_module
    return _bootstrap._gcd_import(name[level:], package, level)
&lt;frozen importlib._bootstrap&gt;:1387: in _gcd_import
    ???
&lt;frozen importlib._bootstrap&gt;:1360: in _find_and_load
    ???
&lt;frozen importlib._bootstrap&gt;:1310: in _find_and_load_unlocked
    ???
&lt;frozen importlib._bootstrap&gt;:488: in _call_with_frames_removed
    ???
&lt;frozen importlib._bootstrap&gt;:1387: in _gcd_import
    ???
&lt;frozen importlib._bootstrap&gt;:1360: in _find_and_load
    ???
&lt;frozen importlib._bootstrap&gt;:1324: in _find_and_load_unlocked
    ???
E   ModuleNotFoundError: No module named 'ctypes.test'</error></testcase><testcase classname="" name="ProgramData.ASCON.KOMPAS-3D.24.Python 3.App.Lib.ctypes.test.test_buffers" time="0.000"><error message="collection failure">ImportError while importing test module 'C:\ProgramData\ASCON\KOMPAS-3D\24\Python 3\App\Lib\ctypes\test\test_buffers.py'.
Hint: make sure your test modules/packages have valid Python names.
Traceback:
C:\Users\brysi\AppData\Roaming\Python\Python312\site-packages\_pytest\python.py:492: in importtestmodule
    mod = import_path(
C:\Users\brysi\AppData\Roaming\Python\Python312\site-packages\_pytest\pathlib.py:591: in import_path
    importlib.import_module(module_name)
C:\Program Files\Python312\Lib\importlib\__init__.py:90: in import_module
    return _bootstrap._gcd_import(name[level:], package, level)
&lt;frozen importlib._bootstrap&gt;:1387: in _gcd_import
    ???
&lt;frozen importlib._bootstrap&gt;:1360: in _find_and_load
    ???
&lt;frozen importlib._bootstrap&gt;:1310: in _find_and_load_unlocked
    ???
&lt;frozen importlib._bootstrap&gt;:488: in _call_with_frames_removed
    ???
&lt;frozen importlib._bootstrap&gt;:1387: in _gcd_import
    ???
&lt;frozen importlib._bootstrap&gt;:1360: in _find_and_load
    ???
&lt;frozen importlib._bootstrap&gt;:1324: in _find_and_load_unlocked
    ???
E   ModuleNotFoundError: No module named 'ctypes.test'</error></testcase><testcase classname="" name="ProgramData.ASCON.KOMPAS-3D.24.Python 3.App.Lib.ctypes.test.test_bytes" time="0.000"><error message="collection failure">ImportError while importing test module 'C:\ProgramData\ASCON\KOMPAS-3D\24\Python 3\App\Lib\ctypes\test\test_bytes.py'.
Hint: make sure your test modules/packages have valid Python names.
Traceback:
C:\Users\brysi\AppData\Roaming\Python\Python312\site-packages\_pytest\python.py:492: in importtestmodule
    mod = import_path(
C:\Users\brysi\AppData\Roaming\Python\Python312\site-packages\_pytest\pathlib.py:591: in import_path
    importlib.import_module(module_name)
C:\Program Files\Python312\Lib\importlib\__init__.py:90: in import_module
    return _bootstrap._gcd_import(name[level:], package, level)
&lt;frozen importlib._bootstrap&gt;:1387: in _gcd_import
    ???
&lt;frozen importlib._bootstrap&gt;:1360: in _find_and_load
    ???
&lt;frozen importlib._bootstrap&gt;:1310: in _find_and_load_unlocked
    ???
&lt;frozen importlib._bootstrap&gt;:488: in _call_with_frames_removed
    ???
&lt;frozen importlib._bootstrap&gt;:1387: in _gcd_import
    ???
&lt;frozen importlib._bootstrap&gt;:1360: in _find_and_load
    ???
&lt;frozen importlib._bootstrap&gt;:1324: in _find_and_load_unlocked
    ???
E   ModuleNotFoundError: No module named 'ctypes.test'</error></testcase><testcase classname="" name="ProgramData.ASCON.KOMPAS-3D.24.Python 3.App.Lib.ctypes.test.test_byteswap" time="0.000"><error message="collection failure">ImportError while importing test module 'C:\ProgramData\ASCON\KOMPAS-3D\24\Python 3\App\Lib\ctypes\test\test_byteswap.py'.
Hint: make sure your test modules/packages have valid Python names.
Traceback:
C:\Users\brysi\AppData\Roaming\Python\Python312\site-packages\_pytest\python.py:492: in importtestmodule
    mod = import_path(
C:\Users\brysi\AppData\Roaming\Python\Python312\site-packages\_pytest\pathlib.py:591: in import_path
    importlib.import_module(module_name)
C:\Program Files\Python312\Lib\importlib\__init__.py:90: in import_module
    return _bootstrap._gcd_import(name[level:], package, level)
&lt;frozen importlib._bootstrap&gt;:1387: in _gcd_import
    ???
&lt;frozen importlib._bootstrap&gt;:1360: in _find_and_load
    ???
&lt;frozen importlib._bootstrap&gt;:1310: in _find_and_load_unlocked
    ???
&lt;frozen importlib._bootstrap&gt;:488: in _call_with_frames_removed
    ???
&lt;frozen importlib._bootstrap&gt;:1387: in _gcd_import
    ???
&lt;frozen importlib._bootstrap&gt;:1360: in _find_and_load
    ???
&lt;frozen importlib._bootstrap&gt;:1324: in _find_and_load_unlocked
    ???
E   ModuleNotFoundError: No module named 'ctypes.test'</error></testcase><testcase classname="" name="ProgramData.ASCON.KOMPAS-3D.24.Python 3.App.Lib.ctypes.test.test_callbacks" time="0.000"><error message="collection failure">ImportError while importing test module 'C:\ProgramData\ASCON\KOMPAS-3D\24\Python 3\App\Lib\ctypes\test\test_callbacks.py'.
Hint: make sure your test modules/packages have valid Python names.
Traceback:
C:\Users\brysi\AppData\Roaming\Python\Python312\site-packages\_pytest\python.py:492: in importtestmodule
    mod = import_path(
C:\Users\brysi\AppData\Roaming\Python\Python312\site-packages\_pytest\pathlib.py:591: in import_path
    importlib.import_module(module_name)
C:\Program Files\Python312\Lib\importlib\__init__.py:90: in import_module
    return _bootstrap._gcd_import(name[level:], package, level)
&lt;frozen importlib._bootstrap&gt;:1387: in _gcd_import
    ???
&lt;frozen importlib._bootstrap&gt;:1360: in _find_and_load
    ???
&lt;frozen importlib._bootstrap&gt;:1310: in _find_and_load_unlocked
    ???
&lt;frozen importlib._bootstrap&gt;:488: in _call_with_frames_removed
    ???
&lt;frozen importlib._bootstrap&gt;:1387: in _gcd_import
    ???
&lt;frozen importlib._bootstrap&gt;:1360: in _find_and_load
    ???
&lt;frozen importlib._bootstrap&gt;:1324: in _find_and_load_unlocked
    ???
E   ModuleNotFoundError: No module named 'ctypes.test'</error></testcase><testcase classname="" name="ProgramData.ASCON.KOMPAS-3D.24.Python 3.App.Lib.ctypes.test.test_cast" time="0.000"><error message="collection failure">ImportError while importing test module 'C:\ProgramData\ASCON\KOMPAS-3D\24\Python 3\App\Lib\ctypes\test\test_cast.py'.
Hint: make sure your test modules/packages have valid Python names.
Traceback:
C:\Users\brysi\AppData\Roaming\Python\Python312\site-packages\_pytest\python.py:492: in importtestmodule
    mod = import_path(
C:\Users\brysi\AppData\Roaming\Python\Python312\site-packages\_pytest\pathlib.py:591: in import_path
    importlib.import_module(module_name)
C:\Program Files\Python312\Lib\importlib\__init__.py:90: in import_module
    return _bootstrap._gcd_import(name[level:], package, level)
&lt;frozen importlib._bootstrap&gt;:1387: in _gcd_import
    ???
&lt;frozen importlib._bootstrap&gt;:1360: in _find_and_load
    ???
&lt;frozen importlib._bootstrap&gt;:1310: in _find_and_load_unlocked
    ???
&lt;frozen importlib._bootstrap&gt;:488: in _call_with_frames_removed
    ???
&lt;frozen importlib._bootstrap&gt;:1387: in _gcd_import
    ???
&lt;frozen importlib._bootstrap&gt;:1360: in _find_and_load
    ???
&lt;frozen importlib._bootstrap&gt;:1324: in _find_and_load_unlocked
    ???
E   ModuleNotFoundError: No module named 'ctypes.test'</error></testcase><testcase classname="" name="ProgramData.ASCON.KOMPAS-3D.24.Python 3.App.Lib.ctypes.test.test_cfuncs" time="0.000"><error message="collection failure">ImportError while importing test module 'C:\ProgramData\ASCON\KOMPAS-3D\24\Python 3\App\Lib\ctypes\test\test_cfuncs.py'.
Hint: make sure your test modules/packages have valid Python names.
Traceback:
C:\Users\brysi\AppData\Roaming\Python\Python312\site-packages\_pytest\python.py:492: in importtestmodule
    mod = import_path(
C:\Users\brysi\AppData\Roaming\Python\Python312\site-packages\_pytest\pathlib.py:591: in import_path
    importlib.import_module(module_name)
C:\Program Files\Python312\Lib\importlib\__init__.py:90: in import_module
    return _bootstrap._gcd_import(name[level:], package, level)
&lt;frozen importlib._bootstrap&gt;:1387: in _gcd_import
    ???
&lt;frozen importlib._bootstrap&gt;:1360: in _find_and_load
    ???
&lt;frozen importlib._bootstrap&gt;:1310: in _find_and_load_unlocked
    ???
&lt;frozen importlib._bootstrap&gt;:488: in _call_with_frames_removed
    ???
&lt;frozen importlib._bootstrap&gt;:1387: in _gcd_import
    ???
&lt;frozen importlib._bootstrap&gt;:1360: in _find_and_load
    ???
&lt;frozen importlib._bootstrap&gt;:1324: in _find_and_load_unlocked
    ???
E   ModuleNotFoundError: No module named 'ctypes.test'</error></testcase><testcase classname="" name="ProgramData.ASCON.KOMPAS-3D.24.Python 3.App.Lib.ctypes.test.test_checkretval" time="0.000"><error message="collection failure">ImportError while importing test module 'C:\ProgramData\ASCON\KOMPAS-3D\24\Python 3\App\Lib\ctypes\test\test_checkretval.py'.
Hint: make sure your test modules/packages have valid Python names.
Traceback:
C:\Users\brysi\AppData\Roaming\Python\Python312\site-packages\_pytest\python.py:492: in importtestmodule
    mod = import_path(
C:\Users\brysi\AppData\Roaming\Python\Python312\site-packages\_pytest\pathlib.py:591: in import_path
    importlib.import_module(module_name)
C:\Program Files\Python312\Lib\importlib\__init__.py:90: in import_module
    return _bootstrap._gcd_import(name[level:], package, level)
&lt;frozen importlib._bootstrap&gt;:1387: in _gcd_import
    ???
&lt;frozen importlib._bootstrap&gt;:1360: in _find_and_load
    ???
&lt;frozen importlib._bootstrap&gt;:1310: in _find_and_load_unlocked
    ???
&lt;frozen importlib._bootstrap&gt;:488: in _call_with_frames_removed
    ???
&lt;frozen importlib._bootstrap&gt;:1387: in _gcd_import
    ???
&lt;frozen importlib._bootstrap&gt;:1360: in _find_and_load
    ???
&lt;frozen importlib._bootstrap&gt;:1324: in _find_and_load_unlocked
    ???
E   ModuleNotFoundError: No module named 'ctypes.test'</error></testcase><testcase classname="" name="ProgramData.ASCON.KOMPAS-3D.24.Python 3.App.Lib.ctypes.test.test_delattr" time="0.000"><error message="collection failure">ImportError while importing test module 'C:\ProgramData\ASCON\KOMPAS-3D\24\Python 3\App\Lib\ctypes\test\test_delattr.py'.
Hint: make sure your test modules/packages have valid Python names.
Traceback:
C:\Users\brysi\AppData\Roaming\Python\Python312\site-packages\_pytest\python.py:492: in importtestmodule
    mod = import_path(
C:\Users\brysi\AppData\Roaming\Python\Python312\site-packages\_pytest\pathlib.py:591: in import_path
    importlib.import_module(module_name)
C:\Program Files\Python312\Lib\importlib\__init__.py:90: in import_module
    return _bootstrap._gcd_import(name[level:], package, level)
&lt;frozen importlib._bootstrap&gt;:1387: in _gcd_import
    ???
&lt;frozen importlib._bootstrap&gt;:1360: in _find_and_load
    ???
&lt;frozen importlib._bootstrap&gt;:1310: in _find_and_load_unlocked
    ???
&lt;frozen importlib._bootstrap&gt;:488: in _call_with_frames_removed
    ???
&lt;frozen importlib._bootstrap&gt;:1387: in _gcd_import
    ???
&lt;frozen importlib._bootstrap&gt;:1360: in _find_and_load
    ???
&lt;frozen importlib._bootstrap&gt;:1324: in _find_and_load_unlocked
    ???
E   ModuleNotFoundError: No module named 'ctypes.test'</error></testcase><testcase classname="" name="ProgramData.ASCON.KOMPAS-3D.24.Python 3.App.Lib.ctypes.test.test_errcheck" time="0.000"><error message="collection failure">ImportError while importing test module 'C:\ProgramData\ASCON\KOMPAS-3D\24\Python 3\App\Lib\ctypes\test\test_errcheck.py'.
Hint: make sure your test modules/packages have valid Python names.
Traceback:
C:\Users\brysi\AppData\Roaming\Python\Python312\site-packages\_pytest\python.py:492: in importtestmodule
    mod = import_path(
C:\Users\brysi\AppData\Roaming\Python\Python312\site-packages\_pytest\pathlib.py:591: in import_path
    importlib.import_module(module_name)
C:\Program Files\Python312\Lib\importlib\__init__.py:90: in import_module
    return _bootstrap._gcd_import(name[level:], package, level)
&lt;frozen importlib._bootstrap&gt;:1387: in _gcd_import
    ???
&lt;frozen importlib._bootstrap&gt;:1360: in _find_and_load
    ???
&lt;frozen importlib._bootstrap&gt;:1310: in _find_and_load_unlocked
    ???
&lt;frozen importlib._bootstrap&gt;:488: in _call_with_frames_removed
    ???
&lt;frozen importlib._bootstrap&gt;:1387: in _gcd_import
    ???
&lt;frozen importlib._bootstrap&gt;:1360: in _find_and_load
    ???
&lt;frozen importlib._bootstrap&gt;:1324: in _find_and_load_unlocked
    ???
E   ModuleNotFoundError: No module named 'ctypes.test'</error></testcase><testcase classname="" name="ProgramData.ASCON.KOMPAS-3D.24.Python 3.App.Lib.ctypes.test.test_errno" time="0.000"><error message="collection failure">ImportError while importing test module 'C:\ProgramData\ASCON\KOMPAS-3D\24\Python 3\App\Lib\ctypes\test\test_errno.py'.
Hint: make sure your test modules/packages have valid Python names.
Traceback:
C:\Users\brysi\AppData\Roaming\Python\Python312\site-packages\_pytest\python.py:492: in importtestmodule
    mod = import_path(
C:\Users\brysi\AppData\Roaming\Python\Python312\site-packages\_pytest\pathlib.py:591: in import_path
    importlib.import_module(module_name)
C:\Program Files\Python312\Lib\importlib\__init__.py:90: in import_module
    return _bootstrap._gcd_import(name[level:], package, level)
&lt;frozen importlib._bootstrap&gt;:1387: in _gcd_import
    ???
&lt;frozen importlib._bootstrap&gt;:1360: in _find_and_load
    ???
&lt;frozen importlib._bootstrap&gt;:1310: in _find_and_load_unlocked
    ???
&lt;frozen importlib._bootstrap&gt;:488: in _call_with_frames_removed
    ???
&lt;frozen importlib._bootstrap&gt;:1387: in _gcd_import
    ???
&lt;frozen importlib._bootstrap&gt;:1360: in _find_and_load
    ???
&lt;frozen importlib._bootstrap&gt;:1324: in _find_and_load_unlocked
    ???
E   ModuleNotFoundError: No module named 'ctypes.test'</error></testcase><testcase classname="" name="ProgramData.ASCON.KOMPAS-3D.24.Python 3.App.Lib.ctypes.test.test_find" time="0.000"><error message="collection failure">ImportError while importing test module 'C:\ProgramData\ASCON\KOMPAS-3D\24\Python 3\App\Lib\ctypes\test\test_find.py'.
Hint: make sure your test modules/packages have valid Python names.
Traceback:
C:\Users\brysi\AppData\Roaming\Python\Python312\site-packages\_pytest\python.py:492: in importtestmodule
    mod = import_path(
C:\Users\brysi\AppData\Roaming\Python\Python312\site-packages\_pytest\pathlib.py:591: in import_path
    importlib.import_module(module_name)
C:\Program Files\Python312\Lib\importlib\__init__.py:90: in import_module
    return _bootstrap._gcd_import(name[level:], package, level)
&lt;frozen importlib._bootstrap&gt;:1387: in _gcd_import
    ???
&lt;frozen importlib._bootstrap&gt;:1360: in _find_and_load
    ???
&lt;frozen importlib._bootstrap&gt;:1310: in _find_and_load_unlocked
    ???
&lt;frozen importlib._bootstrap&gt;:488: in _call_with_frames_removed
    ???
&lt;frozen importlib._bootstrap&gt;:1387: in _gcd_import
    ???
&lt;frozen importlib._bootstrap&gt;:1360: in _find_and_load
    ???
&lt;frozen importlib._bootstrap&gt;:1324: in _find_and_load_unlocked
    ???
E   ModuleNotFoundError: No module named 'ctypes.test'</error></testcase><testcase classname="" name="ProgramData.ASCON.KOMPAS-3D.24.Python 3.App.Lib.ctypes.test.test_frombuffer" time="0.000"><error message="collection failure">ImportError while importing test module 'C:\ProgramData\ASCON\KOMPAS-3D\24\Python 3\App\Lib\ctypes\test\test_frombuffer.py'.
Hint: make sure your test modules/packages have valid Python names.
Traceback:
C:\Users\brysi\AppData\Roaming\Python\Python312\site-packages\_pytest\python.py:492: in importtestmodule
    mod = import_path(
C:\Users\brysi\AppData\Roaming\Python\Python312\site-packages\_pytest\pathlib.py:591: in import_path
    importlib.import_module(module_name)
C:\Program Files\Python312\Lib\importlib\__init__.py:90: in import_module
    return _bootstrap._gcd_import(name[level:], package, level)
&lt;frozen importlib._bootstrap&gt;:1387: in _gcd_import
    ???
&lt;frozen importlib._bootstrap&gt;:1360: in _find_and_load
    ???
&lt;frozen importlib._bootstrap&gt;:1310: in _find_and_load_unlocked
    ???
&lt;frozen importlib._bootstrap&gt;:488: in _call_with_frames_removed
    ???
&lt;frozen importlib._bootstrap&gt;:1387: in _gcd_import
    ???
&lt;frozen importlib._bootstrap&gt;:1360: in _find_and_load
    ???
&lt;frozen importlib._bootstrap&gt;:1324: in _find_and_load_unlocked
    ???
E   ModuleNotFoundError: No module named 'ctypes.test'</error></testcase><testcase classname="" name="ProgramData.ASCON.KOMPAS-3D.24.Python 3.App.Lib.ctypes.test.test_funcptr" time="0.000"><error message="collection failure">ImportError while importing test module 'C:\ProgramData\ASCON\KOMPAS-3D\24\Python 3\App\Lib\ctypes\test\test_funcptr.py'.
Hint: make sure your test modules/packages have valid Python names.
Traceback:
C:\Users\brysi\AppData\Roaming\Python\Python312\site-packages\_pytest\python.py:492: in importtestmodule
    mod = import_path(
C:\Users\brysi\AppData\Roaming\Python\Python312\site-packages\_pytest\pathlib.py:591: in import_path
    importlib.import_module(module_name)
C:\Program Files\Python312\Lib\importlib\__init__.py:90: in import_module
    return _bootstrap._gcd_import(name[level:], package, level)
&lt;frozen importlib._bootstrap&gt;:1387: in _gcd_import
    ???
&lt;frozen importlib._bootstrap&gt;:1360: in _find_and_load
    ???
&lt;frozen importlib._bootstrap&gt;:1310: in _find_and_load_unlocked
    ???
&lt;frozen importlib._bootstrap&gt;:488: in _call_with_frames_removed
    ???
&lt;frozen importlib._bootstrap&gt;:1387: in _gcd_import
    ???
&lt;frozen importlib._bootstrap&gt;:1360: in _find_and_load
    ???
&lt;frozen importlib._bootstrap&gt;:1324: in _find_and_load_unlocked
    ???
E   ModuleNotFoundError: No module named 'ctypes.test'</error></testcase><testcase classname="" name="ProgramData.ASCON.KOMPAS-3D.24.Python 3.App.Lib.ctypes.test.test_functions" time="0.000"><error message="collection failure">ImportError while importing test module 'C:\ProgramData\ASCON\KOMPAS-3D\24\Python 3\App\Lib\ctypes\test\test_functions.py'.
Hint: make sure your test modules/packages have valid Python names.
Traceback:
C:\Users\brysi\AppData\Roaming\Python\Python312\site-packages\_pytest\python.py:492: in importtestmodule
    mod = import_path(
C:\Users\brysi\AppData\Roaming\Python\Python312\site-packages\_pytest\pathlib.py:591: in import_path
    importlib.import_module(module_name)
C:\Program Files\Python312\Lib\importlib\__init__.py:90: in import_module
    return _bootstrap._gcd_import(name[level:], package, level)
&lt;frozen importlib._bootstrap&gt;:1387: in _gcd_import
    ???
&lt;frozen importlib._bootstrap&gt;:1360: in _find_and_load
    ???
&lt;frozen importlib._bootstrap&gt;:1310: in _find_and_load_unlocked
    ???
&lt;frozen importlib._bootstrap&gt;:488: in _call_with_frames_removed
    ???
&lt;frozen importlib._bootstrap&gt;:1387: in _gcd_import
    ???
&lt;frozen importlib._bootstrap&gt;:1360: in _find_and_load
    ???
&lt;frozen importlib._bootstrap&gt;:1324: in _find_and_load_unlocked
    ???
E   ModuleNotFoundError: No module named 'ctypes.test'</error></testcase><testcase classname="" name="ProgramData.ASCON.KOMPAS-3D.24.Python 3.App.Lib.ctypes.test.test_incomplete" time="0.000"><error message="collection failure">ImportError while importing test module 'C:\ProgramData\ASCON\KOMPAS-3D\24\Python 3\App\Lib\ctypes\test\test_incomplete.py'.
Hint: make sure your test modules/packages have valid Python names.
Traceback:
C:\Users\brysi\AppData\Roaming\Python\Python312\site-packages\_pytest\python.py:492: in importtestmodule
    mod = import_path(
C:\Users\brysi\AppData\Roaming\Python\Python312\site-packages\_pytest\pathlib.py:591: in import_path
    importlib.import_module(module_name)
C:\Program Files\Python312\Lib\importlib\__init__.py:90: in import_module
    return _bootstrap._gcd_import(name[level:], package, level)
&lt;frozen importlib._bootstrap&gt;:1387: in _gcd_import
    ???
&lt;frozen importlib._bootstrap&gt;:1360: in _find_and_load
    ???
&lt;frozen importlib._bootstrap&gt;:1310: in _find_and_load_unlocked
    ???
&lt;frozen importlib._bootstrap&gt;:488: in _call_with_frames_removed
    ???
&lt;frozen importlib._bootstrap&gt;:1387: in _gcd_import
    ???
&lt;frozen importlib._bootstrap&gt;:1360: in _find_and_load
    ???
&lt;frozen importlib._bootstrap&gt;:1324: in _find_and_load_unlocked
    ???
E   ModuleNotFoundError: No module named 'ctypes.test'</error></testcase><testcase classname="" name="ProgramData.ASCON.KOMPAS-3D.24.Python 3.App.Lib.ctypes.test.test_init" time="0.000"><error message="collection failure">ImportError while importing test module 'C:\ProgramData\ASCON\KOMPAS-3D\24\Python 3\App\Lib\ctypes\test\test_init.py'.
Hint: make sure your test modules/packages have valid Python names.
Traceback:
C:\Users\brysi\AppData\Roaming\Python\Python312\site-packages\_pytest\python.py:492: in importtestmodule
    mod = import_path(
C:\Users\brysi\AppData\Roaming\Python\Python312\site-packages\_pytest\pathlib.py:591: in import_path
    importlib.import_module(module_name)
C:\Program Files\Python312\Lib\importlib\__init__.py:90: in import_module
    return _bootstrap._gcd_import(name[level:], package, level)
&lt;frozen importlib._bootstrap&gt;:1387: in _gcd_import
    ???
&lt;frozen importlib._bootstrap&gt;:1360: in _find_and_load
    ???
&lt;frozen importlib._bootstrap&gt;:1310: in _find_and_load_unlocked
    ???
&lt;frozen importlib._bootstrap&gt;:488: in _call_with_frames_removed
    ???
&lt;frozen importlib._bootstrap&gt;:1387: in _gcd_import
    ???
&lt;frozen importlib._bootstrap&gt;:1360: in _find_and_load
    ???
&lt;frozen importlib._bootstrap&gt;:1324: in _find_and_load_unlocked
    ???
E   ModuleNotFoundError: No module named 'ctypes.test'</error></testcase><testcase classname="" name="ProgramData.ASCON.KOMPAS-3D.24.Python 3.App.Lib.ctypes.test.test_integers" time="0.000"><error message="collection failure">ImportError while importing test module 'C:\ProgramData\ASCON\KOMPAS-3D\24\Python 3\App\Lib\ctypes\test\test_integers.py'.
Hint: make sure your test modules/packages have valid Python names.
Traceback:
C:\Users\brysi\AppData\Roaming\Python\Python312\site-packages\_pytest\python.py:492: in importtestmodule
    mod = import_path(
C:\Users\brysi\AppData\Roaming\Python\Python312\site-packages\_pytest\pathlib.py:591: in import_path
    importlib.import_module(module_name)
C:\Program Files\Python312\Lib\importlib\__init__.py:90: in import_module
    return _bootstrap._gcd_import(name[level:], package, level)
&lt;frozen importlib._bootstrap&gt;:1387: in _gcd_import
    ???
&lt;frozen importlib._bootstrap&gt;:1360: in _find_and_load
    ???
&lt;frozen importlib._bootstrap&gt;:1310: in _find_and_load_unlocked
    ???
&lt;frozen importlib._bootstrap&gt;:488: in _call_with_frames_removed
    ???
&lt;frozen importlib._bootstrap&gt;:1387: in _gcd_import
    ???
&lt;frozen importlib._bootstrap&gt;:1360: in _find_and_load
    ???
&lt;frozen importlib._bootstrap&gt;:1324: in _find_and_load_unlocked
    ???
E   ModuleNotFoundError: No module named 'ctypes.test'</error></testcase><testcase classname="" name="ProgramData.ASCON.KOMPAS-3D.24.Python 3.App.Lib.ctypes.test.test_internals" time="0.000"><error message="collection failure">ImportError while importing test module 'C:\ProgramData\ASCON\KOMPAS-3D\24\Python 3\App\Lib\ctypes\test\test_internals.py'.
Hint: make sure your test modules/packages have valid Python names.
Traceback:
C:\Users\brysi\AppData\Roaming\Python\Python312\site-packages\_pytest\python.py:492: in importtestmodule
    mod = import_path(
C:\Users\brysi\AppData\Roaming\Python\Python312\site-packages\_pytest\pathlib.py:591: in import_path
    importlib.import_module(module_name)
C:\Program Files\Python312\Lib\importlib\__init__.py:90: in import_module
    return _bootstrap._gcd_import(name[level:], package, level)
&lt;frozen importlib._bootstrap&gt;:1387: in _gcd_import
    ???
&lt;frozen importlib._bootstrap&gt;:1360: in _find_and_load
    ???
&lt;frozen importlib._bootstrap&gt;:1310: in _find_and_load_unlocked
    ???
&lt;frozen importlib._bootstrap&gt;:488: in _call_with_frames_removed
    ???
&lt;frozen importlib._bootstrap&gt;:1387: in _gcd_import
    ???
&lt;frozen importlib._bootstrap&gt;:1360: in _find_and_load
    ???
&lt;frozen importlib._bootstrap&gt;:1324: in _find_and_load_unlocked
    ???
E   ModuleNotFoundError: No module named 'ctypes.test'</error></testcase><testcase classname="" name="ProgramData.ASCON.KOMPAS-3D.24.Python 3.App.Lib.ctypes.test.test_keeprefs" time="0.000"><error message="collection failure">ImportError while importing test module 'C:\ProgramData\ASCON\KOMPAS-3D\24\Python 3\App\Lib\ctypes\test\test_keeprefs.py'.
Hint: make sure your test modules/packages have valid Python names.
Traceback:
C:\Users\brysi\AppData\Roaming\Python\Python312\site-packages\_pytest\python.py:492: in importtestmodule
    mod = import_path(
C:\Users\brysi\AppData\Roaming\Python\Python312\site-packages\_pytest\pathlib.py:591: in import_path
    importlib.import_module(module_name)
C:\Program Files\Python312\Lib\importlib\__init__.py:90: in import_module
    return _bootstrap._gcd_import(name[level:], package, level)
&lt;frozen importlib._bootstrap&gt;:1387: in _gcd_import
    ???
&lt;frozen importlib._bootstrap&gt;:1360: in _find_and_load
    ???
&lt;frozen importlib._bootstrap&gt;:1310: in _find_and_load_unlocked
    ???
&lt;frozen importlib._bootstrap&gt;:488: in _call_with_frames_removed
    ???
&lt;frozen importlib._bootstrap&gt;:1387: in _gcd_import
    ???
&lt;frozen importlib._bootstrap&gt;:1360: in _find_and_load
    ???
&lt;frozen importlib._bootstrap&gt;:1324: in _find_and_load_unlocked
    ???
E   ModuleNotFoundError: No module named 'ctypes.test'</error></testcase><testcase classname="" name="ProgramData.ASCON.KOMPAS-3D.24.Python 3.App.Lib.ctypes.test.test_libc" time="0.000"><error message="collection failure">ImportError while importing test module 'C:\ProgramData\ASCON\KOMPAS-3D\24\Python 3\App\Lib\ctypes\test\test_libc.py'.
Hint: make sure your test modules/packages have valid Python names.
Traceback:
C:\Users\brysi\AppData\Roaming\Python\Python312\site-packages\_pytest\python.py:492: in importtestmodule
    mod = import_path(
C:\Users\brysi\AppData\Roaming\Python\Python312\site-packages\_pytest\pathlib.py:591: in import_path
    importlib.import_module(module_name)
C:\Program Files\Python312\Lib\importlib\__init__.py:90: in import_module
    return _bootstrap._gcd_import(name[level:], package, level)
&lt;frozen importlib._bootstrap&gt;:1387: in _gcd_import
    ???
&lt;frozen importlib._bootstrap&gt;:1360: in _find_and_load
    ???
&lt;frozen importlib._bootstrap&gt;:1310: in _find_and_load_unlocked
    ???
&lt;frozen importlib._bootstrap&gt;:488: in _call_with_frames_removed
    ???
&lt;frozen importlib._bootstrap&gt;:1387: in _gcd_import
    ???
&lt;frozen importlib._bootstrap&gt;:1360: in _find_and_load
    ???
&lt;frozen importlib._bootstrap&gt;:1324: in _find_and_load_unlocked
    ???
E   ModuleNotFoundError: No module named 'ctypes.test'</error></testcase><testcase classname="" name="ProgramData.ASCON.KOMPAS-3D.24.Python 3.App.Lib.ctypes.test.test_loading" time="0.000"><error message="collection failure">ImportError while importing test module 'C:\ProgramData\ASCON\KOMPAS-3D\24\Python 3\App\Lib\ctypes\test\test_loading.py'.
Hint: make sure your test modules/packages have valid Python names.
Traceback:
C:\Users\brysi\AppData\Roaming\Python\Python312\site-packages\_pytest\python.py:492: in importtestmodule
    mod = import_path(
C:\Users\brysi\AppData\Roaming\Python\Python312\site-packages\_pytest\pathlib.py:591: in import_path
    importlib.import_module(module_name)
C:\Program Files\Python312\Lib\importlib\__init__.py:90: in import_module
    return _bootstrap._gcd_import(name[level:], package, level)
&lt;frozen importlib._bootstrap&gt;:1387: in _gcd_import
    ???
&lt;frozen importlib._bootstrap&gt;:1360: in _find_and_load
    ???
&lt;frozen importlib._bootstrap&gt;:1310: in _find_and_load_unlocked
    ???
&lt;frozen importlib._bootstrap&gt;:488: in _call_with_frames_removed
    ???
&lt;frozen importlib._bootstrap&gt;:1387: in _gcd_import
    ???
&lt;frozen importlib._bootstrap&gt;:1360: in _find_and_load
    ???
&lt;frozen importlib._bootstrap&gt;:1324: in _find_and_load_unlocked
    ???
E   ModuleNotFoundError: No module named 'ctypes.test'</error></testcase><testcase classname="" name="ProgramData.ASCON.KOMPAS-3D.24.Python 3.App.Lib.ctypes.test.test_macholib" time="0.000"><error message="collection failure">ImportError while importing test module 'C:\ProgramData\ASCON\KOMPAS-3D\24\Python 3\App\Lib\ctypes\test\test_macholib.py'.
Hint: make sure your test modules/packages have valid Python names.
Traceback:
C:\Users\brysi\AppData\Roaming\Python\Python312\site-packages\_pytest\python.py:492: in importtestmodule
    mod = import_path(
C:\Users\brysi\AppData\Roaming\Python\Python312\site-packages\_pytest\pathlib.py:591: in import_path
    importlib.import_module(module_name)
C:\Program Files\Python312\Lib\importlib\__init__.py:90: in import_module
    return _bootstrap._gcd_import(name[level:], package, level)
&lt;frozen importlib._bootstrap&gt;:1387: in _gcd_import
    ???
&lt;frozen importlib._bootstrap&gt;:1360: in _find_and_load
    ???
&lt;frozen importlib._bootstrap&gt;:1310: in _find_and_load_unlocked
    ???
&lt;frozen importlib._bootstrap&gt;:488: in _call_with_frames_removed
    ???
&lt;frozen importlib._bootstrap&gt;:1387: in _gcd_import
    ???
&lt;frozen importlib._bootstrap&gt;:1360: in _find_and_load
    ???
&lt;frozen importlib._bootstrap&gt;:1324: in _find_and_load_unlocked
    ???
E   ModuleNotFoundError: No module named 'ctypes.test'</error></testcase><testcase classname="" name="ProgramData.ASCON.KOMPAS-3D.24.Python 3.App.Lib.ctypes.test.test_memfunctions" time="0.000"><error message="collection failure">ImportError while importing test module 'C:\ProgramData\ASCON\KOMPAS-3D\24\Python 3\App\Lib\ctypes\test\test_memfunctions.py'.
Hint: make sure your test modules/packages have valid Python names.
Traceback:
C:\Users\brysi\AppData\Roaming\Python\Python312\site-packages\_pytest\python.py:492: in importtestmodule
    mod = import_path(
C:\Users\brysi\AppData\Roaming\Python\Python312\site-packages\_pytest\pathlib.py:591: in import_path
    importlib.import_module(module_name)
C:\Program Files\Python312\Lib\importlib\__init__.py:90: in import_module
    return _bootstrap._gcd_import(name[level:], package, level)
&lt;frozen importlib._bootstrap&gt;:1387: in _gcd_import
    ???
&lt;frozen importlib._bootstrap&gt;:1360: in _find_and_load
    ???
&lt;frozen importlib._bootstrap&gt;:1310: in _find_and_load_unlocked
    ???
&lt;frozen importlib._bootstrap&gt;:488: in _call_with_frames_removed
    ???
&lt;frozen importlib._bootstrap&gt;:1387: in _gcd_import
    ???
&lt;frozen importlib._bootstrap&gt;:1360: in _find_and_load
    ???
&lt;frozen importlib._bootstrap&gt;:1324: in _find_and_load_unlocked
    ???
E   ModuleNotFoundError: No module named 'ctypes.test'</error></testcase><testcase classname="" name="ProgramData.ASCON.KOMPAS-3D.24.Python 3.App.Lib.ctypes.test.test_numbers" time="0.000"><error message="collection failure">ImportError while importing test module 'C:\ProgramData\ASCON\KOMPAS-3D\24\Python 3\App\Lib\ctypes\test\test_numbers.py'.
Hint: make sure your test modules/packages have valid Python names.
Traceback:
C:\Users\brysi\AppData\Roaming\Python\Python312\site-packages\_pytest\python.py:492: in importtestmodule
    mod = import_path(
C:\Users\brysi\AppData\Roaming\Python\Python312\site-packages\_pytest\pathlib.py:591: in import_path
    importlib.import_module(module_name)
C:\Program Files\Python312\Lib\importlib\__init__.py:90: in import_module
    return _bootstrap._gcd_import(name[level:], package, level)
&lt;frozen importlib._bootstrap&gt;:1387: in _gcd_import
    ???
&lt;frozen importlib._bootstrap&gt;:1360: in _find_and_load
    ???
&lt;frozen importlib._bootstrap&gt;:1310: in _find_and_load_unlocked
    ???
&lt;frozen importlib._bootstrap&gt;:488: in _call_with_frames_removed
    ???
&lt;frozen importlib._bootstrap&gt;:1387: in _gcd_import
    ???
&lt;frozen importlib._bootstrap&gt;:1360: in _find_and_load
    ???
&lt;frozen importlib._bootstrap&gt;:1324: in _find_and_load_unlocked
    ???
E   ModuleNotFoundError: No module named 'ctypes.test'</error></testcase><testcase classname="" name="ProgramData.ASCON.KOMPAS-3D.24.Python 3.App.Lib.ctypes.test.test_objects" time="0.000"><error message="collection failure">ImportError while importing test module 'C:\ProgramData\ASCON\KOMPAS-3D\24\Python 3\App\Lib\ctypes\test\test_objects.py'.
Hint: make sure your test modules/packages have valid Python names.
Traceback:
C:\Users\brysi\AppData\Roaming\Python\Python312\site-packages\_pytest\python.py:492: in importtestmodule
    mod = import_path(
C:\Users\brysi\AppData\Roaming\Python\Python312\site-packages\_pytest\pathlib.py:591: in import_path
    importlib.import_module(module_name)
C:\Program Files\Python312\Lib\importlib\__init__.py:90: in import_module
    return _bootstrap._gcd_import(name[level:], package, level)
&lt;frozen importlib._bootstrap&gt;:1387: in _gcd_import
    ???
&lt;frozen importlib._bootstrap&gt;:1360: in _find_and_load
    ???
&lt;frozen importlib._bootstrap&gt;:1310: in _find_and_load_unlocked
    ???
&lt;frozen importlib._bootstrap&gt;:488: in _call_with_frames_removed
    ???
&lt;frozen importlib._bootstrap&gt;:1387: in _gcd_import
    ???
&lt;frozen importlib._bootstrap&gt;:1360: in _find_and_load
    ???
&lt;frozen importlib._bootstrap&gt;:1324: in _find_and_load_unlocked
    ???
E   ModuleNotFoundError: No module named 'ctypes.test'</error></testcase><testcase classname="" name="ProgramData.ASCON.KOMPAS-3D.24.Python 3.App.Lib.ctypes.test.test_parameters" time="0.000"><error message="collection failure">ImportError while importing test module 'C:\ProgramData\ASCON\KOMPAS-3D\24\Python 3\App\Lib\ctypes\test\test_parameters.py'.
Hint: make sure your test modules/packages have valid Python names.
Traceback:
C:\Users\brysi\AppData\Roaming\Python\Python312\site-packages\_pytest\python.py:492: in importtestmodule
    mod = import_path(
C:\Users\brysi\AppData\Roaming\Python\Python312\site-packages\_pytest\pathlib.py:591: in import_path
    importlib.import_module(module_name)
C:\Program Files\Python312\Lib\importlib\__init__.py:90: in import_module
    return _bootstrap._gcd_import(name[level:], package, level)
&lt;frozen importlib._bootstrap&gt;:1387: in _gcd_import
    ???
&lt;frozen importlib._bootstrap&gt;:1360: in _find_and_load
    ???
&lt;frozen importlib._bootstrap&gt;:1310: in _find_and_load_unlocked
    ???
&lt;frozen importlib._bootstrap&gt;:488: in _call_with_frames_removed
    ???
&lt;frozen importlib._bootstrap&gt;:1387: in _gcd_import
    ???
&lt;frozen importlib._bootstrap&gt;:1360: in _find_and_load
    ???
&lt;frozen importlib._bootstrap&gt;:1324: in _find_and_load_unlocked
    ???
E   ModuleNotFoundError: No module named 'ctypes.test'</error></testcase><testcase classname="" name="ProgramData.ASCON.KOMPAS-3D.24.Python 3.App.Lib.ctypes.test.test_pep3118" time="0.000"><error message="collection failure">ImportError while importing test module 'C:\ProgramData\ASCON\KOMPAS-3D\24\Python 3\App\Lib\ctypes\test\test_pep3118.py'.
Hint: make sure your test modules/packages have valid Python names.
Traceback:
C:\Users\brysi\AppData\Roaming\Python\Python312\site-packages\_pytest\python.py:492: in importtestmodule
    mod = import_path(
C:\Users\brysi\AppData\Roaming\Python\Python312\site-packages\_pytest\pathlib.py:591: in import_path
    importlib.import_module(module_name)
C:\Program Files\Python312\Lib\importlib\__init__.py:90: in import_module
    return _bootstrap._gcd_import(name[level:], package, level)
&lt;frozen importlib._bootstrap&gt;:1387: in _gcd_import
    ???
&lt;frozen importlib._bootstrap&gt;:1360: in _find_and_load
    ???
&lt;frozen importlib._bootstrap&gt;:1310: in _find_and_load_unlocked
    ???
&lt;frozen importlib._bootstrap&gt;:488: in _call_with_frames_removed
    ???
&lt;frozen importlib._bootstrap&gt;:1387: in _gcd_import
    ???
&lt;frozen importlib._bootstrap&gt;:1360: in _find_and_load
    ???
&lt;frozen importlib._bootstrap&gt;:1324: in _find_and_load_unlocked
    ???
E   ModuleNotFoundError: No module named 'ctypes.test'</error></testcase><testcase classname="" name="ProgramData.ASCON.KOMPAS-3D.24.Python 3.App.Lib.ctypes.test.test_pickling" time="0.000"><error message="collection failure">ImportError while importing test module 'C:\ProgramData\ASCON\KOMPAS-3D\24\Python 3\App\Lib\ctypes\test\test_pickling.py'.
Hint: make sure your test modules/packages have valid Python names.
Traceback:
C:\Users\brysi\AppData\Roaming\Python\Python312\site-packages\_pytest\python.py:492: in importtestmodule
    mod = import_path(
C:\Users\brysi\AppData\Roaming\Python\Python312\site-packages\_pytest\pathlib.py:591: in import_path
    importlib.import_module(module_name)
C:\Program Files\Python312\Lib\importlib\__init__.py:90: in import_module
    return _bootstrap._gcd_import(name[level:], package, level)
&lt;frozen importlib._bootstrap&gt;:1387: in _gcd_import
    ???
&lt;frozen importlib._bootstrap&gt;:1360: in _find_and_load
    ???
&lt;frozen importlib._bootstrap&gt;:1310: in _find_and_load_unlocked
    ???
&lt;frozen importlib._bootstrap&gt;:488: in _call_with_frames_removed
    ???
&lt;frozen importlib._bootstrap&gt;:1387: in _gcd_import
    ???
&lt;frozen importlib._bootstrap&gt;:1360: in _find_and_load
    ???
&lt;frozen importlib._bootstrap&gt;:1324: in _find_and_load_unlocked
    ???
E   ModuleNotFoundError: No module named 'ctypes.test'</error></testcase><testcase classname="" name="ProgramData.ASCON.KOMPAS-3D.24.Python 3.App.Lib.ctypes.test.test_pointers" time="0.000"><error message="collection failure">ImportError while importing test module 'C:\ProgramData\ASCON\KOMPAS-3D\24\Python 3\App\Lib\ctypes\test\test_pointers.py'.
Hint: make sure your test modules/packages have valid Python names.
Traceback:
C:\Users\brysi\AppData\Roaming\Python\Python312\site-packages\_pytest\python.py:492: in importtestmodule
    mod = import_path(
C:\Users\brysi\AppData\Roaming\Python\Python312\site-packages\_pytest\pathlib.py:591: in import_path
    importlib.import_module(module_name)
C:\Program Files\Python312\Lib\importlib\__init__.py:90: in import_module
    return _bootstrap._gcd_import(name[level:], package, level)
&lt;frozen importlib._bootstrap&gt;:1387: in _gcd_import
    ???
&lt;frozen importlib._bootstrap&gt;:1360: in _find_and_load
    ???
&lt;frozen importlib._bootstrap&gt;:1310: in _find_and_load_unlocked
    ???
&lt;frozen importlib._bootstrap&gt;:488: in _call_with_frames_removed
    ???
&lt;frozen importlib._bootstrap&gt;:1387: in _gcd_import
    ???
&lt;frozen importlib._bootstrap&gt;:1360: in _find_and_load
    ???
&lt;frozen importlib._bootstrap&gt;:1324: in _find_and_load_unlocked
    ???
E   ModuleNotFoundError: No module named 'ctypes.test'</error></testcase><testcase classname="" name="ProgramData.ASCON.KOMPAS-3D.24.Python 3.App.Lib.ctypes.test.test_prototypes" time="0.000"><error message="collection failure">ImportError while importing test module 'C:\ProgramData\ASCON\KOMPAS-3D\24\Python 3\App\Lib\ctypes\test\test_prototypes.py'.
Hint: make sure your test modules/packages have valid Python names.
Traceback:
C:\Users\brysi\AppData\Roaming\Python\Python312\site-packages\_pytest\python.py:492: in importtestmodule
    mod = import_path(
C:\Users\brysi\AppData\Roaming\Python\Python312\site-packages\_pytest\pathlib.py:591: in import_path
    importlib.import_module(module_name)
C:\Program Files\Python312\Lib\importlib\__init__.py:90: in import_module
    return _bootstrap._gcd_import(name[level:], package, level)
&lt;frozen importlib._bootstrap&gt;:1387: in _gcd_import
    ???
&lt;frozen importlib._bootstrap&gt;:1360: in _find_and_load
    ???
&lt;frozen importlib._bootstrap&gt;:1310: in _find_and_load_unlocked
    ???
&lt;frozen importlib._bootstrap&gt;:488: in _call_with_frames_removed
    ???
&lt;frozen importlib._bootstrap&gt;:1387: in _gcd_import
    ???
&lt;frozen importlib._bootstrap&gt;:1360: in _find_and_load
    ???
&lt;frozen importlib._bootstrap&gt;:1324: in _find_and_load_unlocked
    ???
E   ModuleNotFoundError: No module named 'ctypes.test'</error></testcase><testcase classname="" name="ProgramData.ASCON.KOMPAS-3D.24.Python 3.App.Lib.ctypes.test.test_python_api" time="0.000"><error message="collection failure">ImportError while importing test module 'C:\ProgramData\ASCON\KOMPAS-3D\24\Python 3\App\Lib\ctypes\test\test_python_api.py'.
Hint: make sure your test modules/packages have valid Python names.
Traceback:
C:\Users\brysi\AppData\Roaming\Python\Python312\site-packages\_pytest\python.py:492: in importtestmodule
    mod = import_path(
C:\Users\brysi\AppData\Roaming\Python\Python312\site-packages\_pytest\pathlib.py:591: in import_path
    importlib.import_module(module_name)
C:\Program Files\Python312\Lib\importlib\__init__.py:90: in import_module
    return _bootstrap._gcd_import(name[level:], package, level)
&lt;frozen importlib._bootstrap&gt;:1387: in _gcd_import
    ???
&lt;frozen importlib._bootstrap&gt;:1360: in _find_and_load
    ???
&lt;frozen importlib._bootstrap&gt;:1310: in _find_and_load_unlocked
    ???
&lt;frozen importlib._bootstrap&gt;:488: in _call_with_frames_removed
    ???
&lt;frozen importlib._bootstrap&gt;:1387: in _gcd_import
    ???
&lt;frozen importlib._bootstrap&gt;:1360: in _find_and_load
    ???
&lt;frozen importlib._bootstrap&gt;:1324: in _find_and_load_unlocked
    ???
E   ModuleNotFoundError: No module named 'ctypes.test'</error></testcase><testcase classname="" name="ProgramData.ASCON.KOMPAS-3D.24.Python 3.App.Lib.ctypes.test.test_random_things" time="0.000"><error message="collection failure">ImportError while importing test module 'C:\ProgramData\ASCON\KOMPAS-3D\24\Python 3\App\Lib\ctypes\test\test_random_things.py'.
Hint: make sure your test modules/packages have valid Python names.
Traceback:
C:\Users\brysi\AppData\Roaming\Python\Python312\site-packages\_pytest\python.py:492: in importtestmodule
    mod = import_path(
C:\Users\brysi\AppData\Roaming\Python\Python312\site-packages\_pytest\pathlib.py:591: in import_path
    importlib.import_module(module_name)
C:\Program Files\Python312\Lib\importlib\__init__.py:90: in import_module
    return _bootstrap._gcd_import(name[level:], package, level)
&lt;frozen importlib._bootstrap&gt;:1387: in _gcd_import
    ???
&lt;frozen importlib._bootstrap&gt;:1360: in _find_and_load
    ???
&lt;frozen importlib._bootstrap&gt;:1310: in _find_and_load_unlocked
    ???
&lt;frozen importlib._bootstrap&gt;:488: in _call_with_frames_removed
    ???
&lt;frozen importlib._bootstrap&gt;:1387: in _gcd_import
    ???
&lt;frozen importlib._bootstrap&gt;:1360: in _find_and_load
    ???
&lt;frozen importlib._bootstrap&gt;:1324: in _find_and_load_unlocked
    ???
E   ModuleNotFoundError: No module named 'ctypes.test'</error></testcase><testcase classname="" name="ProgramData.ASCON.KOMPAS-3D.24.Python 3.App.Lib.ctypes.test.test_refcounts" time="0.000"><error message="collection failure">ImportError while importing test module 'C:\ProgramData\ASCON\KOMPAS-3D\24\Python 3\App\Lib\ctypes\test\test_refcounts.py'.
Hint: make sure your test modules/packages have valid Python names.
Traceback:
C:\Users\brysi\AppData\Roaming\Python\Python312\site-packages\_pytest\python.py:492: in importtestmodule
    mod = import_path(
C:\Users\brysi\AppData\Roaming\Python\Python312\site-packages\_pytest\pathlib.py:591: in import_path
    importlib.import_module(module_name)
C:\Program Files\Python312\Lib\importlib\__init__.py:90: in import_module
    return _bootstrap._gcd_import(name[level:], package, level)
&lt;frozen importlib._bootstrap&gt;:1387: in _gcd_import
    ???
&lt;frozen importlib._bootstrap&gt;:1360: in _find_and_load
    ???
&lt;frozen importlib._bootstrap&gt;:1310: in _find_and_load_unlocked
    ???
&lt;frozen importlib._bootstrap&gt;:488: in _call_with_frames_removed
    ???
&lt;frozen importlib._bootstrap&gt;:1387: in _gcd_import
    ???
&lt;frozen importlib._bootstrap&gt;:1360: in _find_and_load
    ???
&lt;frozen importlib._bootstrap&gt;:1324: in _find_and_load_unlocked
    ???
E   ModuleNotFoundError: No module named 'ctypes.test'</error></testcase><testcase classname="" name="ProgramData.ASCON.KOMPAS-3D.24.Python 3.App.Lib.ctypes.test.test_repr" time="0.000"><error message="collection failure">ImportError while importing test module 'C:\ProgramData\ASCON\KOMPAS-3D\24\Python 3\App\Lib\ctypes\test\test_repr.py'.
Hint: make sure your test modules/packages have valid Python names.
Traceback:
C:\Users\brysi\AppData\Roaming\Python\Python312\site-packages\_pytest\python.py:492: in importtestmodule
    mod = import_path(
C:\Users\brysi\AppData\Roaming\Python\Python312\site-packages\_pytest\pathlib.py:591: in import_path
    importlib.import_module(module_name)
C:\Program Files\Python312\Lib\importlib\__init__.py:90: in import_module
    return _bootstrap._gcd_import(name[level:], package, level)
&lt;frozen importlib._bootstrap&gt;:1387: in _gcd_import
    ???
&lt;frozen importlib._bootstrap&gt;:1360: in _find_and_load
    ???
&lt;frozen importlib._bootstrap&gt;:1310: in _find_and_load_unlocked
    ???
&lt;frozen importlib._bootstrap&gt;:488: in _call_with_frames_removed
    ???
&lt;frozen importlib._bootstrap&gt;:1387: in _gcd_import
    ???
&lt;frozen importlib._bootstrap&gt;:1360: in _find_and_load
    ???
&lt;frozen importlib._bootstrap&gt;:1324: in _find_and_load_unlocked
    ???
E   ModuleNotFoundError: No module named 'ctypes.test'</error></testcase><testcase classname="" name="ProgramData.ASCON.KOMPAS-3D.24.Python 3.App.Lib.ctypes.test.test_returnfuncptrs" time="0.000"><error message="collection failure">ImportError while importing test module 'C:\ProgramData\ASCON\KOMPAS-3D\24\Python 3\App\Lib\ctypes\test\test_returnfuncptrs.py'.
Hint: make sure your test modules/packages have valid Python names.
Traceback:
C:\Users\brysi\AppData\Roaming\Python\Python312\site-packages\_pytest\python.py:492: in importtestmodule
    mod = import_path(
C:\Users\brysi\AppData\Roaming\Python\Python312\site-packages\_pytest\pathlib.py:591: in import_path
    importlib.import_module(module_name)
C:\Program Files\Python312\Lib\importlib\__init__.py:90: in import_module
    return _bootstrap._gcd_import(name[level:], package, level)
&lt;frozen importlib._bootstrap&gt;:1387: in _gcd_import
    ???
&lt;frozen importlib._bootstrap&gt;:1360: in _find_and_load
    ???
&lt;frozen importlib._bootstrap&gt;:1310: in _find_and_load_unlocked
    ???
&lt;frozen importlib._bootstrap&gt;:488: in _call_with_frames_removed
    ???
&lt;frozen importlib._bootstrap&gt;:1387: in _gcd_import
    ???
&lt;frozen importlib._bootstrap&gt;:1360: in _find_and_load
    ???
&lt;frozen importlib._bootstrap&gt;:1324: in _find_and_load_unlocked
    ???
E   ModuleNotFoundError: No module named 'ctypes.test'</error></testcase><testcase classname="" name="ProgramData.ASCON.KOMPAS-3D.24.Python 3.App.Lib.ctypes.test.test_simplesubclasses" time="0.000"><error message="collection failure">ImportError while importing test module 'C:\ProgramData\ASCON\KOMPAS-3D\24\Python 3\App\Lib\ctypes\test\test_simplesubclasses.py'.
Hint: make sure your test modules/packages have valid Python names.
Traceback:
C:\Users\brysi\AppData\Roaming\Python\Python312\site-packages\_pytest\python.py:492: in importtestmodule
    mod = import_path(
C:\Users\brysi\AppData\Roaming\Python\Python312\site-packages\_pytest\pathlib.py:591: in import_path
    importlib.import_module(module_name)
C:\Program Files\Python312\Lib\importlib\__init__.py:90: in import_module
    return _bootstrap._gcd_import(name[level:], package, level)
&lt;frozen importlib._bootstrap&gt;:1387: in _gcd_import
    ???
&lt;frozen importlib._bootstrap&gt;:1360: in _find_and_load
    ???
&lt;frozen importlib._bootstrap&gt;:1310: in _find_and_load_unlocked
    ???
&lt;frozen importlib._bootstrap&gt;:488: in _call_with_frames_removed
    ???
&lt;frozen importlib._bootstrap&gt;:1387: in _gcd_import
    ???
&lt;frozen importlib._bootstrap&gt;:1360: in _find_and_load
    ???
&lt;frozen importlib._bootstrap&gt;:1324: in _find_and_load_unlocked
    ???
E   ModuleNotFoundError: No module named 'ctypes.test'</error></testcase><testcase classname="" name="ProgramData.ASCON.KOMPAS-3D.24.Python 3.App.Lib.ctypes.test.test_sizes" time="0.000"><error message="collection failure">ImportError while importing test module 'C:\ProgramData\ASCON\KOMPAS-3D\24\Python 3\App\Lib\ctypes\test\test_sizes.py'.
Hint: make sure your test modules/packages have valid Python names.
Traceback:
C:\Users\brysi\AppData\Roaming\Python\Python312\site-packages\_pytest\python.py:492: in importtestmodule
    mod = import_path(
C:\Users\brysi\AppData\Roaming\Python\Python312\site-packages\_pytest\pathlib.py:591: in import_path
    importlib.import_module(module_name)
C:\Program Files\Python312\Lib\importlib\__init__.py:90: in import_module
    return _bootstrap._gcd_import(name[level:], package, level)
&lt;frozen importlib._bootstrap&gt;:1387: in _gcd_import
    ???
&lt;frozen importlib._bootstrap&gt;:1360: in _find_and_load
    ???
&lt;frozen importlib._bootstrap&gt;:1310: in _find_and_load_unlocked
    ???
&lt;frozen importlib._bootstrap&gt;:488: in _call_with_frames_removed
    ???
&lt;frozen importlib._bootstrap&gt;:1387: in _gcd_import
    ???
&lt;frozen importlib._bootstrap&gt;:1360: in _find_and_load
    ???
&lt;frozen importlib._bootstrap&gt;:1324: in _find_and_load_unlocked
    ???
E   ModuleNotFoundError: No module named 'ctypes.test'</error></testcase><testcase classname="" name="ProgramData.ASCON.KOMPAS-3D.24.Python 3.App.Lib.ctypes.test.test_slicing" time="0.000"><error message="collection failure">ImportError while importing test module 'C:\ProgramData\ASCON\KOMPAS-3D\24\Python 3\App\Lib\ctypes\test\test_slicing.py'.
Hint: make sure your test modules/packages have valid Python names.
Traceback:
C:\Users\brysi\AppData\Roaming\Python\Python312\site-packages\_pytest\python.py:492: in importtestmodule
    mod = import_path(
C:\Users\brysi\AppData\Roaming\Python\Python312\site-packages\_pytest\pathlib.py:591: in import_path
    importlib.import_module(module_name)
C:\Program Files\Python312\Lib\importlib\__init__.py:90: in import_module
    return _bootstrap._gcd_import(name[level:], package, level)
&lt;frozen importlib._bootstrap&gt;:1387: in _gcd_import
    ???
&lt;frozen importlib._bootstrap&gt;:1360: in _find_and_load
    ???
&lt;frozen importlib._bootstrap&gt;:1310: in _find_and_load_unlocked
    ???
&lt;frozen importlib._bootstrap&gt;:488: in _call_with_frames_removed
    ???
&lt;frozen importlib._bootstrap&gt;:1387: in _gcd_import
    ???
&lt;frozen importlib._bootstrap&gt;:1360: in _find_and_load
    ???
&lt;frozen importlib._bootstrap&gt;:1324: in _find_and_load_unlocked
    ???
E   ModuleNotFoundError: No module named 'ctypes.test'</error></testcase><testcase classname="" name="ProgramData.ASCON.KOMPAS-3D.24.Python 3.App.Lib.ctypes.test.test_stringptr" time="0.000"><error message="collection failure">ImportError while importing test module 'C:\ProgramData\ASCON\KOMPAS-3D\24\Python 3\App\Lib\ctypes\test\test_stringptr.py'.
Hint: make sure your test modules/packages have valid Python names.
Traceback:
C:\Users\brysi\AppData\Roaming\Python\Python312\site-packages\_pytest\python.py:492: in importtestmodule
    mod = import_path(
C:\Users\brysi\AppData\Roaming\Python\Python312\site-packages\_pytest\pathlib.py:591: in import_path
    importlib.import_module(module_name)
C:\Program Files\Python312\Lib\importlib\__init__.py:90: in import_module
    return _bootstrap._gcd_import(name[level:], package, level)
&lt;frozen importlib._bootstrap&gt;:1387: in _gcd_import
    ???
&lt;frozen importlib._bootstrap&gt;:1360: in _find_and_load
    ???
&lt;frozen importlib._bootstrap&gt;:1310: in _find_and_load_unlocked
    ???
&lt;frozen importlib._bootstrap&gt;:488: in _call_with_frames_removed
    ???
&lt;frozen importlib._bootstrap&gt;:1387: in _gcd_import
    ???
&lt;frozen importlib._bootstrap&gt;:1360: in _find_and_load
    ???
&lt;frozen importlib._bootstrap&gt;:1324: in _find_and_load_unlocked
    ???
E   ModuleNotFoundError: No module named 'ctypes.test'</error></testcase><testcase classname="" name="ProgramData.ASCON.KOMPAS-3D.24.Python 3.App.Lib.ctypes.test.test_strings" time="0.000"><error message="collection failure">ImportError while importing test module 'C:\ProgramData\ASCON\KOMPAS-3D\24\Python 3\App\Lib\ctypes\test\test_strings.py'.
Hint: make sure your test modules/packages have valid Python names.
Traceback:
C:\Users\brysi\AppData\Roaming\Python\Python312\site-packages\_pytest\python.py:492: in importtestmodule
    mod = import_path(
C:\Users\brysi\AppData\Roaming\Python\Python312\site-packages\_pytest\pathlib.py:591: in import_path
    importlib.import_module(module_name)
C:\Program Files\Python312\Lib\importlib\__init__.py:90: in import_module
    return _bootstrap._gcd_import(name[level:], package, level)
&lt;frozen importlib._bootstrap&gt;:1387: in _gcd_import
    ???
&lt;frozen importlib._bootstrap&gt;:1360: in _find_and_load
    ???
&lt;frozen importlib._bootstrap&gt;:1310: in _find_and_load_unlocked
    ???
&lt;frozen importlib._bootstrap&gt;:488: in _call_with_frames_removed
    ???
&lt;frozen importlib._bootstrap&gt;:1387: in _gcd_import
    ???
&lt;frozen importlib._bootstrap&gt;:1360: in _find_and_load
    ???
&lt;frozen importlib._bootstrap&gt;:1324: in _find_and_load_unlocked
    ???
E   ModuleNotFoundError: No module named 'ctypes.test'</error></testcase><testcase classname="" name="ProgramData.ASCON.KOMPAS-3D.24.Python 3.App.Lib.ctypes.test.test_struct_fields" time="0.000"><error message="collection failure">ImportError while importing test module 'C:\ProgramData\ASCON\KOMPAS-3D\24\Python 3\App\Lib\ctypes\test\test_struct_fields.py'.
Hint: make sure your test modules/packages have valid Python names.
Traceback:
C:\Users\brysi\AppData\Roaming\Python\Python312\site-packages\_pytest\python.py:492: in importtestmodule
    mod = import_path(
C:\Users\brysi\AppData\Roaming\Python\Python312\site-packages\_pytest\pathlib.py:591: in import_path
    importlib.import_module(module_name)
C:\Program Files\Python312\Lib\importlib\__init__.py:90: in import_module
    return _bootstrap._gcd_import(name[level:], package, level)
&lt;frozen importlib._bootstrap&gt;:1387: in _gcd_import
    ???
&lt;frozen importlib._bootstrap&gt;:1360: in _find_and_load
    ???
&lt;frozen importlib._bootstrap&gt;:1310: in _find_and_load_unlocked
    ???
&lt;frozen importlib._bootstrap&gt;:488: in _call_with_frames_removed
    ???
&lt;frozen importlib._bootstrap&gt;:1387: in _gcd_import
    ???
&lt;frozen importlib._bootstrap&gt;:1360: in _find_and_load
    ???
&lt;frozen importlib._bootstrap&gt;:1324: in _find_and_load_unlocked
    ???
E   ModuleNotFoundError: No module named 'ctypes.test'</error></testcase><testcase classname="" name="ProgramData.ASCON.KOMPAS-3D.24.Python 3.App.Lib.ctypes.test.test_structures" time="0.000"><error message="collection failure">ImportError while importing test module 'C:\ProgramData\ASCON\KOMPAS-3D\24\Python 3\App\Lib\ctypes\test\test_structures.py'.
Hint: make sure your test modules/packages have valid Python names.
Traceback:
C:\Users\brysi\AppData\Roaming\Python\Python312\site-packages\_pytest\python.py:492: in importtestmodule
    mod = import_path(
C:\Users\brysi\AppData\Roaming\Python\Python312\site-packages\_pytest\pathlib.py:591: in import_path
    importlib.import_module(module_name)
C:\Program Files\Python312\Lib\importlib\__init__.py:90: in import_module
    return _bootstrap._gcd_import(name[level:], package, level)
&lt;frozen importlib._bootstrap&gt;:1387: in _gcd_import
    ???
&lt;frozen importlib._bootstrap&gt;:1360: in _find_and_load
    ???
&lt;frozen importlib._bootstrap&gt;:1310: in _find_and_load_unlocked
    ???
&lt;frozen importlib._bootstrap&gt;:488: in _call_with_frames_removed
    ???
&lt;frozen importlib._bootstrap&gt;:1387: in _gcd_import
    ???
&lt;frozen importlib._bootstrap&gt;:1360: in _find_and_load
    ???
&lt;frozen importlib._bootstrap&gt;:1324: in _find_and_load_unlocked
    ???
E   ModuleNotFoundError: No module named 'ctypes.test'</error></testcase><testcase classname="" name="ProgramData.ASCON.KOMPAS-3D.24.Python 3.App.Lib.ctypes.test.test_unaligned_structures" time="0.000"><error message="collection failure">ImportError while importing test module 'C:\ProgramData\ASCON\KOMPAS-3D\24\Python 3\App\Lib\ctypes\test\test_unaligned_structures.py'.
Hint: make sure your test modules/packages have valid Python names.
Traceback:
C:\Users\brysi\AppData\Roaming\Python\Python312\site-packages\_pytest\python.py:492: in importtestmodule
    mod = import_path(
C:\Users\brysi\AppData\Roaming\Python\Python312\site-packages\_pytest\pathlib.py:591: in import_path
    importlib.import_module(module_name)
C:\Program Files\Python312\Lib\importlib\__init__.py:90: in import_module
    return _bootstrap._gcd_import(name[level:], package, level)
&lt;frozen importlib._bootstrap&gt;:1387: in _gcd_import
    ???
&lt;frozen importlib._bootstrap&gt;:1360: in _find_and_load
    ???
&lt;frozen importlib._bootstrap&gt;:1310: in _find_and_load_unlocked
    ???
&lt;frozen importlib._bootstrap&gt;:488: in _call_with_frames_removed
    ???
&lt;frozen importlib._bootstrap&gt;:1387: in _gcd_import
    ???
&lt;frozen importlib._bootstrap&gt;:1360: in _find_and_load
    ???
&lt;frozen importlib._bootstrap&gt;:1324: in _find_and_load_unlocked
    ???
E   ModuleNotFoundError: No module named 'ctypes.test'</error></testcase><testcase classname="" name="ProgramData.ASCON.KOMPAS-3D.24.Python 3.App.Lib.ctypes.test.test_unicode" time="0.000"><error message="collection failure">ImportError while importing test module 'C:\ProgramData\ASCON\KOMPAS-3D\24\Python 3\App\Lib\ctypes\test\test_unicode.py'.
Hint: make sure your test modules/packages have valid Python names.
Traceback:
C:\Users\brysi\AppData\Roaming\Python\Python312\site-packages\_pytest\python.py:492: in importtestmodule
    mod = import_path(
C:\Users\brysi\AppData\Roaming\Python\Python312\site-packages\_pytest\pathlib.py:591: in import_path
    importlib.import_module(module_name)
C:\Program Files\Python312\Lib\importlib\__init__.py:90: in import_module
    return _bootstrap._gcd_import(name[level:], package, level)
&lt;frozen importlib._bootstrap&gt;:1387: in _gcd_import
    ???
&lt;frozen importlib._bootstrap&gt;:1360: in _find_and_load
    ???
&lt;frozen importlib._bootstrap&gt;:1310: in _find_and_load_unlocked
    ???
&lt;frozen importlib._bootstrap&gt;:488: in _call_with_frames_removed
    ???
&lt;frozen importlib._bootstrap&gt;:1387: in _gcd_import
    ???
&lt;frozen importlib._bootstrap&gt;:1360: in _find_and_load
    ???
&lt;frozen importlib._bootstrap&gt;:1324: in _find_and_load_unlocked
    ???
E   ModuleNotFoundError: No module named 'ctypes.test'</error></testcase><testcase classname="" name="ProgramData.ASCON.KOMPAS-3D.24.Python 3.App.Lib.ctypes.test.test_values" time="0.000"><error message="collection failure">ImportError while importing test module 'C:\ProgramData\ASCON\KOMPAS-3D\24\Python 3\App\Lib\ctypes\test\test_values.py'.
Hint: make sure your test modules/packages have valid Python names.
Traceback:
C:\Users\brysi\AppData\Roaming\Python\Python312\site-packages\_pytest\python.py:492: in importtestmodule
    mod = import_path(
C:\Users\brysi\AppData\Roaming\Python\Python312\site-packages\_pytest\pathlib.py:591: in import_path
    importlib.import_module(module_name)
C:\Program Files\Python312\Lib\importlib\__init__.py:90: in import_module
    return _bootstrap._gcd_import(name[level:], package, level)
&lt;frozen importlib._bootstrap&gt;:1387: in _gcd_import
    ???
&lt;frozen importlib._bootstrap&gt;:1360: in _find_and_load
    ???
&lt;frozen importlib._bootstrap&gt;:1310: in _find_and_load_unlocked
    ???
&lt;frozen importlib._bootstrap&gt;:488: in _call_with_frames_removed
    ???
&lt;frozen importlib._bootstrap&gt;:1387: in _gcd_import
    ???
&lt;frozen importlib._bootstrap&gt;:1360: in _find_and_load
    ???
&lt;frozen importlib._bootstrap&gt;:1324: in _find_and_load_unlocked
    ???
E   ModuleNotFoundError: No module named 'ctypes.test'</error></testcase><testcase classname="" name="ProgramData.ASCON.KOMPAS-3D.24.Python 3.App.Lib.ctypes.test.test_varsize_struct" time="0.000"><error message="collection failure">ImportError while importing test module 'C:\ProgramData\ASCON\KOMPAS-3D\24\Python 3\App\Lib\ctypes\test\test_varsize_struct.py'.
Hint: make sure your test modules/packages have valid Python names.
Traceback:
C:\Users\brysi\AppData\Roaming\Python\Python312\site-packages\_pytest\python.py:492: in importtestmodule
    mod = import_path(
C:\Users\brysi\AppData\Roaming\Python\Python312\site-packages\_pytest\pathlib.py:591: in import_path
    importlib.import_module(module_name)
C:\Program Files\Python312\Lib\importlib\__init__.py:90: in import_module
    return _bootstrap._gcd_import(name[level:], package, level)
&lt;frozen importlib._bootstrap&gt;:1387: in _gcd_import
    ???
&lt;frozen importlib._bootstrap&gt;:1360: in _find_and_load
    ???
&lt;frozen importlib._bootstrap&gt;:1310: in _find_and_load_unlocked
    ???
&lt;frozen importlib._bootstrap&gt;:488: in _call_with_frames_removed
    ???
&lt;frozen importlib._bootstrap&gt;:1387: in _gcd_import
    ???
&lt;frozen importlib._bootstrap&gt;:1360: in _find_and_load
    ???
&lt;frozen importlib._bootstrap&gt;:1324: in _find_and_load_unlocked
    ???
E   ModuleNotFoundError: No module named 'ctypes.test'</error></testcase><testcase classname="" name="ProgramData.ASCON.KOMPAS-3D.24.Python 3.App.Lib.ctypes.test.test_win32" time="0.000"><error message="collection failure">ImportError while importing test module 'C:\ProgramData\ASCON\KOMPAS-3D\24\Python 3\App\Lib\ctypes\test\test_win32.py'.
Hint: make sure your test modules/packages have valid Python names.
Traceback:
C:\Users\brysi\AppData\Roaming\Python\Python312\site-packages\_pytest\python.py:492: in importtestmodule
    mod = import_path(
C:\Users\brysi\AppData\Roaming\Python\Python312\site-packages\_pytest\pathlib.py:591: in import_path
    importlib.import_module(module_name)
C:\Program Files\Python312\Lib\importlib\__init__.py:90: in import_module
    return _bootstrap._gcd_import(name[level:], package, level)
&lt;frozen importlib._bootstrap&gt;:1387: in _gcd_import
    ???
&lt;frozen importlib._bootstrap&gt;:1360: in _find_and_load
    ???
&lt;frozen importlib._bootstrap&gt;:1310: in _find_and_load_unlocked
    ???
&lt;frozen importlib._bootstrap&gt;:488: in _call_with_frames_removed
    ???
&lt;frozen importlib._bootstrap&gt;:1387: in _gcd_import
    ???
&lt;frozen importlib._bootstrap&gt;:1360: in _find_and_load
    ???
&lt;frozen importlib._bootstrap&gt;:1324: in _find_and_load_unlocked
    ???
E   ModuleNotFoundError: No module named 'ctypes.test'</error></testcase><testcase classname="" name="ProgramData.ASCON.KOMPAS-3D.24.Python 3.App.Lib.distutils.tests.test_archive_util" time="0.000"><error message="collection failure">ImportError while importing test module 'C:\ProgramData\ASCON\KOMPAS-3D\24\Python 3\App\Lib\distutils\tests\test_archive_util.py'.
Hint: make sure your test modules/packages have valid Python names.
Traceback:
C:\Users\brysi\AppData\Roaming\Python\Python312\site-packages\_pytest\python.py:492: in importtestmodule
    mod = import_path(
C:\Users\brysi\AppData\Roaming\Python\Python312\site-packages\_pytest\pathlib.py:591: in import_path
    importlib.import_module(module_name)
C:\Program Files\Python312\Lib\importlib\__init__.py:90: in import_module
    return _bootstrap._gcd_import(name[level:], package, level)
&lt;frozen importlib._bootstrap&gt;:1387: in _gcd_import
    ???
&lt;frozen importlib._bootstrap&gt;:1360: in _find_and_load
    ???
&lt;frozen importlib._bootstrap&gt;:1331: in _find_and_load_unlocked
    ???
&lt;frozen importlib._bootstrap&gt;:935: in _load_unlocked
    ???
C:\Users\brysi\AppData\Roaming\Python\Python312\site-packages\_pytest\assertion\rewrite.py:178: in exec_module
    exec(co, module.__dict__)
C:\Program Files\MySQL\MySQL Shell 8.0\lib\Python3.12\Lib\site-packages\setuptools\_distutils\tests\test_archive_util.py:22: in &lt;module&gt;
    import path
E   ModuleNotFoundError: No module named 'path'</error></testcase><testcase classname="" name="ProgramData.ASCON.KOMPAS-3D.24.Python 3.App.Lib.distutils.tests.test_bdist" time="0.000"><error message="collection failure">import file mismatch:
imported module 'distutils.tests.test_bdist' has this __file__ attribute:
  C:\Program Files\MySQL\MySQL Shell 8.0\lib\Python3.12\Lib\site-packages\setuptools\_distutils\tests\test_bdist.py
which is not the same as the test file we want to collect:
  C:\ProgramData\ASCON\KOMPAS-3D\24\Python 3\App\Lib\distutils\tests\test_bdist.py
HINT: remove __pycache__ / .pyc files and/or use a unique basename for your test file modules</error></testcase><testcase classname="" name="ProgramData.ASCON.KOMPAS-3D.24.Python 3.App.Lib.distutils.tests.test_bdist_dumb" time="0.000"><error message="collection failure">import file mismatch:
imported module 'distutils.tests.test_bdist_dumb' has this __file__ attribute:
  C:\Program Files\MySQL\MySQL Shell 8.0\lib\Python3.12\Lib\site-packages\setuptools\_distutils\tests\test_bdist_dumb.py
which is not the same as the test file we want to collect:
  C:\ProgramData\ASCON\KOMPAS-3D\24\Python 3\App\Lib\distutils\tests\test_bdist_dumb.py
HINT: remove __pycache__ / .pyc files and/or use a unique basename for your test file modules</error></testcase><testcase classname="" name="ProgramData.ASCON.KOMPAS-3D.24.Python 3.App.Lib.distutils.tests.test_bdist_msi" time="0.000"><error message="collection failure">ImportError while importing test module 'C:\ProgramData\ASCON\KOMPAS-3D\24\Python 3\App\Lib\distutils\tests\test_bdist_msi.py'.
Hint: make sure your test modules/packages have valid Python names.
Traceback:
C:\Users\brysi\AppData\Roaming\Python\Python312\site-packages\_pytest\python.py:492: in importtestmodule
    mod = import_path(
C:\Users\brysi\AppData\Roaming\Python\Python312\site-packages\_pytest\pathlib.py:591: in import_path
    importlib.import_module(module_name)
C:\Program Files\Python312\Lib\importlib\__init__.py:90: in import_module
    return _bootstrap._gcd_import(name[level:], package, level)
&lt;frozen importlib._bootstrap&gt;:1387: in _gcd_import
    ???
&lt;frozen importlib._bootstrap&gt;:1360: in _find_and_load
    ???
&lt;frozen importlib._bootstrap&gt;:1324: in _find_and_load_unlocked
    ???
E   ModuleNotFoundError: No module named 'distutils.tests.test_bdist_msi'</error></testcase><testcase classname="" name="ProgramData.ASCON.KOMPAS-3D.24.Python 3.App.Lib.distutils.tests.test_bdist_rpm" time="0.000"><error message="collection failure">import file mismatch:
imported module 'distutils.tests.test_bdist_rpm' has this __file__ attribute:
  C:\Program Files\MySQL\MySQL Shell 8.0\lib\Python3.12\Lib\site-packages\setuptools\_distutils\tests\test_bdist_rpm.py
which is not the same as the test file we want to collect:
  C:\ProgramData\ASCON\KOMPAS-3D\24\Python 3\App\Lib\distutils\tests\test_bdist_rpm.py
HINT: remove __pycache__ / .pyc files and/or use a unique basename for your test file modules</error></testcase><testcase classname="" name="ProgramData.ASCON.KOMPAS-3D.24.Python 3.App.Lib.distutils.tests.test_bdist_wininst" time="0.000"><error message="collection failure">ImportError while importing test module 'C:\ProgramData\ASCON\KOMPAS-3D\24\Python 3\App\Lib\distutils\tests\test_bdist_wininst.py'.
Hint: make sure your test modules/packages have valid Python names.
Traceback:
C:\Users\brysi\AppData\Roaming\Python\Python312\site-packages\_pytest\python.py:492: in importtestmodule
    mod = import_path(
C:\Users\brysi\AppData\Roaming\Python\Python312\site-packages\_pytest\pathlib.py:591: in import_path
    importlib.import_module(module_name)
C:\Program Files\Python312\Lib\importlib\__init__.py:90: in import_module
    return _bootstrap._gcd_import(name[level:], package, level)
&lt;frozen importlib._bootstrap&gt;:1387: in _gcd_import
    ???
&lt;frozen importlib._bootstrap&gt;:1360: in _find_and_load
    ???
&lt;frozen importlib._bootstrap&gt;:1324: in _find_and_load_unlocked
    ???
E   ModuleNotFoundError: No module named 'distutils.tests.test_bdist_wininst'</error></testcase><testcase classname="" name="ProgramData.ASCON.KOMPAS-3D.24.Python 3.App.Lib.distutils.tests.test_build" time="0.000"><error message="collection failure">import file mismatch:
imported module 'distutils.tests.test_build' has this __file__ attribute:
  C:\Program Files\MySQL\MySQL Shell 8.0\lib\Python3.12\Lib\site-packages\setuptools\_distutils\tests\test_build.py
which is not the same as the test file we want to collect:
  C:\ProgramData\ASCON\KOMPAS-3D\24\Python 3\App\Lib\distutils\tests\test_build.py
HINT: remove __pycache__ / .pyc files and/or use a unique basename for your test file modules</error></testcase><testcase classname="" name="ProgramData.ASCON.KOMPAS-3D.24.Python 3.App.Lib.distutils.tests.test_build_clib" time="0.000"><error message="collection failure">import file mismatch:
imported module 'distutils.tests.test_build_clib' has this __file__ attribute:
  C:\Program Files\MySQL\MySQL Shell 8.0\lib\Python3.12\Lib\site-packages\setuptools\_distutils\tests\test_build_clib.py
which is not the same as the test file we want to collect:
  C:\ProgramData\ASCON\KOMPAS-3D\24\Python 3\App\Lib\distutils\tests\test_build_clib.py
HINT: remove __pycache__ / .pyc files and/or use a unique basename for your test file modules</error></testcase><testcase classname="" name="ProgramData.ASCON.KOMPAS-3D.24.Python 3.App.Lib.distutils.tests.test_build_ext" time="0.000"><error message="collection failure">ImportError while importing test module 'C:\ProgramData\ASCON\KOMPAS-3D\24\Python 3\App\Lib\distutils\tests\test_build_ext.py'.
Hint: make sure your test modules/packages have valid Python names.
Traceback:
C:\Users\brysi\AppData\Roaming\Python\Python312\site-packages\_pytest\python.py:492: in importtestmodule
    mod = import_path(
C:\Users\brysi\AppData\Roaming\Python\Python312\site-packages\_pytest\pathlib.py:591: in import_path
    importlib.import_module(module_name)
C:\Program Files\Python312\Lib\importlib\__init__.py:90: in import_module
    return _bootstrap._gcd_import(name[level:], package, level)
&lt;frozen importlib._bootstrap&gt;:1387: in _gcd_import
    ???
&lt;frozen importlib._bootstrap&gt;:1360: in _find_and_load
    ???
&lt;frozen importlib._bootstrap&gt;:1331: in _find_and_load_unlocked
    ???
&lt;frozen importlib._bootstrap&gt;:935: in _load_unlocked
    ???
C:\Users\brysi\AppData\Roaming\Python\Python312\site-packages\_pytest\assertion\rewrite.py:178: in exec_module
    exec(co, module.__dict__)
C:\Program Files\MySQL\MySQL Shell 8.0\lib\Python3.12\Lib\site-packages\setuptools\_distutils\tests\test_build_ext.py:29: in &lt;module&gt;
    import jaraco.path
E   ModuleNotFoundError: No module named 'jaraco.path'</error></testcase><testcase classname="" name="ProgramData.ASCON.KOMPAS-3D.24.Python 3.App.Lib.distutils.tests.test_build_py" time="0.000"><error message="collection failure">ImportError while importing test module 'C:\ProgramData\ASCON\KOMPAS-3D\24\Python 3\App\Lib\distutils\tests\test_build_py.py'.
Hint: make sure your test modules/packages have valid Python names.
Traceback:
C:\Users\brysi\AppData\Roaming\Python\Python312\site-packages\_pytest\python.py:492: in importtestmodule
    mod = import_path(
C:\Users\brysi\AppData\Roaming\Python\Python312\site-packages\_pytest\pathlib.py:591: in import_path
    importlib.import_module(module_name)
C:\Program Files\Python312\Lib\importlib\__init__.py:90: in import_module
    return _bootstrap._gcd_import(name[level:], package, level)
&lt;frozen importlib._bootstrap&gt;:1387: in _gcd_import
    ???
&lt;frozen importlib._bootstrap&gt;:1360: in _find_and_load
    ???
&lt;frozen importlib._bootstrap&gt;:1331: in _find_and_load_unlocked
    ???
&lt;frozen importlib._bootstrap&gt;:935: in _load_unlocked
    ???
C:\Users\brysi\AppData\Roaming\Python\Python312\site-packages\_pytest\assertion\rewrite.py:178: in exec_module
    exec(co, module.__dict__)
C:\Program Files\MySQL\MySQL Shell 8.0\lib\Python3.12\Lib\site-packages\setuptools\_distutils\tests\test_build_py.py:10: in &lt;module&gt;
    import jaraco.path
E   ModuleNotFoundError: No module named 'jaraco.path'</error></testcase><testcase classname="" name="ProgramData.ASCON.KOMPAS-3D.24.Python 3.App.Lib.distutils.tests.test_build_scripts" time="0.000"><error message="collection failure">ImportError while importing test module 'C:\ProgramData\ASCON\KOMPAS-3D\24\Python 3\App\Lib\distutils\tests\test_build_scripts.py'.
Hint: make sure your test modules/packages have valid Python names.
Traceback:
C:\Users\brysi\AppData\Roaming\Python\Python312\site-packages\_pytest\python.py:492: in importtestmodule
    mod = import_path(
C:\Users\brysi\AppData\Roaming\Python\Python312\site-packages\_pytest\pathlib.py:591: in import_path
    importlib.import_module(module_name)
C:\Program Files\Python312\Lib\importlib\__init__.py:90: in import_module
    return _bootstrap._gcd_import(name[level:], package, level)
&lt;frozen importlib._bootstrap&gt;:1387: in _gcd_import
    ???
&lt;frozen importlib._bootstrap&gt;:1360: in _find_and_load
    ???
&lt;frozen importlib._bootstrap&gt;:1331: in _find_and_load_unlocked
    ???
&lt;frozen importlib._bootstrap&gt;:935: in _load_unlocked
    ???
C:\Users\brysi\AppData\Roaming\Python\Python312\site-packages\_pytest\assertion\rewrite.py:178: in exec_module
    exec(co, module.__dict__)
C:\Program Files\MySQL\MySQL Shell 8.0\lib\Python3.12\Lib\site-packages\setuptools\_distutils\tests\test_build_scripts.py:10: in &lt;module&gt;
    import jaraco.path
E   ModuleNotFoundError: No module named 'jaraco.path'</error></testcase><testcase classname="" name="ProgramData.ASCON.KOMPAS-3D.24.Python 3.App.Lib.distutils.tests.test_check" time="0.000"><error message="collection failure">import file mismatch:
imported module 'distutils.tests.test_check' has this __file__ attribute:
  C:\Program Files\MySQL\MySQL Shell 8.0\lib\Python3.12\Lib\site-packages\setuptools\_distutils\tests\test_check.py
which is not the same as the test file we want to collect:
  C:\ProgramData\ASCON\KOMPAS-3D\24\Python 3\App\Lib\distutils\tests\test_check.py
HINT: remove __pycache__ / .pyc files and/or use a unique basename for your test file modules</error></testcase><testcase classname="" name="ProgramData.ASCON.KOMPAS-3D.24.Python 3.App.Lib.distutils.tests.test_clean" time="0.000"><error message="collection failure">import file mismatch:
imported module 'distutils.tests.test_clean' has this __file__ attribute:
  C:\Program Files\MySQL\MySQL Shell 8.0\lib\Python3.12\Lib\site-packages\setuptools\_distutils\tests\test_clean.py
which is not the same as the test file we want to collect:
  C:\ProgramData\ASCON\KOMPAS-3D\24\Python 3\App\Lib\distutils\tests\test_clean.py
HINT: remove __pycache__ / .pyc files and/or use a unique basename for your test file modules</error></testcase><testcase classname="" name="ProgramData.ASCON.KOMPAS-3D.24.Python 3.App.Lib.distutils.tests.test_cmd" time="0.000"><error message="collection failure">import file mismatch:
imported module 'distutils.tests.test_cmd' has this __file__ attribute:
  C:\Program Files\MySQL\MySQL Shell 8.0\lib\Python3.12\Lib\site-packages\setuptools\_distutils\tests\test_cmd.py
which is not the same as the test file we want to collect:
  C:\ProgramData\ASCON\KOMPAS-3D\24\Python 3\App\Lib\distutils\tests\test_cmd.py
HINT: remove __pycache__ / .pyc files and/or use a unique basename for your test file modules</error></testcase><testcase classname="" name="ProgramData.ASCON.KOMPAS-3D.24.Python 3.App.Lib.distutils.tests.test_config" time="0.000"><error message="collection failure">import file mismatch:
imported module 'distutils.tests.test_config' has this __file__ attribute:
  C:\Program Files\MySQL\MySQL Shell 8.0\lib\Python3.12\Lib\site-packages\setuptools\_distutils\tests\test_config.py
which is not the same as the test file we want to collect:
  C:\ProgramData\ASCON\KOMPAS-3D\24\Python 3\App\Lib\distutils\tests\test_config.py
HINT: remove __pycache__ / .pyc files and/or use a unique basename for your test file modules</error></testcase><testcase classname="" name="ProgramData.ASCON.KOMPAS-3D.24.Python 3.App.Lib.distutils.tests.test_config_cmd" time="0.000"><error message="collection failure">ImportError while importing test module 'C:\ProgramData\ASCON\KOMPAS-3D\24\Python 3\App\Lib\distutils\tests\test_config_cmd.py'.
Hint: make sure your test modules/packages have valid Python names.
Traceback:
C:\Users\brysi\AppData\Roaming\Python\Python312\site-packages\_pytest\python.py:492: in importtestmodule
    mod = import_path(
C:\Users\brysi\AppData\Roaming\Python\Python312\site-packages\_pytest\pathlib.py:591: in import_path
    importlib.import_module(module_name)
C:\Program Files\Python312\Lib\importlib\__init__.py:90: in import_module
    return _bootstrap._gcd_import(name[level:], package, level)
&lt;frozen importlib._bootstrap&gt;:1387: in _gcd_import
    ???
&lt;frozen importlib._bootstrap&gt;:1360: in _find_and_load
    ???
&lt;frozen importlib._bootstrap&gt;:1331: in _find_and_load_unlocked
    ???
&lt;frozen importlib._bootstrap&gt;:935: in _load_unlocked
    ???
C:\Users\brysi\AppData\Roaming\Python\Python312\site-packages\_pytest\assertion\rewrite.py:178: in exec_module
    exec(co, module.__dict__)
C:\Program Files\MySQL\MySQL Shell 8.0\lib\Python3.12\Lib\site-packages\setuptools\_distutils\tests\test_config_cmd.py:10: in &lt;module&gt;
    import path
E   ModuleNotFoundError: No module named 'path'</error></testcase><testcase classname="" name="ProgramData.ASCON.KOMPAS-3D.24.Python 3.App.Lib.distutils.tests.test_core" time="0.000"><error message="collection failure">import file mismatch:
imported module 'distutils.tests.test_core' has this __file__ attribute:
  C:\Program Files\MySQL\MySQL Shell 8.0\lib\Python3.12\Lib\site-packages\setuptools\_distutils\tests\test_core.py
which is not the same as the test file we want to collect:
  C:\ProgramData\ASCON\KOMPAS-3D\24\Python 3\App\Lib\distutils\tests\test_core.py
HINT: remove __pycache__ / .pyc files and/or use a unique basename for your test file modules</error></testcase><testcase classname="" name="ProgramData.ASCON.KOMPAS-3D.24.Python 3.App.Lib.distutils.tests.test_cygwinccompiler" time="0.000"><error message="collection failure">import file mismatch:
imported module 'distutils.tests.test_cygwinccompiler' has this __file__ attribute:
  C:\Program Files\MySQL\MySQL Shell 8.0\lib\Python3.12\Lib\site-packages\setuptools\_distutils\tests\test_cygwinccompiler.py
which is not the same as the test file we want to collect:
  C:\ProgramData\ASCON\KOMPAS-3D\24\Python 3\App\Lib\distutils\tests\test_cygwinccompiler.py
HINT: remove __pycache__ / .pyc files and/or use a unique basename for your test file modules</error></testcase><testcase classname="" name="ProgramData.ASCON.KOMPAS-3D.24.Python 3.App.Lib.distutils.tests.test_dep_util" time="0.000"><error message="collection failure">ImportError while importing test module 'C:\ProgramData\ASCON\KOMPAS-3D\24\Python 3\App\Lib\distutils\tests\test_dep_util.py'.
Hint: make sure your test modules/packages have valid Python names.
Traceback:
C:\Users\brysi\AppData\Roaming\Python\Python312\site-packages\_pytest\python.py:492: in importtestmodule
    mod = import_path(
C:\Users\brysi\AppData\Roaming\Python\Python312\site-packages\_pytest\pathlib.py:591: in import_path
    importlib.import_module(module_name)
C:\Program Files\Python312\Lib\importlib\__init__.py:90: in import_module
    return _bootstrap._gcd_import(name[level:], package, level)
&lt;frozen importlib._bootstrap&gt;:1387: in _gcd_import
    ???
&lt;frozen importlib._bootstrap&gt;:1360: in _find_and_load
    ???
&lt;frozen importlib._bootstrap&gt;:1324: in _find_and_load_unlocked
    ???
E   ModuleNotFoundError: No module named 'distutils.tests.test_dep_util'</error></testcase><testcase classname="" name="ProgramData.ASCON.KOMPAS-3D.24.Python 3.App.Lib.distutils.tests.test_dir_util" time="0.000"><error message="collection failure">ImportError while importing test module 'C:\ProgramData\ASCON\KOMPAS-3D\24\Python 3\App\Lib\distutils\tests\test_dir_util.py'.
Hint: make sure your test modules/packages have valid Python names.
Traceback:
C:\Users\brysi\AppData\Roaming\Python\Python312\site-packages\_pytest\python.py:492: in importtestmodule
    mod = import_path(
C:\Users\brysi\AppData\Roaming\Python\Python312\site-packages\_pytest\pathlib.py:591: in import_path
    importlib.import_module(module_name)
C:\Program Files\Python312\Lib\importlib\__init__.py:90: in import_module
    return _bootstrap._gcd_import(name[level:], package, level)
&lt;frozen importlib._bootstrap&gt;:1387: in _gcd_import
    ???
&lt;frozen importlib._bootstrap&gt;:1360: in _find_and_load
    ???
&lt;frozen importlib._bootstrap&gt;:1331: in _find_and_load_unlocked
    ???
&lt;frozen importlib._bootstrap&gt;:935: in _load_unlocked
    ???
C:\Users\brysi\AppData\Roaming\Python\Python312\site-packages\_pytest\assertion\rewrite.py:178: in exec_module
    exec(co, module.__dict__)
C:\Program Files\MySQL\MySQL Shell 8.0\lib\Python3.12\Lib\site-packages\setuptools\_distutils\tests\test_dir_util.py:16: in &lt;module&gt;
    import jaraco.path
E   ModuleNotFoundError: No module named 'jaraco.path'</error></testcase><testcase classname="" name="ProgramData.ASCON.KOMPAS-3D.24.Python 3.App.Lib.distutils.tests.test_dist" time="0.000"><error message="collection failure">ImportError while importing test module 'C:\ProgramData\ASCON\KOMPAS-3D\24\Python 3\App\Lib\distutils\tests\test_dist.py'.
Hint: make sure your test modules/packages have valid Python names.
Traceback:
C:\Users\brysi\AppData\Roaming\Python\Python312\site-packages\_pytest\python.py:492: in importtestmodule
    mod = import_path(
C:\Users\brysi\AppData\Roaming\Python\Python312\site-packages\_pytest\pathlib.py:591: in import_path
    importlib.import_module(module_name)
C:\Program Files\Python312\Lib\importlib\__init__.py:90: in import_module
    return _bootstrap._gcd_import(name[level:], package, level)
&lt;frozen importlib._bootstrap&gt;:1387: in _gcd_import
    ???
&lt;frozen importlib._bootstrap&gt;:1360: in _find_and_load
    ???
&lt;frozen importlib._bootstrap&gt;:1331: in _find_and_load_unlocked
    ???
&lt;frozen importlib._bootstrap&gt;:935: in _load_unlocked
    ???
C:\Users\brysi\AppData\Roaming\Python\Python312\site-packages\_pytest\assertion\rewrite.py:178: in exec_module
    exec(co, module.__dict__)
C:\Program Files\MySQL\MySQL Shell 8.0\lib\Python3.12\Lib\site-packages\setuptools\_distutils\tests\test_dist.py:17: in &lt;module&gt;
    import jaraco.path
E   ModuleNotFoundError: No module named 'jaraco.path'</error></testcase><testcase classname="" name="ProgramData.ASCON.KOMPAS-3D.24.Python 3.App.Lib.distutils.tests.test_extension" time="0.000"><error message="collection failure">import file mismatch:
imported module 'distutils.tests.test_extension' has this __file__ attribute:
  C:\Program Files\MySQL\MySQL Shell 8.0\lib\Python3.12\Lib\site-packages\setuptools\_distutils\tests\test_extension.py
which is not the same as the test file we want to collect:
  C:\ProgramData\ASCON\KOMPAS-3D\24\Python 3\App\Lib\distutils\tests\test_extension.py
HINT: remove __pycache__ / .pyc files and/or use a unique basename for your test file modules</error></testcase><testcase classname="" name="ProgramData.ASCON.KOMPAS-3D.24.Python 3.App.Lib.distutils.tests.test_file_util" time="0.000"><error message="collection failure">ImportError while importing test module 'C:\ProgramData\ASCON\KOMPAS-3D\24\Python 3\App\Lib\distutils\tests\test_file_util.py'.
Hint: make sure your test modules/packages have valid Python names.
Traceback:
C:\Users\brysi\AppData\Roaming\Python\Python312\site-packages\_pytest\python.py:492: in importtestmodule
    mod = import_path(
C:\Users\brysi\AppData\Roaming\Python\Python312\site-packages\_pytest\pathlib.py:591: in import_path
    importlib.import_module(module_name)
C:\Program Files\Python312\Lib\importlib\__init__.py:90: in import_module
    return _bootstrap._gcd_import(name[level:], package, level)
&lt;frozen importlib._bootstrap&gt;:1387: in _gcd_import
    ???
&lt;frozen importlib._bootstrap&gt;:1360: in _find_and_load
    ???
&lt;frozen importlib._bootstrap&gt;:1331: in _find_and_load_unlocked
    ???
&lt;frozen importlib._bootstrap&gt;:935: in _load_unlocked
    ???
C:\Users\brysi\AppData\Roaming\Python\Python312\site-packages\_pytest\assertion\rewrite.py:178: in exec_module
    exec(co, module.__dict__)
C:\Program Files\MySQL\MySQL Shell 8.0\lib\Python3.12\Lib\site-packages\setuptools\_distutils\tests\test_file_util.py:9: in &lt;module&gt;
    import jaraco.path
E   ModuleNotFoundError: No module named 'jaraco.path'</error></testcase><testcase classname="" name="ProgramData.ASCON.KOMPAS-3D.24.Python 3.App.Lib.distutils.tests.test_filelist" time="0.000"><error message="collection failure">ImportError while importing test module 'C:\ProgramData\ASCON\KOMPAS-3D\24\Python 3\App\Lib\distutils\tests\test_filelist.py'.
Hint: make sure your test modules/packages have valid Python names.
Traceback:
C:\Users\brysi\AppData\Roaming\Python\Python312\site-packages\_pytest\python.py:492: in importtestmodule
    mod = import_path(
C:\Users\brysi\AppData\Roaming\Python\Python312\site-packages\_pytest\pathlib.py:591: in import_path
    importlib.import_module(module_name)
C:\Program Files\Python312\Lib\importlib\__init__.py:90: in import_module
    return _bootstrap._gcd_import(name[level:], package, level)
&lt;frozen importlib._bootstrap&gt;:1387: in _gcd_import
    ???
&lt;frozen importlib._bootstrap&gt;:1360: in _find_and_load
    ???
&lt;frozen importlib._bootstrap&gt;:1331: in _find_and_load_unlocked
    ???
&lt;frozen importlib._bootstrap&gt;:935: in _load_unlocked
    ???
C:\Users\brysi\AppData\Roaming\Python\Python312\site-packages\_pytest\assertion\rewrite.py:178: in exec_module
    exec(co, module.__dict__)
C:\Program Files\MySQL\MySQL Shell 8.0\lib\Python3.12\Lib\site-packages\setuptools\_distutils\tests\test_filelist.py:10: in &lt;module&gt;
    import jaraco.path
E   ModuleNotFoundError: No module named 'jaraco.path'</error></testcase><testcase classname="" name="ProgramData.ASCON.KOMPAS-3D.24.Python 3.App.Lib.distutils.tests.test_install" time="0.000"><error message="collection failure">import file mismatch:
imported module 'distutils.tests.test_install' has this __file__ attribute:
  C:\Program Files\MySQL\MySQL Shell 8.0\lib\Python3.12\Lib\site-packages\setuptools\_distutils\tests\test_install.py
which is not the same as the test file we want to collect:
  C:\ProgramData\ASCON\KOMPAS-3D\24\Python 3\App\Lib\distutils\tests\test_install.py
HINT: remove __pycache__ / .pyc files and/or use a unique basename for your test file modules</error></testcase><testcase classname="" name="ProgramData.ASCON.KOMPAS-3D.24.Python 3.App.Lib.distutils.tests.test_install_data" time="0.000"><error message="collection failure">import file mismatch:
imported module 'distutils.tests.test_install_data' has this __file__ attribute:
  C:\Program Files\MySQL\MySQL Shell 8.0\lib\Python3.12\Lib\site-packages\setuptools\_distutils\tests\test_install_data.py
which is not the same as the test file we want to collect:
  C:\ProgramData\ASCON\KOMPAS-3D\24\Python 3\App\Lib\distutils\tests\test_install_data.py
HINT: remove __pycache__ / .pyc files and/or use a unique basename for your test file modules</error></testcase><testcase classname="" name="ProgramData.ASCON.KOMPAS-3D.24.Python 3.App.Lib.distutils.tests.test_install_headers" time="0.000"><error message="collection failure">import file mismatch:
imported module 'distutils.tests.test_install_headers' has this __file__ attribute:
  C:\Program Files\MySQL\MySQL Shell 8.0\lib\Python3.12\Lib\site-packages\setuptools\_distutils\tests\test_install_headers.py
which is not the same as the test file we want to collect:
  C:\ProgramData\ASCON\KOMPAS-3D\24\Python 3\App\Lib\distutils\tests\test_install_headers.py
HINT: remove __pycache__ / .pyc files and/or use a unique basename for your test file modules</error></testcase><testcase classname="" name="ProgramData.ASCON.KOMPAS-3D.24.Python 3.App.Lib.distutils.tests.test_install_lib" time="0.000"><error message="collection failure">import file mismatch:
imported module 'distutils.tests.test_install_lib' has this __file__ attribute:
  C:\Program Files\MySQL\MySQL Shell 8.0\lib\Python3.12\Lib\site-packages\setuptools\_distutils\tests\test_install_lib.py
which is not the same as the test file we want to collect:
  C:\ProgramData\ASCON\KOMPAS-3D\24\Python 3\App\Lib\distutils\tests\test_install_lib.py
HINT: remove __pycache__ / .pyc files and/or use a unique basename for your test file modules</error></testcase><testcase classname="" name="ProgramData.ASCON.KOMPAS-3D.24.Python 3.App.Lib.distutils.tests.test_install_scripts" time="0.000"><error message="collection failure">ImportError while importing test module 'C:\ProgramData\ASCON\KOMPAS-3D\24\Python 3\App\Lib\distutils\tests\test_install_scripts.py'.
Hint: make sure your test modules/packages have valid Python names.
Traceback:
C:\Users\brysi\AppData\Roaming\Python\Python312\site-packages\_pytest\python.py:492: in importtestmodule
    mod = import_path(
C:\Users\brysi\AppData\Roaming\Python\Python312\site-packages\_pytest\pathlib.py:591: in import_path
    importlib.import_module(module_name)
C:\Program Files\Python312\Lib\importlib\__init__.py:90: in import_module
    return _bootstrap._gcd_import(name[level:], package, level)
&lt;frozen importlib._bootstrap&gt;:1387: in _gcd_import
    ???
&lt;frozen importlib._bootstrap&gt;:1360: in _find_and_load
    ???
&lt;frozen importlib._bootstrap&gt;:1331: in _find_and_load_unlocked
    ???
&lt;frozen importlib._bootstrap&gt;:935: in _load_unlocked
    ???
C:\Users\brysi\AppData\Roaming\Python\Python312\site-packages\_pytest\assertion\rewrite.py:178: in exec_module
    exec(co, module.__dict__)
C:\Program Files\MySQL\MySQL Shell 8.0\lib\Python3.12\Lib\site-packages\setuptools\_distutils\tests\test_install_scripts.py:8: in &lt;module&gt;
    from . import test_build_scripts
C:\Users\brysi\AppData\Roaming\Python\Python312\site-packages\_pytest\assertion\rewrite.py:178: in exec_module
    exec(co, module.__dict__)
C:\Program Files\MySQL\MySQL Shell 8.0\lib\Python3.12\Lib\site-packages\setuptools\_distutils\tests\test_build_scripts.py:10: in &lt;module&gt;
    import jaraco.path
E   ModuleNotFoundError: No module named 'jaraco.path'</error></testcase><testcase classname="" name="ProgramData.ASCON.KOMPAS-3D.24.Python 3.App.Lib.distutils.tests.test_log" time="0.000"><error message="collection failure">import file mismatch:
imported module 'distutils.tests.test_log' has this __file__ attribute:
  C:\Program Files\MySQL\MySQL Shell 8.0\lib\Python3.12\Lib\site-packages\setuptools\_distutils\tests\test_log.py
which is not the same as the test file we want to collect:
  C:\ProgramData\ASCON\KOMPAS-3D\24\Python 3\App\Lib\distutils\tests\test_log.py
HINT: remove __pycache__ / .pyc files and/or use a unique basename for your test file modules</error></testcase><testcase classname="" name="ProgramData.ASCON.KOMPAS-3D.24.Python 3.App.Lib.distutils.tests.test_msvc9compiler" time="0.000"><error message="collection failure">import file mismatch:
imported module 'distutils.tests.test_msvc9compiler' has this __file__ attribute:
  C:\Program Files\MySQL\MySQL Shell 8.0\lib\Python3.12\Lib\site-packages\setuptools\_distutils\tests\test_msvc9compiler.py
which is not the same as the test file we want to collect:
  C:\ProgramData\ASCON\KOMPAS-3D\24\Python 3\App\Lib\distutils\tests\test_msvc9compiler.py
HINT: remove __pycache__ / .pyc files and/or use a unique basename for your test file modules</error></testcase><testcase classname="" name="ProgramData.ASCON.KOMPAS-3D.24.Python 3.App.Lib.distutils.tests.test_register" time="0.000"><error message="collection failure">import file mismatch:
imported module 'distutils.tests.test_register' has this __file__ attribute:
  C:\Program Files\MySQL\MySQL Shell 8.0\lib\Python3.12\Lib\site-packages\setuptools\_distutils\tests\test_register.py
which is not the same as the test file we want to collect:
  C:\ProgramData\ASCON\KOMPAS-3D\24\Python 3\App\Lib\distutils\tests\test_register.py
HINT: remove __pycache__ / .pyc files and/or use a unique basename for your test file modules</error></testcase><testcase classname="" name="ProgramData.ASCON.KOMPAS-3D.24.Python 3.App.Lib.distutils.tests.test_sdist" time="0.000"><error message="collection failure">ImportError while importing test module 'C:\ProgramData\ASCON\KOMPAS-3D\24\Python 3\App\Lib\distutils\tests\test_sdist.py'.
Hint: make sure your test modules/packages have valid Python names.
Traceback:
C:\Users\brysi\AppData\Roaming\Python\Python312\site-packages\_pytest\python.py:492: in importtestmodule
    mod = import_path(
C:\Users\brysi\AppData\Roaming\Python\Python312\site-packages\_pytest\pathlib.py:591: in import_path
    importlib.import_module(module_name)
C:\Program Files\Python312\Lib\importlib\__init__.py:90: in import_module
    return _bootstrap._gcd_import(name[level:], package, level)
&lt;frozen importlib._bootstrap&gt;:1387: in _gcd_import
    ???
&lt;frozen importlib._bootstrap&gt;:1360: in _find_and_load
    ???
&lt;frozen importlib._bootstrap&gt;:1331: in _find_and_load_unlocked
    ???
&lt;frozen importlib._bootstrap&gt;:935: in _load_unlocked
    ???
C:\Users\brysi\AppData\Roaming\Python\Python312\site-packages\_pytest\assertion\rewrite.py:178: in exec_module
    exec(co, module.__dict__)
C:\Program Files\MySQL\MySQL Shell 8.0\lib\Python3.12\Lib\site-packages\setuptools\_distutils\tests\test_sdist.py:18: in &lt;module&gt;
    import jaraco.path
E   ModuleNotFoundError: No module named 'jaraco.path'</error></testcase><testcase classname="" name="ProgramData.ASCON.KOMPAS-3D.24.Python 3.App.Lib.distutils.tests.test_spawn" time="0.000"><error message="collection failure">ImportError while importing test module 'C:\ProgramData\ASCON\KOMPAS-3D\24\Python 3\App\Lib\distutils\tests\test_spawn.py'.
Hint: make sure your test modules/packages have valid Python names.
Traceback:
C:\Users\brysi\AppData\Roaming\Python\Python312\site-packages\_pytest\python.py:492: in importtestmodule
    mod = import_path(
C:\Users\brysi\AppData\Roaming\Python\Python312\site-packages\_pytest\pathlib.py:591: in import_path
    importlib.import_module(module_name)
C:\Program Files\Python312\Lib\importlib\__init__.py:90: in import_module
    return _bootstrap._gcd_import(name[level:], package, level)
&lt;frozen importlib._bootstrap&gt;:1387: in _gcd_import
    ???
&lt;frozen importlib._bootstrap&gt;:1360: in _find_and_load
    ???
&lt;frozen importlib._bootstrap&gt;:1331: in _find_and_load_unlocked
    ???
&lt;frozen importlib._bootstrap&gt;:935: in _load_unlocked
    ???
C:\Users\brysi\AppData\Roaming\Python\Python312\site-packages\_pytest\assertion\rewrite.py:178: in exec_module
    exec(co, module.__dict__)
C:\Program Files\MySQL\MySQL Shell 8.0\lib\Python3.12\Lib\site-packages\setuptools\_distutils\tests\test_spawn.py:11: in &lt;module&gt;
    import path
E   ModuleNotFoundError: No module named 'path'</error></testcase><testcase classname="" name="ProgramData.ASCON.KOMPAS-3D.24.Python 3.App.Lib.distutils.tests.test_sysconfig" time="0.000"><error message="collection failure">ImportError while importing test module 'C:\ProgramData\ASCON\KOMPAS-3D\24\Python 3\App\Lib\distutils\tests\test_sysconfig.py'.
Hint: make sure your test modules/packages have valid Python names.
Traceback:
C:\Users\brysi\AppData\Roaming\Python\Python312\site-packages\_pytest\python.py:492: in importtestmodule
    mod = import_path(
C:\Users\brysi\AppData\Roaming\Python\Python312\site-packages\_pytest\pathlib.py:591: in import_path
    importlib.import_module(module_name)
C:\Program Files\Python312\Lib\importlib\__init__.py:90: in import_module
    return _bootstrap._gcd_import(name[level:], package, level)
&lt;frozen importlib._bootstrap&gt;:1387: in _gcd_import
    ???
&lt;frozen importlib._bootstrap&gt;:1360: in _find_and_load
    ???
&lt;frozen importlib._bootstrap&gt;:1331: in _find_and_load_unlocked
    ???
&lt;frozen importlib._bootstrap&gt;:935: in _load_unlocked
    ???
C:\Users\brysi\AppData\Roaming\Python\Python312\site-packages\_pytest\assertion\rewrite.py:178: in exec_module
    exec(co, module.__dict__)
C:\Program Files\MySQL\MySQL Shell 8.0\lib\Python3.12\Lib\site-packages\setuptools\_distutils\tests\test_sysconfig.py:13: in &lt;module&gt;
    import jaraco.envs
E   ModuleNotFoundError: No module named 'jaraco.envs'</error></testcase><testcase classname="" name="ProgramData.ASCON.KOMPAS-3D.24.Python 3.App.Lib.distutils.tests.test_text_file" time="0.000"><error message="collection failure">ImportError while importing test module 'C:\ProgramData\ASCON\KOMPAS-3D\24\Python 3\App\Lib\distutils\tests\test_text_file.py'.
Hint: make sure your test modules/packages have valid Python names.
Traceback:
C:\Users\brysi\AppData\Roaming\Python\Python312\site-packages\_pytest\python.py:492: in importtestmodule
    mod = import_path(
C:\Users\brysi\AppData\Roaming\Python\Python312\site-packages\_pytest\pathlib.py:591: in import_path
    importlib.import_module(module_name)
C:\Program Files\Python312\Lib\importlib\__init__.py:90: in import_module
    return _bootstrap._gcd_import(name[level:], package, level)
&lt;frozen importlib._bootstrap&gt;:1387: in _gcd_import
    ???
&lt;frozen importlib._bootstrap&gt;:1360: in _find_and_load
    ???
&lt;frozen importlib._bootstrap&gt;:1331: in _find_and_load_unlocked
    ???
&lt;frozen importlib._bootstrap&gt;:935: in _load_unlocked
    ???
C:\Users\brysi\AppData\Roaming\Python\Python312\site-packages\_pytest\assertion\rewrite.py:178: in exec_module
    exec(co, module.__dict__)
C:\Program Files\MySQL\MySQL Shell 8.0\lib\Python3.12\Lib\site-packages\setuptools\_distutils\tests\test_text_file.py:6: in &lt;module&gt;
    import jaraco.path
E   ModuleNotFoundError: No module named 'jaraco.path'</error></testcase><testcase classname="" name="ProgramData.ASCON.KOMPAS-3D.24.Python 3.App.Lib.distutils.tests.test_unixccompiler" time="0.000"><error message="collection failure">import file mismatch:
imported module 'distutils.tests.test_unixccompiler' has this __file__ attribute:
  C:\Program Files\MySQL\MySQL Shell 8.0\lib\Python3.12\Lib\site-packages\setuptools\_distutils\tests\test_unixccompiler.py
which is not the same as the test file we want to collect:
  C:\ProgramData\ASCON\KOMPAS-3D\24\Python 3\App\Lib\distutils\tests\test_unixccompiler.py
HINT: remove __pycache__ / .pyc files and/or use a unique basename for your test file modules</error></testcase><testcase classname="" name="ProgramData.ASCON.KOMPAS-3D.24.Python 3.App.Lib.distutils.tests.test_upload" time="0.000"><error message="collection failure">import file mismatch:
imported module 'distutils.tests.test_upload' has this __file__ attribute:
  C:\Program Files\MySQL\MySQL Shell 8.0\lib\Python3.12\Lib\site-packages\setuptools\_distutils\tests\test_upload.py
which is not the same as the test file we want to collect:
  C:\ProgramData\ASCON\KOMPAS-3D\24\Python 3\App\Lib\distutils\tests\test_upload.py
HINT: remove __pycache__ / .pyc files and/or use a unique basename for your test file modules</error></testcase><testcase classname="" name="ProgramData.ASCON.KOMPAS-3D.24.Python 3.App.Lib.distutils.tests.test_util" time="0.000"><error message="collection failure">import file mismatch:
imported module 'distutils.tests.test_util' has this __file__ attribute:
  C:\Program Files\MySQL\MySQL Shell 8.0\lib\Python3.12\Lib\site-packages\setuptools\_distutils\tests\test_util.py
which is not the same as the test file we want to collect:
  C:\ProgramData\ASCON\KOMPAS-3D\24\Python 3\App\Lib\distutils\tests\test_util.py
HINT: remove __pycache__ / .pyc files and/or use a unique basename for your test file modules</error></testcase><testcase classname="" name="ProgramData.ASCON.KOMPAS-3D.24.Python 3.App.Lib.distutils.tests.test_version" time="0.000"><error message="collection failure">import file mismatch:
imported module 'distutils.tests.test_version' has this __file__ attribute:
  C:\Program Files\MySQL\MySQL Shell 8.0\lib\Python3.12\Lib\site-packages\setuptools\_distutils\tests\test_version.py
which is not the same as the test file we want to collect:
  C:\ProgramData\ASCON\KOMPAS-3D\24\Python 3\App\Lib\distutils\tests\test_version.py
HINT: remove __pycache__ / .pyc files and/or use a unique basename for your test file modules</error></testcase><testcase classname="" name="ProgramData.ASCON.KOMPAS-3D.24.Python 3.App.Lib.distutils.tests.test_versionpredicate" time="0.000"><error message="collection failure">import file mismatch:
imported module 'distutils.tests.test_versionpredicate' has this __file__ attribute:
  C:\Program Files\MySQL\MySQL Shell 8.0\lib\Python3.12\Lib\site-packages\setuptools\_distutils\tests\test_versionpredicate.py
which is not the same as the test file we want to collect:
  C:\ProgramData\ASCON\KOMPAS-3D\24\Python 3\App\Lib\distutils\tests\test_versionpredicate.py
HINT: remove __pycache__ / .pyc files and/or use a unique basename for your test file modules</error></testcase><testcase classname="" name="ProgramData.ASCON.KOMPAS-3D.24.Python 3.App.Lib.email.test.test_email" time="0.000"><error message="collection failure">ImportError while importing test module 'C:\ProgramData\ASCON\KOMPAS-3D\24\Python 3\App\Lib\email\test\test_email.py'.
Hint: make sure your test modules/packages have valid Python names.
Traceback:
C:\Users\brysi\AppData\Roaming\Python\Python312\site-packages\_pytest\python.py:492: in importtestmodule
    mod = import_path(
C:\Users\brysi\AppData\Roaming\Python\Python312\site-packages\_pytest\pathlib.py:591: in import_path
    importlib.import_module(module_name)
C:\Program Files\Python312\Lib\importlib\__init__.py:90: in import_module
    return _bootstrap._gcd_import(name[level:], package, level)
&lt;frozen importlib._bootstrap&gt;:1387: in _gcd_import
    ???
&lt;frozen importlib._bootstrap&gt;:1360: in _find_and_load
    ???
&lt;frozen importlib._bootstrap&gt;:1310: in _find_and_load_unlocked
    ???
&lt;frozen importlib._bootstrap&gt;:488: in _call_with_frames_removed
    ???
&lt;frozen importlib._bootstrap&gt;:1387: in _gcd_import
    ???
&lt;frozen importlib._bootstrap&gt;:1360: in _find_and_load
    ???
&lt;frozen importlib._bootstrap&gt;:1324: in _find_and_load_unlocked
    ???
E   ModuleNotFoundError: No module named 'email.test'</error></testcase><testcase classname="" name="ProgramData.ASCON.KOMPAS-3D.24.Python 3.App.Lib.email.test.test_email_codecs" time="0.000"><error message="collection failure">ImportError while importing test module 'C:\ProgramData\ASCON\KOMPAS-3D\24\Python 3\App\Lib\email\test\test_email_codecs.py'.
Hint: make sure your test modules/packages have valid Python names.
Traceback:
C:\Users\brysi\AppData\Roaming\Python\Python312\site-packages\_pytest\python.py:492: in importtestmodule
    mod = import_path(
C:\Users\brysi\AppData\Roaming\Python\Python312\site-packages\_pytest\pathlib.py:591: in import_path
    importlib.import_module(module_name)
C:\Program Files\Python312\Lib\importlib\__init__.py:90: in import_module
    return _bootstrap._gcd_import(name[level:], package, level)
&lt;frozen importlib._bootstrap&gt;:1387: in _gcd_import
    ???
&lt;frozen importlib._bootstrap&gt;:1360: in _find_and_load
    ???
&lt;frozen importlib._bootstrap&gt;:1310: in _find_and_load_unlocked
    ???
&lt;frozen importlib._bootstrap&gt;:488: in _call_with_frames_removed
    ???
&lt;frozen importlib._bootstrap&gt;:1387: in _gcd_import
    ???
&lt;frozen importlib._bootstrap&gt;:1360: in _find_and_load
    ???
&lt;frozen importlib._bootstrap&gt;:1324: in _find_and_load_unlocked
    ???
E   ModuleNotFoundError: No module named 'email.test'</error></testcase><testcase classname="" name="ProgramData.ASCON.KOMPAS-3D.24.Python 3.App.Lib.email.test.test_email_torture" time="0.000"><error message="collection failure">ImportError while importing test module 'C:\ProgramData\ASCON\KOMPAS-3D\24\Python 3\App\Lib\email\test\test_email_torture.py'.
Hint: make sure your test modules/packages have valid Python names.
Traceback:
C:\Users\brysi\AppData\Roaming\Python\Python312\site-packages\_pytest\python.py:492: in importtestmodule
    mod = import_path(
C:\Users\brysi\AppData\Roaming\Python\Python312\site-packages\_pytest\pathlib.py:591: in import_path
    importlib.import_module(module_name)
C:\Program Files\Python312\Lib\importlib\__init__.py:90: in import_module
    return _bootstrap._gcd_import(name[level:], package, level)
&lt;frozen importlib._bootstrap&gt;:1387: in _gcd_import
    ???
&lt;frozen importlib._bootstrap&gt;:1360: in _find_and_load
    ???
&lt;frozen importlib._bootstrap&gt;:1310: in _find_and_load_unlocked
    ???
&lt;frozen importlib._bootstrap&gt;:488: in _call_with_frames_removed
    ???
&lt;frozen importlib._bootstrap&gt;:1387: in _gcd_import
    ???
&lt;frozen importlib._bootstrap&gt;:1360: in _find_and_load
    ???
&lt;frozen importlib._bootstrap&gt;:1324: in _find_and_load_unlocked
    ???
E   ModuleNotFoundError: No module named 'email.test'</error></testcase><testcase classname="" name="ProgramData.ASCON.KOMPAS-3D.24.Python 3.App.Lib.importlib.test.builtin.test_finder" time="0.000"><error message="collection failure">ImportError while importing test module 'C:\ProgramData\ASCON\KOMPAS-3D\24\Python 3\App\Lib\importlib\test\builtin\test_finder.py'.
Hint: make sure your test modules/packages have valid Python names.
Traceback:
C:\Users\brysi\AppData\Roaming\Python\Python312\site-packages\_pytest\python.py:492: in importtestmodule
    mod = import_path(
C:\Users\brysi\AppData\Roaming\Python\Python312\site-packages\_pytest\pathlib.py:591: in import_path
    importlib.import_module(module_name)
C:\Program Files\Python312\Lib\importlib\__init__.py:90: in import_module
    return _bootstrap._gcd_import(name[level:], package, level)
&lt;frozen importlib._bootstrap&gt;:1387: in _gcd_import
    ???
&lt;frozen importlib._bootstrap&gt;:1360: in _find_and_load
    ???
&lt;frozen importlib._bootstrap&gt;:1310: in _find_and_load_unlocked
    ???
&lt;frozen importlib._bootstrap&gt;:488: in _call_with_frames_removed
    ???
&lt;frozen importlib._bootstrap&gt;:1387: in _gcd_import
    ???
&lt;frozen importlib._bootstrap&gt;:1360: in _find_and_load
    ???
&lt;frozen importlib._bootstrap&gt;:1310: in _find_and_load_unlocked
    ???
&lt;frozen importlib._bootstrap&gt;:488: in _call_with_frames_removed
    ???
&lt;frozen importlib._bootstrap&gt;:1387: in _gcd_import
    ???
&lt;frozen importlib._bootstrap&gt;:1360: in _find_and_load
    ???
&lt;frozen importlib._bootstrap&gt;:1324: in _find_and_load_unlocked
    ???
E   ModuleNotFoundError: No module named 'importlib.test'</error></testcase><testcase classname="" name="ProgramData.ASCON.KOMPAS-3D.24.Python 3.App.Lib.importlib.test.builtin.test_loader" time="0.000"><error message="collection failure">ImportError while importing test module 'C:\ProgramData\ASCON\KOMPAS-3D\24\Python 3\App\Lib\importlib\test\builtin\test_loader.py'.
Hint: make sure your test modules/packages have valid Python names.
Traceback:
C:\Users\brysi\AppData\Roaming\Python\Python312\site-packages\_pytest\python.py:492: in importtestmodule
    mod = import_path(
C:\Users\brysi\AppData\Roaming\Python\Python312\site-packages\_pytest\pathlib.py:591: in import_path
    importlib.import_module(module_name)
C:\Program Files\Python312\Lib\importlib\__init__.py:90: in import_module
    return _bootstrap._gcd_import(name[level:], package, level)
&lt;frozen importlib._bootstrap&gt;:1387: in _gcd_import
    ???
&lt;frozen importlib._bootstrap&gt;:1360: in _find_and_load
    ???
&lt;frozen importlib._bootstrap&gt;:1310: in _find_and_load_unlocked
    ???
&lt;frozen importlib._bootstrap&gt;:488: in _call_with_frames_removed
    ???
&lt;frozen importlib._bootstrap&gt;:1387: in _gcd_import
    ???
&lt;frozen importlib._bootstrap&gt;:1360: in _find_and_load
    ???
&lt;frozen importlib._bootstrap&gt;:1310: in _find_and_load_unlocked
    ???
&lt;frozen importlib._bootstrap&gt;:488: in _call_with_frames_removed
    ???
&lt;frozen importlib._bootstrap&gt;:1387: in _gcd_import
    ???
&lt;frozen importlib._bootstrap&gt;:1360: in _find_and_load
    ???
&lt;frozen importlib._bootstrap&gt;:1324: in _find_and_load_unlocked
    ???
E   ModuleNotFoundError: No module named 'importlib.test'</error></testcase><testcase classname="" name="ProgramData.ASCON.KOMPAS-3D.24.Python 3.App.Lib.importlib.test.extension.test_case_sensitivity" time="0.000"><error message="collection failure">ImportError while importing test module 'C:\ProgramData\ASCON\KOMPAS-3D\24\Python 3\App\Lib\importlib\test\extension\test_case_sensitivity.py'.
Hint: make sure your test modules/packages have valid Python names.
Traceback:
C:\Users\brysi\AppData\Roaming\Python\Python312\site-packages\_pytest\python.py:492: in importtestmodule
    mod = import_path(
C:\Users\brysi\AppData\Roaming\Python\Python312\site-packages\_pytest\pathlib.py:591: in import_path
    importlib.import_module(module_name)
C:\Program Files\Python312\Lib\importlib\__init__.py:90: in import_module
    return _bootstrap._gcd_import(name[level:], package, level)
&lt;frozen importlib._bootstrap&gt;:1387: in _gcd_import
    ???
&lt;frozen importlib._bootstrap&gt;:1360: in _find_and_load
    ???
&lt;frozen importlib._bootstrap&gt;:1310: in _find_and_load_unlocked
    ???
&lt;frozen importlib._bootstrap&gt;:488: in _call_with_frames_removed
    ???
&lt;frozen importlib._bootstrap&gt;:1387: in _gcd_import
    ???
&lt;frozen importlib._bootstrap&gt;:1360: in _find_and_load
    ???
&lt;frozen importlib._bootstrap&gt;:1310: in _find_and_load_unlocked
    ???
&lt;frozen importlib._bootstrap&gt;:488: in _call_with_frames_removed
    ???
&lt;frozen importlib._bootstrap&gt;:1387: in _gcd_import
    ???
&lt;frozen importlib._bootstrap&gt;:1360: in _find_and_load
    ???
&lt;frozen importlib._bootstrap&gt;:1324: in _find_and_load_unlocked
    ???
E   ModuleNotFoundError: No module named 'importlib.test'</error></testcase><testcase classname="" name="ProgramData.ASCON.KOMPAS-3D.24.Python 3.App.Lib.importlib.test.extension.test_finder" time="0.000"><error message="collection failure">ImportError while importing test module 'C:\ProgramData\ASCON\KOMPAS-3D\24\Python 3\App\Lib\importlib\test\extension\test_finder.py'.
Hint: make sure your test modules/packages have valid Python names.
Traceback:
C:\Users\brysi\AppData\Roaming\Python\Python312\site-packages\_pytest\python.py:492: in importtestmodule
    mod = import_path(
C:\Users\brysi\AppData\Roaming\Python\Python312\site-packages\_pytest\pathlib.py:591: in import_path
    importlib.import_module(module_name)
C:\Program Files\Python312\Lib\importlib\__init__.py:90: in import_module
    return _bootstrap._gcd_import(name[level:], package, level)
&lt;frozen importlib._bootstrap&gt;:1387: in _gcd_import
    ???
&lt;frozen importlib._bootstrap&gt;:1360: in _find_and_load
    ???
&lt;frozen importlib._bootstrap&gt;:1310: in _find_and_load_unlocked
    ???
&lt;frozen importlib._bootstrap&gt;:488: in _call_with_frames_removed
    ???
&lt;frozen importlib._bootstrap&gt;:1387: in _gcd_import
    ???
&lt;frozen importlib._bootstrap&gt;:1360: in _find_and_load
    ???
&lt;frozen importlib._bootstrap&gt;:1310: in _find_and_load_unlocked
    ???
&lt;frozen importlib._bootstrap&gt;:488: in _call_with_frames_removed
    ???
&lt;frozen importlib._bootstrap&gt;:1387: in _gcd_import
    ???
&lt;frozen importlib._bootstrap&gt;:1360: in _find_and_load
    ???
&lt;frozen importlib._bootstrap&gt;:1324: in _find_and_load_unlocked
    ???
E   ModuleNotFoundError: No module named 'importlib.test'</error></testcase><testcase classname="" name="ProgramData.ASCON.KOMPAS-3D.24.Python 3.App.Lib.importlib.test.extension.test_loader" time="0.000"><error message="collection failure">ImportError while importing test module 'C:\ProgramData\ASCON\KOMPAS-3D\24\Python 3\App\Lib\importlib\test\extension\test_loader.py'.
Hint: make sure your test modules/packages have valid Python names.
Traceback:
C:\Users\brysi\AppData\Roaming\Python\Python312\site-packages\_pytest\python.py:492: in importtestmodule
    mod = import_path(
C:\Users\brysi\AppData\Roaming\Python\Python312\site-packages\_pytest\pathlib.py:591: in import_path
    importlib.import_module(module_name)
C:\Program Files\Python312\Lib\importlib\__init__.py:90: in import_module
    return _bootstrap._gcd_import(name[level:], package, level)
&lt;frozen importlib._bootstrap&gt;:1387: in _gcd_import
    ???
&lt;frozen importlib._bootstrap&gt;:1360: in _find_and_load
    ???
&lt;frozen importlib._bootstrap&gt;:1310: in _find_and_load_unlocked
    ???
&lt;frozen importlib._bootstrap&gt;:488: in _call_with_frames_removed
    ???
&lt;frozen importlib._bootstrap&gt;:1387: in _gcd_import
    ???
&lt;frozen importlib._bootstrap&gt;:1360: in _find_and_load
    ???
&lt;frozen importlib._bootstrap&gt;:1310: in _find_and_load_unlocked
    ???
&lt;frozen importlib._bootstrap&gt;:488: in _call_with_frames_removed
    ???
&lt;frozen importlib._bootstrap&gt;:1387: in _gcd_import
    ???
&lt;frozen importlib._bootstrap&gt;:1360: in _find_and_load
    ???
&lt;frozen importlib._bootstrap&gt;:1324: in _find_and_load_unlocked
    ???
E   ModuleNotFoundError: No module named 'importlib.test'</error></testcase><testcase classname="" name="ProgramData.ASCON.KOMPAS-3D.24.Python 3.App.Lib.importlib.test.extension.test_path_hook" time="0.000"><error message="collection failure">ImportError while importing test module 'C:\ProgramData\ASCON\KOMPAS-3D\24\Python 3\App\Lib\importlib\test\extension\test_path_hook.py'.
Hint: make sure your test modules/packages have valid Python names.
Traceback:
C:\Users\brysi\AppData\Roaming\Python\Python312\site-packages\_pytest\python.py:492: in importtestmodule
    mod = import_path(
C:\Users\brysi\AppData\Roaming\Python\Python312\site-packages\_pytest\pathlib.py:591: in import_path
    importlib.import_module(module_name)
C:\Program Files\Python312\Lib\importlib\__init__.py:90: in import_module
    return _bootstrap._gcd_import(name[level:], package, level)
&lt;frozen importlib._bootstrap&gt;:1387: in _gcd_import
    ???
&lt;frozen importlib._bootstrap&gt;:1360: in _find_and_load
    ???
&lt;frozen importlib._bootstrap&gt;:1310: in _find_and_load_unlocked
    ???
&lt;frozen importlib._bootstrap&gt;:488: in _call_with_frames_removed
    ???
&lt;frozen importlib._bootstrap&gt;:1387: in _gcd_import
    ???
&lt;frozen importlib._bootstrap&gt;:1360: in _find_and_load
    ???
&lt;frozen importlib._bootstrap&gt;:1310: in _find_and_load_unlocked
    ???
&lt;frozen importlib._bootstrap&gt;:488: in _call_with_frames_removed
    ???
&lt;frozen importlib._bootstrap&gt;:1387: in _gcd_import
    ???
&lt;frozen importlib._bootstrap&gt;:1360: in _find_and_load
    ???
&lt;frozen importlib._bootstrap&gt;:1324: in _find_and_load_unlocked
    ???
E   ModuleNotFoundError: No module named 'importlib.test'</error></testcase><testcase classname="" name="ProgramData.ASCON.KOMPAS-3D.24.Python 3.App.Lib.importlib.test.frozen.test_finder" time="0.000"><error message="collection failure">ImportError while importing test module 'C:\ProgramData\ASCON\KOMPAS-3D\24\Python 3\App\Lib\importlib\test\frozen\test_finder.py'.
Hint: make sure your test modules/packages have valid Python names.
Traceback:
C:\Users\brysi\AppData\Roaming\Python\Python312\site-packages\_pytest\python.py:492: in importtestmodule
    mod = import_path(
C:\Users\brysi\AppData\Roaming\Python\Python312\site-packages\_pytest\pathlib.py:591: in import_path
    importlib.import_module(module_name)
C:\Program Files\Python312\Lib\importlib\__init__.py:90: in import_module
    return _bootstrap._gcd_import(name[level:], package, level)
&lt;frozen importlib._bootstrap&gt;:1387: in _gcd_import
    ???
&lt;frozen importlib._bootstrap&gt;:1360: in _find_and_load
    ???
&lt;frozen importlib._bootstrap&gt;:1310: in _find_and_load_unlocked
    ???
&lt;frozen importlib._bootstrap&gt;:488: in _call_with_frames_removed
    ???
&lt;frozen importlib._bootstrap&gt;:1387: in _gcd_import
    ???
&lt;frozen importlib._bootstrap&gt;:1360: in _find_and_load
    ???
&lt;frozen importlib._bootstrap&gt;:1310: in _find_and_load_unlocked
    ???
&lt;frozen importlib._bootstrap&gt;:488: in _call_with_frames_removed
    ???
&lt;frozen importlib._bootstrap&gt;:1387: in _gcd_import
    ???
&lt;frozen importlib._bootstrap&gt;:1360: in _find_and_load
    ???
&lt;frozen importlib._bootstrap&gt;:1324: in _find_and_load_unlocked
    ???
E   ModuleNotFoundError: No module named 'importlib.test'</error></testcase><testcase classname="" name="ProgramData.ASCON.KOMPAS-3D.24.Python 3.App.Lib.importlib.test.frozen.test_loader" time="0.000"><error message="collection failure">ImportError while importing test module 'C:\ProgramData\ASCON\KOMPAS-3D\24\Python 3\App\Lib\importlib\test\frozen\test_loader.py'.
Hint: make sure your test modules/packages have valid Python names.
Traceback:
C:\Users\brysi\AppData\Roaming\Python\Python312\site-packages\_pytest\python.py:492: in importtestmodule
    mod = import_path(
C:\Users\brysi\AppData\Roaming\Python\Python312\site-packages\_pytest\pathlib.py:591: in import_path
    importlib.import_module(module_name)
C:\Program Files\Python312\Lib\importlib\__init__.py:90: in import_module
    return _bootstrap._gcd_import(name[level:], package, level)
&lt;frozen importlib._bootstrap&gt;:1387: in _gcd_import
    ???
&lt;frozen importlib._bootstrap&gt;:1360: in _find_and_load
    ???
&lt;frozen importlib._bootstrap&gt;:1310: in _find_and_load_unlocked
    ???
&lt;frozen importlib._bootstrap&gt;:488: in _call_with_frames_removed
    ???
&lt;frozen importlib._bootstrap&gt;:1387: in _gcd_import
    ???
&lt;frozen importlib._bootstrap&gt;:1360: in _find_and_load
    ???
&lt;frozen importlib._bootstrap&gt;:1310: in _find_and_load_unlocked
    ???
&lt;frozen importlib._bootstrap&gt;:488: in _call_with_frames_removed
    ???
&lt;frozen importlib._bootstrap&gt;:1387: in _gcd_import
    ???
&lt;frozen importlib._bootstrap&gt;:1360: in _find_and_load
    ???
&lt;frozen importlib._bootstrap&gt;:1324: in _find_and_load_unlocked
    ???
E   ModuleNotFoundError: No module named 'importlib.test'</error></testcase><testcase classname="" name="ProgramData.ASCON.KOMPAS-3D.24.Python 3.App.Lib.importlib.test.import_.test___package__" time="0.000"><error message="collection failure">ImportError while importing test module 'C:\ProgramData\ASCON\KOMPAS-3D\24\Python 3\App\Lib\importlib\test\import_\test___package__.py'.
Hint: make sure your test modules/packages have valid Python names.
Traceback:
C:\Users\brysi\AppData\Roaming\Python\Python312\site-packages\_pytest\python.py:492: in importtestmodule
    mod = import_path(
C:\Users\brysi\AppData\Roaming\Python\Python312\site-packages\_pytest\pathlib.py:591: in import_path
    importlib.import_module(module_name)
C:\Program Files\Python312\Lib\importlib\__init__.py:90: in import_module
    return _bootstrap._gcd_import(name[level:], package, level)
&lt;frozen importlib._bootstrap&gt;:1387: in _gcd_import
    ???
&lt;frozen importlib._bootstrap&gt;:1360: in _find_and_load
    ???
&lt;frozen importlib._bootstrap&gt;:1310: in _find_and_load_unlocked
    ???
&lt;frozen importlib._bootstrap&gt;:488: in _call_with_frames_removed
    ???
&lt;frozen importlib._bootstrap&gt;:1387: in _gcd_import
    ???
&lt;frozen importlib._bootstrap&gt;:1360: in _find_and_load
    ???
&lt;frozen importlib._bootstrap&gt;:1310: in _find_and_load_unlocked
    ???
&lt;frozen importlib._bootstrap&gt;:488: in _call_with_frames_removed
    ???
&lt;frozen importlib._bootstrap&gt;:1387: in _gcd_import
    ???
&lt;frozen importlib._bootstrap&gt;:1360: in _find_and_load
    ???
&lt;frozen importlib._bootstrap&gt;:1324: in _find_and_load_unlocked
    ???
E   ModuleNotFoundError: No module named 'importlib.test'</error></testcase><testcase classname="" name="ProgramData.ASCON.KOMPAS-3D.24.Python 3.App.Lib.importlib.test.import_.test_api" time="0.000"><error message="collection failure">ImportError while importing test module 'C:\ProgramData\ASCON\KOMPAS-3D\24\Python 3\App\Lib\importlib\test\import_\test_api.py'.
Hint: make sure your test modules/packages have valid Python names.
Traceback:
C:\Users\brysi\AppData\Roaming\Python\Python312\site-packages\_pytest\python.py:492: in importtestmodule
    mod = import_path(
C:\Users\brysi\AppData\Roaming\Python\Python312\site-packages\_pytest\pathlib.py:591: in import_path
    importlib.import_module(module_name)
C:\Program Files\Python312\Lib\importlib\__init__.py:90: in import_module
    return _bootstrap._gcd_import(name[level:], package, level)
&lt;frozen importlib._bootstrap&gt;:1387: in _gcd_import
    ???
&lt;frozen importlib._bootstrap&gt;:1360: in _find_and_load
    ???
&lt;frozen importlib._bootstrap&gt;:1310: in _find_and_load_unlocked
    ???
&lt;frozen importlib._bootstrap&gt;:488: in _call_with_frames_removed
    ???
&lt;frozen importlib._bootstrap&gt;:1387: in _gcd_import
    ???
&lt;frozen importlib._bootstrap&gt;:1360: in _find_and_load
    ???
&lt;frozen importlib._bootstrap&gt;:1310: in _find_and_load_unlocked
    ???
&lt;frozen importlib._bootstrap&gt;:488: in _call_with_frames_removed
    ???
&lt;frozen importlib._bootstrap&gt;:1387: in _gcd_import
    ???
&lt;frozen importlib._bootstrap&gt;:1360: in _find_and_load
    ???
&lt;frozen importlib._bootstrap&gt;:1324: in _find_and_load_unlocked
    ???
E   ModuleNotFoundError: No module named 'importlib.test'</error></testcase><testcase classname="" name="ProgramData.ASCON.KOMPAS-3D.24.Python 3.App.Lib.importlib.test.import_.test_caching" time="0.000"><error message="collection failure">ImportError while importing test module 'C:\ProgramData\ASCON\KOMPAS-3D\24\Python 3\App\Lib\importlib\test\import_\test_caching.py'.
Hint: make sure your test modules/packages have valid Python names.
Traceback:
C:\Users\brysi\AppData\Roaming\Python\Python312\site-packages\_pytest\python.py:492: in importtestmodule
    mod = import_path(
C:\Users\brysi\AppData\Roaming\Python\Python312\site-packages\_pytest\pathlib.py:591: in import_path
    importlib.import_module(module_name)
C:\Program Files\Python312\Lib\importlib\__init__.py:90: in import_module
    return _bootstrap._gcd_import(name[level:], package, level)
&lt;frozen importlib._bootstrap&gt;:1387: in _gcd_import
    ???
&lt;frozen importlib._bootstrap&gt;:1360: in _find_and_load
    ???
&lt;frozen importlib._bootstrap&gt;:1310: in _find_and_load_unlocked
    ???
&lt;frozen importlib._bootstrap&gt;:488: in _call_with_frames_removed
    ???
&lt;frozen importlib._bootstrap&gt;:1387: in _gcd_import
    ???
&lt;frozen importlib._bootstrap&gt;:1360: in _find_and_load
    ???
&lt;frozen importlib._bootstrap&gt;:1310: in _find_and_load_unlocked
    ???
&lt;frozen importlib._bootstrap&gt;:488: in _call_with_frames_removed
    ???
&lt;frozen importlib._bootstrap&gt;:1387: in _gcd_import
    ???
&lt;frozen importlib._bootstrap&gt;:1360: in _find_and_load
    ???
&lt;frozen importlib._bootstrap&gt;:1324: in _find_and_load_unlocked
    ???
E   ModuleNotFoundError: No module named 'importlib.test'</error></testcase><testcase classname="" name="ProgramData.ASCON.KOMPAS-3D.24.Python 3.App.Lib.importlib.test.import_.test_fromlist" time="0.000"><error message="collection failure">ImportError while importing test module 'C:\ProgramData\ASCON\KOMPAS-3D\24\Python 3\App\Lib\importlib\test\import_\test_fromlist.py'.
Hint: make sure your test modules/packages have valid Python names.
Traceback:
C:\Users\brysi\AppData\Roaming\Python\Python312\site-packages\_pytest\python.py:492: in importtestmodule
    mod = import_path(
C:\Users\brysi\AppData\Roaming\Python\Python312\site-packages\_pytest\pathlib.py:591: in import_path
    importlib.import_module(module_name)
C:\Program Files\Python312\Lib\importlib\__init__.py:90: in import_module
    return _bootstrap._gcd_import(name[level:], package, level)
&lt;frozen importlib._bootstrap&gt;:1387: in _gcd_import
    ???
&lt;frozen importlib._bootstrap&gt;:1360: in _find_and_load
    ???
&lt;frozen importlib._bootstrap&gt;:1310: in _find_and_load_unlocked
    ???
&lt;frozen importlib._bootstrap&gt;:488: in _call_with_frames_removed
    ???
&lt;frozen importlib._bootstrap&gt;:1387: in _gcd_import
    ???
&lt;frozen importlib._bootstrap&gt;:1360: in _find_and_load
    ???
&lt;frozen importlib._bootstrap&gt;:1310: in _find_and_load_unlocked
    ???
&lt;frozen importlib._bootstrap&gt;:488: in _call_with_frames_removed
    ???
&lt;frozen importlib._bootstrap&gt;:1387: in _gcd_import
    ???
&lt;frozen importlib._bootstrap&gt;:1360: in _find_and_load
    ???
&lt;frozen importlib._bootstrap&gt;:1324: in _find_and_load_unlocked
    ???
E   ModuleNotFoundError: No module named 'importlib.test'</error></testcase><testcase classname="" name="ProgramData.ASCON.KOMPAS-3D.24.Python 3.App.Lib.importlib.test.import_.test_meta_path" time="0.000"><error message="collection failure">ImportError while importing test module 'C:\ProgramData\ASCON\KOMPAS-3D\24\Python 3\App\Lib\importlib\test\import_\test_meta_path.py'.
Hint: make sure your test modules/packages have valid Python names.
Traceback:
C:\Users\brysi\AppData\Roaming\Python\Python312\site-packages\_pytest\python.py:492: in importtestmodule
    mod = import_path(
C:\Users\brysi\AppData\Roaming\Python\Python312\site-packages\_pytest\pathlib.py:591: in import_path
    importlib.import_module(module_name)
C:\Program Files\Python312\Lib\importlib\__init__.py:90: in import_module
    return _bootstrap._gcd_import(name[level:], package, level)
&lt;frozen importlib._bootstrap&gt;:1387: in _gcd_import
    ???
&lt;frozen importlib._bootstrap&gt;:1360: in _find_and_load
    ???
&lt;frozen importlib._bootstrap&gt;:1310: in _find_and_load_unlocked
    ???
&lt;frozen importlib._bootstrap&gt;:488: in _call_with_frames_removed
    ???
&lt;frozen importlib._bootstrap&gt;:1387: in _gcd_import
    ???
&lt;frozen importlib._bootstrap&gt;:1360: in _find_and_load
    ???
&lt;frozen importlib._bootstrap&gt;:1310: in _find_and_load_unlocked
    ???
&lt;frozen importlib._bootstrap&gt;:488: in _call_with_frames_removed
    ???
&lt;frozen importlib._bootstrap&gt;:1387: in _gcd_import
    ???
&lt;frozen importlib._bootstrap&gt;:1360: in _find_and_load
    ???
&lt;frozen importlib._bootstrap&gt;:1324: in _find_and_load_unlocked
    ???
E   ModuleNotFoundError: No module named 'importlib.test'</error></testcase><testcase classname="" name="ProgramData.ASCON.KOMPAS-3D.24.Python 3.App.Lib.importlib.test.import_.test_packages" time="0.000"><error message="collection failure">ImportError while importing test module 'C:\ProgramData\ASCON\KOMPAS-3D\24\Python 3\App\Lib\importlib\test\import_\test_packages.py'.
Hint: make sure your test modules/packages have valid Python names.
Traceback:
C:\Users\brysi\AppData\Roaming\Python\Python312\site-packages\_pytest\python.py:492: in importtestmodule
    mod = import_path(
C:\Users\brysi\AppData\Roaming\Python\Python312\site-packages\_pytest\pathlib.py:591: in import_path
    importlib.import_module(module_name)
C:\Program Files\Python312\Lib\importlib\__init__.py:90: in import_module
    return _bootstrap._gcd_import(name[level:], package, level)
&lt;frozen importlib._bootstrap&gt;:1387: in _gcd_import
    ???
&lt;frozen importlib._bootstrap&gt;:1360: in _find_and_load
    ???
&lt;frozen importlib._bootstrap&gt;:1310: in _find_and_load_unlocked
    ???
&lt;frozen importlib._bootstrap&gt;:488: in _call_with_frames_removed
    ???
&lt;frozen importlib._bootstrap&gt;:1387: in _gcd_import
    ???
&lt;frozen importlib._bootstrap&gt;:1360: in _find_and_load
    ???
&lt;frozen importlib._bootstrap&gt;:1310: in _find_and_load_unlocked
    ???
&lt;frozen importlib._bootstrap&gt;:488: in _call_with_frames_removed
    ???
&lt;frozen importlib._bootstrap&gt;:1387: in _gcd_import
    ???
&lt;frozen importlib._bootstrap&gt;:1360: in _find_and_load
    ???
&lt;frozen importlib._bootstrap&gt;:1324: in _find_and_load_unlocked
    ???
E   ModuleNotFoundError: No module named 'importlib.test'</error></testcase><testcase classname="" name="ProgramData.ASCON.KOMPAS-3D.24.Python 3.App.Lib.importlib.test.import_.test_path" time="0.000"><error message="collection failure">ImportError while importing test module 'C:\ProgramData\ASCON\KOMPAS-3D\24\Python 3\App\Lib\importlib\test\import_\test_path.py'.
Hint: make sure your test modules/packages have valid Python names.
Traceback:
C:\Users\brysi\AppData\Roaming\Python\Python312\site-packages\_pytest\python.py:492: in importtestmodule
    mod = import_path(
C:\Users\brysi\AppData\Roaming\Python\Python312\site-packages\_pytest\pathlib.py:591: in import_path
    importlib.import_module(module_name)
C:\Program Files\Python312\Lib\importlib\__init__.py:90: in import_module
    return _bootstrap._gcd_import(name[level:], package, level)
&lt;frozen importlib._bootstrap&gt;:1387: in _gcd_import
    ???
&lt;frozen importlib._bootstrap&gt;:1360: in _find_and_load
    ???
&lt;frozen importlib._bootstrap&gt;:1310: in _find_and_load_unlocked
    ???
&lt;frozen importlib._bootstrap&gt;:488: in _call_with_frames_removed
    ???
&lt;frozen importlib._bootstrap&gt;:1387: in _gcd_import
    ???
&lt;frozen importlib._bootstrap&gt;:1360: in _find_and_load
    ???
&lt;frozen importlib._bootstrap&gt;:1310: in _find_and_load_unlocked
    ???
&lt;frozen importlib._bootstrap&gt;:488: in _call_with_frames_removed
    ???
&lt;frozen importlib._bootstrap&gt;:1387: in _gcd_import
    ???
&lt;frozen importlib._bootstrap&gt;:1360: in _find_and_load
    ???
&lt;frozen importlib._bootstrap&gt;:1324: in _find_and_load_unlocked
    ???
E   ModuleNotFoundError: No module named 'importlib.test'</error></testcase><testcase classname="" name="ProgramData.ASCON.KOMPAS-3D.24.Python 3.App.Lib.importlib.test.import_.test_relative_imports" time="0.000"><error message="collection failure">ImportError while importing test module 'C:\ProgramData\ASCON\KOMPAS-3D\24\Python 3\App\Lib\importlib\test\import_\test_relative_imports.py'.
Hint: make sure your test modules/packages have valid Python names.
Traceback:
C:\Users\brysi\AppData\Roaming\Python\Python312\site-packages\_pytest\python.py:492: in importtestmodule
    mod = import_path(
C:\Users\brysi\AppData\Roaming\Python\Python312\site-packages\_pytest\pathlib.py:591: in import_path
    importlib.import_module(module_name)
C:\Program Files\Python312\Lib\importlib\__init__.py:90: in import_module
    return _bootstrap._gcd_import(name[level:], package, level)
&lt;frozen importlib._bootstrap&gt;:1387: in _gcd_import
    ???
&lt;frozen importlib._bootstrap&gt;:1360: in _find_and_load
    ???
&lt;frozen importlib._bootstrap&gt;:1310: in _find_and_load_unlocked
    ???
&lt;frozen importlib._bootstrap&gt;:488: in _call_with_frames_removed
    ???
&lt;frozen importlib._bootstrap&gt;:1387: in _gcd_import
    ???
&lt;frozen importlib._bootstrap&gt;:1360: in _find_and_load
    ???
&lt;frozen importlib._bootstrap&gt;:1310: in _find_and_load_unlocked
    ???
&lt;frozen importlib._bootstrap&gt;:488: in _call_with_frames_removed
    ???
&lt;frozen importlib._bootstrap&gt;:1387: in _gcd_import
    ???
&lt;frozen importlib._bootstrap&gt;:1360: in _find_and_load
    ???
&lt;frozen importlib._bootstrap&gt;:1324: in _find_and_load_unlocked
    ???
E   ModuleNotFoundError: No module named 'importlib.test'</error></testcase><testcase classname="" name="ProgramData.ASCON.KOMPAS-3D.24.Python 3.App.Lib.importlib.test.source.test_abc_loader" time="0.000"><error message="collection failure">ImportError while importing test module 'C:\ProgramData\ASCON\KOMPAS-3D\24\Python 3\App\Lib\importlib\test\source\test_abc_loader.py'.
Hint: make sure your test modules/packages have valid Python names.
Traceback:
C:\Users\brysi\AppData\Roaming\Python\Python312\site-packages\_pytest\python.py:492: in importtestmodule
    mod = import_path(
C:\Users\brysi\AppData\Roaming\Python\Python312\site-packages\_pytest\pathlib.py:591: in import_path
    importlib.import_module(module_name)
C:\Program Files\Python312\Lib\importlib\__init__.py:90: in import_module
    return _bootstrap._gcd_import(name[level:], package, level)
&lt;frozen importlib._bootstrap&gt;:1387: in _gcd_import
    ???
&lt;frozen importlib._bootstrap&gt;:1360: in _find_and_load
    ???
&lt;frozen importlib._bootstrap&gt;:1310: in _find_and_load_unlocked
    ???
&lt;frozen importlib._bootstrap&gt;:488: in _call_with_frames_removed
    ???
&lt;frozen importlib._bootstrap&gt;:1387: in _gcd_import
    ???
&lt;frozen importlib._bootstrap&gt;:1360: in _find_and_load
    ???
&lt;frozen importlib._bootstrap&gt;:1310: in _find_and_load_unlocked
    ???
&lt;frozen importlib._bootstrap&gt;:488: in _call_with_frames_removed
    ???
&lt;frozen importlib._bootstrap&gt;:1387: in _gcd_import
    ???
&lt;frozen importlib._bootstrap&gt;:1360: in _find_and_load
    ???
&lt;frozen importlib._bootstrap&gt;:1324: in _find_and_load_unlocked
    ???
E   ModuleNotFoundError: No module named 'importlib.test'</error></testcase><testcase classname="" name="ProgramData.ASCON.KOMPAS-3D.24.Python 3.App.Lib.importlib.test.source.test_case_sensitivity" time="0.000"><error message="collection failure">ImportError while importing test module 'C:\ProgramData\ASCON\KOMPAS-3D\24\Python 3\App\Lib\importlib\test\source\test_case_sensitivity.py'.
Hint: make sure your test modules/packages have valid Python names.
Traceback:
C:\Users\brysi\AppData\Roaming\Python\Python312\site-packages\_pytest\python.py:492: in importtestmodule
    mod = import_path(
C:\Users\brysi\AppData\Roaming\Python\Python312\site-packages\_pytest\pathlib.py:591: in import_path
    importlib.import_module(module_name)
C:\Program Files\Python312\Lib\importlib\__init__.py:90: in import_module
    return _bootstrap._gcd_import(name[level:], package, level)
&lt;frozen importlib._bootstrap&gt;:1387: in _gcd_import
    ???
&lt;frozen importlib._bootstrap&gt;:1360: in _find_and_load
    ???
&lt;frozen importlib._bootstrap&gt;:1310: in _find_and_load_unlocked
    ???
&lt;frozen importlib._bootstrap&gt;:488: in _call_with_frames_removed
    ???
&lt;frozen importlib._bootstrap&gt;:1387: in _gcd_import
    ???
&lt;frozen importlib._bootstrap&gt;:1360: in _find_and_load
    ???
&lt;frozen importlib._bootstrap&gt;:1310: in _find_and_load_unlocked
    ???
&lt;frozen importlib._bootstrap&gt;:488: in _call_with_frames_removed
    ???
&lt;frozen importlib._bootstrap&gt;:1387: in _gcd_import
    ???
&lt;frozen importlib._bootstrap&gt;:1360: in _find_and_load
    ???
&lt;frozen importlib._bootstrap&gt;:1324: in _find_and_load_unlocked
    ???
E   ModuleNotFoundError: No module named 'importlib.test'</error></testcase><testcase classname="" name="ProgramData.ASCON.KOMPAS-3D.24.Python 3.App.Lib.importlib.test.source.test_file_loader" time="0.000"><error message="collection failure">ImportError while importing test module 'C:\ProgramData\ASCON\KOMPAS-3D\24\Python 3\App\Lib\importlib\test\source\test_file_loader.py'.
Hint: make sure your test modules/packages have valid Python names.
Traceback:
C:\Users\brysi\AppData\Roaming\Python\Python312\site-packages\_pytest\python.py:492: in importtestmodule
    mod = import_path(
C:\Users\brysi\AppData\Roaming\Python\Python312\site-packages\_pytest\pathlib.py:591: in import_path
    importlib.import_module(module_name)
C:\Program Files\Python312\Lib\importlib\__init__.py:90: in import_module
    return _bootstrap._gcd_import(name[level:], package, level)
&lt;frozen importlib._bootstrap&gt;:1387: in _gcd_import
    ???
&lt;frozen importlib._bootstrap&gt;:1360: in _find_and_load
    ???
&lt;frozen importlib._bootstrap&gt;:1310: in _find_and_load_unlocked
    ???
&lt;frozen importlib._bootstrap&gt;:488: in _call_with_frames_removed
    ???
&lt;frozen importlib._bootstrap&gt;:1387: in _gcd_import
    ???
&lt;frozen importlib._bootstrap&gt;:1360: in _find_and_load
    ???
&lt;frozen importlib._bootstrap&gt;:1310: in _find_and_load_unlocked
    ???
&lt;frozen importlib._bootstrap&gt;:488: in _call_with_frames_removed
    ???
&lt;frozen importlib._bootstrap&gt;:1387: in _gcd_import
    ???
&lt;frozen importlib._bootstrap&gt;:1360: in _find_and_load
    ???
&lt;frozen importlib._bootstrap&gt;:1324: in _find_and_load_unlocked
    ???
E   ModuleNotFoundError: No module named 'importlib.test'</error></testcase><testcase classname="" name="ProgramData.ASCON.KOMPAS-3D.24.Python 3.App.Lib.importlib.test.source.test_finder" time="0.000"><error message="collection failure">ImportError while importing test module 'C:\ProgramData\ASCON\KOMPAS-3D\24\Python 3\App\Lib\importlib\test\source\test_finder.py'.
Hint: make sure your test modules/packages have valid Python names.
Traceback:
C:\Users\brysi\AppData\Roaming\Python\Python312\site-packages\_pytest\python.py:492: in importtestmodule
    mod = import_path(
C:\Users\brysi\AppData\Roaming\Python\Python312\site-packages\_pytest\pathlib.py:591: in import_path
    importlib.import_module(module_name)
C:\Program Files\Python312\Lib\importlib\__init__.py:90: in import_module
    return _bootstrap._gcd_import(name[level:], package, level)
&lt;frozen importlib._bootstrap&gt;:1387: in _gcd_import
    ???
&lt;frozen importlib._bootstrap&gt;:1360: in _find_and_load
    ???
&lt;frozen importlib._bootstrap&gt;:1310: in _find_and_load_unlocked
    ???
&lt;frozen importlib._bootstrap&gt;:488: in _call_with_frames_removed
    ???
&lt;frozen importlib._bootstrap&gt;:1387: in _gcd_import
    ???
&lt;frozen importlib._bootstrap&gt;:1360: in _find_and_load
    ???
&lt;frozen importlib._bootstrap&gt;:1310: in _find_and_load_unlocked
    ???
&lt;frozen importlib._bootstrap&gt;:488: in _call_with_frames_removed
    ???
&lt;frozen importlib._bootstrap&gt;:1387: in _gcd_import
    ???
&lt;frozen importlib._bootstrap&gt;:1360: in _find_and_load
    ???
&lt;frozen importlib._bootstrap&gt;:1324: in _find_and_load_unlocked
    ???
E   ModuleNotFoundError: No module named 'importlib.test'</error></testcase><testcase classname="" name="ProgramData.ASCON.KOMPAS-3D.24.Python 3.App.Lib.importlib.test.source.test_path_hook" time="0.000"><error message="collection failure">ImportError while importing test module 'C:\ProgramData\ASCON\KOMPAS-3D\24\Python 3\App\Lib\importlib\test\source\test_path_hook.py'.
Hint: make sure your test modules/packages have valid Python names.
Traceback:
C:\Users\brysi\AppData\Roaming\Python\Python312\site-packages\_pytest\python.py:492: in importtestmodule
    mod = import_path(
C:\Users\brysi\AppData\Roaming\Python\Python312\site-packages\_pytest\pathlib.py:591: in import_path
    importlib.import_module(module_name)
C:\Program Files\Python312\Lib\importlib\__init__.py:90: in import_module
    return _bootstrap._gcd_import(name[level:], package, level)
&lt;frozen importlib._bootstrap&gt;:1387: in _gcd_import
    ???
&lt;frozen importlib._bootstrap&gt;:1360: in _find_and_load
    ???
&lt;frozen importlib._bootstrap&gt;:1310: in _find_and_load_unlocked
    ???
&lt;frozen importlib._bootstrap&gt;:488: in _call_with_frames_removed
    ???
&lt;frozen importlib._bootstrap&gt;:1387: in _gcd_import
    ???
&lt;frozen importlib._bootstrap&gt;:1360: in _find_and_load
    ???
&lt;frozen importlib._bootstrap&gt;:1310: in _find_and_load_unlocked
    ???
&lt;frozen importlib._bootstrap&gt;:488: in _call_with_frames_removed
    ???
&lt;frozen importlib._bootstrap&gt;:1387: in _gcd_import
    ???
&lt;frozen importlib._bootstrap&gt;:1360: in _find_and_load
    ???
&lt;frozen importlib._bootstrap&gt;:1324: in _find_and_load_unlocked
    ???
E   ModuleNotFoundError: No module named 'importlib.test'</error></testcase><testcase classname="" name="ProgramData.ASCON.KOMPAS-3D.24.Python 3.App.Lib.importlib.test.source.test_source_encoding" time="0.000"><error message="collection failure">ImportError while importing test module 'C:\ProgramData\ASCON\KOMPAS-3D\24\Python 3\App\Lib\importlib\test\source\test_source_encoding.py'.
Hint: make sure your test modules/packages have valid Python names.
Traceback:
C:\Users\brysi\AppData\Roaming\Python\Python312\site-packages\_pytest\python.py:492: in importtestmodule
    mod = import_path(
C:\Users\brysi\AppData\Roaming\Python\Python312\site-packages\_pytest\pathlib.py:591: in import_path
    importlib.import_module(module_name)
C:\Program Files\Python312\Lib\importlib\__init__.py:90: in import_module
    return _bootstrap._gcd_import(name[level:], package, level)
&lt;frozen importlib._bootstrap&gt;:1387: in _gcd_import
    ???
&lt;frozen importlib._bootstrap&gt;:1360: in _find_and_load
    ???
&lt;frozen importlib._bootstrap&gt;:1310: in _find_and_load_unlocked
    ???
&lt;frozen importlib._bootstrap&gt;:488: in _call_with_frames_removed
    ???
&lt;frozen importlib._bootstrap&gt;:1387: in _gcd_import
    ???
&lt;frozen importlib._bootstrap&gt;:1360: in _find_and_load
    ???
&lt;frozen importlib._bootstrap&gt;:1310: in _find_and_load_unlocked
    ???
&lt;frozen importlib._bootstrap&gt;:488: in _call_with_frames_removed
    ???
&lt;frozen importlib._bootstrap&gt;:1387: in _gcd_import
    ???
&lt;frozen importlib._bootstrap&gt;:1360: in _find_and_load
    ???
&lt;frozen importlib._bootstrap&gt;:1324: in _find_and_load_unlocked
    ???
E   ModuleNotFoundError: No module named 'importlib.test'</error></testcase><testcase classname="" name="ProgramData.ASCON.KOMPAS-3D.24.Python 3.App.Lib.importlib.test.test_abc" time="0.000"><error message="collection failure">ImportError while importing test module 'C:\ProgramData\ASCON\KOMPAS-3D\24\Python 3\App\Lib\importlib\test\test_abc.py'.
Hint: make sure your test modules/packages have valid Python names.
Traceback:
C:\Users\brysi\AppData\Roaming\Python\Python312\site-packages\_pytest\python.py:492: in importtestmodule
    mod = import_path(
C:\Users\brysi\AppData\Roaming\Python\Python312\site-packages\_pytest\pathlib.py:591: in import_path
    importlib.import_module(module_name)
C:\Program Files\Python312\Lib\importlib\__init__.py:90: in import_module
    return _bootstrap._gcd_import(name[level:], package, level)
&lt;frozen importlib._bootstrap&gt;:1387: in _gcd_import
    ???
&lt;frozen importlib._bootstrap&gt;:1360: in _find_and_load
    ???
&lt;frozen importlib._bootstrap&gt;:1310: in _find_and_load_unlocked
    ???
&lt;frozen importlib._bootstrap&gt;:488: in _call_with_frames_removed
    ???
&lt;frozen importlib._bootstrap&gt;:1387: in _gcd_import
    ???
&lt;frozen importlib._bootstrap&gt;:1360: in _find_and_load
    ???
&lt;frozen importlib._bootstrap&gt;:1324: in _find_and_load_unlocked
    ???
E   ModuleNotFoundError: No module named 'importlib.test'</error></testcase><testcase classname="" name="ProgramData.ASCON.KOMPAS-3D.24.Python 3.App.Lib.importlib.test.test_api" time="0.000"><error message="collection failure">ImportError while importing test module 'C:\ProgramData\ASCON\KOMPAS-3D\24\Python 3\App\Lib\importlib\test\test_api.py'.
Hint: make sure your test modules/packages have valid Python names.
Traceback:
C:\Users\brysi\AppData\Roaming\Python\Python312\site-packages\_pytest\python.py:492: in importtestmodule
    mod = import_path(
C:\Users\brysi\AppData\Roaming\Python\Python312\site-packages\_pytest\pathlib.py:591: in import_path
    importlib.import_module(module_name)
C:\Program Files\Python312\Lib\importlib\__init__.py:90: in import_module
    return _bootstrap._gcd_import(name[level:], package, level)
&lt;frozen importlib._bootstrap&gt;:1387: in _gcd_import
    ???
&lt;frozen importlib._bootstrap&gt;:1360: in _find_and_load
    ???
&lt;frozen importlib._bootstrap&gt;:1310: in _find_and_load_unlocked
    ???
&lt;frozen importlib._bootstrap&gt;:488: in _call_with_frames_removed
    ???
&lt;frozen importlib._bootstrap&gt;:1387: in _gcd_import
    ???
&lt;frozen importlib._bootstrap&gt;:1360: in _find_and_load
    ???
&lt;frozen importlib._bootstrap&gt;:1324: in _find_and_load_unlocked
    ???
E   ModuleNotFoundError: No module named 'importlib.test'</error></testcase><testcase classname="" name="ProgramData.ASCON.KOMPAS-3D.24.Python 3.App.Lib.importlib.test.test_util" time="0.000"><error message="collection failure">ImportError while importing test module 'C:\ProgramData\ASCON\KOMPAS-3D\24\Python 3\App\Lib\importlib\test\test_util.py'.
Hint: make sure your test modules/packages have valid Python names.
Traceback:
C:\Users\brysi\AppData\Roaming\Python\Python312\site-packages\_pytest\python.py:492: in importtestmodule
    mod = import_path(
C:\Users\brysi\AppData\Roaming\Python\Python312\site-packages\_pytest\pathlib.py:591: in import_path
    importlib.import_module(module_name)
C:\Program Files\Python312\Lib\importlib\__init__.py:90: in import_module
    return _bootstrap._gcd_import(name[level:], package, level)
&lt;frozen importlib._bootstrap&gt;:1387: in _gcd_import
    ???
&lt;frozen importlib._bootstrap&gt;:1360: in _find_and_load
    ???
&lt;frozen importlib._bootstrap&gt;:1310: in _find_and_load_unlocked
    ???
&lt;frozen importlib._bootstrap&gt;:488: in _call_with_frames_removed
    ???
&lt;frozen importlib._bootstrap&gt;:1387: in _gcd_import
    ???
&lt;frozen importlib._bootstrap&gt;:1360: in _find_and_load
    ???
&lt;frozen importlib._bootstrap&gt;:1324: in _find_and_load_unlocked
    ???
E   ModuleNotFoundError: No module named 'importlib.test'</error></testcase><testcase classname="" name="ProgramData.ASCON.KOMPAS-3D.24.Python 3.App.Lib.lib2to3.tests.test_all_fixers" time="0.000"><error message="collection failure">ImportError while importing test module 'C:\ProgramData\ASCON\KOMPAS-3D\24\Python 3\App\Lib\lib2to3\tests\test_all_fixers.py'.
Hint: make sure your test modules/packages have valid Python names.
Traceback:
C:\Users\brysi\AppData\Roaming\Python\Python312\site-packages\_pytest\python.py:492: in importtestmodule
    mod = import_path(
C:\Users\brysi\AppData\Roaming\Python\Python312\site-packages\_pytest\pathlib.py:591: in import_path
    importlib.import_module(module_name)
C:\Program Files\Python312\Lib\importlib\__init__.py:90: in import_module
    return _bootstrap._gcd_import(name[level:], package, level)
&lt;frozen importlib._bootstrap&gt;:1387: in _gcd_import
    ???
&lt;frozen importlib._bootstrap&gt;:1360: in _find_and_load
    ???
&lt;frozen importlib._bootstrap&gt;:1310: in _find_and_load_unlocked
    ???
&lt;frozen importlib._bootstrap&gt;:488: in _call_with_frames_removed
    ???
&lt;frozen importlib._bootstrap&gt;:1387: in _gcd_import
    ???
&lt;frozen importlib._bootstrap&gt;:1360: in _find_and_load
    ???
&lt;frozen importlib._bootstrap&gt;:1324: in _find_and_load_unlocked
    ???
E   ModuleNotFoundError: No module named 'lib2to3.tests'</error></testcase><testcase classname="" name="ProgramData.ASCON.KOMPAS-3D.24.Python 3.App.Lib.lib2to3.tests.test_fixers" time="0.000"><error message="collection failure">ImportError while importing test module 'C:\ProgramData\ASCON\KOMPAS-3D\24\Python 3\App\Lib\lib2to3\tests\test_fixers.py'.
Hint: make sure your test modules/packages have valid Python names.
Traceback:
C:\Users\brysi\AppData\Roaming\Python\Python312\site-packages\_pytest\python.py:492: in importtestmodule
    mod = import_path(
C:\Users\brysi\AppData\Roaming\Python\Python312\site-packages\_pytest\pathlib.py:591: in import_path
    importlib.import_module(module_name)
C:\Program Files\Python312\Lib\importlib\__init__.py:90: in import_module
    return _bootstrap._gcd_import(name[level:], package, level)
&lt;frozen importlib._bootstrap&gt;:1387: in _gcd_import
    ???
&lt;frozen importlib._bootstrap&gt;:1360: in _find_and_load
    ???
&lt;frozen importlib._bootstrap&gt;:1310: in _find_and_load_unlocked
    ???
&lt;frozen importlib._bootstrap&gt;:488: in _call_with_frames_removed
    ???
&lt;frozen importlib._bootstrap&gt;:1387: in _gcd_import
    ???
&lt;frozen importlib._bootstrap&gt;:1360: in _find_and_load
    ???
&lt;frozen importlib._bootstrap&gt;:1324: in _find_and_load_unlocked
    ???
E   ModuleNotFoundError: No module named 'lib2to3.tests'</error></testcase><testcase classname="" name="ProgramData.ASCON.KOMPAS-3D.24.Python 3.App.Lib.lib2to3.tests.test_main" time="0.000"><error message="collection failure">ImportError while importing test module 'C:\ProgramData\ASCON\KOMPAS-3D\24\Python 3\App\Lib\lib2to3\tests\test_main.py'.
Hint: make sure your test modules/packages have valid Python names.
Traceback:
C:\Users\brysi\AppData\Roaming\Python\Python312\site-packages\_pytest\python.py:492: in importtestmodule
    mod = import_path(
C:\Users\brysi\AppData\Roaming\Python\Python312\site-packages\_pytest\pathlib.py:591: in import_path
    importlib.import_module(module_name)
C:\Program Files\Python312\Lib\importlib\__init__.py:90: in import_module
    return _bootstrap._gcd_import(name[level:], package, level)
&lt;frozen importlib._bootstrap&gt;:1387: in _gcd_import
    ???
&lt;frozen importlib._bootstrap&gt;:1360: in _find_and_load
    ???
&lt;frozen importlib._bootstrap&gt;:1310: in _find_and_load_unlocked
    ???
&lt;frozen importlib._bootstrap&gt;:488: in _call_with_frames_removed
    ???
&lt;frozen importlib._bootstrap&gt;:1387: in _gcd_import
    ???
&lt;frozen importlib._bootstrap&gt;:1360: in _find_and_load
    ???
&lt;frozen importlib._bootstrap&gt;:1324: in _find_and_load_unlocked
    ???
E   ModuleNotFoundError: No module named 'lib2to3.tests'</error></testcase><testcase classname="" name="ProgramData.ASCON.KOMPAS-3D.24.Python 3.App.Lib.lib2to3.tests.test_parser" time="0.000"><error message="collection failure">ImportError while importing test module 'C:\ProgramData\ASCON\KOMPAS-3D\24\Python 3\App\Lib\lib2to3\tests\test_parser.py'.
Hint: make sure your test modules/packages have valid Python names.
Traceback:
C:\Users\brysi\AppData\Roaming\Python\Python312\site-packages\_pytest\python.py:492: in importtestmodule
    mod = import_path(
C:\Users\brysi\AppData\Roaming\Python\Python312\site-packages\_pytest\pathlib.py:591: in import_path
    importlib.import_module(module_name)
C:\Program Files\Python312\Lib\importlib\__init__.py:90: in import_module
    return _bootstrap._gcd_import(name[level:], package, level)
&lt;frozen importlib._bootstrap&gt;:1387: in _gcd_import
    ???
&lt;frozen importlib._bootstrap&gt;:1360: in _find_and_load
    ???
&lt;frozen importlib._bootstrap&gt;:1310: in _find_and_load_unlocked
    ???
&lt;frozen importlib._bootstrap&gt;:488: in _call_with_frames_removed
    ???
&lt;frozen importlib._bootstrap&gt;:1387: in _gcd_import
    ???
&lt;frozen importlib._bootstrap&gt;:1360: in _find_and_load
    ???
&lt;frozen importlib._bootstrap&gt;:1324: in _find_and_load_unlocked
    ???
E   ModuleNotFoundError: No module named 'lib2to3.tests'</error></testcase><testcase classname="" name="ProgramData.ASCON.KOMPAS-3D.24.Python 3.App.Lib.lib2to3.tests.test_pytree" time="0.000"><error message="collection failure">ImportError while importing test module 'C:\ProgramData\ASCON\KOMPAS-3D\24\Python 3\App\Lib\lib2to3\tests\test_pytree.py'.
Hint: make sure your test modules/packages have valid Python names.
Traceback:
C:\Users\brysi\AppData\Roaming\Python\Python312\site-packages\_pytest\python.py:492: in importtestmodule
    mod = import_path(
C:\Users\brysi\AppData\Roaming\Python\Python312\site-packages\_pytest\pathlib.py:591: in import_path
    importlib.import_module(module_name)
C:\Program Files\Python312\Lib\importlib\__init__.py:90: in import_module
    return _bootstrap._gcd_import(name[level:], package, level)
&lt;frozen importlib._bootstrap&gt;:1387: in _gcd_import
    ???
&lt;frozen importlib._bootstrap&gt;:1360: in _find_and_load
    ???
&lt;frozen importlib._bootstrap&gt;:1310: in _find_and_load_unlocked
    ???
&lt;frozen importlib._bootstrap&gt;:488: in _call_with_frames_removed
    ???
&lt;frozen importlib._bootstrap&gt;:1387: in _gcd_import
    ???
&lt;frozen importlib._bootstrap&gt;:1360: in _find_and_load
    ???
&lt;frozen importlib._bootstrap&gt;:1324: in _find_and_load_unlocked
    ???
E   ModuleNotFoundError: No module named 'lib2to3.tests'</error></testcase><testcase classname="" name="ProgramData.ASCON.KOMPAS-3D.24.Python 3.App.Lib.lib2to3.tests.test_refactor" time="0.000"><error message="collection failure">ImportError while importing test module 'C:\ProgramData\ASCON\KOMPAS-3D\24\Python 3\App\Lib\lib2to3\tests\test_refactor.py'.
Hint: make sure your test modules/packages have valid Python names.
Traceback:
C:\Users\brysi\AppData\Roaming\Python\Python312\site-packages\_pytest\python.py:492: in importtestmodule
    mod = import_path(
C:\Users\brysi\AppData\Roaming\Python\Python312\site-packages\_pytest\pathlib.py:591: in import_path
    importlib.import_module(module_name)
C:\Program Files\Python312\Lib\importlib\__init__.py:90: in import_module
    return _bootstrap._gcd_import(name[level:], package, level)
&lt;frozen importlib._bootstrap&gt;:1387: in _gcd_import
    ???
&lt;frozen importlib._bootstrap&gt;:1360: in _find_and_load
    ???
&lt;frozen importlib._bootstrap&gt;:1310: in _find_and_load_unlocked
    ???
&lt;frozen importlib._bootstrap&gt;:488: in _call_with_frames_removed
    ???
&lt;frozen importlib._bootstrap&gt;:1387: in _gcd_import
    ???
&lt;frozen importlib._bootstrap&gt;:1360: in _find_and_load
    ???
&lt;frozen importlib._bootstrap&gt;:1324: in _find_and_load_unlocked
    ???
E   ModuleNotFoundError: No module named 'lib2to3.tests'</error></testcase><testcase classname="" name="ProgramData.ASCON.KOMPAS-3D.24.Python 3.App.Lib.lib2to3.tests.test_util" time="0.000"><error message="collection failure">ImportError while importing test module 'C:\ProgramData\ASCON\KOMPAS-3D\24\Python 3\App\Lib\lib2to3\tests\test_util.py'.
Hint: make sure your test modules/packages have valid Python names.
Traceback:
C:\Users\brysi\AppData\Roaming\Python\Python312\site-packages\_pytest\python.py:492: in importtestmodule
    mod = import_path(
C:\Users\brysi\AppData\Roaming\Python\Python312\site-packages\_pytest\pathlib.py:591: in import_path
    importlib.import_module(module_name)
C:\Program Files\Python312\Lib\importlib\__init__.py:90: in import_module
    return _bootstrap._gcd_import(name[level:], package, level)
&lt;frozen importlib._bootstrap&gt;:1387: in _gcd_import
    ???
&lt;frozen importlib._bootstrap&gt;:1360: in _find_and_load
    ???
&lt;frozen importlib._bootstrap&gt;:1310: in _find_and_load_unlocked
    ???
&lt;frozen importlib._bootstrap&gt;:488: in _call_with_frames_removed
    ???
&lt;frozen importlib._bootstrap&gt;:1387: in _gcd_import
    ???
&lt;frozen importlib._bootstrap&gt;:1360: in _find_and_load
    ???
&lt;frozen importlib._bootstrap&gt;:1324: in _find_and_load_unlocked
    ???
E   ModuleNotFoundError: No module named 'lib2to3.tests'</error></testcase><testcase classname="pytest" name="internal" time="0.000"><error message="internal error">Traceback (most recent call last):
  File "C:\Program Files\PostgreSQL\16\pgAdmin 4\python\Lib\site-packages\adodbapi\adodbapi.py", line 106, in make_COM_connecter
    c = Dispatch("ADODB.Connection")  # connect _after_ CoIninialize v2.1.1 adamvan
        ^^^^^^^^
NameError: name 'Dispatch' is not defined

During handling of the above exception, another exception occurred:

Traceback (most recent call last):
  File "C:\Program Files\PostgreSQL\16\pgAdmin 4\python\Lib\site-packages\adodbapi\adodbapi.py", line 128, in connect
    co.connect(kwargs)
  File "C:\Program Files\PostgreSQL\16\pgAdmin 4\python\Lib\site-packages\adodbapi\adodbapi.py", line 306, in connect
    self.connector = connection_maker()
                     ^^^^^^^^^^^^^^^^^^
  File "C:\Program Files\PostgreSQL\16\pgAdmin 4\python\Lib\site-packages\adodbapi\adodbapi.py", line 108, in make_COM_connecter
    raise api.InterfaceError(
adodbapi.apibase.InterfaceError: Windows COM Error: Dispatch('ADODB.Connection') failed.

During handling of the above exception, another exception occurred:

Traceback (most recent call last):
  File "C:\ProgramData\ASCON\KOMPAS-3D\24\Python 3\App\Lib\site-packages\adodbapi\tests\test_adodbapi_dbapi20.py", line 27, in &lt;module&gt;
    s = adodbapi.connect(connStr) #connect to server
        ^^^^^^^^^^^^^^^^^^^^^^^^^
  File "C:\Program Files\PostgreSQL\16\pgAdmin 4\python\Lib\site-packages\adodbapi\adodbapi.py", line 132, in connect
    raise api.OperationalError(e, message)
adodbapi.apibase.OperationalError: (InterfaceError("Windows COM Error: Dispatch('ADODB.Connection') failed."), 'Error opening connection to "Provider=SQLOLEDB.1; Integrated Security=SSPI; Initial Catalog=Northwind;Data Source=(local)"')

During handling of the above exception, another exception occurred:

Traceback (most recent call last):
  File "C:\Users\brysi\AppData\Roaming\Python\Python312\site-packages\_pytest\main.py", line 285, in wrap_session
    session.exitstatus = doit(config, session) or 0
                         ^^^^^^^^^^^^^^^^^^^^^
  File "C:\Users\brysi\AppData\Roaming\Python\Python312\site-packages\_pytest\main.py", line 338, in _main
    config.hook.pytest_collection(session=session)
  File "C:\Users\brysi\AppData\Roaming\Python\Python312\site-packages\pluggy\_hooks.py", line 513, in __call__
    return self._hookexec(self.name, self._hookimpls.copy(), kwargs, firstresult)
           ^^^^^^^^^^^^^^^^^^^^^^^^^^^^^^^^^^^^^^^^^^^^^^^^^^^^^^^^^^^^^^^^^^^^^^
  File "C:\Users\brysi\AppData\Roaming\Python\Python312\site-packages\pluggy\_manager.py", line 120, in _hookexec
    return self._inner_hookexec(hook_name, methods, kwargs, firstresult)
           ^^^^^^^^^^^^^^^^^^^^^^^^^^^^^^^^^^^^^^^^^^^^^^^^^^^^^^^^^^^^^
  File "C:\Users\brysi\AppData\Roaming\Python\Python312\site-packages\pluggy\_callers.py", line 139, in _multicall
    raise exception.with_traceback(exception.__traceback__)
  File "C:\Users\brysi\AppData\Roaming\Python\Python312\site-packages\pluggy\_callers.py", line 122, in _multicall
    teardown.throw(exception)  # type: ignore[union-attr]
    ^^^^^^^^^^^^^^^^^^^^^^^^^
  File "C:\Users\brysi\AppData\Roaming\Python\Python312\site-packages\_pytest\logging.py", line 794, in pytest_collection
    return (yield)
            ^^^^^
  File "C:\Users\brysi\AppData\Roaming\Python\Python312\site-packages\pluggy\_callers.py", line 122, in _multicall
    teardown.throw(exception)  # type: ignore[union-attr]
    ^^^^^^^^^^^^^^^^^^^^^^^^^
  File "C:\Users\brysi\AppData\Roaming\Python\Python312\site-packages\_pytest\warnings.py", line 120, in pytest_collection
    return (yield)
            ^^^^^
  File "C:\Users\brysi\AppData\Roaming\Python\Python312\site-packages\pluggy\_callers.py", line 122, in _multicall
    teardown.throw(exception)  # type: ignore[union-attr]
    ^^^^^^^^^^^^^^^^^^^^^^^^^
  File "C:\Users\brysi\AppData\Roaming\Python\Python312\site-packages\_pytest\config\__init__.py", line 1424, in pytest_collection
    return (yield)
            ^^^^^
  File "C:\Users\brysi\AppData\Roaming\Python\Python312\site-packages\pluggy\_callers.py", line 103, in _multicall
    res = hook_impl.function(*args)
          ^^^^^^^^^^^^^^^^^^^^^^^^^
  File "C:\Users\brysi\AppData\Roaming\Python\Python312\site-packages\_pytest\main.py", line 349, in pytest_collection
    session.perform_collect()
  File "C:\Users\brysi\AppData\Roaming\Python\Python312\site-packages\_pytest\main.py", line 811, in perform_collect
    self.items.extend(self.genitems(node))
  File "C:\Users\brysi\AppData\Roaming\Python\Python312\site-packages\_pytest\main.py", line 979, in genitems
    yield from self.genitems(subnode)
  File "C:\Users\brysi\AppData\Roaming\Python\Python312\site-packages\_pytest\main.py", line 979, in genitems
    yield from self.genitems(subnode)
  File "C:\Users\brysi\AppData\Roaming\Python\Python312\site-packages\_pytest\main.py", line 979, in genitems
    yield from self.genitems(subnode)
  [Previous line repeated 8 more times]
  File "C:\Users\brysi\AppData\Roaming\Python\Python312\site-packages\_pytest\main.py", line 974, in genitems
    rep, duplicate = self._collect_one_node(node, handle_dupes)
                     ^^^^^^^^^^^^^^^^^^^^^^^^^^^^^^^^^^^^^^^^^^
  File "C:\Users\brysi\AppData\Roaming\Python\Python312\site-packages\_pytest\main.py", line 837, in _collect_one_node
    rep = collect_one_node(node)
          ^^^^^^^^^^^^^^^^^^^^^^
  File "C:\Users\brysi\AppData\Roaming\Python\Python312\site-packages\_pytest\runner.py", line 567, in collect_one_node
    rep: CollectReport = ihook.pytest_make_collect_report(collector=collector)
                         ^^^^^^^^^^^^^^^^^^^^^^^^^^^^^^^^^^^^^^^^^^^^^^^^^^^^^
  File "C:\Users\brysi\AppData\Roaming\Python\Python312\site-packages\pluggy\_hooks.py", line 513, in __call__
    return self._hookexec(self.name, self._hookimpls.copy(), kwargs, firstresult)
           ^^^^^^^^^^^^^^^^^^^^^^^^^^^^^^^^^^^^^^^^^^^^^^^^^^^^^^^^^^^^^^^^^^^^^^
  File "C:\Users\brysi\AppData\Roaming\Python\Python312\site-packages\pluggy\_manager.py", line 120, in _hookexec
    return self._inner_hookexec(hook_name, methods, kwargs, firstresult)
           ^^^^^^^^^^^^^^^^^^^^^^^^^^^^^^^^^^^^^^^^^^^^^^^^^^^^^^^^^^^^^
  File "C:\Users\brysi\AppData\Roaming\Python\Python312\site-packages\pluggy\_callers.py", line 139, in _multicall
    raise exception.with_traceback(exception.__traceback__)
  File "C:\Users\brysi\AppData\Roaming\Python\Python312\site-packages\pluggy\_callers.py", line 122, in _multicall
    teardown.throw(exception)  # type: ignore[union-attr]
    ^^^^^^^^^^^^^^^^^^^^^^^^^
  File "C:\Users\brysi\AppData\Roaming\Python\Python312\site-packages\_pytest\capture.py", line 858, in pytest_make_collect_report
    rep = yield
          ^^^^^
  File "C:\Users\brysi\AppData\Roaming\Python\Python312\site-packages\pluggy\_callers.py", line 103, in _multicall
    res = hook_impl.function(*args)
          ^^^^^^^^^^^^^^^^^^^^^^^^^
  File "C:\Users\brysi\AppData\Roaming\Python\Python312\site-packages\_pytest\runner.py", line 391, in pytest_make_collect_report
    call = CallInfo.from_call(
           ^^^^^^^^^^^^^^^^^^^
  File "C:\Users\brysi\AppData\Roaming\Python\Python312\site-packages\_pytest\runner.py", line 341, in from_call
    result: Optional[TResult] = func()
                                ^^^^^^
  File "C:\Users\brysi\AppData\Roaming\Python\Python312\site-packages\_pytest\runner.py", line 389, in collect
    return list(collector.collect())
                ^^^^^^^^^^^^^^^^^^^
  File "C:\Users\brysi\AppData\Roaming\Python\Python312\site-packages\_pytest\python.py", line 548, in collect
    self._register_setup_module_fixture()
  File "C:\Users\brysi\AppData\Roaming\Python\Python312\site-packages\_pytest\python.py", line 561, in _register_setup_module_fixture
    self.obj, ("setUpModule", "setup_module")
    ^^^^^^^^
  File "C:\Users\brysi\AppData\Roaming\Python\Python312\site-packages\_pytest\python.py", line 287, in obj
    self._obj = obj = self._getobj()
                      ^^^^^^^^^^^^^^
  File "C:\Users\brysi\AppData\Roaming\Python\Python312\site-packages\_pytest\python.py", line 545, in _getobj
    return importtestmodule(self.path, self.config)
           ^^^^^^^^^^^^^^^^^^^^^^^^^^^^^^^^^^^^^^^^
  File "C:\Users\brysi\AppData\Roaming\Python\Python312\site-packages\_pytest\python.py", line 492, in importtestmodule
    mod = import_path(
          ^^^^^^^^^^^^
  File "C:\Users\brysi\AppData\Roaming\Python\Python312\site-packages\_pytest\pathlib.py", line 591, in import_path
    importlib.import_module(module_name)
  File "C:\Program Files\Python312\Lib\importlib\__init__.py", line 90, in import_module
    return _bootstrap._gcd_import(name[level:], package, level)
           ^^^^^^^^^^^^^^^^^^^^^^^^^^^^^^^^^^^^^^^^^^^^^^^^^^^^
  File "&lt;frozen importlib._bootstrap&gt;", line 1387, in _gcd_import
  File "&lt;frozen importlib._bootstrap&gt;", line 1360, in _find_and_load
  File "&lt;frozen importlib._bootstrap&gt;", line 1331, in _find_and_load_unlocked
  File "&lt;frozen importlib._bootstrap&gt;", line 935, in _load_unlocked
  File "C:\Users\brysi\AppData\Roaming\Python\Python312\site-packages\_pytest\assertion\rewrite.py", line 178, in exec_module
    exec(co, module.__dict__)
  File "C:\ProgramData\ASCON\KOMPAS-3D\24\Python 3\App\Lib\site-packages\adodbapi\tests\test_adodbapi_dbapi20.py", line 31, in &lt;module&gt;
    sys.exit(1)
SystemExit: 1</error></testcase></testsuite></testsuites>